 xlsx_parse

 Timestamp is 5a336546 (Fri Dec 15 14:01:42 2017)

 Preferred load address is 00400000

 Start         Length     Name                   Class
 0001:00000000 00052a3aH .text                   CODE
 0002:00000000 000001acH .idata$5                DATA
 0002:000001ac 00000004H .CRT$XCA                DATA
 0002:000001b0 00000004H .CRT$XCAA               DATA
 0002:000001b4 00000004H .CRT$XCZ                DATA
 0002:000001b8 00000004H .CRT$XIA                DATA
 0002:000001bc 00000004H .CRT$XIAA               DATA
 0002:000001c0 00000004H .CRT$XIY                DATA
 0002:000001c4 00000004H .CRT$XIZ                DATA
 0002:000001d0 0000de74H .rdata                  DATA
 0002:0000e044 00000051H .rdata$debug            DATA
 0002:0000e0a0 00000004H .rdata$sxdata           DATA
 0002:0000e0a4 00000004H .rtc$IAA                DATA
 0002:0000e0a8 00000004H .rtc$IZZ                DATA
 0002:0000e0ac 00000004H .rtc$TAA                DATA
 0002:0000e0b0 00000004H .rtc$TZZ                DATA
 0002:0000e0b8 0000005cH .xdata$x                DATA
 0002:0000e114 00000064H .idata$2                DATA
 0002:0000e178 00000014H .idata$3                DATA
 0002:0000e18c 000001acH .idata$4                DATA
 0002:0000e338 000005eaH .idata$6                DATA
 0002:0000e930 000060b5H .edata                  DATA
 0003:00000000 00000668H .data                   DATA
 0003:00000680 00000b10H .bss                    DATA
 0004:00000000 00000118H .rsrc$01                DATA
 0004:00000120 00003418H .rsrc$02                DATA

  Address         Publics by Value              Rva+Base       Lib:Object

 0000:00000001       ___safe_se_handler_count   00000001     <absolute>
 0000:00000000       ___ImageBase               00400000     <linker-defined>
 0001:00000000       _mceTextReaderInit         00401000 f   mce:textreader.obj
 0001:00000040       _mceTextReaderCleanup      00401040 f   mce:textreader.obj
 0001:000001c0       _mceRaiseError             004011c0 f   mce:textreader.obj
 0001:000013c0       _mceTextReaderPostprocess  004023c0 f   mce:textreader.obj
 0001:000016b0       _mceTextReaderGetError     004026b0 f   mce:textreader.obj
 0001:000016c0       _mceTextReaderRead         004026c0 f   mce:textreader.obj
 0001:000016f0       _mceTextReaderNext         004026f0 f   mce:textreader.obj
 0001:00001720       _mceTextReaderDump         00402720 f   mce:textreader.obj
 0001:00001c50       _mceTextReaderUnderstandsNamespace 00402c50 f   mce:textreader.obj
 0001:00001c70       _mceTextReaderDisableMCE   00402c70 f   mce:textreader.obj
 0001:00001da0       _mceQNameLevelLookup       00402da0 f   mce:helper.obj
 0001:00001dd0       _mceQNameLevelAdd          00402dd0 f   mce:helper.obj
 0001:00001f10       _mceQNameLevelCleanup      00402f10 f   mce:helper.obj
 0001:00002000       _mceSkipStackPush          00403000 f   mce:helper.obj
 0001:00002080       _mceSkipStackPop           00403080 f   mce:helper.obj
 0001:000020a0       _mceSkipStackTop           004030a0 f   mce:helper.obj
 0001:000020c0       _mceSkipStackSkip          004030c0 f   mce:helper.obj
 0001:000020f0       _mceCtxInit                004030f0 f   mce:helper.obj
 0001:00002120       _mceCtxCleanup             00403120 f   mce:helper.obj
 0001:000022d0       _mceCtxUnderstandsNamespace 004032d0 f   mce:helper.obj
 0001:000022f0       _mceCtxSuspendProcessing   004032f0 f   mce:helper.obj
 0001:00002530       _opcContainerInsertPart    00403530 f   opc:container.obj
 0001:000026f0       _opcContainerDeletePart    004036f0 f   opc:container.obj
 0001:00002b20       _insertType                00403b20 f   opc:container.obj
 0001:00002c70       _opcContainerInsertExtension 00403c70 f   opc:container.obj
 0001:00002dc0       _opcContainerInsertRelationType 00403dc0 f   opc:container.obj
 0001:00002f10       _insertExternalRelation    00403f10 f   opc:container.obj
 0001:00003070       _opcContainerInsertRelation 00404070 f   opc:container.obj
 0001:00003180       _opcContainerFindRelation  00404180 f   opc:container.obj
 0001:000031c0       _opcContainerDeleteRelation 004041c0 f   opc:container.obj
 0001:000032d0       _opcContainerFindRelationById 004042d0 f   opc:container.obj
 0001:00004350       _opcContainerDump          00405350 f   opc:container.obj
 0001:00005890       _opcContainerOpenInputStreamEx 00406890 f   opc:container.obj
 0001:00005930       _opcContainerOpenInputStream 00406930 f   opc:container.obj
 0001:00005950       _opcContainerReadInputStream 00406950 f   opc:container.obj
 0001:00005980       _opcContainerCloseInputStream 00406980 f   opc:container.obj
 0001:000059b0       _opcContainerGetInputStreamCompressionOption 004069b0 f   opc:container.obj
 0001:000059d0       _opcContainerCreateOutputStreamEx 004069d0 f   opc:container.obj
 0001:00005ad0       _opcContainerCreateOutputStream 00406ad0 f   opc:container.obj
 0001:00005ae0       _opcContainerWriteOutputStream 00406ae0 f   opc:container.obj
 0001:00005b00       _opcContainerCloseOutputStream 00406b00 f   opc:container.obj
 0001:00006290       _opcContainerOpen          00407290 f   opc:container.obj
 0001:00006310       _opcContainerOpenMem       00407310 f   opc:container.obj
 0001:00006390       _opcContainerOpenIO        00407390 f   opc:container.obj
 0001:000070b0       ?opcContainerCommit@@YA?AW4OPC_ERROR_ENUM@@PAUOPC_CONTAINER_STRUCT@@H@Z 004080b0 f   opc:container.obj
 0001:000070e0       _opcContainerClose         004080e0 f   opc:container.obj
 0001:00007130       _opcContainerDeletePartEx  00408130 f   opc:container.obj
 0001:00007220       _opcContentTypeFirst       00408220 f   opc:container.obj
 0001:00007240       _opcContentTypeNext        00408240 f   opc:container.obj
 0001:000072a0       _opcExtensionFirst         004082a0 f   opc:container.obj
 0001:000072b0       _opcExtensionNext          004082b0 f   opc:container.obj
 0001:00007310       _opcExtensionGetType       00408310 f   opc:container.obj
 0001:00007370       _opcExtensionRegister      00408370 f   opc:container.obj
 0001:000073d0       _opcRelationAdd            004083d0 f   opc:container.obj
 0001:000075f0       _opcRelationAddExternal    004085f0 f   opc:container.obj
 0001:00007800       _opcQNameLevelAdd          00408800 f   opc:container.obj
 0001:000078f0       _opcQNameLevelLookup       004088f0 f   opc:container.obj
 0001:00007940       _opcQNameLevelCleanup      00408940 f   opc:container.obj
 0001:000079e0       _opcQNameLevelPush         004089e0 f   opc:container.obj
 0001:00007a30       _opcQNameLevelPopIfMatch   00408a30 f   opc:container.obj
 0001:00007ad0       _opcRelationTypeFirst      00408ad0 f   opc:container.obj
 0001:00007ae0       _opcRelationTypeNext       00408ae0 f   opc:container.obj
 0001:00007b40       _opcExternalTargetFirst    00408b40 f   opc:container.obj
 0001:00007b60       _opcExternalTargetNext     00408b60 f   opc:container.obj
 0001:00007c40       _opcPartFind               00408c40 f   opc:part.obj
 0001:00007c90       _opcPartCreate             00408c90 f   opc:part.obj
 0001:00007d10       _opcPartGetType            00408d10 f   opc:part.obj
 0001:00007d20       _opcPartGetTypeEx          00408d20 f   opc:part.obj
 0001:00007dd0       _opcPartDelete             00408dd0 f   opc:part.obj
 0001:00007de0       _opcPartGetFirst           00408de0 f   opc:part.obj
 0001:00007e00       _opcPartGetNext            00408e00 f   opc:part.obj
 0001:00007e70       _opcPartGetSize            00408e70 f   opc:part.obj
 0001:00007ef0       _opcXmlReaderOpenEx        00408ef0 f   opc:xmlreader.obj
 0001:00007f70       _opcXmlReaderOpen          00408f70 f   opc:xmlreader.obj
 0001:00007fb0       _opcXmlReaderReadDoc       00408fb0 f   opc:xmlreader.obj
 0001:00007ff0       _opcInitLibrary            00408ff0 f   opc:opc.obj
 0001:00008000       _opcFreeLibrary            00409000 f   opc:opc.obj
 0001:00008180       ?_opcZipFileMove@@YA?AW4OPC_ERROR_ENUM@@PAUOPC_IO_STRUCT@@III@Z 00409180 f   opc:zip.obj
 0001:000083a0       ?_opcZipFileTrim@@YA?AW4OPC_ERROR_ENUM@@PAUOPC_IO_STRUCT@@I@Z 004093a0 f   opc:zip.obj
 0001:000083f0       ?_opcZipFileFlush@@YA?AW4OPC_ERROR_ENUM@@PAUOPC_IO_STRUCT@@@Z 004093f0 f   opc:zip.obj
 0001:00008420       _opcZipCreate              00409420 f   opc:zip.obj
 0001:00008450       _opcZipClose               00409450 f   opc:zip.obj
 0001:00009ed0       _opcZipLoader              0040aed0 f   opc:zip.obj
 0001:0000a0b0       _opcZipOpenInputStream     0040b0b0 f   opc:zip.obj
 0001:0000a140       _opcZipCloseInputStream    0040b140 f   opc:zip.obj
 0001:0000a200       _opcZipReadInputStream     0040b200 f   opc:zip.obj
 0001:0000a3a0       _opcZipLoadSegment         0040b3a0 f   opc:zip.obj
 0001:0000a410       _opcZipCreateSegment       0040b410 f   opc:zip.obj
 0001:0000a5e0       _opcZipGC                  0040b5e0 f   opc:zip.obj
 0001:0000b090       _opcZipCommit              0040c090 f   opc:zip.obj
 0001:0000b140       _opcZipOpenOutputStream    0040c140 f   opc:zip.obj
 0001:0000b2d0       _opcZipCreateOutputStream  0040c2d0 f   opc:zip.obj
 0001:0000b980       _opcZipCloseOutputStream   0040c980 f   opc:zip.obj
 0001:0000ba50       _opcZipWriteOutputStream   0040ca50 f   opc:zip.obj
 0001:0000bab0       _opcZipGetFirstSegmentId   0040cab0 f   opc:zip.obj
 0001:0000bae0       _opcZipGetNextSegmentId    0040cae0 f   opc:zip.obj
 0001:0000bb30       _opcZipGetSegmentInfo      0040cb30 f   opc:zip.obj
 0001:0000bba0       _opcZipSegmentDelete       0040cba0 f   opc:zip.obj
 0001:0000bf30       _opcFileInitIO             0040cf30 f   opc:file.obj
 0001:0000bf80       _opcFileInitIOFile         0040cf80 f   opc:file.obj
 0001:0000c000       _opcFileInitIOMemory       0040d000 f   opc:file.obj
 0001:0000c070       _opcFileCleanupIO          0040d070 f   opc:file.obj
 0001:0000c090       ?opcContainerFindRelationByType@@YAPAUOPC_CONTAINER_RELATION_STRUCT@@PAUOPC_CONTAINER_STRUCT@@PAU1@IPBE@Z 0040d090 f   opc:relation.obj
 0001:0000c180       _opcRelationFind           0040d180 f   opc:relation.obj
 0001:0000c230       _opcRelationGetInternalTarget 0040d230 f   opc:relation.obj
 0001:0000c250       _opcRelationGetExternalTarget 0040d250 f   opc:relation.obj
 0001:0000c270       _opcRelationFirst          0040d270 f   opc:relation.obj
 0001:0000c2d0       _opcRelationNext           0040d2d0 f   opc:relation.obj
 0001:0000c370       _opcRelationGetInformation 0040d370 f   opc:relation.obj
 0001:0000c3e0       _opcRelationDelete         0040d3e0 f   opc:relation.obj
 0001:0000c670       ?opcHelperAssembleSegmentName@@YAGPADGPBEIIHPAG@Z 0040d670 f   opc:helper.obj
 0001:0000c6d0       ?opcHelperSplitFilename@@YA?AW4OPC_ERROR_ENUM@@PAEIPAIPAH2@Z 0040d6d0 f   opc:helper.obj
 0001:0000d610       _xmlTextReaderRead         0040e610 f   xml:xmlreader.obj
 0001:0000da20       _xmlTextReaderReadState    0040ea20 f   xml:xmlreader.obj
 0001:0000da40       _xmlTextReaderExpand       0040ea40 f   xml:xmlreader.obj
 0001:0000da80       _xmlTextReaderNext         0040ea80 f   xml:xmlreader.obj
 0001:0000db00       _xmlTextReaderReadInnerXml 0040eb00 f   xml:xmlreader.obj
 0001:0000dc80       _xmlTextReaderReadOuterXml 0040ec80 f   xml:xmlreader.obj
 0001:0000dd70       _xmlTextReaderReadString   0040ed70 f   xml:xmlreader.obj
 0001:0000dfa0       _xmlTextReaderNextSibling  0040efa0 f   xml:xmlreader.obj
 0001:0000dff0       _xmlNewTextReader          0040eff0 f   xml:xmlreader.obj
 0001:0000e220       _xmlNewTextReaderFilename  0040f220 f   xml:xmlreader.obj
 0001:0000e2d0       _xmlFreeTextReader         0040f2d0 f   xml:xmlreader.obj
 0001:0000e400       _xmlTextReaderClose        0040f400 f   xml:xmlreader.obj
 0001:0000e4a0       _xmlTextReaderGetAttributeNo 0040f4a0 f   xml:xmlreader.obj
 0001:0000e550       _xmlTextReaderGetAttribute 0040f550 f   xml:xmlreader.obj
 0001:0000e690       _xmlTextReaderGetAttributeNs 0040f690 f   xml:xmlreader.obj
 0001:0000e760       _xmlTextReaderGetRemainder 0040f760 f   xml:xmlreader.obj
 0001:0000e7f0       _xmlTextReaderLookupNamespace 0040f7f0 f   xml:xmlreader.obj
 0001:0000e850       _xmlTextReaderMoveToAttributeNo 0040f850 f   xml:xmlreader.obj
 0001:0000e8d0       _xmlTextReaderMoveToAttribute 0040f8d0 f   xml:xmlreader.obj
 0001:0000ea80       _xmlTextReaderMoveToAttributeNs 0040fa80 f   xml:xmlreader.obj
 0001:0000eb90       _xmlTextReaderMoveToFirstAttribute 0040fb90 f   xml:xmlreader.obj
 0001:0000ebe0       _xmlTextReaderMoveToNextAttribute 0040fbe0 f   xml:xmlreader.obj
 0001:0000ec50       _xmlTextReaderMoveToElement 0040fc50 f   xml:xmlreader.obj
 0001:0000ec90       _xmlTextReaderReadAttributeValue 0040fc90 f   xml:xmlreader.obj
 0001:0000ed40       _xmlTextReaderConstEncoding 0040fd40 f   xml:xmlreader.obj
 0001:0000ed80       _xmlTextReaderAttributeCount 0040fd80 f   xml:xmlreader.obj
 0001:0000ede0       _xmlTextReaderNodeType     0040fde0 f   xml:xmlreader.obj
 0001:0000ef00       _xmlTextReaderIsEmptyElement 0040ff00 f   xml:xmlreader.obj
 0001:0000ef50       _xmlTextReaderLocalName    0040ff50 f   xml:xmlreader.obj
 0001:0000efb0       _xmlTextReaderConstLocalName 0040ffb0 f   xml:xmlreader.obj
 0001:0000f010       _xmlTextReaderName         00410010 f   xml:xmlreader.obj
 0001:0000f180       _xmlTextReaderConstName    00410180 f   xml:xmlreader.obj
 0001:0000f2e0       _xmlTextReaderPrefix       004102e0 f   xml:xmlreader.obj
 0001:0000f340       _xmlTextReaderConstPrefix  00410340 f   xml:xmlreader.obj
 0001:0000f3b0       _xmlTextReaderNamespaceUri 004103b0 f   xml:xmlreader.obj
 0001:0000f420       _xmlTextReaderConstNamespaceUri 00410420 f   xml:xmlreader.obj
 0001:0000f480       _xmlTextReaderBaseUri      00410480 f   xml:xmlreader.obj
 0001:0000f4b0       _xmlTextReaderConstBaseUri 004104b0 f   xml:xmlreader.obj
 0001:0000f500       _xmlTextReaderDepth        00410500 f   xml:xmlreader.obj
 0001:0000f540       _xmlTextReaderHasAttributes 00410540 f   xml:xmlreader.obj
 0001:0000f580       _xmlTextReaderHasValue     00410580 f   xml:xmlreader.obj
 0001:0000f5e0       _xmlTextReaderValue        004105e0 f   xml:xmlreader.obj
 0001:0000f690       _xmlTextReaderConstValue   00410690 f   xml:xmlreader.obj
 0001:0000f770       _xmlTextReaderIsDefault    00410770 f   xml:xmlreader.obj
 0001:0000f780       _xmlTextReaderQuoteChar    00410780 f   xml:xmlreader.obj
 0001:0000f790       _xmlTextReaderXmlLang      00410790 f   xml:xmlreader.obj
 0001:0000f7b0       _xmlTextReaderConstXmlLang 004107b0 f   xml:xmlreader.obj
 0001:0000f800       _xmlTextReaderConstString  00410800 f   xml:xmlreader.obj
 0001:0000f820       _xmlTextReaderNormalization 00410820 f   xml:xmlreader.obj
 0001:0000f840       _xmlTextReaderSetParserProp 00410840 f   xml:xmlreader.obj
 0001:0000f910       _xmlTextReaderGetParserProp 00410910 f   xml:xmlreader.obj
 0001:0000f980       _xmlTextReaderGetParserLineNumber 00410980 f   xml:xmlreader.obj
 0001:0000f9b0       _xmlTextReaderGetParserColumnNumber 004109b0 f   xml:xmlreader.obj
 0001:0000f9e0       _xmlTextReaderCurrentNode  004109e0 f   xml:xmlreader.obj
 0001:0000fa00       _xmlTextReaderPreserve     00410a00 f   xml:xmlreader.obj
 0001:0000fa60       _xmlTextReaderCurrentDoc   00410a60 f   xml:xmlreader.obj
 0001:0000fa90       _xmlTextReaderIsNamespaceDecl 00410a90 f   xml:xmlreader.obj
 0001:0000fac0       _xmlTextReaderConstXmlVersion 00410ac0 f   xml:xmlreader.obj
 0001:0000fb00       _xmlTextReaderStandalone   00410b00 f   xml:xmlreader.obj
 0001:0000fbd0       _xmlTextReaderLocatorLineNumber 00410bd0 f   xml:xmlreader.obj
 0001:0000fc20       _xmlTextReaderLocatorBaseURI 00410c20 f   xml:xmlreader.obj
 0001:0000fe60       _xmlTextReaderSetErrorHandler 00410e60 f   xml:xmlreader.obj
 0001:0000fef0       _xmlTextReaderSetStructuredErrorHandler 00410ef0 f   xml:xmlreader.obj
 0001:0000ff90       _xmlTextReaderIsValid      00410f90 f   xml:xmlreader.obj
 0001:0000ffc0       _xmlTextReaderGetErrorHandler 00410fc0 f   xml:xmlreader.obj
 0001:0000ffe0       _xmlTextReaderSetup        00410fe0 f   xml:xmlreader.obj
 0001:00010350       _xmlTextReaderByteConsumed 00411350 f   xml:xmlreader.obj
 0001:00010380       _xmlReaderWalker           00411380 f   xml:xmlreader.obj
 0001:00010410       _xmlReaderForDoc           00411410 f   xml:xmlreader.obj
 0001:00010440       _xmlReaderForFile          00411440 f   xml:xmlreader.obj
 0001:00010480       _xmlReaderForMemory        00411480 f   xml:xmlreader.obj
 0001:000104f0       _xmlReaderForFd            004114f0 f   xml:xmlreader.obj
 0001:00010580       _xmlReaderForIO            00411580 f   xml:xmlreader.obj
 0001:00010600       _xmlReaderNewWalker        00411600 f   xml:xmlreader.obj
 0001:00010690       _xmlReaderNewDoc           00411690 f   xml:xmlreader.obj
 0001:000106f0       _xmlReaderNewFile          004116f0 f   xml:xmlreader.obj
 0001:00010750       _xmlReaderNewMemory        00411750 f   xml:xmlreader.obj
 0001:000107a0       _xmlReaderNewFd            004117a0 f   xml:xmlreader.obj
 0001:00010800       _xmlReaderNewIO            00411800 f   xml:xmlreader.obj
 0001:00010860       _xmlStrndup                00411860 f   xml:xmlstring.obj
 0001:000108d0       _xmlStrdup                 004118d0 f   xml:xmlstring.obj
 0001:00010900       _xmlCharStrndup            00411900 f   xml:xmlstring.obj
 0001:00010970       _xmlCharStrdup             00411970 f   xml:xmlstring.obj
 0001:000109a0       _xmlStrcmp                 004119a0 f   xml:xmlstring.obj
 0001:000109e0       _xmlStrEqual               004119e0 f   xml:xmlstring.obj
 0001:00010a20       _xmlStrQEqual              00411a20 f   xml:xmlstring.obj
 0001:00010aa0       _xmlStrncmp                00411aa0 f   xml:xmlstring.obj
 0001:00010b00       _xmlStrcasecmp             00411b00 f   xml:xmlstring.obj
 0001:00010b60       _xmlStrncasecmp            00411b60 f   xml:xmlstring.obj
 0001:00010bd0       _xmlStrchr                 00411bd0 f   xml:xmlstring.obj
 0001:00010c00       _xmlStrstr                 00411c00 f   xml:xmlstring.obj
 0001:00010c60       _xmlStrcasestr             00411c60 f   xml:xmlstring.obj
 0001:00010ce0       _xmlStrsub                 00411ce0 f   xml:xmlstring.obj
 0001:00010d30       _xmlStrlen                 00411d30 f   xml:xmlstring.obj
 0001:00010d50       _xmlStrncat                00411d50 f   xml:xmlstring.obj
 0001:00010e00       _xmlStrncatNew             00411e00 f   xml:xmlstring.obj
 0001:00010ef0       _xmlStrcat                 00411ef0 f   xml:xmlstring.obj
 0001:00010f50       _xmlStrPrintf              00411f50 f   xml:xmlstring.obj
 0001:00010f90       _xmlStrVPrintf             00411f90 f   xml:xmlstring.obj
 0001:00010fd0       _xmlUTF8Size               00411fd0 f   xml:xmlstring.obj
 0001:00011010       _xmlUTF8Charcmp            00412010 f   xml:xmlstring.obj
 0001:00011070       _xmlUTF8Strlen             00412070 f   xml:xmlstring.obj
 0001:000110e0       _xmlGetUTF8Char            004120e0 f   xml:xmlstring.obj
 0001:00011200       _xmlCheckUTF8              00412200 f   xml:xmlstring.obj
 0001:000112a0       _xmlUTF8Strsize            004122a0 f   xml:xmlstring.obj
 0001:000112f0       _xmlUTF8Strndup            004122f0 f   xml:xmlstring.obj
 0001:00011360       _xmlUTF8Strpos             00412360 f   xml:xmlstring.obj
 0001:000113b0       _xmlUTF8Strloc             004123b0 f   xml:xmlstring.obj
 0001:00011440       _xmlUTF8Strsub             00412440 f   xml:xmlstring.obj
 0001:00011580       _xmlBuildQName             00412580 f   xml:tree.obj
 0001:00011620       _xmlSplitQName2            00412620 f   xml:tree.obj
 0001:000116c0       _xmlSplitQName3            004126c0 f   xml:tree.obj
 0001:00011710       _xmlValidateNCName         00412710 f   xml:tree.obj
 0001:00011a10       _xmlSetBufferAllocationScheme 00412a10 f   xml:tree.obj
 0001:00011a30       _xmlGetBufferAllocationScheme 00412a30 f   xml:tree.obj
 0001:00011a40       _xmlNewNs                  00412a40 f   xml:tree.obj
 0001:00011b70       _xmlSetNs                  00412b70 f   xml:tree.obj
 0001:00011b90       _xmlFreeNs                 00412b90 f   xml:tree.obj
 0001:00011bd0       _xmlFreeNsList             00412bd0 f   xml:tree.obj
 0001:00011c20       _xmlNewDtd                 00412c20 f   xml:tree.obj
 0001:00011d10       _xmlGetIntSubset           00412d10 f   xml:tree.obj
 0001:00011d50       _xmlCreateIntSubset        00412d50 f   xml:tree.obj
 0001:00011f40       _xmlFreeDtd                00412f40 f   xml:tree.obj
 0001:000120a0       _xmlNewDoc                 004130a0 f   xml:tree.obj
 0001:00012170       _xmlFreeDoc                00413170 f   xml:tree.obj
 0001:000122e0       _xmlStringLenGetNodeList   004132e0 f   xml:tree.obj
 0001:00012750       _xmlStringGetNodeList      00413750 f   xml:tree.obj
 0001:00012b80       _xmlNodeListGetString      00413b80 f   xml:tree.obj
 0001:00012ee0       _xmlNewNsProp              00413ee0 f   xml:tree.obj
 0001:00012f10       _xmlNewNsPropEatName       00413f10 f   xml:tree.obj
 0001:00012f40       _xmlNewDocProp             00413f40 f   xml:tree.obj
 0001:00013020       _xmlFreePropList           00414020 f   xml:tree.obj
 0001:000130c0       _xmlFreeProp               004140c0 f   xml:tree.obj
 0001:00013150       _xmlRemoveProp             00414150 f   xml:tree.obj
 0001:000131c0       _xmlNewDocPI               004141c0 f   xml:tree.obj
 0001:00013290       _xmlNewPI                  00414290 f   xml:tree.obj
 0001:000132b0       _xmlNewNode                004142b0 f   xml:tree.obj
 0001:00013340       _xmlNewNodeEatName         00414340 f   xml:tree.obj
 0001:000133b0       _xmlNewDocNode             004143b0 f   xml:tree.obj
 0001:00013440       _xmlNewDocNodeEatName      00414440 f   xml:tree.obj
 0001:000134e0       _xmlNewText                004144e0 f   xml:tree.obj
 0001:00013570       _xmlNewCharRef             00414570 f   xml:tree.obj
 0001:00013620       _xmlNewReference           00414620 f   xml:tree.obj
 0001:000136f0       _xmlNewDocText             004146f0 f   xml:tree.obj
 0001:00013710       _xmlNewTextLen             00414710 f   xml:tree.obj
 0001:00013790       _xmlNewDocTextLen          00414790 f   xml:tree.obj
 0001:000137b0       _xmlNewComment             004147b0 f   xml:tree.obj
 0001:00013840       _xmlNewCDataBlock          00414840 f   xml:tree.obj
 0001:000138c0       _xmlNewDocComment          004148c0 f   xml:tree.obj
 0001:000138e0       _xmlSetTreeDoc             004148e0 f   xml:tree.obj
 0001:00013950       _xmlSetListDoc             00414950 f   xml:tree.obj
 0001:00013a60       _xmlAddNextSibling         00414a60 f   xml:tree.obj
 0001:00013b60       _xmlAddSibling             00414b60 f   xml:tree.obj
 0001:00013c40       _xmlAddChildList           00414c40 f   xml:tree.obj
 0001:00013d00       _xmlAddChild               00414d00 f   xml:tree.obj
 0001:00013e90       _xmlGetLastChild           00414e90 f   xml:tree.obj
 0001:00013eb0       _xmlFreeNodeList           00414eb0 f   xml:tree.obj
 0001:00014020       _xmlFreeNode               00415020 f   xml:tree.obj
 0001:000141c0       _xmlUnlinkNode             004151c0 f   xml:tree.obj
 0001:00014320       _xmlReplaceNode            00415320 f   xml:tree.obj
 0001:00014400       _xmlCopyNamespace          00415400 f   xml:tree.obj
 0001:00014430       _xmlCopyNamespaceList      00415430 f   xml:tree.obj
 0001:00014650       _xmlCopyProp               00415650 f   xml:tree.obj
 0001:00014670       _xmlCopyPropList           00415670 f   xml:tree.obj
 0001:000149d0       _xmlCopyNode               004159d0 f   xml:tree.obj
 0001:000149f0       _xmlDocCopyNode            004159f0 f   xml:tree.obj
 0001:00014a10       _xmlDocCopyNodeList        00415a10 f   xml:tree.obj
 0001:00014a30       _xmlCopyNodeList           00415a30 f   xml:tree.obj
 0001:00014a50       _xmlGetLineNo              00415a50 f   xml:tree.obj
 0001:00014ad0       _xmlGetNodePath            00415ad0 f   xml:tree.obj
 0001:00015040       _xmlDocGetRootElement      00416040 f   xml:tree.obj
 0001:00015070       _xmlDocSetRootElement      00416070 f   xml:tree.obj
 0001:000150f0       _xmlNodeGetLang            004160f0 f   xml:tree.obj
 0001:00015130       _xmlNodeGetSpacePreserve   00416130 f   xml:tree.obj
 0001:000151e0       _xmlNodeGetBase            004161e0 f   xml:tree.obj
 0001:00015440       _xmlNodeBufGetContent      00416440 f   xml:tree.obj
 0001:00015610       _xmlNodeGetContent         00416610 f   xml:tree.obj
 0001:000156f0       _xmlNodeSetContent         004166f0 f   xml:tree.obj
 0001:00015800       _xmlNodeAddContentLen      00416800 f   xml:tree.obj
 0001:00015900       _xmlNodeAddContent         00416900 f   xml:tree.obj
 0001:00015930       _xmlTextMerge              00416930 f   xml:tree.obj
 0001:00015a20       _xmlSearchNs               00416a20 f   xml:tree.obj
 0001:00015c60       _xmlSearchNsByHref         00416c60 f   xml:tree.obj
 0001:000160a0       _xmlHasProp                004170a0 f   xml:tree.obj
 0001:00016150       _xmlHasNsProp              00417150 f   xml:tree.obj
 0001:00016170       _xmlGetProp                00417170 f   xml:tree.obj
 0001:000161a0       _xmlGetNoNsProp            004171a0 f   xml:tree.obj
 0001:000161f0       _xmlGetNsProp              004171f0 f   xml:tree.obj
 0001:00016220       _xmlNodeIsText             00417220 f   xml:tree.obj
 0001:00016240       _xmlIsBlankNode            00417240 f   xml:tree.obj
 0001:00016290       _xmlTextConcat             00417290 f   xml:tree.obj
 0001:00016320       _xmlBufferCreate           00417320 f   xml:tree.obj
 0001:00016390       _xmlBufferCreateSize       00417390 f   xml:tree.obj
 0001:00016430       _xmlBufferCreateStatic     00417430 f   xml:tree.obj
 0001:00016480       _xmlBufferSetAllocationScheme 00417480 f   xml:tree.obj
 0001:000164b0       _xmlBufferFree             004174b0 f   xml:tree.obj
 0001:000164f0       _xmlBufferEmpty            004174f0 f   xml:tree.obj
 0001:00016540       _xmlBufferShrink           00417540 f   xml:tree.obj
 0001:000165f0       _xmlBufferGrow             004175f0 f   xml:tree.obj
 0001:00016690       _xmlBufferDump             00417690 f   xml:tree.obj
 0001:000166d0       _xmlBufferContent          004176d0 f   xml:tree.obj
 0001:000166e0       _xmlBufferLength           004176e0 f   xml:tree.obj
 0001:00016700       _xmlBufferResize           00417700 f   xml:tree.obj
 0001:00016850       _xmlBufferAdd              00417850 f   xml:tree.obj
 0001:000168f0       _xmlBufferAddHead          004178f0 f   xml:tree.obj
 0001:000169e0       _xmlBufferCat              004179e0 f   xml:tree.obj
 0001:00016a80       _xmlBufferCCat             00417a80 f   xml:tree.obj
 0001:00016b00       _xmlBufferWriteCHAR        00417b00 f   xml:tree.obj
 0001:00016b20       _xmlBufferWriteChar        00417b20 f   xml:tree.obj
 0001:00016b40       _xmlBufferWriteQuotedString 00417b40 f   xml:tree.obj
 0001:00016c80       _xmlGetDocCompressMode     00417c80 f   xml:tree.obj
 0001:00016ca0       _xmlSetDocCompressMode     00417ca0 f   xml:tree.obj
 0001:00016cd0       _xmlGetCompressMode        00417cd0 f   xml:tree.obj
 0001:00016ce0       _xmlSetCompressMode        00417ce0 f   xml:tree.obj
 0001:00016ed0       _xmlDOMWrapNewCtxt         00417ed0 f   xml:tree.obj
 0001:00016f00       _xmlDOMWrapFreeCtxt        00417f00 f   xml:tree.obj
 0001:00017180       _xmlDOMWrapRemoveNode      00418180 f   xml:tree.obj
 0001:00017990       _xmlDOMWrapReconcileNamespaces 00418990 f   xml:tree.obj
 0001:000185e0       _xmlDOMWrapCloneNode       004195e0 f   xml:tree.obj
 0001:00019010       _xmlDOMWrapAdoptNode       0041a010 f   xml:tree.obj
 0001:000193b0       _xmlNewTextWriter          0041a3b0 f   xml:xmlwriter.obj
 0001:00019550       _xmlNewTextWriterFilename  0041a550 f   xml:xmlwriter.obj
 0001:00019600       _xmlNewTextWriterMemory    0041a600 f   xml:xmlwriter.obj
 0001:000196b0       _xmlNewTextWriterPushParser 0041a6b0 f   xml:xmlwriter.obj
 0001:00019790       _xmlNewTextWriterDoc       0041a790 f   xml:xmlwriter.obj
 0001:000198e0       _xmlNewTextWriterTree      0041a8e0 f   xml:xmlwriter.obj
 0001:00019a10       _xmlFreeTextWriter         0041aa10 f   xml:xmlwriter.obj
 0001:00019ae0       _xmlTextWriterStartDocument 0041aae0 f   xml:xmlwriter.obj
 0001:00019d70       _xmlTextWriterEndDocument  0041ad70 f   xml:xmlwriter.obj
 0001:00019ea0       _xmlTextWriterStartComment 0041aea0 f   xml:xmlwriter.obj
 0001:00019fe0       _xmlTextWriterEndComment   0041afe0 f   xml:xmlwriter.obj
 0001:0001a0c0       _xmlTextWriterWriteFormatComment 0041b0c0 f   xml:xmlwriter.obj
 0001:0001a0e0       _xmlTextWriterWriteVFormatComment 0041b0e0 f   xml:xmlwriter.obj
 0001:0001a150       _xmlTextWriterWriteComment 0041b150 f   xml:xmlwriter.obj
 0001:0001a1a0       _xmlTextWriterStartElement 0041b1a0 f   xml:xmlwriter.obj
 0001:0001a310       _xmlTextWriterStartElementNS 0041b310 f   xml:xmlwriter.obj
 0001:0001a440       _xmlTextWriterEndElement   0041b440 f   xml:xmlwriter.obj
 0001:0001a5b0       _xmlTextWriterFullEndElement 0041b5b0 f   xml:xmlwriter.obj
 0001:0001a6d0       _xmlTextWriterWriteFormatRaw 0041b6d0 f   xml:xmlwriter.obj
 0001:0001a730       _xmlTextWriterWriteVFormatRaw 0041b730 f   xml:xmlwriter.obj
 0001:0001a790       _xmlTextWriterWriteRawLen  0041b790 f   xml:xmlwriter.obj
 0001:0001a870       _xmlTextWriterWriteRaw     0041b870 f   xml:xmlwriter.obj
 0001:0001a8b0       _xmlTextWriterWriteFormatString 0041b8b0 f   xml:xmlwriter.obj
 0001:0001a8e0       _xmlTextWriterWriteVFormatString 0041b8e0 f   xml:xmlwriter.obj
 0001:0001a930       _xmlTextWriterWriteString  0041b930 f   xml:xmlwriter.obj
 0001:0001ab10       _xmlTextWriterWriteBase64  0041bb10 f   xml:xmlwriter.obj
 0001:0001ac20       _xmlTextWriterWriteBinHex  0041bc20 f   xml:xmlwriter.obj
 0001:0001acb0       _xmlTextWriterStartAttribute 0041bcb0 f   xml:xmlwriter.obj
 0001:0001ad80       _xmlTextWriterStartAttributeNS 0041bd80 f   xml:xmlwriter.obj
 0001:0001af20       _xmlTextWriterEndAttribute 0041bf20 f   xml:xmlwriter.obj
 0001:0001af70       _xmlTextWriterWriteFormatAttribute 0041bf70 f   xml:xmlwriter.obj
 0001:0001afd0       _xmlTextWriterWriteVFormatAttribute 0041bfd0 f   xml:xmlwriter.obj
 0001:0001b020       _xmlTextWriterWriteAttribute 0041c020 f   xml:xmlwriter.obj
 0001:0001b070       _xmlTextWriterWriteFormatAttributeNS 0041c070 f   xml:xmlwriter.obj
 0001:0001b0d0       _xmlTextWriterWriteVFormatAttributeNS 0041c0d0 f   xml:xmlwriter.obj
 0001:0001b130       _xmlTextWriterWriteAttributeNS 0041c130 f   xml:xmlwriter.obj
 0001:0001b1a0       _xmlTextWriterWriteFormatElement 0041c1a0 f   xml:xmlwriter.obj
 0001:0001b1f0       _xmlTextWriterWriteVFormatElement 0041c1f0 f   xml:xmlwriter.obj
 0001:0001b240       _xmlTextWriterWriteElement 0041c240 f   xml:xmlwriter.obj
 0001:0001b290       _xmlTextWriterWriteFormatElementNS 0041c290 f   xml:xmlwriter.obj
 0001:0001b2f0       _xmlTextWriterWriteVFormatElementNS 0041c2f0 f   xml:xmlwriter.obj
 0001:0001b350       _xmlTextWriterWriteElementNS 0041c350 f   xml:xmlwriter.obj
 0001:0001b3c0       _xmlTextWriterStartPI      0041c3c0 f   xml:xmlwriter.obj
 0001:0001b540       _xmlTextWriterEndPI        0041c540 f   xml:xmlwriter.obj
 0001:0001b5d0       _xmlTextWriterWriteFormatPI 0041c5d0 f   xml:xmlwriter.obj
 0001:0001b620       _xmlTextWriterWriteVFormatPI 0041c620 f   xml:xmlwriter.obj
 0001:0001b670       _xmlTextWriterWritePI      0041c670 f   xml:xmlwriter.obj
 0001:0001b6d0       _xmlTextWriterStartCDATA   0041c6d0 f   xml:xmlwriter.obj
 0001:0001b7f0       _xmlTextWriterEndCDATA     0041c7f0 f   xml:xmlwriter.obj
 0001:0001b850       _xmlTextWriterWriteFormatCDATA 0041c850 f   xml:xmlwriter.obj
 0001:0001b8a0       _xmlTextWriterWriteVFormatCDATA 0041c8a0 f   xml:xmlwriter.obj
 0001:0001b8f0       _xmlTextWriterWriteCDATA   0041c8f0 f   xml:xmlwriter.obj
 0001:0001b940       _xmlTextWriterStartDTD     0041c940 f   xml:xmlwriter.obj
 0001:0001bbb0       _xmlTextWriterEndDTD       0041cbb0 f   xml:xmlwriter.obj
 0001:0001bd20       _xmlTextWriterWriteFormatDTD 0041cd20 f   xml:xmlwriter.obj
 0001:0001bd80       _xmlTextWriterWriteVFormatDTD 0041cd80 f   xml:xmlwriter.obj
 0001:0001bde0       _xmlTextWriterWriteDTD     0041cde0 f   xml:xmlwriter.obj
 0001:0001be40       _xmlTextWriterStartDTDElement 0041ce40 f   xml:xmlwriter.obj
 0001:0001bfa0       _xmlTextWriterEndDTDElement 0041cfa0 f   xml:xmlwriter.obj
 0001:0001c020       _xmlTextWriterWriteFormatDTDElement 0041d020 f   xml:xmlwriter.obj
 0001:0001c070       _xmlTextWriterWriteVFormatDTDElement 0041d070 f   xml:xmlwriter.obj
 0001:0001c0c0       _xmlTextWriterWriteDTDElement 0041d0c0 f   xml:xmlwriter.obj
 0001:0001c120       _xmlTextWriterStartDTDAttlist 0041d120 f   xml:xmlwriter.obj
 0001:0001c280       _xmlTextWriterEndDTDAttlist 0041d280 f   xml:xmlwriter.obj
 0001:0001c300       _xmlTextWriterWriteFormatDTDAttlist 0041d300 f   xml:xmlwriter.obj
 0001:0001c350       _xmlTextWriterWriteVFormatDTDAttlist 0041d350 f   xml:xmlwriter.obj
 0001:0001c3a0       _xmlTextWriterWriteDTDAttlist 0041d3a0 f   xml:xmlwriter.obj
 0001:0001c400       _xmlTextWriterStartDTDEntity 0041d400 f   xml:xmlwriter.obj
 0001:0001c590       _xmlTextWriterEndDTDEntity 0041d590 f   xml:xmlwriter.obj
 0001:0001c630       _xmlTextWriterWriteFormatDTDInternalEntity 0041d630 f   xml:xmlwriter.obj
 0001:0001c680       _xmlTextWriterWriteVFormatDTDInternalEntity 0041d680 f   xml:xmlwriter.obj
 0001:0001c6d0       _xmlTextWriterWriteDTDEntity 0041d6d0 f   xml:xmlwriter.obj
 0001:0001c740       _xmlTextWriterWriteDTDInternalEntity 0041d740 f   xml:xmlwriter.obj
 0001:0001c7b0       _xmlTextWriterWriteDTDExternalEntity 0041d7b0 f   xml:xmlwriter.obj
 0001:0001c830       _xmlTextWriterWriteDTDExternalEntityContents 0041d830 f   xml:xmlwriter.obj
 0001:0001ca50       _xmlTextWriterWriteDTDNotation 0041da50 f   xml:xmlwriter.obj
 0001:0001cc50       _xmlTextWriterFlush        0041dc50 f   xml:xmlwriter.obj
 0001:0001d260       _xmlTextWriterSetIndent    0041e260 f   xml:xmlwriter.obj
 0001:0001d290       _xmlTextWriterSetIndentString 0041e290 f   xml:xmlwriter.obj
 0001:0001dd80       _xmlHasFeature             0041ed80 f   xml:parser.obj
 0001:0001e440       _xmlCheckLanguageID        0041f440 f   xml:parser.obj
 0001:0001e870       _inputPush                 0041f870 f   xml:parser.obj
 0001:0001e8f0       _inputPop                  0041f8f0 f   xml:parser.obj
 0001:0001e940       _nodePush                  0041f940 f   xml:parser.obj
 0001:0001e9e0       _nodePop                   0041f9e0 f   xml:parser.obj
 0001:0001ebd0       _namePush                  0041fbd0 f   xml:parser.obj
 0001:0001ec60       _namePop                   0041fc60 f   xml:parser.obj
 0001:0001ee70       _xmlSkipBlankChars         0041fe70 f   xml:parser.obj
 0001:0001efa0       _xmlPopInput               0041ffa0 f   xml:parser.obj
 0001:0001f020       _xmlPushInput              00420020 f   xml:parser.obj
 0001:0001f0c0       _xmlParseCharRef           004200c0 f   xml:parser.obj
 0001:0001f8a0       _xmlParserHandlePEReference 004208a0 f   xml:parser.obj
 0001:0001fcb0       _xmlStringLenDecodeEntities 00420cb0 f   xml:parser.obj
 0001:00020210       _xmlStringDecodeEntities   00421210 f   xml:parser.obj
 0001:00020350       _xmlSplitQName             00421350 f   xml:parser.obj
 0001:00021270       _xmlParseName              00422270 f   xml:parser.obj
 0001:00021880       _xmlParseNmtoken           00422880 f   xml:parser.obj
 0001:00021c50       _xmlParseEntityValue       00422c50 f   xml:parser.obj
 0001:000228b0       _xmlParseAttValue          004238b0 f   xml:parser.obj
 0001:000228e0       _xmlParseSystemLiteral     004238e0 f   xml:parser.obj
 0001:00022d60       _xmlParsePubidLiteral      00423d60 f   xml:parser.obj
 0001:00023100       _xmlParseCharData          00424100 f   xml:parser.obj
 0001:00023ac0       _xmlParseExternalID        00424ac0 f   xml:parser.obj
 0001:000243d0       _xmlParseComment           004253d0 f   xml:parser.obj
 0001:000248f0       _xmlParsePITarget          004258f0 f   xml:parser.obj
 0001:00024ad0       _xmlParsePI                00425ad0 f   xml:parser.obj
 0001:00024fd0       _xmlParseNotationDecl      00425fd0 f   xml:parser.obj
 0001:000252d0       _xmlParseEntityDecl        004262d0 f   xml:parser.obj
 0001:00025b30       _xmlParseDefaultDecl       00426b30 f   xml:parser.obj
 0001:00025d80       _xmlParseNotationType      00426d80 f   xml:parser.obj
 0001:00026010       _xmlParseEnumerationType   00427010 f   xml:parser.obj
 0001:000262d0       _xmlParseEnumeratedType    004272d0 f   xml:parser.obj
 0001:000263f0       _xmlParseAttributeType     004273f0 f   xml:parser.obj
 0001:00026790       _xmlParseAttributeListDecl 00427790 f   xml:parser.obj
 0001:00026bc0       _xmlParseElementMixedContentDecl 00427bc0 f   xml:parser.obj
 0001:00027970       _xmlParseElementChildrenContentDecl 00428970 f   xml:parser.obj
 0001:00027990       _xmlParseElementContentDecl 00428990 f   xml:parser.obj
 0001:00027a70       _xmlParseElementDecl       00428a70 f   xml:parser.obj
 0001:000285e0       _xmlParseMarkupDecl        004295e0 f   xml:parser.obj
 0001:00028740       _xmlParseTextDecl          00429740 f   xml:parser.obj
 0001:00028a70       _xmlParseExternalSubset    00429a70 f   xml:parser.obj
 0001:00028da0       _xmlParseReference         00429da0 f   xml:parser.obj
 0001:00029520       _xmlParseEntityRef         0042a520 f   xml:parser.obj
 0001:00029a30       _xmlParsePEReference       0042aa30 f   xml:parser.obj
 0001:0002a0a0       _xmlParseDocTypeDecl       0042b0a0 f   xml:parser.obj
 0001:0002be20       _xmlParseCDSect            0042ce20 f   xml:parser.obj
 0001:0002c340       _xmlParseContent           0042d340 f   xml:parser.obj
 0001:0002c5a0       _xmlParseElement           0042d5a0 f   xml:parser.obj
 0001:0002c910       _xmlParseVersionNum        0042d910 f   xml:parser.obj
 0001:0002ca70       _xmlParseVersionInfo       0042da70 f   xml:parser.obj
 0001:0002cc70       _xmlParseEncName           0042dc70 f   xml:parser.obj
 0001:0002ceb0       _xmlParseEncodingDecl      0042deb0 f   xml:parser.obj
 0001:0002d1f0       _xmlParseSDDecl            0042e1f0 f   xml:parser.obj
 0001:0002d660       _xmlParseXMLDecl           0042e660 f   xml:parser.obj
 0001:0002da40       _xmlParseMisc              0042ea40 f   xml:parser.obj
 0001:0002dad0       _xmlParseDocument          0042ead0 f   xml:parser.obj
 0001:0002dea0       _xmlParseExtParsedEnt      0042eea0 f   xml:parser.obj
 0001:0002fab0       _xmlParseChunk             00430ab0 f   xml:parser.obj
 0001:0002fdb0       _xmlCreatePushParserCtxt   00430db0 f   xml:parser.obj
 0001:00030010       _xmlStopParser             00431010 f   xml:parser.obj
 0001:00030050       _xmlCreateIOParserCtxt     00431050 f   xml:parser.obj
 0001:00030150       _xmlParseCtxtExternalEntity 00431150 f   xml:parser.obj
 0001:00030f50       _xmlParseInNodeContext     00431f50 f   xml:parser.obj
 0001:00031450       _xmlCreateEntityParserCtxt 00432450 f   xml:parser.obj
 0001:00031470       _xmlCreateURLParserCtxt    00432470 f   xml:parser.obj
 0001:00031530       _xmlCreateFileParserCtxt   00432530 f   xml:parser.obj
 0001:00031550       _xmlCreateMemoryParserCtxt 00432550 f   xml:parser.obj
 0001:00031600       _xmlCreateDocParserCtxt    00432600 f   xml:parser.obj
 0001:00031630       _xmlInitParser             00432630 f   xml:parser.obj
 0001:00031690       _xmlCleanupParser          00432690 f   xml:parser.obj
 0001:00031730       _xmlCtxtReset              00432730 f   xml:parser.obj
 0001:00031990       _xmlCtxtResetPush          00432990 f   xml:parser.obj
 0001:00031dd0       _xmlCtxtUseOptions         00432dd0 f   xml:parser.obj
 0001:00031ec0       _xmlReadDoc                00432ec0 f   xml:parser.obj
 0001:00031f00       _xmlReadFile               00432f00 f   xml:parser.obj
 0001:00031fb0       _xmlReadMemory             00432fb0 f   xml:parser.obj
 0001:00031ff0       _xmlReadFd                 00432ff0 f   xml:parser.obj
 0001:00032090       _xmlReadIO                 00433090 f   xml:parser.obj
 0001:00032120       _xmlCtxtReadDoc            00433120 f   xml:parser.obj
 0001:00032180       _xmlCtxtReadFile           00433180 f   xml:parser.obj
 0001:000321e0       _xmlCtxtReadMemory         004331e0 f   xml:parser.obj
 0001:00032260       _xmlCtxtReadFd             00433260 f   xml:parser.obj
 0001:000322f0       _xmlCtxtReadIO             004332f0 f   xml:parser.obj
 0001:00032450       ___xmlIOErr                00433450 f   xml:xmlIO.obj
 0001:00032820       ___xmlLoaderErr            00433820 f   xml:xmlIO.obj
 0001:000328a0       _xmlNormalizeWindowsPath   004338a0 f   xml:xmlIO.obj
 0001:000328b0       _xmlCleanupInputCallbacks  004338b0 f   xml:xmlIO.obj
 0001:000328f0       _xmlPopInputCallbacks      004338f0 f   xml:xmlIO.obj
 0001:00032930       _xmlCleanupOutputCallbacks 00433930 f   xml:xmlIO.obj
 0001:00032b00       _xmlCheckFilename          00433b00 f   xml:xmlIO.obj
 0001:00032c20       _xmlFileMatch              00433c20 f   xml:xmlIO.obj
 0001:00032d40       _xmlFileOpen               00433d40 f   xml:xmlIO.obj
 0001:00032e20       _xmlFileRead               00433e20 f   xml:xmlIO.obj
 0001:00032ed0       _xmlFileClose              00433ed0 f   xml:xmlIO.obj
 0001:00032fc0       _xmlRegisterInputCallbacks 00433fc0 f   xml:xmlIO.obj
 0001:00033020       _xmlRegisterOutputCallbacks 00434020 f   xml:xmlIO.obj
 0001:00033080       _xmlRegisterDefaultInputCallbacks 00434080 f   xml:xmlIO.obj
 0001:000330e0       _xmlRegisterDefaultOutputCallbacks 004340e0 f   xml:xmlIO.obj
 0001:00033140       _xmlAllocParserInputBuffer 00434140 f   xml:xmlIO.obj
 0001:00033200       _xmlAllocOutputBuffer      00434200 f   xml:xmlIO.obj
 0001:000332d0       _xmlAllocOutputBufferInternal 004342d0 f   xml:xmlIO.obj
 0001:00033380       _xmlFreeParserInputBuffer  00434380 f   xml:xmlIO.obj
 0001:00033430       _xmlOutputBufferClose      00434430 f   xml:xmlIO.obj
 0001:00033520       ___xmlParserInputBufferCreateFilename 00434520 f   xml:xmlIO.obj
 0001:000335d0       _xmlParserInputBufferCreateFilename 004345d0 f   xml:xmlIO.obj
 0001:000335f0       ___xmlOutputBufferCreateFilename 004345f0 f   xml:xmlIO.obj
 0001:00033730       _xmlOutputBufferCreateFilename 00434730 f   xml:xmlIO.obj
 0001:00033750       _xmlParserInputBufferCreateFile 00434750 f   xml:xmlIO.obj
 0001:000337a0       _xmlOutputBufferCreateFile 004347a0 f   xml:xmlIO.obj
 0001:000337e0       _xmlOutputBufferCreateBuffer 004347e0 f   xml:xmlIO.obj
 0001:00033820       _xmlParserInputBufferCreateFd 00434820 f   xml:xmlIO.obj
 0001:00033860       _xmlParserInputBufferCreateMem 00434860 f   xml:xmlIO.obj
 0001:000338d0       _xmlParserInputBufferCreateStatic 004348d0 f   xml:xmlIO.obj
 0001:000339a0       _xmlOutputBufferCreateFd   004349a0 f   xml:xmlIO.obj
 0001:000339e0       _xmlParserInputBufferCreateIO 004349e0 f   xml:xmlIO.obj
 0001:00033a20       _xmlOutputBufferCreateIO   00434a20 f   xml:xmlIO.obj
 0001:00033a50       _xmlParserInputBufferCreateFilenameDefault 00434a50 f   xml:xmlIO.obj
 0001:00033a80       _xmlOutputBufferCreateFilenameDefault 00434a80 f   xml:xmlIO.obj
 0001:00033ab0       _xmlParserInputBufferPush  00434ab0 f   xml:xmlIO.obj
 0001:00033bb0       _xmlParserInputBufferGrow  00434bb0 f   xml:xmlIO.obj
 0001:00033d80       _xmlParserInputBufferRead  00434d80 f   xml:xmlIO.obj
 0001:00033dc0       _xmlOutputBufferWrite      00434dc0 f   xml:xmlIO.obj
 0001:00034080       _xmlOutputBufferWriteEscape 00435080 f   xml:xmlIO.obj
 0001:00034350       _xmlOutputBufferWriteString 00435350 f   xml:xmlIO.obj
 0001:000343a0       _xmlOutputBufferFlush      004353a0 f   xml:xmlIO.obj
 0001:000344c0       _xmlParserGetDirectory     004354c0 f   xml:xmlIO.obj
 0001:000345d0       _xmlCheckHTTPInput         004355d0 f   xml:xmlIO.obj
 0001:00034700       _xmlSetExternalEntityLoader 00435700 f   xml:xmlIO.obj
 0001:00034710       _xmlGetExternalEntityLoader 00435710 f   xml:xmlIO.obj
 0001:00034720       _xmlLoadExternalEntity     00435720 f   xml:xmlIO.obj
 0001:000347a0       _xmlNoNetExternalEntityLoader 004357a0 f   xml:xmlIO.obj
 0001:00035870       _xmlParseURI               00436870 f   xml:uri.obj
 0001:000358e0       _xmlParseURIReference      004368e0 f   xml:uri.obj
 0001:00035930       _xmlParseURIRaw            00436930 f   xml:uri.obj
 0001:000359a0       _xmlCreateURI              004369a0 f   xml:uri.obj
 0001:000359e0       _xmlSaveUri                004369e0 f   xml:uri.obj
 0001:00036590       _xmlPrintURI               00437590 f   xml:uri.obj
 0001:00036690       _xmlFreeURI                00437690 f   xml:uri.obj
 0001:00036750       _xmlNormalizeURIPath       00437750 f   xml:uri.obj
 0001:000368e0       _xmlURIUnescapeString      004378e0 f   xml:uri.obj
 0001:00036a50       _xmlURIEscapeStr           00437a50 f   xml:uri.obj
 0001:00036c10       _xmlURIEscape              00437c10 f   xml:uri.obj
 0001:00036f50       _xmlBuildURI               00437f50 f   xml:uri.obj
 0001:000373b0       _xmlBuildRelativeURI       004383b0 f   xml:uri.obj
 0001:00037760       _xmlCanonicPath            00438760 f   xml:uri.obj
 0001:00037950       _xmlPathToURI              00438950 f   xml:uri.obj
 0001:00037a40       _xmlDictCleanup            00438a40 f   xml:dict.obj
 0001:00037e90       _xmlDictCreate             00438e90 f   xml:dict.obj
 0001:00037f30       _xmlDictCreateSub          00438f30 f   xml:dict.obj
 0001:00037f80       _xmlDictReference          00438f80 f   xml:dict.obj
 0001:000382d0       _xmlDictFree               004392d0 f   xml:dict.obj
 0001:000383c0       _xmlDictLookup             004393c0 f   xml:dict.obj
 0001:00038630       _xmlDictExists             00439630 f   xml:dict.obj
 0001:000387f0       _xmlDictQLookup            004397f0 f   xml:dict.obj
 0001:00038ae0       _xmlDictOwns               00439ae0 f   xml:dict.obj
 0001:00038b40       _xmlDictSize               00439b40 f   xml:dict.obj
 0001:00038c70       _xmlNewDocElementContent   00439c70 f   xml:valid.obj
 0001:00038e10       _xmlNewElementContent      00439e10 f   xml:valid.obj
 0001:00038e30       _xmlCopyDocElementContent  00439e30 f   xml:valid.obj
 0001:00039040       _xmlCopyElementContent     0043a040 f   xml:valid.obj
 0001:00039060       _xmlFreeDocElementContent  0043a060 f   xml:valid.obj
 0001:00039170       _xmlFreeElementContent     0043a170 f   xml:valid.obj
 0001:000393b0       _xmlSprintfElementContent  0043a3b0 f   xml:valid.obj
 0001:000393c0       _xmlSnprintfElementContent 0043a3c0 f   xml:valid.obj
 0001:00039770       _xmlAddElementDecl         0043a770 f   xml:valid.obj
 0001:00039ac0       _xmlFreeElementTable       0043aac0 f   xml:valid.obj
 0001:00039ae0       _xmlDumpElementDecl        0043aae0 f   xml:valid.obj
 0001:00039cc0       _xmlDumpElementTable       0043acc0 f   xml:valid.obj
 0001:00039d00       _xmlCreateEnumeration      0043ad00 f   xml:valid.obj
 0001:00039d80       _xmlFreeEnumeration        0043ad80 f   xml:valid.obj
 0001:00039f50       _xmlAddAttributeDecl       0043af50 f   xml:valid.obj
 0001:0003a260       _xmlFreeAttributeTable     0043b260 f   xml:valid.obj
 0001:0003a280       _xmlDumpAttributeDecl      0043b280 f   xml:valid.obj
 0001:0003a510       _xmlDumpAttributeTable     0043b510 f   xml:valid.obj
 0001:0003a5a0       _xmlAddNotationDecl        0043b5a0 f   xml:valid.obj
 0001:0003a6a0       _xmlFreeNotationTable      0043b6a0 f   xml:valid.obj
 0001:0003a6c0       _xmlDumpNotationDecl       0043b6c0 f   xml:valid.obj
 0001:0003a7b0       _xmlDumpNotationTable      0043b7b0 f   xml:valid.obj
 0001:0003a860       _xmlAddID                  0043b860 f   xml:valid.obj
 0001:0003a980       _xmlFreeIDTable            0043b980 f   xml:valid.obj
 0001:0003a9a0       _xmlIsID                   0043b9a0 f   xml:valid.obj
 0001:0003abe0       _xmlRemoveID               0043bbe0 f   xml:valid.obj
 0001:0003ac70       _xmlGetID                  0043bc70 f   xml:valid.obj
 0001:0003ad70       _xmlAddRef                 0043bd70 f   xml:valid.obj
 0001:0003af30       _xmlFreeRefTable           0043bf30 f   xml:valid.obj
 0001:0003af50       _xmlIsRef                  0043bf50 f   xml:valid.obj
 0001:0003afe0       _xmlRemoveRef              0043bfe0 f   xml:valid.obj
 0001:0003b0a0       _xmlGetRefs                0043c0a0 f   xml:valid.obj
 0001:0003b0d0       _xmlGetDtdElementDesc      0043c0d0 f   xml:valid.obj
 0001:0003b270       _xmlGetDtdQElementDesc     0043c270 f   xml:valid.obj
 0001:0003b2a0       _xmlGetDtdAttrDesc         0043c2a0 f   xml:valid.obj
 0001:0003b330       _xmlGetDtdQAttrDesc        0043c330 f   xml:valid.obj
 0001:0003b360       _xmlGetDtdNotationDesc     0043c360 f   xml:valid.obj
 0001:0003b390       _xmlIsMixedElement         0043c390 f   xml:valid.obj
 0001:0003b610       _xmlHashCreate             0043c610 f   xml:hash.obj
 0001:0003b680       _xmlHashCreateDict         0043c680 f   xml:hash.obj
 0001:0003b870       _xmlHashFree               0043c870 f   xml:hash.obj
 0001:0003b980       _xmlHashAddEntry           0043c980 f   xml:hash.obj
 0001:0003b9a0       _xmlHashAddEntry2          0043c9a0 f   xml:hash.obj
 0001:0003b9c0       _xmlHashUpdateEntry        0043c9c0 f   xml:hash.obj
 0001:0003b9f0       _xmlHashUpdateEntry2       0043c9f0 f   xml:hash.obj
 0001:0003ba20       _xmlHashLookup             0043ca20 f   xml:hash.obj
 0001:0003ba40       _xmlHashLookup2            0043ca40 f   xml:hash.obj
 0001:0003ba60       _xmlHashQLookup            0043ca60 f   xml:hash.obj
 0001:0003ba90       _xmlHashQLookup2           0043ca90 f   xml:hash.obj
 0001:0003bac0       _xmlHashAddEntry3          0043cac0 f   xml:hash.obj
 0001:0003bd80       _xmlHashUpdateEntry3       0043cd80 f   xml:hash.obj
 0001:0003c040       _xmlHashLookup3            0043d040 f   xml:hash.obj
 0001:0003c130       _xmlHashQLookup3           0043d130 f   xml:hash.obj
 0001:0003c200       _xmlHashScan               0043d200 f   xml:hash.obj
 0001:0003c230       _xmlHashScanFull           0043d230 f   xml:hash.obj
 0001:0003c2e0       _xmlHashScan3              0043d2e0 f   xml:hash.obj
 0001:0003c2f0       _xmlHashScanFull3          0043d2f0 f   xml:hash.obj
 0001:0003c400       _xmlHashCopy               0043d400 f   xml:hash.obj
 0001:0003c4a0       _xmlHashSize               0043d4a0 f   xml:hash.obj
 0001:0003c4c0       _xmlHashRemoveEntry        0043d4c0 f   xml:hash.obj
 0001:0003c4e0       _xmlHashRemoveEntry2       0043d4e0 f   xml:hash.obj
 0001:0003c500       _xmlHashRemoveEntry3       0043d500 f   xml:hash.obj
 0001:0003c6a0       _xmlGenericErrorDefaultFunc 0043d6a0 f   xml:error.obj
 0001:0003c6d0       _initGenericErrorDefaultFunc 0043d6d0 f   xml:error.obj
 0001:0003c6f0       _xmlSetGenericErrorFunc    0043d6f0 f   xml:error.obj
 0001:0003c720       _xmlSetStructuredErrorFunc 0043d720 f   xml:error.obj
 0001:0003c740       _xmlParserPrintFileInfo    0043d740 f   xml:error.obj
 0001:0003c890       _xmlParserPrintFileContext 0043d890 f   xml:error.obj
 0001:0003cc80       ___xmlRaiseError           0043dc80 f   xml:error.obj
 0001:0003d0b0       ___xmlSimpleError          0043e0b0 f   xml:error.obj
 0001:0003d140       _xmlParserError            0043e140 f   xml:error.obj
 0001:0003d2b0       _xmlParserWarning          0043e2b0 f   xml:error.obj
 0001:0003d420       _xmlParserValidityError    0043e420 f   xml:error.obj
 0001:0003d570       _xmlParserValidityWarning  0043e570 f   xml:error.obj
 0001:0003d6a0       _xmlGetLastError           0043e6a0 f   xml:error.obj
 0001:0003d6b0       _xmlResetError             0043e6b0 f   xml:error.obj
 0001:0003d730       _xmlResetLastError         0043e730 f   xml:error.obj
 0001:0003d750       _xmlCtxtGetLastError       0043e750 f   xml:error.obj
 0001:0003d770       _xmlCtxtResetLastError     0043e770 f   xml:error.obj
 0001:0003d7a0       _xmlCopyError              0043e7a0 f   xml:error.obj
 0001:0003d940       _xmlCheckVersion           0043e940 f   xml:parserInternals.obj
 0001:0003d9d0       _xmlErrMemory              0043e9d0 f   xml:parserInternals.obj
 0001:0003da70       ___xmlErrEncoding          0043ea70 f   xml:parserInternals.obj
 0001:0003dbd0       _xmlIsLetter               0043ebd0 f   xml:parserInternals.obj
 0001:0003dc70       _xmlParserInputRead        0043ec70 f   xml:parserInternals.obj
 0001:0003dd00       _xmlParserInputGrow        0043ed00 f   xml:parserInternals.obj
 0001:0003dd90       _xmlParserInputShrink      0043ed90 f   xml:parserInternals.obj
 0001:0003de40       _xmlNextChar               0043ee40 f   xml:parserInternals.obj
 0001:0003e150       _xmlCurrentChar            0043f150 f   xml:parserInternals.obj
 0001:0003e4e0       _xmlStringCurrentChar      0043f4e0 f   xml:parserInternals.obj
 0001:0003e6f0       _xmlCopyCharMultiByte      0043f6f0 f   xml:parserInternals.obj
 0001:0003e7b0       _xmlCopyChar               0043f7b0 f   xml:parserInternals.obj
 0001:0003e7e0       _xmlSwitchEncoding         0043f7e0 f   xml:parserInternals.obj
 0001:0003ec60       _xmlSwitchInputEncoding    0043fc60 f   xml:parserInternals.obj
 0001:0003ecc0       _xmlSwitchToEncoding       0043fcc0 f   xml:parserInternals.obj
 0001:0003ed10       _xmlFreeInputStream        0043fd10 f   xml:parserInternals.obj
 0001:0003ed90       _xmlNewInputStream         0043fd90 f   xml:parserInternals.obj
 0001:0003edf0       _xmlNewIOInputStream       0043fdf0 f   xml:parserInternals.obj
 0001:0003ee80       _xmlNewEntityInputStream   0043fe80 f   xml:parserInternals.obj
 0001:0003efc0       _xmlNewStringInputStream   0043ffc0 f   xml:parserInternals.obj
 0001:0003f050       _xmlNewInputFromFile       00440050 f   xml:parserInternals.obj
 0001:0003f180       _xmlInitParserCtxt         00440180 f   xml:parserInternals.obj
 0001:0003f4e0       _xmlFreeParserCtxt         004404e0 f   xml:parserInternals.obj
 0001:0003f760       _xmlNewParserCtxt          00440760 f   xml:parserInternals.obj
 0001:0003f7d0       _xmlClearParserCtxt        004407d0 f   xml:parserInternals.obj
 0001:0003f820       _xmlParserFindNodeInfo     00440820 f   xml:parserInternals.obj
 0001:0003f860       _xmlInitNodeInfoSeq        00440860 f   xml:parserInternals.obj
 0001:0003f880       _xmlClearNodeInfoSeq       00440880 f   xml:parserInternals.obj
 0001:0003f8c0       _xmlParserFindNodeInfoIndex 004408c0 f   xml:parserInternals.obj
 0001:0003f940       _xmlParserAddNodeInfo      00440940 f   xml:parserInternals.obj
 0001:0003fa80       _xmlPedanticParserDefault  00440a80 f   xml:parserInternals.obj
 0001:0003faa0       _xmlLineNumbersDefault     00440aa0 f   xml:parserInternals.obj
 0001:0003fac0       _xmlSubstituteEntitiesDefault 00440ac0 f   xml:parserInternals.obj
 0001:0003fae0       _xmlKeepBlanksDefault      00440ae0 f   xml:parserInternals.obj
 0001:0003fb10       _xmlIsXHTML                00440b10 f   xml:xmlsave.obj
 0001:00040480       _xmlNsListDumpOutput       00441480 f   xml:xmlsave.obj
 0001:00040ed0       _xmlSaveToFd               00441ed0 f   xml:xmlsave.obj
 0001:00040f50       _xmlSaveToFilename         00441f50 f   xml:xmlsave.obj
 0001:00040fd0       _xmlSaveToBuffer           00441fd0 f   xml:xmlsave.obj
 0001:00041050       _xmlSaveToIO               00442050 f   xml:xmlsave.obj
 0001:000410d0       _xmlSaveDoc                004420d0 f   xml:xmlsave.obj
 0001:00041100       _xmlSaveTree               00442100 f   xml:xmlsave.obj
 0001:00041130       _xmlSaveFlush              00442130 f   xml:xmlsave.obj
 0001:00041160       _xmlSaveClose              00442160 f   xml:xmlsave.obj
 0001:000411c0       _xmlSaveSetEscape          004421c0 f   xml:xmlsave.obj
 0001:000411e0       _xmlSaveSetAttrEscape      004421e0 f   xml:xmlsave.obj
 0001:00041200       _xmlAttrSerializeTxtContent 00442200 f   xml:xmlsave.obj
 0001:000418f0       _xmlNodeDump               004428f0 f   xml:xmlsave.obj
 0001:00041980       _xmlElemDump               00442980 f   xml:xmlsave.obj
 0001:00041a40       _xmlNodeDumpOutput         00442a40 f   xml:xmlsave.obj
 0001:00041ad0       _xmlDocDumpFormatMemoryEnc 00442ad0 f   xml:xmlsave.obj
 0001:00041c70       _xmlDocDumpMemory          00442c70 f   xml:xmlsave.obj
 0001:00041c90       _xmlDocDumpFormatMemory    00442c90 f   xml:xmlsave.obj
 0001:00041cb0       _xmlDocDumpMemoryEnc       00442cb0 f   xml:xmlsave.obj
 0001:00041cd0       _xmlDocFormatDump          00442cd0 f   xml:xmlsave.obj
 0001:00041dd0       _xmlDocDump                00442dd0 f   xml:xmlsave.obj
 0001:00041df0       _xmlSaveFileTo             00442df0 f   xml:xmlsave.obj
 0001:00041e90       _xmlSaveFormatFileTo       00442e90 f   xml:xmlsave.obj
 0001:00041f40       _xmlSaveFormatFileEnc      00442f40 f   xml:xmlsave.obj
 0001:00042010       _xmlSaveFileEnc            00443010 f   xml:xmlsave.obj
 0001:00042030       _xmlSaveFormatFile         00443030 f   xml:xmlsave.obj
 0001:00042050       _xmlSaveFile               00443050 f   xml:xmlsave.obj
 0001:000422f0       _isolat1ToUTF8             004432f0 f   xml:encoding.obj
 0001:00042430       _UTF8Toisolat1             00443430 f   xml:encoding.obj
 0001:00042dc0       _xmlDetectCharEncoding     00443dc0 f   xml:encoding.obj
 0001:00042f00       _xmlCleanupEncodingAliases 00443f00 f   xml:encoding.obj
 0001:00042f80       _xmlGetEncodingAlias       00443f80 f   xml:encoding.obj
 0001:00043060       _xmlAddEncodingAlias       00444060 f   xml:encoding.obj
 0001:00043220       _xmlDelEncodingAlias       00444220 f   xml:encoding.obj
 0001:000432e0       _xmlParseCharEncoding      004442e0 f   xml:encoding.obj
 0001:00043a30       _xmlGetCharEncodingName    00444a30 f   xml:encoding.obj
 0001:00043b20       _xmlNewCharEncodingHandler 00444b20 f   xml:encoding.obj
 0001:00043c70       _xmlInitCharEncodingHandlers 00444c70 f   xml:encoding.obj
 0001:00043d50       _xmlCleanupCharEncodingHandlers 00444d50 f   xml:encoding.obj
 0001:00043de0       _xmlRegisterCharEncodingHandler 00444de0 f   xml:encoding.obj
 0001:00043e70       _xmlGetCharEncodingHandler 00444e70 f   xml:encoding.obj
 0001:00044050       _xmlFindCharEncodingHandler 00445050 f   xml:encoding.obj
 0001:000441c0       _xmlCharEncFirstLineInt    004451c0 f   xml:encoding.obj
 0001:00044280       _xmlCharEncFirstLine       00445280 f   xml:encoding.obj
 0001:000442a0       _xmlCharEncInFunc          004452a0 f   xml:encoding.obj
 0001:000443d0       _xmlCharEncOutFunc         004453d0 f   xml:encoding.obj
 0001:000446a0       _xmlCharEncCloseFunc       004456a0 f   xml:encoding.obj
 0001:000446c0       _xmlByteConsumed           004456c0 f   xml:encoding.obj
 0001:00044a20       _xmlSAX2GetPublicId        00445a20 f   xml:SAX2.obj
 0001:00044a30       _xmlSAX2GetSystemId        00445a30 f   xml:SAX2.obj
 0001:00044a50       _xmlSAX2GetLineNumber      00445a50 f   xml:SAX2.obj
 0001:00044a70       _xmlSAX2GetColumnNumber    00445a70 f   xml:SAX2.obj
 0001:00044a90       _xmlSAX2IsStandalone       00445a90 f   xml:SAX2.obj
 0001:00044ac0       _xmlSAX2HasInternalSubset  00445ac0 f   xml:SAX2.obj
 0001:00044af0       _xmlSAX2HasExternalSubset  00445af0 f   xml:SAX2.obj
 0001:00044b20       _xmlSAX2InternalSubset     00445b20 f   xml:SAX2.obj
 0001:00044bb0       _xmlSAX2ExternalSubset     00445bb0 f   xml:SAX2.obj
 0001:00044d70       _xmlSAX2ResolveEntity      00445d70 f   xml:SAX2.obj
 0001:00044dd0       _xmlSAX2GetEntity          00445dd0 f   xml:SAX2.obj
 0001:00044f10       _xmlSAX2GetParameterEntity 00445f10 f   xml:SAX2.obj
 0001:00044f30       _xmlSAX2EntityDecl         00445f30 f   xml:SAX2.obj
 0001:00045070       _xmlSAX2AttributeDecl      00446070 f   xml:SAX2.obj
 0001:00045190       _xmlSAX2ElementDecl        00446190 f   xml:SAX2.obj
 0001:00045210       _xmlSAX2NotationDecl       00446210 f   xml:SAX2.obj
 0001:000452b0       _xmlSAX2UnparsedEntityDecl 004462b0 f   xml:SAX2.obj
 0001:000453d0       _xmlSAX2SetDocumentLocator 004463d0 f   xml:SAX2.obj
 0001:000453e0       _xmlSAX2StartDocument      004463e0 f   xml:SAX2.obj
 0001:000454e0       _xmlSAX2EndDocument        004464e0 f   xml:SAX2.obj
 0001:000462a0       _xmlSAX2StartElement       004472a0 f   xml:SAX2.obj
 0001:000465a0       _xmlSAX2EndElement         004475a0 f   xml:SAX2.obj
 0001:00046a90       _xmlSAX2StartElementNs     00447a90 f   xml:SAX2.obj
 0001:00046e30       _xmlSAX2EndElementNs       00447e30 f   xml:SAX2.obj
 0001:00046ec0       _xmlSAX2Reference          00447ec0 f   xml:SAX2.obj
 0001:00046f10       _xmlSAX2Characters         00447f10 f   xml:SAX2.obj
 0001:00047120       _xmlSAX2IgnorableWhitespace 00448120 f   xml:SAX2.obj
 0001:00047130       _xmlSAX2ProcessingInstruction 00448130 f   xml:SAX2.obj
 0001:00047200       _xmlSAX2Comment            00448200 f   xml:SAX2.obj
 0001:000472d0       _xmlSAX2CDataBlock         004482d0 f   xml:SAX2.obj
 0001:00047330       _xmlSAXVersion             00448330 f   xml:SAX2.obj
 0001:00047420       _xmlSAX2InitDefaultSAXHandler 00448420 f   xml:SAX2.obj
 0001:00047450       _xmlDefaultSAXHandlerInit  00448450 f   xml:SAX2.obj
 0001:000478e0       _xmlGetPredefinedEntity    004488e0 f   xml:entities.obj
 0001:000479c0       _xmlAddDtdEntity           004489c0 f   xml:entities.obj
 0001:00047a70       _xmlAddDocEntity           00448a70 f   xml:entities.obj
 0001:00047b20       _xmlNewEntity              00448b20 f   xml:entities.obj
 0001:00047ba0       _xmlGetParameterEntity     00448ba0 f   xml:entities.obj
 0001:00047c00       _xmlGetDtdEntity           00448c00 f   xml:entities.obj
 0001:00047c30       _xmlGetDocEntity           00448c30 f   xml:entities.obj
 0001:00047cb0       _xmlEncodeEntitiesReentrant 00448cb0 f   xml:entities.obj
 0001:00048080       _xmlEncodeSpecialChars     00449080 f   xml:entities.obj
 0001:00048190       _xmlCreateEntitiesTable    00449190 f   xml:entities.obj
 0001:00048210       _xmlFreeEntitiesTable      00449210 f   xml:entities.obj
 0001:00048380       _xmlDumpEntityDecl         00449380 f   xml:entities.obj
 0001:00048660       _xmlDumpEntitiesTable      00449660 f   xml:entities.obj
 0001:00048690       _xmlCharInRange            00449690 f   xml:chvalid.obj
 0001:00048720       _xmlIsBaseChar             00449720 f   xml:chvalid.obj
 0001:00048780       _xmlIsBlank                00449780 f   xml:chvalid.obj
 0001:000487b0       _xmlIsChar                 004497b0 f   xml:chvalid.obj
 0001:00048800       _xmlIsCombining            00449800 f   xml:chvalid.obj
 0001:00048830       _xmlIsDigit                00449830 f   xml:chvalid.obj
 0001:00048860       _xmlIsExtender             00449860 f   xml:chvalid.obj
 0001:00048890       _xmlIsIdeographic          00449890 f   xml:chvalid.obj
 0001:000488d0       _xmlIsPubidChar            004498d0 f   xml:chvalid.obj
 0001:00048a40       _xmlListCreate             00449a40 f   xml:list.obj
 0001:00048ae0       _xmlListSearch             00449ae0 f   xml:list.obj
 0001:00048b10       _xmlListReverseSearch      00449b10 f   xml:list.obj
 0001:00048b40       _xmlListInsert             00449b40 f   xml:list.obj
 0001:00048bc0       _xmlListAppend             00449bc0 f   xml:list.obj
 0001:00048c40       _xmlListDelete             00449c40 f   xml:list.obj
 0001:00048c70       _xmlListRemoveFirst        00449c70 f   xml:list.obj
 0001:00048cd0       _xmlListRemoveLast         00449cd0 f   xml:list.obj
 0001:00048d30       _xmlListRemoveAll          00449d30 f   xml:list.obj
 0001:00048dc0       _xmlListClear              00449dc0 f   xml:list.obj
 0001:00048e10       _xmlListEmpty              00449e10 f   xml:list.obj
 0001:00048e30       _xmlListFront              00449e30 f   xml:list.obj
 0001:00048e50       _xmlListEnd                00449e50 f   xml:list.obj
 0001:00048e70       _xmlListSize               00449e70 f   xml:list.obj
 0001:00048ea0       _xmlListPopFront           00449ea0 f   xml:list.obj
 0001:00048ef0       _xmlListPopBack            00449ef0 f   xml:list.obj
 0001:00048f40       _xmlListPushFront          00449f40 f   xml:list.obj
 0001:00048fa0       _xmlListPushBack           00449fa0 f   xml:list.obj
 0001:00049000       _xmlLinkGetData            0044a000 f   xml:list.obj
 0001:00049020       _xmlListReverse            0044a020 f   xml:list.obj
 0001:00049050       _xmlListSort               0044a050 f   xml:list.obj
 0001:000490c0       _xmlListWalk               0044a0c0 f   xml:list.obj
 0001:00049100       _xmlListReverseWalk        0044a100 f   xml:list.obj
 0001:00049140       _xmlListMerge              0044a140 f   xml:list.obj
 0001:00049160       _xmlListDup                0044a160 f   xml:list.obj
 0001:000491a0       _xmlListCopy               0044a1a0 f   xml:list.obj
 0001:00049210       _xmlMallocBreakpoint       0044a210 f   xml:xmlmemory.obj
 0001:00049230       _xmlMallocLoc              0044a230 f   xml:xmlmemory.obj
 0001:00049330       _xmlMallocAtomicLoc        0044a330 f   xml:xmlmemory.obj
 0001:00049430       _xmlMemMalloc              0044a430 f   xml:xmlmemory.obj
 0001:00049450       _xmlReallocLoc             0044a450 f   xml:xmlmemory.obj
 0001:000495a0       _xmlMemRealloc             0044a5a0 f   xml:xmlmemory.obj
 0001:000495c0       _xmlMemFree                0044a5c0 f   xml:xmlmemory.obj
 0001:000496d0       _xmlMemStrdupLoc           0044a6d0 f   xml:xmlmemory.obj
 0001:000497e0       _xmlMemoryStrdup           0044a7e0 f   xml:xmlmemory.obj
 0001:00049800       _xmlMemUsed                0044a800 f   xml:xmlmemory.obj
 0001:00049810       _xmlMemBlocks              0044a810 f   xml:xmlmemory.obj
 0001:00049820       _xmlMemDisplayLast         0044a820 f   xml:xmlmemory.obj
 0001:00049870       _xmlMemDisplay             0044a870 f   xml:xmlmemory.obj
 0001:000498e0       _xmlMemShow                0044a8e0 f   xml:xmlmemory.obj
 0001:00049910       _xmlMemoryDump             0044a910 f   xml:xmlmemory.obj
 0001:00049920       _xmlInitMemory             0044a920 f   xml:xmlmemory.obj
 0001:000499a0       _xmlCleanupMemory          0044a9a0 f   xml:xmlmemory.obj
 0001:000499e0       _xmlMemSetup               0044a9e0 f   xml:xmlmemory.obj
 0001:00049a30       _xmlMemGet                 0044aa30 f   xml:xmlmemory.obj
 0001:00049a80       _xmlGcMemSetup             0044aa80 f   xml:xmlmemory.obj
 0001:00049ae0       _xmlGcMemGet               0044aae0 f   xml:xmlmemory.obj
 0001:00049b40       _xmlInitGlobals            0044ab40 f   xml:globals.obj
 0001:00049b60       _xmlCleanupGlobals         0044ab60 f   xml:globals.obj
 0001:00049b80       _xmlInitializeGlobalState  0044ab80 f   xml:globals.obj
 0001:00049d10       _xmlThrDefSetGenericErrorFunc 0044ad10 f   xml:globals.obj
 0001:00049d40       _xmlThrDefSetStructuredErrorFunc 0044ad40 f   xml:globals.obj
 0001:00049d60       _xmlRegisterNodeDefault    0044ad60 f   xml:globals.obj
 0001:00049d80       _xmlThrDefRegisterNodeDefault 0044ad80 f   xml:globals.obj
 0001:00049da0       _xmlDeregisterNodeDefault  0044ada0 f   xml:globals.obj
 0001:00049dc0       _xmlThrDefDeregisterNodeDefault 0044adc0 f   xml:globals.obj
 0001:00049de0       _xmlThrDefParserInputBufferCreateFilenameDefault 0044ade0 f   xml:globals.obj
 0001:00049e10       _xmlThrDefOutputBufferCreateFilenameDefault 0044ae10 f   xml:globals.obj
 0001:00049e40       ___xmlLastError            0044ae40 f   xml:globals.obj
 0001:00049e50       ___oldXMLWDcompatibility   0044ae50 f   xml:globals.obj
 0001:00049e60       ___xmlBufferAllocScheme    0044ae60 f   xml:globals.obj
 0001:00049e70       _xmlThrDefBufferAllocScheme 0044ae70 f   xml:globals.obj
 0001:00049e90       ___xmlDefaultBufferSize    0044ae90 f   xml:globals.obj
 0001:00049ea0       _xmlThrDefDefaultBufferSize 0044aea0 f   xml:globals.obj
 0001:00049ec0       ___xmlDefaultSAXLocator    0044aec0 f   xml:globals.obj
 0001:00049ed0       ___xmlDoValidityCheckingDefaultValue 0044aed0 f   xml:globals.obj
 0001:00049ee0       _xmlThrDefDoValidityCheckingDefaultValue 0044aee0 f   xml:globals.obj
 0001:00049f00       ___xmlGenericError         0044af00 f   xml:globals.obj
 0001:00049f10       ___xmlStructuredError      0044af10 f   xml:globals.obj
 0001:00049f20       ___xmlGenericErrorContext  0044af20 f   xml:globals.obj
 0001:00049f30       ___xmlStructuredErrorContext 0044af30 f   xml:globals.obj
 0001:00049f40       ___xmlGetWarningsDefaultValue 0044af40 f   xml:globals.obj
 0001:00049f50       _xmlThrDefGetWarningsDefaultValue 0044af50 f   xml:globals.obj
 0001:00049f70       ___xmlIndentTreeOutput     0044af70 f   xml:globals.obj
 0001:00049f80       _xmlThrDefIndentTreeOutput 0044af80 f   xml:globals.obj
 0001:00049fa0       ___xmlTreeIndentString     0044afa0 f   xml:globals.obj
 0001:00049fb0       _xmlThrDefTreeIndentString 0044afb0 f   xml:globals.obj
 0001:00049fd0       ___xmlKeepBlanksDefaultValue 0044afd0 f   xml:globals.obj
 0001:00049fe0       _xmlThrDefKeepBlanksDefaultValue 0044afe0 f   xml:globals.obj
 0001:0004a000       ___xmlLineNumbersDefaultValue 0044b000 f   xml:globals.obj
 0001:0004a010       _xmlThrDefLineNumbersDefaultValue 0044b010 f   xml:globals.obj
 0001:0004a030       ___xmlLoadExtDtdDefaultValue 0044b030 f   xml:globals.obj
 0001:0004a040       _xmlThrDefLoadExtDtdDefaultValue 0044b040 f   xml:globals.obj
 0001:0004a060       ___xmlParserDebugEntities  0044b060 f   xml:globals.obj
 0001:0004a070       _xmlThrDefParserDebugEntities 0044b070 f   xml:globals.obj
 0001:0004a090       ___xmlParserVersion        0044b090 f   xml:globals.obj
 0001:0004a0a0       ___xmlPedanticParserDefaultValue 0044b0a0 f   xml:globals.obj
 0001:0004a0b0       _xmlThrDefPedanticParserDefaultValue 0044b0b0 f   xml:globals.obj
 0001:0004a0d0       ___xmlSaveNoEmptyTags      0044b0d0 f   xml:globals.obj
 0001:0004a0e0       _xmlThrDefSaveNoEmptyTags  0044b0e0 f   xml:globals.obj
 0001:0004a100       ___xmlSubstituteEntitiesDefaultValue 0044b100 f   xml:globals.obj
 0001:0004a110       _xmlThrDefSubstituteEntitiesDefaultValue 0044b110 f   xml:globals.obj
 0001:0004a130       ___xmlRegisterNodeDefaultValue 0044b130 f   xml:globals.obj
 0001:0004a140       ___xmlDeregisterNodeDefaultValue 0044b140 f   xml:globals.obj
 0001:0004a150       ___xmlParserInputBufferCreateFilenameValue 0044b150 f   xml:globals.obj
 0001:0004a160       ___xmlOutputBufferCreateFilenameValue 0044b160 f   xml:globals.obj
 0001:0004a170       _xmlNewMutex               0044b170 f   xml:threads.obj
 0001:0004a180       _xmlFreeMutex              0044b180 f   xml:threads.obj
 0001:0004a1a0       _xmlMutexLock              0044b1a0 f   xml:threads.obj
 0001:0004a1b0       _xmlMutexUnlock            0044b1b0 f   xml:threads.obj
 0001:0004a1c0       _xmlNewRMutex              0044b1c0 f   xml:threads.obj
 0001:0004a1d0       _xmlFreeRMutex             0044b1d0 f   xml:threads.obj
 0001:0004a1f0       _xmlRMutexLock             0044b1f0 f   xml:threads.obj
 0001:0004a200       _xmlRMutexUnlock           0044b200 f   xml:threads.obj
 0001:0004a210       ___xmlGlobalInitMutexLock  0044b210 f   xml:threads.obj
 0001:0004a220       ___xmlGlobalInitMutexUnlock 0044b220 f   xml:threads.obj
 0001:0004a230       ___xmlGlobalInitMutexDestroy 0044b230 f   xml:threads.obj
 0001:0004a240       _xmlGetGlobalState         0044b240 f   xml:threads.obj
 0001:0004a250       _xmlGetThreadId            0044b250 f   xml:threads.obj
 0001:0004a260       _xmlIsMainThread           0044b260 f   xml:threads.obj
 0001:0004a270       _xmlLockLibrary            0044b270 f   xml:threads.obj
 0001:0004a280       _xmlUnlockLibrary          0044b280 f   xml:threads.obj
 0001:0004a290       _xmlInitThreads            0044b290 f   xml:threads.obj
 0001:0004a2a0       _xmlCleanupThreads         0044b2a0 f   xml:threads.obj
 0001:0004a2b0       _get_crc_table             0044b2b0 f   zlib:crc32.obj
 0001:0004a2c0       _crc32                     0044b2c0 f   zlib:crc32.obj
 0001:0004aab0       _crc32_combine             0044bab0 f   zlib:crc32.obj
 0001:0004aad0       _crc32_combine64           0044bad0 f   zlib:crc32.obj
 0001:0004aaf0       _deflateInit_              0044baf0 f   zlib:deflate.obj
 0001:0004ab10       _deflateInit2_             0044bb10 f   zlib:deflate.obj
 0001:0004acf0       _deflateSetDictionary      0044bcf0 f   zlib:deflate.obj
 0001:0004adf0       _deflateReset              0044bdf0 f   zlib:deflate.obj
 0001:0004ae70       _deflateSetHeader          0044be70 f   zlib:deflate.obj
 0001:0004ae90       _deflatePrime              0044be90 f   zlib:deflate.obj
 0001:0004aed0       _deflateParams             0044bed0 f   zlib:deflate.obj
 0001:0004afc0       _deflateTune               0044bfc0 f   zlib:deflate.obj
 0001:0004b000       _deflateBound              0044c000 f   zlib:deflate.obj
 0001:0004b160       _deflate                   0044c160 f   zlib:deflate.obj
 0001:0004b940       _deflateEnd                0044c940 f   zlib:deflate.obj
 0001:0004ba10       _deflateCopy               0044ca10 f   zlib:deflate.obj
 0001:0004cd80       _inflateReset              0044dd80 f   zlib:inflate.obj
 0001:0004cdf0       _inflateReset2             0044ddf0 f   zlib:inflate.obj
 0001:0004ce70       _inflateInit2_             0044de70 f   zlib:inflate.obj
 0001:0004cf20       _inflateInit_              0044df20 f   zlib:inflate.obj
 0001:0004cf40       _inflatePrime              0044df40 f   zlib:inflate.obj
 0001:0004d0c0       _inflate                   0044e0c0 f   zlib:inflate.obj
 0001:0004e5f0       _inflateEnd                0044f5f0 f   zlib:inflate.obj
 0001:0004e640       _inflateSetDictionary      0044f640 f   zlib:inflate.obj
 0001:0004e700       _inflateGetHeader          0044f700 f   zlib:inflate.obj
 0001:0004e790       _inflateSync               0044f790 f   zlib:inflate.obj
 0001:0004e870       _inflateSyncPoint          0044f870 f   zlib:inflate.obj
 0001:0004e8a0       _inflateCopy               0044f8a0 f   zlib:inflate.obj
 0001:0004e9f0       _inflateUndermine          0044f9f0 f   zlib:inflate.obj
 0001:0004ea20       _inflateMark               0044fa20 f   zlib:inflate.obj
 0001:0004ea80       __tr_init                  0044fa80 f   zlib:trees.obj
 0001:0004fa50       __tr_stored_block          00450a50 f   zlib:trees.obj
 0001:0004faf0       __tr_align                 00450af0 f   zlib:trees.obj
 0001:0004fce0       __tr_flush_block           00450ce0 f   zlib:trees.obj
 0001:0004ff30       __tr_tally                 00450f30 f   zlib:trees.obj
 0001:00050620       _adler32                   00451620 f   zlib:adler32.obj
 0001:00050930       _adler32_combine           00451930 f   zlib:adler32.obj
 0001:00050940       _adler32_combine64         00451940 f   zlib:adler32.obj
 0001:00050950       _zlibVersion               00451950 f   zlib:zutil.obj
 0001:00050960       _zlibCompileFlags          00451960 f   zlib:zutil.obj
 0001:00050970       _zError                    00451970 f   zlib:zutil.obj
 0001:00050990       _zcalloc                   00451990 f   zlib:zutil.obj
 0001:000509b0       _zcfree                    004519b0 f   zlib:zutil.obj
 0001:000509d0       _inflate_fast              004519d0 f   zlib:inffast.obj
 0001:00050de0       _inflate_table             00451de0 f   zlib:inftrees.obj
 0001:00051270       _get_current_yyyymmdd      00452270 f   main.obj
 0001:000512c0       _get_current_time          004522c0 f   main.obj
 0001:00051310       _cul_log_debug_string      00452310 f   main.obj
 0001:00051550       _cul_open_file_dlg         00452550 f   main.obj
 0001:00051630       _cul_save_file_dlg         00452630 f   main.obj
 0001:000516c0       _Main_OnInitDialog         004526c0 f   main.obj
 0001:00051710       _Main_OnDropFiles          00452710 f   main.obj
 0001:00051800       _Main_OnClose              00452800 f   main.obj
 0001:00051930       _xlsx_init                 00452930 f   main.obj
 0001:00051c10       _deal_xlsx                 00452c10 f   main.obj
 0001:00051c50       _Main_OnCommand            00452c50 f   main.obj
 0001:00051d90       _Main_Proc@16              00452d90 f   main.obj
 0001:00051e20       _WinMain@16                00452e20 f   dlgxp_templet.obj
 0001:00051e40       _UTF8toUCS2Code            00452e40 f   encoder.obj
 0001:00051ef0       _UCS2toUTF8Code            00452ef0 f   encoder.obj
 0001:00051f5a       _SetWindowTextA@8          00452f5a f   user32:USER32.dll
 0001:00051f60       _GetDlgItem@8              00452f60 f   user32:USER32.dll
 0001:00051f66       _SendMessageA@16           00452f66 f   user32:USER32.dll
 0001:00051f6c       _LoadIconA@8               00452f6c f   user32:USER32.dll
 0001:00051f72       _GetWindowLongA@8          00452f72 f   user32:USER32.dll
 0001:00051f78       _InvalidateRect@12         00452f78 f   user32:USER32.dll
 0001:00051f7e       _MessageBoxA@16            00452f7e f   user32:USER32.dll
 0001:00051f84       _EndDialog@8               00452f84 f   user32:USER32.dll
 0001:00051f8a       _GetWindowTextA@12         00452f8a f   user32:USER32.dll
 0001:00051f90       _DialogBoxParamA@20        00452f90 f   user32:USER32.dll
 0001:00051f96       _DragAcceptFiles@8         00452f96 f   shell32:SHELL32.dll
 0001:00051f9c       _DragFinish@4              00452f9c f   shell32:SHELL32.dll
 0001:00051fa2       _DragQueryFileA@16         00452fa2 f   shell32:SHELL32.dll
 0001:00051fa8       _GetOpenFileNameA@4        00452fa8 f   comdlg32:COMDLG32.dll
 0001:00051fae       _GetSaveFileNameA@4        00452fae f   comdlg32:COMDLG32.dll
 0001:00051fb4       __localtime64              00452fb4 f   MSVCRT:MSVCR100.dll
 0001:00051fba       __time64                   00452fba f   MSVCRT:MSVCR100.dll
 0001:00051fc0       _strftime                  00452fc0 f   MSVCRT:MSVCR100.dll
 0001:00051fc6       _fclose                    00452fc6 f   MSVCRT:MSVCR100.dll
 0001:00051fcc       _fwrite                    00452fcc f   MSVCRT:MSVCR100.dll
 0001:00051fd2       _fopen                     00452fd2 f   MSVCRT:MSVCR100.dll
 0001:00051fd8       _vsprintf                  00452fd8 f   MSVCRT:MSVCR100.dll
 0001:00051fde       @__security_check_cookie@4 00452fde f   MSVCRT:secchk.obj
 0001:00051ff0       __chkstk                   00452ff0 f   MSVCRT:chkstk.obj
 0001:00051ff0       __alloca_probe             00452ff0     MSVCRT:chkstk.obj
 0001:0005201c       _memset                    0045301c f   MSVCRT:MSVCR100.dll
 0001:00052022       _NtCurrentTeb              00453022 f i MSVCRT:crtexew.obj
 0001:0005234e       _WinMainCRTStartup         0045334e f   MSVCRT:crtexew.obj
 0001:00052358       __wassert                  00453358 f   MSVCRT:MSVCR100.dll
 0001:0005235e       _fputc                     0045335e f   MSVCRT:MSVCR100.dll
 0001:00052364       _sprintf                   00453364 f   MSVCRT:MSVCR100.dll
 0001:0005236a       _fputs                     0045336a f   MSVCRT:MSVCR100.dll
 0001:00052370       ___iob_func                00453370 f   MSVCRT:MSVCR100.dll
 0001:00052376       _atoi                      00453376 f   MSVCRT:MSVCR100.dll
 0001:0005237c       __snprintf                 0045337c f   MSVCRT:MSVCR100.dll
 0001:00052382       _strncpy                   00453382 f   MSVCRT:MSVCR100.dll
 0001:00052388       _fprintf                   00453388 f   MSVCRT:MSVCR100.dll
 0001:0005238e       _printf                    0045338e f   MSVCRT:MSVCR100.dll
 0001:00052394       _fflush                    00453394 f   MSVCRT:MSVCR100.dll
 0001:0005239a       __chsize                   0045339a f   MSVCRT:MSVCR100.dll
 0001:000523a0       _fread                     004533a0 f   MSVCRT:MSVCR100.dll
 0001:000523a6       _ftell                     004533a6 f   MSVCRT:MSVCR100.dll
 0001:000523ac       _fseek                     004533ac f   MSVCRT:MSVCR100.dll
[...]
 0001:0001d610       _xmlFatalErr               0041e610 f    CIL library: CIL module
 0001:0001d9d0       _xmlFatalErrMsg            0041e9d0 f    CIL library: CIL module
 0001:0001da40       _xmlWarningMsg             0041ea40 f    CIL library: CIL module
 0001:0001dad0       _xmlValidityError          0041ead0 f    CIL library: CIL module
 0001:0001db70       _xmlFatalErrMsgInt         0041eb70 f    CIL library: CIL module
 0001:0001dbd0       _xmlFatalErrMsgStrIntStr   0041ebd0 f    CIL library: CIL module
 0001:0001dc40       _xmlFatalErrMsgStr         0041ec40 f    CIL library: CIL module
 0001:0001dca0       _xmlErrMsgStr              0041eca0 f    CIL library: CIL module
 0001:0001dce0       _xmlNsErr                  0041ece0 f    CIL library: CIL module
 0001:0001dd40       _xmlNsWarn                 0041ed40 f    CIL library: CIL module
 0001:0001de20       _xmlDetectSAX2             0041ee20 f    CIL library: CIL module
 0001:0001def0       _xmlAttrNormalizeSpace     0041eef0 f    CIL library: CIL module
 0001:0001df40       _xmlAttrNormalizeSpace2    0041ef40 f    CIL library: CIL module
 0001:0001e000       _xmlAddDefAttrs            0041f000 f    CIL library: CIL module
 0001:0001e290       _xmlAddSpecialAttr         0041f290 f    CIL library: CIL module
 0001:0001e3d0       _xmlCleanSpecialAttrCallback 0041f3d0 f    CIL library: CIL module
 0001:0001e400       _xmlCleanSpecialAttr       0041f400 f    CIL library: CIL module
 0001:0001e520       _nsPush                    0041f520 f    CIL library: CIL module
 0001:0001e6f0       _nsPop                     0041f6f0 f    CIL library: CIL module
 0001:0001e750       _xmlCtxtGrowAttrs          0041f750 f    CIL library: CIL module
 0001:0001ea30       _nameNsPush                0041fa30 f    CIL library: CIL module
 0001:0001eb70       _nameNsPop                 0041fb70 f    CIL library: CIL module
 0001:0001ecc0       _spacePush                 0041fcc0 f    CIL library: CIL module
 0001:0001eda0       _spacePop                  0041fda0 f    CIL library: CIL module
 0001:0001edf0       _xmlSHRINK                 0041fdf0 f    CIL library: CIL module
 0001:0001ee30       _xmlGROW                   0041fe30 f    CIL library: CIL module
 0001:0001f570       _xmlParseStringCharRef     00420570 f    CIL library: CIL module
 0001:0001f790       _deallocblankswrapper      00420790 f    CIL library: CIL module
 0001:0001f7a0       _xmlNewBlanksWrapperInputStream 004207a0 f    CIL library: CIL module
 0001:00020260       _areBlanks                 00421260 f    CIL library: CIL module
 0001:00020700       _xmlIsNameStartChar        00421700 f    CIL library: CIL module
 0001:000208e0       _xmlIsNameChar             004218e0 f    CIL library: CIL module
 0001:00020b90       _xmlParseNameComplex       00421b90 f    CIL library: CIL module
 0001:00021370       _xmlParseNCNameComplex     00422370 f    CIL library: CIL module
 0001:00021500       _xmlParseNCName            00422500 f    CIL library: CIL module
 0001:000215b0       _xmlParseNameAndCompare    004225b0 f    CIL library: CIL module
 0001:00021670       _xmlParseStringName        00422670 f    CIL library: CIL module
 0001:000221c0       _xmlParseAttValueComplex   004231c0 f    CIL library: CIL module
 0001:00023620       _xmlParseCharDataComplex   00424620 f    CIL library: CIL module
 0001:00023e40       _xmlParseCommentComplex    00424e40 f    CIL library: CIL module
 0001:000270d0       _xmlParseElementChildrenContentDeclPriv 004280d0 f    CIL library: CIL module
 0001:00027e60       _xmlParseConditionalSections 00428e60 f    CIL library: CIL module
 0001:000297f0       _xmlParseStringEntityRef   0042a7f0 f    CIL library: CIL module
 0001:00029c50       _xmlLoadEntityContent      0042ac50 f    CIL library: CIL module
 0001:00029ef0       _xmlParseStringPEReference 0042aef0 f    CIL library: CIL module
 0001:0002a220       _xmlParseInternalSubset    0042b220 f    CIL library: CIL module
 0001:0002a360       _xmlGetNamespace           0042b360 f    CIL library: CIL module
 0001:0002a3b0       _xmlParseQName             0042b3b0 f    CIL library: CIL module
 0001:0002a5b0       _xmlParseQNameAndCompare   0042b5b0 f    CIL library: CIL module
 0001:0002a680       _xmlParseAttValueInternal  0042b680 f    CIL library: CIL module
 0001:0002ab20       _xmlParseAttribute2        0042bb20 f    CIL library: CIL module
 0001:0002ad80       _xmlParseStartTag2         0042bd80 f    CIL library: CIL module
 0001:0002bb30       _xmlParseEndTag2           0042cb30 f    CIL library: CIL module
 0001:0002e0f0       _xmlParseLookupSequence    0042f0f0 f    CIL library: CIL module
 0001:0002e1a0       _xmlParseGetLasts          0042f1a0 f    CIL library: CIL module
 0001:0002e290       _xmlCheckCdataPush         0042f290 f    CIL library: CIL module
 0001:0002e520       _xmlParseTryOrFinish       0042f520 f    CIL library: CIL module
 0001:00030640       _xmlParseExternalEntityPrivate 00431640 f    CIL library: CIL module
 0001:00030ad0       _xmlParseBalancedChunkMemoryInternal 00431ad0 f    CIL library: CIL module
 0001:00031340       _xmlCreateEntityParserCtxtInternal 00432340 f    CIL library: CIL module
 0001:00031b90       _xmlCtxtUseOptionsInternal 00432b90 f    CIL library: CIL module
 0001:00031df0       _xmlDoRead                 00432df0 f    CIL library: CIL module
 0001:00032380       ___xmlIOWin32UTF8ToWChar   00433380 f    CIL library: CIL module
 0001:000323f0       _xmlIOErrMemory            004333f0 f    CIL library: CIL module
 0001:00032800       _xmlIOErr                  00433800 f    CIL library: CIL module
 0001:00032970       _xmlWrapOpenUtf8           00433970 f    CIL library: CIL module
 0001:000329e0       _xmlWrapStatUtf8           004339e0 f    CIL library: CIL module
 0001:00032a30       _xmlWrapOpenNative         00433a30 f    CIL library: CIL module
 0001:00032a60       _xmlWrapStatNative         00433a60 f    CIL library: CIL module
 0001:00032a70       _xmlInitPlatformSpecificIo 00433a70 f    CIL library: CIL module
 0001:00032b60       _xmlNop                    00433b60 f    CIL library: CIL module
 0001:00032b70       _xmlFdRead                 00433b70 f    CIL library: CIL module
 0001:00032bb0       _xmlFdWrite                00433bb0 f    CIL library: CIL module
 0001:00032bf0       _xmlFdClose                00433bf0 f    CIL library: CIL module
 0001:00032c30       _xmlFileOpen_real          00433c30 f    CIL library: CIL module
 0001:00032d80       _xmlFileOpenW              00433d80 f    CIL library: CIL module
 0001:00032e70       _xmlFileWrite              00433e70 f    CIL library: CIL module
 0001:00032f50       _xmlFileFlush              00433f50 f    CIL library: CIL module
 0001:00032f90       _xmlBufferWrite            00433f90 f    CIL library: CIL module
 0001:00033ba0       _endOfInput                00434ba0 f    CIL library: CIL module
 0001:00033fa0       _xmlEscapeContent          00434fa0 f    CIL library: CIL module
 0001:000345e0       _xmlNoNetExists            004355e0 f    CIL library: CIL module
 0001:00034680       _xmlDefaultExternalEntityLoader 00435680 f    CIL library: CIL module
 0001:00034810       _xmlParse3986Scheme        00435810 f    CIL library: CIL module
 0001:00034890       _xmlParse3986Fragment      00435890 f    CIL library: CIL module
 0001:000349f0       _xmlParse3986Query         004359f0 f    CIL library: CIL module
 0001:00034b70       _xmlParse3986Port          00435b70 f    CIL library: CIL module
 0001:00034bc0       _xmlParse3986Userinfo      00435bc0 f    CIL library: CIL module
 0001:00034ce0       _xmlParse3986DecOctet      00435ce0 f    CIL library: CIL module
 0001:00034d70       _xmlParse3986Host          00435d70 f    CIL library: CIL module
 0001:00034f50       _xmlParse3986Authority     00435f50 f    CIL library: CIL module
 0001:00034fd0       _xmlParse3986Segment       00435fd0 f    CIL library: CIL module
 0001:00035170       _xmlParse3986PathAbEmpty   00436170 f    CIL library: CIL module
 0001:00035210       _xmlParse3986PathAbsolute  00436210 f    CIL library: CIL module
 0001:000352e0       _xmlParse3986PathRootless  004362e0 f    CIL library: CIL module
 0001:000353b0       _xmlParse3986PathNoScheme  004363b0 f    CIL library: CIL module
 0001:00035480       _xmlParse3986HierPart      00436480 f    CIL library: CIL module
 0001:000355f0       _xmlParse3986RelativeRef   004365f0 f    CIL library: CIL module
 0001:00035790       _xmlParse3986URI           00436790 f    CIL library: CIL module
 0001:00035820       _xmlParse3986URIReference  00436820 f    CIL library: CIL module
 0001:000365d0       _xmlCleanURI               004375d0 f    CIL library: CIL module
 0001:000368c0       _is_hex                    004378c0 f    CIL library: CIL module
 0001:00037a10       _xmlInitializeDict         00438a10 f    CIL library: CIL module
 0001:00037a70       _xmlDictAddString          00438a70 f    CIL library: CIL module
 0001:00037b20       _xmlDictAddQString         00438b20 f    CIL library: CIL module
 0001:00037c20       _xmlDictComputeBigKey      00438c20 f    CIL library: CIL module
 0001:00037c60       _xmlDictComputeBigQKey     00438c60 f    CIL library: CIL module
 0001:00037cd0       _xmlDictComputeFastKey     00438cd0 f    CIL library: CIL module
 0001:00037d60       _xmlDictComputeFastQKey    00438d60 f    CIL library: CIL module
 0001:00037fc0       _xmlDictGrow               00438fc0 f    CIL library: CIL module
 0001:00038b70       _xmlVErrMemory             00439b70 f    CIL library: CIL module
 0001:00038c00       _xmlErrValid               00439c00 f    CIL library: CIL module
 0001:00039190       _xmlDumpElementContent     0043a190 f    CIL library: CIL module
 0001:00039720       _xmlFreeElement            0043a720 f    CIL library: CIL module
 0001:00039ca0       _xmlDumpElementDeclScan    0043aca0 f    CIL library: CIL module
 0001:00039dc0       _xmlDumpEnumeration        0043adc0 f    CIL library: CIL module
 0001:00039e20       _xmlFreeAttribute          0043ae20 f    CIL library: CIL module
 0001:0003a4f0       _xmlDumpAttributeDeclScan  0043b4f0 f    CIL library: CIL module
 0001:0003a550       _xmlFreeNotation           0043b550 f    CIL library: CIL module
 0001:0003a790       _xmlDumpNotationDeclScan   0043b790 f    CIL library: CIL module
 0001:0003a7f0       _xmlFreeID                 0043b7f0 f    CIL library: CIL module
 0001:0003acb0       _xmlFreeRef                0043bcb0 f    CIL library: CIL module
 0001:0003ad00       _xmlFreeRefList            0043bd00 f    CIL library: CIL module
 0001:0003ad30       _xmlWalkRemoveRef          0043bd30 f    CIL library: CIL module
 0001:0003ad60       _xmlDummyCompare           0043bd60 f    CIL library: CIL module
 0001:0003b160       _xmlGetDtdElementDesc2     0043c160 f    CIL library: CIL module
 0001:0003b410       _xmlHashComputeKey         0043c410 f    CIL library: CIL module
 0001:0003b4b0       _xmlHashComputeQKey        0043c4b0 f    CIL library: CIL module
 0001:0003b6e0       _xmlHashGrow               0043c6e0 f    CIL library: CIL module
 0001:0003c1e0       _stubHashScannerFull       0043d1e0 f    CIL library: CIL module
 0001:0003c790       _xmlParserPrintFileContextInternal 0043d790 f    CIL library: CIL module
 0001:0003c8b0       _xmlReportError            0043d8b0 f    CIL library: CIL module
 0001:0003daf0       _xmlErrInternal            0043eaf0 f    CIL library: CIL module
 0001:0003db60       _xmlErrEncodingInt         0043eb60 f    CIL library: CIL module
 0001:0003ea20       _xmlSwitchInputEncodingInt 0043fa20 f    CIL library: CIL module
 0001:0003ec80       _xmlSwitchToEncodingInt    0043fc80 f    CIL library: CIL module
 0001:0003fbc0       _xmlSaveErrMemory          00440bc0 f    CIL library: CIL module
 0001:0003fc20       _xmlSaveErr                00440c20 f    CIL library: CIL module
 0001:0003fc80       _xmlSerializeHexCharRef    00440c80 f    CIL library: CIL module
 0001:0003fd80       _xmlEscapeEntities         00440d80 f    CIL library: CIL module
 0001:00040040       _xmlSaveCtxtInit           00441040 f    CIL library: CIL module
 0001:000400e0       _xmlFreeSaveCtxt           004410e0 f    CIL library: CIL module
 0001:00040110       _xmlNewSaveCtxt            00441110 f    CIL library: CIL module
 0001:00040200       _xmlAttrSerializeContent   00441200 f    CIL library: CIL module
 0001:00040320       _xmlSaveSwitchEncoding     00441320 f    CIL library: CIL module
 0001:000403a0       _xmlSaveClearEncoding      004413a0 f    CIL library: CIL module
 0001:00040400       _xmlNsDumpOutput           00441400 f    CIL library: CIL module
 0001:00040520       _xmlDtdDumpOutput          00441520 f    CIL library: CIL module
 0001:00040680       _xmlAttrDumpOutput         00441680 f    CIL library: CIL module
 0001:000406f0       _xmlAttrListDumpOutput     004416f0 f    CIL library: CIL module
 0001:000407c0       _xmlNodeListDumpOutput     004417c0 f    CIL library: CIL module
 0001:00040840       _xmlNodeDumpOutputInternal 00441840 f    CIL library: CIL module
 0001:00040cc0       _xmlDocContentDumpOutput   00441cc0 f    CIL library: CIL module
 0001:00042070       _xmlEncodingErrMemory      00443070 f    CIL library: CIL module
 0001:000420d0       _xmlEncodingErr            004430d0 f    CIL library: CIL module
 0001:00042100       _asciiToUTF8               00443100 f    CIL library: CIL module
 0001:00042190       _UTF8Toascii               00443190 f    CIL library: CIL module
 0001:000423d0       _UTF8ToUTF8                004433d0 f    CIL library: CIL module
 0001:000425b0       _UTF16LEToUTF8             004435b0 f    CIL library: CIL module
 0001:00042750       _UTF8ToUTF16LE             00443750 f    CIL library: CIL module
 0001:00042980       _UTF8ToUTF16               00443980 f    CIL library: CIL module
 0001:000429e0       _UTF16BEToUTF8             004439e0 f    CIL library: CIL module
 0001:00042b90       _UTF8ToUTF16BE             00443b90 f    CIL library: CIL module
 0001:000447e0       _xmlSAX2ErrMemory          004457e0 f    CIL library: CIL module
 0001:00044820       _xmlErrValid               00445820 f    CIL library: CIL module
 0001:000448c0       _xmlFatalErrMsg            004458c0 f    CIL library: CIL module
 0001:00044930       _xmlWarnMsg                00445930 f    CIL library: CIL module
 0001:00044980       _xmlNsErrMsg               00445980 f    CIL library: CIL module
 0001:000449d0       _xmlNsWarnMsg              004459d0 f    CIL library: CIL module
 0001:00045560       _xmlSAX2AttributeInternal  00446560 f    CIL library: CIL module
 0001:00045e20       _xmlCheckDefaultedAttributes 00446e20 f    CIL library: CIL module
 0001:00046630       _xmlSAX2TextNode           00447630 f    CIL library: CIL module
 0001:000467e0       _xmlSAX2AttributeNs        004477e0 f    CIL library: CIL module
 0001:00047460       _xmlEntitiesErrMemory      00448460 f    CIL library: CIL module
 0001:000474c0       _xmlEntitiesErr            004484c0 f    CIL library: CIL module
 0001:00047520       _xmlFreeEntity             00448520 f    CIL library: CIL module
 0001:00047680       _xmlCreateEntity           00448680 f    CIL library: CIL module
 0001:000477f0       _xmlAddEntity              004487f0 f    CIL library: CIL module
 0001:00047b90       _xmlGetEntityFromTable     00448b90 f    CIL library: CIL module
 0001:000481f0       _xmlFreeEntityWrapper      004491f0 f    CIL library: CIL module
 0001:00048230       _xmlDumpEntityContent      00449230 f    CIL library: CIL module
 0001:00048640       _xmlDumpEntityDeclScan     00449640 f    CIL library: CIL module
 0001:000488f0       _xmlLinkDeallocator        004498f0 f    CIL library: CIL module
 0001:00048920       _xmlLinkCompare            00449920 f    CIL library: CIL module
 0001:00048940       _xmlListLowerSearch        00449940 f    CIL library: CIL module
 0001:00048970       _xmlListHigherSearch       00449970 f    CIL library: CIL module
 0001:000489a0       _xmlListLinkSearch         004499a0 f    CIL library: CIL module
 0001:000489f0       _xmlListLinkReverseSearch  004499f0 f    CIL library: CIL module
 0001:000498c0       _debugmem_tag_error        0044a8c0 f    CIL library: CIL module
 0001:0004a2e0       _crc32_little              0044b2e0 f    CIL library: CIL module
 0001:0004a5a0       _crc32_big                 0044b5a0 f    CIL library: CIL module
 0001:0004a8b0       _gf2_matrix_times          0044b8b0 f    CIL library: CIL module
 0001:0004a8d0       _gf2_matrix_square         0044b8d0 f    CIL library: CIL module
 0001:0004a910       _crc32_combine_            0044b910 f    CIL library: CIL module
 0001:0004b0e0       _putShortMSB               0044c0e0 f    CIL library: CIL module
 0001:0004b110       _flush_pending             0044c110 f    CIL library: CIL module
 0001:0004bbb0       _read_buf                  0044cbb0 f    CIL library: CIL module
 0001:0004bc20       _lm_init                   0044cc20 f    CIL library: CIL module
 0001:0004bcb0       _longest_match             0044ccb0 f    CIL library: CIL module
 0001:0004be10       _fill_window               0044ce10 f    CIL library: CIL module
 0001:0004bfd0       _deflate_stored            0044cfd0 f    CIL library: CIL module
 0001:0004c1b0       _deflate_fast              0044d1b0 f    CIL library: CIL module
 0001:0004c4f0       _deflate_slow              0044d4f0 f    CIL library: CIL module
 0001:0004c950       _deflate_rle               0044d950 f    CIL library: CIL module
 0001:0004cc10       _deflate_huff              0044dc10 f    CIL library: CIL module
 0001:0004cfa0       _fixedtables               0044dfa0 f    CIL library: CIL module
 0001:0004cfc0       _updatewindow              0044dfc0 f    CIL library: CIL module
 0001:0004e730       _syncsearch                0044f730 f    CIL library: CIL module
 0001:0004ea70       _tr_static_init            0044fa70 f    CIL library: CIL module
 0001:0004eae0       _init_block                0044fae0 f    CIL library: CIL module
 0001:0004eb60       _pqdownheap                0044fb60 f    CIL library: CIL module
 0001:0004ec40       _gen_bitlen                0044fc40 f    CIL library: CIL module
 0001:0004ee40       _gen_codes                 0044fe40 f    CIL library: CIL module
 0001:0004eed0       _build_tree                0044fed0 f    CIL library: CIL module
 0001:0004f0d0       _scan_tree                 004500d0 f    CIL library: CIL module
 0001:0004f1b0       _send_tree                 004501b0 f    CIL library: CIL module
 0001:0004f730       _build_bl_tree             00450730 f    CIL library: CIL module
 0001:0004f800       _send_all_trees            00450800 f    CIL library: CIL module
 0001:0004ffd0       _compress_block            00450fd0 f    CIL library: CIL module
 0001:000503e0       _detect_data_type          004513e0 f    CIL library: CIL module
 0001:00050450       _bi_reverse                00451450 f    CIL library: CIL module
 0001:00050470       _bi_flush                  00451470 f    CIL library: CIL module
 0001:000504f0       _bi_windup                 004514f0 f    CIL library: CIL module
 0001:00050550       _copy_block                00451550 f    CIL library: CIL module
 0001:00050890       _adler32_combine_          00451890 f    CIL library: CIL module
 0001:00051250       _localtime                 00452250 f   main.obj
 0001:00051260       _time                      00452260 f   main.obj
 0001:00051810       _dumpElement               00452810 f   main.obj
 0001:00052029       _pre_cpp_init              00453029 f   MSVCRT:crtexew.obj
 0001:00052074       ___tmainCRTStartup         00453074 f   MSVCRT:crtexew.obj
 0001:0005224d       _check_managed_app         0045324d f   MSVCRT:crtexew.obj
 0001:00052294       _pre_c_init                00453294 f   MSVCRT:crtexew.obj
