 xlsx_parse

 Timestamp is 5a338ec7 (Fri Dec 15 16:58:47 2017)

 Preferred load address is 00400000

 Start         Length     Name                   Class
 0001:00000000 00016840H .text                   CODE
 0002:00000000 000001b0H .idata$5                DATA
 0002:000001b0 00000004H .CRT$XCA                DATA
 0002:000001b4 00000004H .CRT$XCZ                DATA
 0002:000001b8 00000004H .CRT$XIA                DATA
 0002:000001bc 00000010H .CRT$XIC                DATA
 0002:000001cc 00000004H .CRT$XIY                DATA
 0002:000001d0 00000004H .CRT$XIZ                DATA
 0002:000001d4 00000004H .CRT$XPA                DATA
 0002:000001d8 00000004H .CRT$XPX                DATA
 0002:000001dc 00000004H .CRT$XPXA               DATA
 0002:000001e0 00000004H .CRT$XPZ                DATA
 0002:000001e4 00000004H .CRT$XTA                DATA
 0002:000001e8 00000004H .CRT$XTZ                DATA
 0002:000001f0 00002200H .rdata                  DATA
 0002:000023f0 00000051H .rdata$debug            DATA
 0002:00002450 0000000cH .rdata$sxdata           DATA
 0002:0000245c 00000004H .rtc$IAA                DATA
 0002:00002460 00000004H .rtc$IZZ                DATA
 0002:00002464 00000004H .rtc$TAA                DATA
 0002:00002468 00000004H .rtc$TZZ                DATA
 0002:00002470 00000644H .xdata$x                DATA
 0002:00002ab4 00000064H .idata$2                DATA
 0002:00002b18 00000014H .idata$3                DATA
 0002:00002b2c 000001b0H .idata$4                DATA
 0002:00002cdc 0000078aH .idata$6                DATA
 0002:00003466 00000000H .edata                  DATA
 0003:00000000 00001120H .data                   DATA
 0003:00001120 000022acH .bss                    DATA
 0004:00000000 00000118H .rsrc$01                DATA
 0004:00000120 00003418H .rsrc$02                DATA

  Address         Publics by Value              Rva+Base       Lib:Object

 0000:00000000       __except_list              00000000     <absolute>
 0000:00000003       ___safe_se_handler_count   00000003     <absolute>
 0000:00000000       ___ImageBase               00400000     <linker-defined>
 0001:00000020       _get_current_yyyymmdd      00401020 f   main.obj
 0001:00000070       _get_current_time          00401070 f   main.obj
 0001:000000c0       _cul_log_debug_string      004010c0 f   main.obj
 0001:00000300       _cul_open_file_dlg         00401300 f   main.obj
 0001:000003e0       _cul_save_file_dlg         004013e0 f   main.obj
 0001:00000470       _Main_OnInitDialog         00401470 f   main.obj
 0001:000004c0       _Main_OnDropFiles          004014c0 f   main.obj
 0001:000005b0       _Main_OnClose              004015b0 f   main.obj
 0001:000005c0       _xlsx_init                 004015c0 f   main.obj
 0001:00000680       _deal_xlsx                 00401680 f   main.obj
 0001:000006c0       _Main_OnCommand            004016c0 f   main.obj
 0001:00000800       _Main_Proc@16              00401800 f   main.obj
 0001:00000890       _WinMain@16                00401890 f   dlgxp_templet.obj
 0001:000008b0       _UTF8toUCS2Code            004018b0 f   encoder.obj
 0001:00000960       _UCS2toUTF8Code            00401960 f   encoder.obj
 0001:000009ca       _SetWindowTextA@8          004019ca f   user32:USER32.dll
 0001:000009d0       _GetDlgItem@8              004019d0 f   user32:USER32.dll
 0001:000009d6       _SendMessageA@16           004019d6 f   user32:USER32.dll
 0001:000009dc       _LoadIconA@8               004019dc f   user32:USER32.dll
 0001:000009e2       _GetWindowLongA@8          004019e2 f   user32:USER32.dll
 0001:000009e8       _InvalidateRect@12         004019e8 f   user32:USER32.dll
 0001:000009ee       _MessageBoxA@16            004019ee f   user32:USER32.dll
 0001:000009f4       _EndDialog@8               004019f4 f   user32:USER32.dll
 0001:000009fa       _GetWindowTextA@12         004019fa f   user32:USER32.dll
 0001:00000a00       _DialogBoxParamA@20        00401a00 f   user32:USER32.dll
 0001:00000a06       _DragAcceptFiles@8         00401a06 f   shell32:SHELL32.dll
 0001:00000a0c       _DragFinish@4              00401a0c f   shell32:SHELL32.dll
 0001:00000a12       _DragQueryFileA@16         00401a12 f   shell32:SHELL32.dll
 0001:00000a18       _GetOpenFileNameA@4        00401a18 f   comdlg32:COMDLG32.dll
 0001:00000a1e       _GetSaveFileNameA@4        00401a1e f   comdlg32:COMDLG32.dll
 0001:00000a24       _xlBookReleaseA            00401a24 f   libxl:libxl.dll
 0001:00000a2a       _xlSheetReadStrA           00401a2a f   libxl:libxl.dll
 0001:00000a30       _xlBookGetSheetA           00401a30 f   libxl:libxl.dll
 0001:00000a36       _xlBookLoadA               00401a36 f   libxl:libxl.dll
 0001:00000a3c       _xlCreateXMLBookCA         00401a3c f   libxl:libxl.dll
 0001:00000a42       __invoke_watson_if_error   00401a42 f i LIBCMT:loctim64.obj
 0001:00000a63       __localtime64_s            00401a63 f   LIBCMT:loctim64.obj
 0001:00000ceb       __localtime64              00401ceb f   LIBCMT:loctim64.obj
 0001:00000d12       __time64                   00401d12 f   LIBCMT:time64.obj
 0001:00000d63       ??0_LocaleUpdate@@QAE@PAUlocaleinfo_struct@@@Z 00401d63 f i LIBCMT:strftime.obj
 0001:00000dea       ??1_LocaleUpdate@@QAE@XZ   00401dea f i LIBCMT:strftime.obj
 0001:00000df8       ?GetLocaleT@_LocaleUpdate@@QAEPAUlocaleinfo_struct@@XZ 00401df8 f i LIBCMT:strftime.obj
 0001:00000dfb       __MarkAllocaS              00401dfb f i LIBCMT:strftime.obj
 0001:00000e11       __freea                    00401e11 f i LIBCMT:strftime.obj
 0001:00000e31       __Getdays_l                00401e31 f   LIBCMT:strftime.obj
 0001:00000f19       __Getdays                  00401f19 f   LIBCMT:strftime.obj
 0001:00000f22       __Getmonths_l              00401f22 f   LIBCMT:strftime.obj
 0001:00001012       __Getmonths                00402012 f   LIBCMT:strftime.obj
 0001:0000101b       __Gettnames_l              0040201b f   LIBCMT:strftime.obj
 0001:00001305       __Gettnames                00402305 f   LIBCMT:strftime.obj
 0001:00001bf1       __Strftime_l               00402bf1 f   LIBCMT:strftime.obj
 0001:00001d7d       __strftime_l               00402d7d f   LIBCMT:strftime.obj
 0001:00001d9d       _strftime                  00402d9d f   LIBCMT:strftime.obj
 0001:00001dbc       __Strftime                 00402dbc f   LIBCMT:strftime.obj
 0001:00001ddc       __fclose_nolock            00402ddc f   LIBCMT:fclose.obj
 0001:00001e49       _fclose                    00402e49 f   LIBCMT:fclose.obj
 0001:00001ebd       __fwrite_nolock            00402ebd f   LIBCMT:fwrite.obj
 0001:00002014       _fwrite                    00403014 f   LIBCMT:fwrite.obj
 0001:0000208e       __fsopen                   0040308e f   LIBCMT:fopen.obj
 0001:0000214a       _fopen                     0040314a f   LIBCMT:fopen.obj
 0001:00002161       _fopen_s                   00403161 f   LIBCMT:fopen.obj
 0001:000021a8       __vsprintf_l               004031a8 f   LIBCMT:vsprintf.obj
 0001:0000222c       _vsprintf                  0040322c f   LIBCMT:vsprintf.obj
 0001:00002246       __vscprintf_helper         00403246 f   LIBCMT:vsprintf.obj
 0001:000022a2       __vscprintf                004032a2 f   LIBCMT:vsprintf.obj
 0001:000022be       __vscprintf_l              004032be f   LIBCMT:vsprintf.obj
 0001:000022db       __vscprintf_p              004032db f   LIBCMT:vsprintf.obj
 0001:000022f7       __vscprintf_p_l            004032f7 f   LIBCMT:vsprintf.obj
 0001:00002314       @__security_check_cookie@4 00403314 f   LIBCMT:secchk.obj
 0001:00002330       __alloca_probe             00403330     LIBCMT:chkstk.obj
 0001:00002330       __chkstk                   00403330 f   LIBCMT:chkstk.obj
 0001:00002360       _memset                    00403360 f   LIBCMT:memset.obj
 0001:000025b7       _WinMainCRTStartup         004035b7 f   LIBCMT:wincrt0.obj
 0001:000025c1       __initp_misc_invarg        004035c1 f   LIBCMT:invarg.obj
 0001:000025d0       __call_reportfault         004035d0 f   LIBCMT:invarg.obj
 0001:000026f9       __set_invalid_parameter_handler 004036f9 f   LIBCMT:invarg.obj
 0001:00002720       __get_invalid_parameter_handler 00403720 f   LIBCMT:invarg.obj
 0001:0000272d       __invoke_watson            0040372d f   LIBCMT:invarg.obj
 0001:00002752       ?_invoke_watson@@YAXPBG00II@Z 00403752 f   LIBCMT:invarg.obj
 0001:0000276c       __invalid_parameter        0040376c f   LIBCMT:invarg.obj
 0001:00002799       __invalid_parameter_noinfo 00403799 f   LIBCMT:invarg.obj
 0001:000027a9       __invalid_parameter_noinfo_noreturn 004037a9 f   LIBCMT:invarg.obj
 0001:000027d7       ?_invalid_parameter@@YAXPBG00II@Z 004037d7 f   LIBCMT:invarg.obj
 0001:000027e2       __set_daylight             004037e2 f i LIBCMT:tzset.obj
 0001:000027f3       __set_dstbias              004037f3 f i LIBCMT:tzset.obj
 0001:00002804       __set_timezone             00403804 f i LIBCMT:tzset.obj
 0001:00002ef6       ___tzset                   00403ef6 f   LIBCMT:tzset.obj
 0001:00002f45       __tzset                    00403f45 f   LIBCMT:tzset.obj
 0001:00002f7d       __isindst                  00403f7d f   LIBCMT:tzset.obj
 0001:00002fbe       __gmtime64_s               00403fbe f   LIBCMT:gmtime64.obj
 0001:000031f7       __gmtime64                 004041f7 f   LIBCMT:gmtime64.obj
 0001:0000321e       __get_daylight             0040421e f   LIBCMT:timeset.obj
 0001:0000324b       __get_dstbias              0040424b f   LIBCMT:timeset.obj
 0001:00003278       __get_timezone             00404278 f   LIBCMT:timeset.obj
 0001:000032a5       __get_tzname               004042a5 f   LIBCMT:timeset.obj
 0001:00003337       ___daylight                00404337 f   LIBCMT:timeset.obj
 0001:0000333d       ___dstbias                 0040433d f   LIBCMT:timeset.obj
 0001:00003343       ___timezone                00404343 f   LIBCMT:timeset.obj
 0001:00003349       ___tzname                  00404349 f   LIBCMT:timeset.obj
 0001:0000334f       __get_errno_from_oserr     0040434f f   LIBCMT:dosmap.obj
 0001:00003391       __errno                    00404391 f   LIBCMT:dosmap.obj
 0001:000033a4       ___doserrno                004043a4 f   LIBCMT:dosmap.obj
 0001:000033b7       __dosmaperr                004043b7 f   LIBCMT:dosmap.obj
 0001:000033da       __set_errno                004043da f   LIBCMT:dosmap.obj
 0001:000033fb       __get_errno                004043fb f   LIBCMT:dosmap.obj
 0001:00003420       __set_doserrno             00404420 f   LIBCMT:dosmap.obj
 0001:00003441       __get_doserrno             00404441 f   LIBCMT:dosmap.obj
 0001:00003470       __alldiv                   00404470 f   LIBCMT:lldiv.obj
 0001:00003520       __allrem                   00404520 f   LIBCMT:llrem.obj
 0001:000035d2       __gmtime32_s               004045d2 f   LIBCMT:gmtime.obj
 0001:00003712       ___getgmtimebuf            00404712 f   LIBCMT:gmtime.obj
 0001:00003749       __gmtime32                 00404749 f   LIBCMT:gmtime.obj
 0001:00003770       __aulldiv                  00404770 f   LIBCMT:ulldiv.obj
 0001:000039fb       ___updatetmbcinfo          004049fb f   LIBCMT:mbctype.obj
 0001:00003b1b       __setmbcp_nolock           00404b1b f   LIBCMT:mbctype.obj
 0001:00003d04       __getmbcp                  00404d04 f   LIBCMT:mbctype.obj
 0001:00003d42       __setmbcp                  00404d42 f   LIBCMT:mbctype.obj
 0001:00003edc       ___initmbctable            00404edc f   LIBCMT:mbctype.obj
 0001:00003efa       ___addlocaleref            00404efa f   LIBCMT:localref.obj
 0001:00003f89       ___removelocaleref         00404f89 f   LIBCMT:localref.obj
 0001:00004022       ___freetlocinfo            00405022 f   LIBCMT:localref.obj
 0001:0000416d       __updatetlocinfoEx_nolock  0040516d f   LIBCMT:localref.obj
 0001:000041ba       ___updatetlocinfo          004051ba f   LIBCMT:localref.obj
 0001:00004233       __encoded_null             00405233 f   LIBCMT:tidtable.obj
 0001:0000423c       ___crtTlsAlloc@4           0040523c f   LIBCMT:tidtable.obj
 0001:00004245       ___fls_getvalue@4          00405245 f   LIBCMT:tidtable.obj
 0001:0000425f       ___get_flsindex            0040525f f   LIBCMT:tidtable.obj
 0001:00004265       ___set_flsgetvalue         00405265 f   LIBCMT:tidtable.obj
 0001:00004299       ___fls_setvalue@8          00405299 f   LIBCMT:tidtable.obj
 0001:000042b6       __mtterm                   004052b6 f   LIBCMT:tidtable.obj
 0001:000042f3       __initptd                  004052f3 f   LIBCMT:tidtable.obj
 0001:000043a7       __getptd_noexit            004053a7 f   LIBCMT:tidtable.obj
 0001:00004420       __getptd                   00405420 f   LIBCMT:tidtable.obj
 0001:0000443a       __freefls@4                0040543a f   LIBCMT:tidtable.obj
 0001:00004569       __freeptd                  00405569 f   LIBCMT:tidtable.obj
 0001:000045d7       ___threadid                004055d7 f   LIBCMT:tidtable.obj
 0001:000045dd       ___threadhandle            004055dd f   LIBCMT:tidtable.obj
 0001:000045e3       __mtinit                   004055e3 f   LIBCMT:tidtable.obj
 0001:0000475e       _free                      0040575e f   LIBCMT:free.obj
 0001:00004798       _strcpy_s                  00405798 f   LIBCMT:strcpy_s.obj
 0001:000047f7       _wait_a_bit                004057f7 f i LIBCMT:crtheap.obj
 0001:0000481d       __set_malloc_crt_max_wait  0040581d f   LIBCMT:crtheap.obj
 0001:00004832       __malloc_crt               00405832 f   LIBCMT:crtheap.obj
 0001:00004877       __calloc_crt               00405877 f   LIBCMT:crtheap.obj
 0001:000048c3       __realloc_crt              004058c3 f   LIBCMT:crtheap.obj
 0001:00004911       __recalloc_crt             00405911 f   LIBCMT:crtheap.obj
 0001:00004970       _strlen                    00405970 f   LIBCMT:strlen.obj
 0001:00004a00       _memcpy                    00405a00 f   LIBCMT:memcpy.obj
 0001:00004d61       ___ascii_stricmp           00405d61 f   LIBCMT:stricmp.obj
 0001:00004d9a       __stricmp_l                00405d9a f   LIBCMT:stricmp.obj
 0001:00004e5a       __stricmp                  00405e5a f   LIBCMT:stricmp.obj
 0001:00004ea1       __isleadbyte_l             00405ea1 f i LIBCMT:_wctype.obj
 0001:00004ed9       _isleadbyte                00405ed9 f i LIBCMT:_wctype.obj
 0001:00004eec       __iswalpha_l               00405eec f i LIBCMT:_wctype.obj
 0001:00004f02       _iswalpha                  00405f02 f i LIBCMT:_wctype.obj
 0001:00004f18       __iswupper_l               00405f18 f i LIBCMT:_wctype.obj
 0001:00004f2b       _iswupper                  00405f2b f i LIBCMT:_wctype.obj
 0001:00004f3e       __iswlower_l               00405f3e f i LIBCMT:_wctype.obj
 0001:00004f51       _iswlower                  00405f51 f i LIBCMT:_wctype.obj
 0001:00004f64       __iswdigit_l               00405f64 f i LIBCMT:_wctype.obj
 0001:00004f77       _iswdigit                  00405f77 f i LIBCMT:_wctype.obj
 0001:00004f8a       __iswxdigit_l              00405f8a f i LIBCMT:_wctype.obj
 0001:00004fa0       _iswxdigit                 00405fa0 f i LIBCMT:_wctype.obj
 0001:00004fb6       __iswspace_l               00405fb6 f i LIBCMT:_wctype.obj
 0001:00004fc9       _iswspace                  00405fc9 f i LIBCMT:_wctype.obj
 0001:00004fdc       __iswpunct_l               00405fdc f i LIBCMT:_wctype.obj
 0001:00004fef       _iswpunct                  00405fef f i LIBCMT:_wctype.obj
 0001:00005002       __iswalnum_l               00406002 f i LIBCMT:_wctype.obj
 0001:00005018       _iswalnum                  00406018 f i LIBCMT:_wctype.obj
 0001:0000502e       __iswprint_l               0040602e f i LIBCMT:_wctype.obj
 0001:00005044       _iswprint                  00406044 f i LIBCMT:_wctype.obj
 0001:0000505a       __iswgraph_l               0040605a f i LIBCMT:_wctype.obj
 0001:00005070       _iswgraph                  00406070 f i LIBCMT:_wctype.obj
 0001:00005086       __iswcntrl_l               00406086 f i LIBCMT:_wctype.obj
 0001:00005099       _iswcntrl                  00406099 f i LIBCMT:_wctype.obj
 0001:000050ac       _iswascii                  004060ac f i LIBCMT:_wctype.obj
 0001:000050c0       __iswcsym_l                004060c0 f i LIBCMT:_wctype.obj
 0001:000050e6       ___iswcsym                 004060e6 f i LIBCMT:_wctype.obj
 0001:0000510c       __iswcsymf_l               0040610c f i LIBCMT:_wctype.obj
 0001:00005132       ___iswcsymf                00406132 f i LIBCMT:_wctype.obj
 0001:00005158       __heap_alloc               00406158 f i LIBCMT:malloc.obj
 0001:00005197       _malloc                    00406197 f   LIBCMT:malloc.obj
 0001:00005230       __alloca_probe_16          00406230 f   LIBCMT:alloca16.obj
 0001:00005246       __alloca_probe_8           00406246     LIBCMT:alloca16.obj
 0001:0000525c       __close_nolock             0040625c f   LIBCMT:close.obj
 0001:000052f8       __close                    004062f8 f   LIBCMT:close.obj
 0001:000053bc       __fileno                   004063bc f   LIBCMT:fileno.obj
 0001:000053e2       __freebuf                  004063e2 f   LIBCMT:_freebuf.obj
 0001:00005413       __flush                    00406413 f   LIBCMT:fflush.obj
 0001:0000547b       __fflush_nolock            0040647b f   LIBCMT:fflush.obj
 0001:0000559d       _fflush                    0040659d f   LIBCMT:fflush.obj
 0001:000055f0       __flushall                 004065f0 f   LIBCMT:fflush.obj
 0001:000055f9       ___iob_func                004065f9 f   LIBCMT:_file.obj
 0001:000055ff       ___initstdio               004065ff f   LIBCMT:_file.obj
 0001:000056b0       ___endstdio                004066b0 f   LIBCMT:_file.obj
 0001:000056d0       __lock_file                004066d0 f   LIBCMT:_file.obj
 0001:00005711       __lock_file2               00406711 f   LIBCMT:_file.obj
 0001:00005743       __unlock_file              00406743 f   LIBCMT:_file.obj
 0001:0000577f       __unlock_file2             0040677f f   LIBCMT:_file.obj
 0001:000057b0       __SEH_prolog4              004067b0 f   LIBCMT:sehprolg4.obj
 0001:000057f5       __SEH_epilog4              004067f5 f   LIBCMT:sehprolg4.obj
 0001:00005840       __except_handler4          00406840 f   LIBCMT:chandler4.obj
 0001:000059cf       __flsbuf                   004069cf f   LIBCMT:_flsbuf.obj
 0001:00005b33       __write_nolock             00406b33 f   LIBCMT:write.obj
 0001:00006230       __write                    00407230 f   LIBCMT:write.obj
 0001:00006304       __openfile                 00407304 f   LIBCMT:_open.obj
 0001:0000659b       __getstream                0040759b f   LIBCMT:stream.obj
 0001:000066d0       __local_unwind4            004076d0 f   LIBCMT:exsup4.obj
 0001:000067a6       __seh_longjmp_unwind4@4    004077a6 f   LIBCMT:exsup4.obj
 0001:000067c2       @_EH4_CallFilterFunc@8     004077c2 f   LIBCMT:exsup4.obj
 0001:000067d9       @_EH4_TransferToHandler@8  004077d9 f   LIBCMT:exsup4.obj
 0001:000067f2       @_EH4_GlobalUnwind2@8      004077f2 f   LIBCMT:exsup4.obj
 0001:0000680b       @_EH4_LocalUnwind@16       0040780b f   LIBCMT:exsup4.obj
 0001:000068dd       _get_int_arg               004078dd f i LIBCMT:output.obj
 0001:000068ef       _get_int64_arg             004078ef f i LIBCMT:output.obj
 0001:00006904       _get_short_arg             00407904 f i LIBCMT:output.obj
 0001:00006917       __output_l                 00407917 f   LIBCMT:output.obj
 0001:0000751f       __validate_param_reuseA    0040851f f   LIBCMT:outputp.obj
 0001:00007705       _get_crtdouble_arg         00408705 f i LIBCMT:outputp.obj
 0001:0000771a       __output_p_l               0040871a f   LIBCMT:outputp.obj
 0001:00008a3e       ___report_gsfailure        00409a3e f   LIBCMT:gs_report.obj
 0001:00008b44       __VEC_memzero              00409b44 f   LIBCMT:p4_memset.obj
 0001:00008bfe       ___sse2_available_init     00409bfe f   LIBCMT:cpu_disp.obj
 0001:00008c0e       ?__CxxUnhandledExceptionFilter@@YGJPAU_EXCEPTION_POINTERS@@@Z 00409c0e f   LIBCMT:unhandld.obj
 0001:00008c50       ___CxxSetUnhandledExceptionFilter 00409c50 f   LIBCMT:unhandld.obj
 0001:00008c5e       ___crtCorExitProcess       00409c5e f   LIBCMT:crt0dat.obj
 0001:00008c89       ___crtExitProcess          00409c89 f   LIBCMT:crt0dat.obj
 0001:00008ca1       __lockexit                 00409ca1 f   LIBCMT:crt0dat.obj
 0001:00008caa       __unlockexit               00409caa f   LIBCMT:crt0dat.obj
 0001:00008cb3       __init_pointers            00409cb3 f   LIBCMT:crt0dat.obj
 0001:00008d03       __initterm_e               00409d03 f   LIBCMT:crt0dat.obj
 0001:00008d27       __get_wpgmptr              00409d27 f   LIBCMT:crt0dat.obj
 0001:00008d57       __get_pgmptr               00409d57 f   LIBCMT:crt0dat.obj
 0001:00008d87       __cinit                    00409d87 f   LIBCMT:crt0dat.obj
 0001:00008f5e       _exit                      00409f5e f   LIBCMT:crt0dat.obj
 0001:00008f74       __exit                     00409f74 f   LIBCMT:crt0dat.obj
 0001:00008f8a       __cexit                    00409f8a f   LIBCMT:crt0dat.obj
 0001:00008f99       __c_exit                   00409f99 f   LIBCMT:crt0dat.obj
 0001:00008fa8       __amsg_exit                00409fa8 f   LIBCMT:crt0dat.obj
 0001:00008fc6       __GET_RTERRMSG             00409fc6 f   LIBCMT:crt0msg.obj
 0001:00008fec       __NMSG_WRITE               00409fec f   LIBCMT:crt0msg.obj
 0001:0000919b       __FF_MSGBANNER             0040a19b f   LIBCMT:crt0msg.obj
 0001:000091fa       __XcptFilter               0040a1fa f   LIBCMT:winxfltr.obj
 0001:00009344       ___CppXcptFilter           0040a344 f   LIBCMT:winxfltr.obj
 0001:00009364       __wincmdln                 0040a364 f   LIBCMT:wincmdln.obj
 0001:000093c3       __setenvp                  0040a3c3 f   LIBCMT:stdenvp.obj
 0001:0000949f       __set_pgmptr               0040a49f f i LIBCMT:stdargv.obj
 0001:00009648       __setargv                  0040a648 f   LIBCMT:stdargv.obj
 0001:00009703       ___crtGetEnvironmentStringsA 0040a703 f   LIBCMT:a_env.obj
 0001:0000979a       __ioinit                   0040a79a f   LIBCMT:ioinit.obj
 0001:000099df       __ioterm                   0040a9df f   LIBCMT:ioinit.obj
 0001:00009a32       __RTC_Initialize           0040aa32 f   LIBCMT:_initsect_.obj
 0001:00009a58       __RTC_Terminate            0040aa58 f   LIBCMT:_initsect_.obj
 0001:00009a7e       __heap_init                0040aa7e f   LIBCMT:heapinit.obj
 0001:00009a9c       __heap_term                0040aa9c f   LIBCMT:heapinit.obj
 0001:00009ab0       __get_heap_handle          0040aab0 f   LIBCMT:heapinit.obj
 0001:00009ab6       ___security_init_cookie    0040aab6 f   LIBCMT:gs_support.obj
 0001:00009b51       __crt_debugger_hook        0040ab51 f   LIBCMT:dbghook.obj
 0001:00009b59       __mtinitlocks              0040ab59 f   LIBCMT:mlock.obj
 0001:00009ba3       __mtdeletelocks            0040aba3 f   LIBCMT:mlock.obj
 0001:00009bfa       __unlock                   0040abfa f   LIBCMT:mlock.obj
 0001:00009c11       __lockerr_exit             0040ac11 f   LIBCMT:mlock.obj
 0001:00009c29       __mtinitlocknum            0040ac29 f   LIBCMT:mlock.obj
 0001:00009ceb       __lock                     0040aceb f   LIBCMT:mlock.obj
 0001:00009d1e       _atol                      0040ad1e f   LIBCMT:atox.obj
 0001:00009d34       __atol_l                   0040ad34 f   LIBCMT:atox.obj
 0001:00009d4d       _atoi                      0040ad4d f   LIBCMT:atox.obj
 0001:00009d58       __atoi_l                   0040ad58 f   LIBCMT:atox.obj
 0001:00009d63       __atoi64                   0040ad63 f   LIBCMT:atox.obj
 0001:00009d79       __atoi64_l                 0040ad79 f   LIBCMT:atox.obj
 0001:00009d92       _strncpy_s                 0040ad92 f   LIBCMT:strncpy_s.obj
 0001:00009e50       _strcmp                    0040ae50 f   LIBCMT:strcmp.obj
 0001:00009ed8       __getenv_helper_nolock     0040aed8 f   LIBCMT:getenv.obj
 0001:0000a086       _getenv                    0040b086 f   LIBCMT:getenv.obj
 0001:0000a100       _getenv_s                  0040b100 f   LIBCMT:getenv.obj
 0001:0000a1cd       __dupenv_s                 0040b1cd f   LIBCMT:getenv.obj
 0001:0000a2a4       ___init_ctype              0040b2a4 f   LIBCMT:initctyp.obj
 0001:0000a64b       ____mb_cur_max_func        0040b64b f   LIBCMT:initctyp.obj
 0001:0000a674       ____mb_cur_max_l_func      0040b674 f   LIBCMT:initctyp.obj
 0001:0000a690       ____lc_codepage_func       0040b690 f   LIBCMT:initctyp.obj
 0001:0000a6b6       ____lc_collate_cp_func     0040b6b6 f   LIBCMT:initctyp.obj
 0001:0000a6dc       ____lc_handle_func         0040b6dc f   LIBCMT:initctyp.obj
 0001:0000a710       __allmul                   0040b710 f   LIBCMT:llmul.obj
 0001:0000a949       ___crtLCMapStringA         0040b949 f   LIBCMT:a_map.obj
 0001:0000aa76       ___crtGetStringTypeA       0040ba76 f   LIBCMT:a_str.obj
 0001:0000b2b5       ___free_lc_time            0040c2b5 f   LIBCMT:inittime.obj
 0001:0000b62c       ___init_time               0040c62c f   LIBCMT:inittime.obj
 0001:0000b6d9       ___free_lconv_num          0040c6d9 f   LIBCMT:initnum.obj
 0001:0000b742       ___init_numeric            0040c742 f   LIBCMT:initnum.obj
 0001:0000b962       ___free_lconv_mon          0040c962 f   LIBCMT:initmon.obj
 0001:0000ba60       ___init_monetary           0040ca60 f   LIBCMT:initmon.obj
 0001:0000bdc0       _localeconv                0040cdc0 f   LIBCMT:lconv.obj
 0001:0000bde6       ___pwctype_func            0040cde6 f   LIBCMT:ctype.obj
 0001:0000bdec       ___pctype_func             0040cdec f   LIBCMT:ctype.obj
 0001:0000be15       __calloc_impl              0040ce15 f   LIBCMT:calloc_impl.obj
 0001:0000be97       _realloc                   0040ce97 f   LIBCMT:realloc.obj
 0001:0000bf44       __recalloc                 0040cf44 f   LIBCMT:recalloc.obj
 0001:0000bfb2       __VEC_memcpy               0040cfb2 f   LIBCMT:p4_memcpy.obj
 0001:0000c0b5       __tolower                  0040d0b5 f   LIBCMT:tolower.obj
 0001:0000c0c2       __tolower_l                0040d0c2 f   LIBCMT:tolower.obj
 0001:0000c1d7       _tolower                   0040d1d7 f   LIBCMT:tolower.obj
 0001:0000c203       ____setlc_active_func      0040d203 f   LIBCMT:setlocal.obj
 0001:0000c209       ____unguarded_readlc_active_add_func 0040d209 f   LIBCMT:setlocal.obj
 0001:0000c235       __configthreadlocale       0040d235 f   LIBCMT:setlocal.obj
 0001:0000c2bc       __free_locale              0040d2bc f   LIBCMT:setlocal.obj
 0001:0000c37e       ___free_locale             0040d37e f   LIBCMT:setlocal.obj
 0001:0000c389       __get_current_locale       0040d389 f   LIBCMT:setlocal.obj
 0001:0000c438       ___get_current_locale      0040d438 f   LIBCMT:setlocal.obj
 0001:0000c43d       ___init_dummy              0040d43d f   LIBCMT:setlocal.obj
 0001:0000c440       __strcats                  0040d440 f   LIBCMT:setlocal.obj
 0001:0000c481       ___lc_strtolc              0040d481 f   LIBCMT:setlocal.obj
 0001:0000c5a0       ___lc_lctostr              0040d5a0 f   LIBCMT:setlocal.obj
 0001:0000c770       __expandlocale             0040d770 f   LIBCMT:setlocal.obj
 0001:0000cee7       __create_locale            0040dee7 f   LIBCMT:setlocal.obj
 0001:0000cfdc       ___create_locale           0040dfdc f   LIBCMT:setlocal.obj
 0001:0000cfe7       _setlocale                 0040dfe7 f   LIBCMT:setlocal.obj
 0001:0000d15b       _iswctype                  0040e15b f   LIBCMT:iswctype.obj
 0001:0000d1b0       _is_wctype                 0040e1b0 f   LIBCMT:iswctype.obj
 0001:0000d1bb       __iswctype_l               0040e1bb f   LIBCMT:iswctype.obj
 0001:0000d1cf       __initp_heap_handler       0040e1cf f   LIBCMT:handler.obj
 0001:0000d1de       ?_set_new_handler@@YAP6AHI@ZP6AHI@Z@Z 0040e1de f   LIBCMT:handler.obj
 0001:0000d215       ?_set_new_handler@@YAP6AHI@ZH@Z 0040e215 f   LIBCMT:handler.obj
 0001:0000d21e       ?_query_new_handler@@YAP6AHI@ZXZ 0040e21e f   LIBCMT:handler.obj
 0001:0000d22b       __callnewh                 0040e22b f   LIBCMT:handler.obj
 0001:0000d253       __set_osfhnd               0040e253 f   LIBCMT:osfinfo.obj
 0001:0000d2d4       __free_osfhnd              0040e2d4 f   LIBCMT:osfinfo.obj
 0001:0000d35a       __get_osfhandle            0040e35a f   LIBCMT:osfinfo.obj
 0001:0000d3c3       ___lock_fhandle            0040e3c3 f   LIBCMT:osfinfo.obj
 0001:0000d462       __unlock_fhandle           0040e462 f   LIBCMT:osfinfo.obj
 0001:0000d489       __alloc_osfhnd             0040e489 f   LIBCMT:osfinfo.obj
 0001:0000d622       __open_osfhandle           0040e622 f   LIBCMT:osfinfo.obj
 0001:0000d738       __commit                   0040e738 f   LIBCMT:commit.obj
 0001:0000d811       __fcloseall                0040e811 f   LIBCMT:closeall.obj
 0001:0000d8b0       __ValidateImageBase        0040e8b0 f   LIBCMT:pesect.obj
 0001:0000d8f0       __FindPESection            0040e8f0 f   LIBCMT:pesect.obj
 0001:0000d940       __IsNonwritableInCurrentImage 0040e940 f   LIBCMT:pesect.obj
 0001:0000d9fc       __lseeki64_nolock          0040e9fc f   LIBCMT:lseeki64.obj
 0001:0000da81       __lseeki64                 0040ea81 f   LIBCMT:lseeki64.obj
 0001:0000db6b       __getbuf                   0040eb6b f   LIBCMT:_getbuf.obj
 0001:0000dbb4       __isatty                   0040ebb4 f   LIBCMT:isatty.obj
 0001:0000dc0a       __putwch_nolock            0040ec0a f   LIBCMT:putwch.obj
 0001:0000dc4c       __putwch                   0040ec4c f   LIBCMT:putwch.obj
 0001:0000dc92       __mbtowc_l                 0040ec92 f   LIBCMT:mbtowc.obj
 0001:0000dda8       _mbtowc                    0040eda8 f   LIBCMT:mbtowc.obj
 0001:0000e4f6       __open                     0040f4f6 f   LIBCMT:open.obj
 0001:0000e5a4       __sopen_helper             0040f5a4 f   LIBCMT:open.obj
 0001:0000e668       __sopen                    0040f668 f   LIBCMT:open.obj
 0001:0000e69a       __sopen_s                  0040f69a f   LIBCMT:open.obj
 0001:0000e6ba       __mbsnbicmp_l              0040f6ba f   LIBCMT:mbsnbicm.obj
 0001:0000e8be       __mbsnbicmp                0040f8be f   LIBCMT:mbsnbicm.obj
 0001:0000e8d8       __mbsnbcmp_l               0040f8d8 f   LIBCMT:mbsnbcmp.obj
 0001:0000ea24       __mbsnbcmp                 0040fa24 f   LIBCMT:mbsnbcmp.obj
 0001:0000ea40       __global_unwind2           0040fa40 f   LIBCMT:exsup.obj
 0001:0000eaa5       __local_unwind2            0040faa5 f   LIBCMT:exsup.obj
 0001:0000eb29       __abnormal_termination     0040fb29 f   LIBCMT:exsup.obj
 0001:0000eb4c       __NLG_Notify1              0040fb4c f   LIBCMT:exsup.obj
 0001:0000eb55       __NLG_Notify               0040fb55 f   LIBCMT:exsup.obj
 0001:0000eb6c       __NLG_Dispatch             0040fb6c     LIBCMT:exsup.obj
 0001:0000eb6c       __NLG_Dispatch2            0040fb6c     LIBCMT:exsup.obj
 0001:0000eb74       __NLG_Call                 0040fb74 f   LIBCMT:exsup.obj
 0001:0000eb76       __NLG_Return2              0040fb76     LIBCMT:exsup.obj
 0001:0000eb77       __initp_misc_cfltcvt_tab   0040fb77 f   LIBCMT:cmiscdat.obj
 0001:0000eb9a       _printf                    0040fb9a f   LIBCMT:printf.obj
 0001:0000ec41       __printf_l                 0040fc41 f   LIBCMT:printf.obj
 0001:0000ec5a       __printf_s_l               0040fc5a f   LIBCMT:printf.obj
 0001:0000ec73       _printf_s                  0040fc73 f   LIBCMT:printf.obj
 0001:0000ec8b       __printf_p_l               0040fc8b f   LIBCMT:printf.obj
 0001:0000eca4       __printf_p                 0040fca4 f   LIBCMT:printf.obj
 0001:0000ecbc       __set_printf_count_output  0040fcbc f   LIBCMT:printf.obj
 0001:0000ece6       __get_printf_count_output  0040fce6 f   LIBCMT:printf.obj
 0001:0000ecfc       __wctomb_s_l               0040fcfc f   LIBCMT:wctomb.obj
 0001:0000ee51       _wctomb_s                  0040fe51 f   LIBCMT:wctomb.obj
 0001:0000ee6e       __wctomb_l                 0040fe6e f   LIBCMT:wctomb.obj
 0001:0000eebf       _wctomb                    0040febf f   LIBCMT:wctomb.obj
 0001:0000ef00       __aulldvrm                 0040ff00 f   LIBCMT:ulldvrm.obj
 0001:0000f1c0       _strtol                    004101c0 f   LIBCMT:strtol.obj
 0001:0000f1eb       __strtol_l                 004101eb f   LIBCMT:strtol.obj
 0001:0000f208       _strtoul                   00410208 f   LIBCMT:strtol.obj
 0001:0000f234       __strtoul_l                00410234 f   LIBCMT:strtol.obj
 0001:0000f30c       __output_s_l               0041030c f   LIBCMT:outputs.obj
 0001:0000ff40       ?terminate@@YAXXZ          00410f40 f   LIBCMT:hooks.obj
 0001:0000ff79       ?unexpected@@YAXXZ         00410f79 f   LIBCMT:hooks.obj
 0001:0000ff8c       ?_inconsistency@@YAXXZ     00410f8c f   LIBCMT:hooks.obj
 0001:0000ffc4       __initp_eh_hooks           00410fc4 f   LIBCMT:hooks.obj
 0001:0000ffd5       __initp_misc_winsig        00410fd5 f   LIBCMT:winsig.obj
 0001:000100c6       ___get_sigabrt             004110c6 f   LIBCMT:winsig.obj
 0001:000100d3       ___fpecode                 004110d3 f   LIBCMT:winsig.obj
 0001:000100dc       ___pxcptinfoptrs           004110dc f   LIBCMT:winsig.obj
 0001:000100e5       _signal                    004110e5 f   LIBCMT:winsig.obj
 0001:00010325       _raise                     00411325 f   LIBCMT:winsig.obj
 0001:000104c8       __initp_misc_rand_s        004114c8 f   LIBCMT:rand_s.obj
 0001:000104d7       _rand_s                    004114d7 f   LIBCMT:rand_s.obj
 0001:000105c7       ___getlocaleinfo           004115c7 f   LIBCMT:inithelp.obj
 0001:00010773       __initp_misc_purevirt      00411773 f   LIBCMT:inithelp.obj
 0001:00010838       ___onexitinit              00411838 f   LIBCMT:onexit.obj
 0001:00010869       __onexit                   00411869 f   LIBCMT:onexit.obj
 0001:000108a5       _atexit                    004118a5 f   LIBCMT:onexit.obj
 0001:000108bc       ___crtMessageBoxW          004118bc f   LIBCMT:crtmboxw.obj
 0001:00010a28       _wcscat_s                  00411a28 f   LIBCMT:wcscat_s.obj
 0001:00010a9d       _wcsncpy_s                 00411a9d f   LIBCMT:wcsncpy_s.obj
 0001:00010b6a       _wcslen                    00411b6a f   LIBCMT:wcslen.obj
 0001:00010b85       _wcscpy_s                  00411b85 f   LIBCMT:wcscpy_s.obj
 0001:00010be8       __set_error_mode           00411be8 f   LIBCMT:errmode.obj
 0001:00010c27       ___set_app_type            00411c27 f   LIBCMT:errmode.obj
 0001:00010c89       __ismbbkalnum_l            00411c89 f   LIBCMT:ismbbyte.obj
 0001:00010ca2       __ismbbkalnum              00411ca2 f   LIBCMT:ismbbyte.obj
 0001:00010cba       __ismbbkprint_l            00411cba f   LIBCMT:ismbbyte.obj
 0001:00010cd3       __ismbbkprint              00411cd3 f   LIBCMT:ismbbyte.obj
 0001:00010ceb       __ismbbkpunct_l            00411ceb f   LIBCMT:ismbbyte.obj
 0001:00010d04       __ismbbkpunct              00411d04 f   LIBCMT:ismbbyte.obj
 0001:00010d1c       __ismbbalnum_l             00411d1c f   LIBCMT:ismbbyte.obj
 0001:00010d38       __ismbbalnum               00411d38 f   LIBCMT:ismbbyte.obj
 0001:00010d53       __ismbbalpha_l             00411d53 f   LIBCMT:ismbbyte.obj
 0001:00010d6f       __ismbbalpha               00411d6f f   LIBCMT:ismbbyte.obj
 0001:00010d8a       __ismbbgraph_l             00411d8a f   LIBCMT:ismbbyte.obj
 0001:00010da6       __ismbbgraph               00411da6 f   LIBCMT:ismbbyte.obj
 0001:00010dc1       __ismbbprint_l             00411dc1 f   LIBCMT:ismbbyte.obj
 0001:00010ddd       __ismbbprint               00411ddd f   LIBCMT:ismbbyte.obj
 0001:00010df8       __ismbbpunct_l             00411df8 f   LIBCMT:ismbbyte.obj
 0001:00010e11       __ismbbpunct               00411e11 f   LIBCMT:ismbbyte.obj
 0001:00010e29       __ismbblead_l              00411e29 f   LIBCMT:ismbbyte.obj
 0001:00010e42       __ismbblead                00411e42 f   LIBCMT:ismbbyte.obj
 0001:00010e5a       __ismbbtrail_l             00411e5a f   LIBCMT:ismbbyte.obj
 0001:00010e73       __ismbbtrail               00411e73 f   LIBCMT:ismbbyte.obj
 0001:00010e8b       __ismbbkana_l              00411e8b f   LIBCMT:ismbbyte.obj
 0001:00010ee0       __ismbbkana                00411ee0 f   LIBCMT:ismbbyte.obj
 0001:00011190       __strtoi64                 00412190 f   LIBCMT:strtoq.obj
 0001:000111bb       __strtoi64_l               004121bb f   LIBCMT:strtoq.obj
 0001:000111d8       __strtoui64                004121d8 f   LIBCMT:strtoq.obj
 0001:00011204       __strtoui64_l              00412204 f   LIBCMT:strtoq.obj
 0001:00011221       __mbsnbicoll_l             00412221 f   LIBCMT:mbsnbico.obj
 0001:000112ff       __mbsnbicoll               004122ff f   LIBCMT:mbsnbico.obj
 0001:00011319       ___wtomb_environ           00412319 f   LIBCMT:wtombenv.obj
 0001:000113b0       _calloc                    004123b0 f   LIBCMT:calloc.obj
 0001:000113f0       _strnlen                   004123f0 f   LIBCMT:strlen_s.obj
 0001:0001140d       __msize                    0041240d f   LIBCMT:msize.obj
 0001:00011440       __isctype_l                00412440 f   LIBCMT:isctype.obj
 0001:000114f8       __isctype                  004124f8 f   LIBCMT:isctype.obj
 0001:0001152a       ___init_collate            0041252a f   LIBCMT:initcoll.obj
 0001:0001152d       _strcat_s                  0041252d f   LIBCMT:strcat_s.obj
 0001:000115a0       _strcspn                   004125a0 f   LIBCMT:strcspn.obj
 0001:00011bb3       ___get_qualified_locale    00412bb3 f   LIBCMT:getqloc.obj
 0001:000132be       _memcmp                    004142be f   LIBCMT:memcmp.obj
 0001:00014812       _strncmp                   00415812 f   LIBCMT:strncmp.obj
 0001:000148e0       _strpbrk                   004158e0 f   LIBCMT:strpbrk.obj
 0001:00014920       ___initconout              00415920 f   LIBCMT:initcon.obj
 0001:0001493f       ___termconout              0041593f f   LIBCMT:initcon.obj
 0001:00014956       __chsize_nolock            00415956 f   LIBCMT:chsize.obj
 0001:00014b0c       __chsize_s                 00415b0c f   LIBCMT:chsize.obj
 0001:00014bf3       __chsize                   00415bf3 f   LIBCMT:chsize.obj
 0001:00014c10       __read_nolock              00415c10 f   LIBCMT:read.obj
 0001:000151c7       __read                     004161c7 f   LIBCMT:read.obj
 0001:000152bd       __lseek_nolock             004162bd f   LIBCMT:lseek.obj
 0001:00015332       __lseek                    00416332 f   LIBCMT:lseek.obj
 0001:00015406       __setmode_nolock           00416406 f   LIBCMT:setmode.obj
 0001:000154c1       __set_fmode                004164c1 f   LIBCMT:setmode.obj
 0001:00015503       __get_fmode                00416503 f   LIBCMT:setmode.obj
 0001:00015530       __setmode                  00416530 f   LIBCMT:setmode.obj
 0001:0001561b       __strnicmp_l               0041661b f   LIBCMT:strnicmp.obj
 0001:000156fd       __strnicmp                 004166fd f   LIBCMT:strnicmp.obj
 0001:00015750       __fptrap                   00416750 f   LIBCMT:crt0fp.obj
 0001:00015759       __stbuf                    00416759 f   LIBCMT:_sftbuf.obj
 0001:000157f5       __ftbuf                    004167f5 f   LIBCMT:_sftbuf.obj
 0001:00015829       _vprintf_helper            00416829 f   LIBCMT:vprintf.obj
 0001:000158ae       __vprintf_l                004168ae f   LIBCMT:vprintf.obj
 0001:000158cb       __vprintf_s_l              004168cb f   LIBCMT:vprintf.obj
 0001:000158e8       __vprintf_p_l              004168e8 f   LIBCMT:vprintf.obj
 0001:00015905       _vprintf                   00416905 f   LIBCMT:vprintf.obj
 0001:00015921       _vprintf_s                 00416921 f   LIBCMT:vprintf.obj
 0001:0001593d       __vprintf_p                0041693d f   LIBCMT:vprintf.obj
 0001:00015959       _abort                     00416959 f   LIBCMT:abort.obj
 0001:0001598c       __set_abort_behavior       0041698c f   LIBCMT:abort.obj
 0001:00015a87       ___crtGetLocaleInfoA       00416a87 f   LIBCMT:a_loc.obj
 0001:00015d4d       ___crtCompareStringA       00416d4d f   LIBCMT:a_cmp.obj
 0001:00015d8f       __strnicoll_l              00416d8f f   LIBCMT:strnicol.obj
 0001:00015e79       __strnicoll                00416e79 f   LIBCMT:strnicol.obj
 0001:00015f54       ___crtsetenv               00416f54 f   LIBCMT:setenv.obj
 0001:00016250       __itoa_s                   00417250 f   LIBCMT:xtoas.obj
 0001:0001627a       __ltoa_s                   0041727a f   LIBCMT:xtoas.obj
 0001:000162a1       __ultoa_s                  004172a1 f   LIBCMT:xtoas.obj
 0001:000163a7       __i64toa_s                 004173a7 f   LIBCMT:xtoas.obj
 0001:000163dc       __ui64toa_s                004173dc f   LIBCMT:xtoas.obj
 0001:00016400       ___ascii_strnicmp          00417400 f   LIBCMT:_strnicm.obj
 0001:00016461       __strdup                   00417461 f   LIBCMT:strdup.obj
 0001:000164b3       __mbschr_l                 004174b3 f   LIBCMT:mbschr.obj
 0001:00016563       __mbschr                   00417563 f   LIBCMT:mbschr.obj
 0001:00016590       _strchr                    00417590 f   LIBCMT:strchr.obj
 0001:00016596       ___from_strstr_to_strchr   00417596     LIBCMT:strchr.obj
 0001:0001664e       _GetSystemTimeAsFileTime@4 0041764e f   kernel32:KERNEL32.dll
 0001:00016654       _GetTimeFormatA@24         00417654 f   kernel32:KERNEL32.dll
 0001:0001665a       _GetDateFormatA@24         0041765a f   kernel32:KERNEL32.dll
 0001:00016660       _GetCommandLineA@0         00417660 f   kernel32:KERNEL32.dll
 0001:00016666       _HeapSetInformation@16     00417666 f   kernel32:KERNEL32.dll
 0001:0001666c       _GetStartupInfoW@4         0041766c f   kernel32:KERNEL32.dll
 0001:00016672       _UnhandledExceptionFilter@4 00417672 f   kernel32:KERNEL32.dll
 0001:00016678       _SetUnhandledExceptionFilter@4 00417678 f   kernel32:KERNEL32.dll
 0001:0001667e       _IsDebuggerPresent@0       0041767e f   kernel32:KERNEL32.dll
 0001:00016684       _EncodePointer@4           00417684 f   kernel32:KERNEL32.dll
 0001:0001668a       _DecodePointer@4           0041768a f   kernel32:KERNEL32.dll
 0001:00016690       _TerminateProcess@8        00417690 f   kernel32:KERNEL32.dll
 0001:00016696       _GetCurrentProcess@0       00417696 f   kernel32:KERNEL32.dll
 0001:0001669c       _WideCharToMultiByte@32    0041769c f   kernel32:KERNEL32.dll
 0001:000166a2       _GetTimeZoneInformation@4  004176a2 f   kernel32:KERNEL32.dll
 0001:000166a8       _GetCPInfo@8               004176a8 f   kernel32:KERNEL32.dll
 0001:000166ae       _InterlockedIncrement@4    004176ae f   kernel32:KERNEL32.dll
 0001:000166b4       _InterlockedDecrement@4    004176b4 f   kernel32:KERNEL32.dll
 0001:000166ba       _GetACP@0                  004176ba f   kernel32:KERNEL32.dll
 0001:000166c0       _GetOEMCP@0                004176c0 f   kernel32:KERNEL32.dll
 0001:000166c6       _IsValidCodePage@4         004176c6 f   kernel32:KERNEL32.dll
 0001:000166cc       _TlsAlloc@0                004176cc f   kernel32:KERNEL32.dll
 0001:000166d2       _TlsGetValue@4             004176d2 f   kernel32:KERNEL32.dll
 0001:000166d8       _TlsSetValue@8             004176d8 f   kernel32:KERNEL32.dll
 0001:000166de       _TlsFree@4                 004176de f   kernel32:KERNEL32.dll
 0001:000166e4       _GetModuleHandleW@4        004176e4 f   kernel32:KERNEL32.dll
 0001:000166ea       _SetLastError@4            004176ea f   kernel32:KERNEL32.dll
 0001:000166f0       _GetCurrentThreadId@0      004176f0 f   kernel32:KERNEL32.dll
 0001:000166f6       _GetLastError@0            004176f6 f   kernel32:KERNEL32.dll
 0001:000166fc       _GetCurrentThread@0        004176fc f   kernel32:KERNEL32.dll
 0001:00016702       _GetProcAddress@8          00417702 f   kernel32:KERNEL32.dll
 0001:00016708       _HeapFree@12               00417708 f   kernel32:KERNEL32.dll
 0001:0001670e       _Sleep@4                   0041770e f   kernel32:KERNEL32.dll
 0001:00016714       _HeapAlloc@12              00417714 f   kernel32:KERNEL32.dll
 0001:0001671a       _CloseHandle@4             0041771a f   kernel32:KERNEL32.dll
 0001:00016720       _EnterCriticalSection@4    00417720 f   kernel32:KERNEL32.dll
 0001:00016726       _LeaveCriticalSection@4    00417726 f   kernel32:KERNEL32.dll
 0001:0001672c       _WriteFile@20              0041772c f   kernel32:KERNEL32.dll
 0001:00016732       _GetConsoleCP@0            00417732 f   kernel32:KERNEL32.dll
 0001:00016738       _GetConsoleMode@8          00417738 f   kernel32:KERNEL32.dll
 0001:0001673e       _InitializeCriticalSectionAndSpinCount@8 0041773e f   kernel32:KERNEL32.dll
 0001:00016744       _RtlUnwind@16              00417744 f   kernel32:KERNEL32.dll
 0001:0001674a       _IsProcessorFeaturePresent@4 0041774a f   kernel32:KERNEL32.dll
 0001:00016750       _ExitProcess@4             00417750 f   kernel32:KERNEL32.dll
 0001:00016756       _GetStdHandle@4            00417756 f   kernel32:KERNEL32.dll
 0001:0001675c       _GetModuleFileNameW@12     0041775c f   kernel32:KERNEL32.dll
 0001:00016762       _GetModuleFileNameA@12     00417762 f   kernel32:KERNEL32.dll
 0001:00016768       _FreeEnvironmentStringsW@4 00417768 f   kernel32:KERNEL32.dll
 0001:0001676e       _GetEnvironmentStringsW@0  0041776e f   kernel32:KERNEL32.dll
 0001:00016774       _SetHandleCount@4          00417774 f   kernel32:KERNEL32.dll
 0001:0001677a       _GetFileType@4             0041777a f   kernel32:KERNEL32.dll
 0001:00016780       _DeleteCriticalSection@4   00417780 f   kernel32:KERNEL32.dll
 0001:00016786       _HeapCreate@12             00417786 f   kernel32:KERNEL32.dll
 0001:0001678c       _HeapDestroy@4             0041778c f   kernel32:KERNEL32.dll
 0001:00016792       _QueryPerformanceCounter@4 00417792 f   kernel32:KERNEL32.dll
 0001:00016798       _GetTickCount@0            00417798 f   kernel32:KERNEL32.dll
 0001:0001679e       _GetCurrentProcessId@0     0041779e f   kernel32:KERNEL32.dll
 0001:000167a4       _FatalAppExitA@8           004177a4 f   kernel32:KERNEL32.dll
 0001:000167aa       _LCMapStringW@24           004177aa f   kernel32:KERNEL32.dll
 0001:000167b0       _MultiByteToWideChar@24    004177b0 f   kernel32:KERNEL32.dll
 0001:000167b6       _GetStringTypeW@16         004177b6 f   kernel32:KERNEL32.dll
 0001:000167bc       _HeapReAlloc@16            004177bc f   kernel32:KERNEL32.dll
 0001:000167c2       _SetStdHandle@8            004177c2 f   kernel32:KERNEL32.dll
 0001:000167c8       _FlushFileBuffers@4        004177c8 f   kernel32:KERNEL32.dll
 0001:000167ce       _SetFilePointer@16         004177ce f   kernel32:KERNEL32.dll
 0001:000167d4       _WriteConsoleW@20          004177d4 f   kernel32:KERNEL32.dll
 0001:000167da       _CreateFileA@28            004177da f   kernel32:KERNEL32.dll
 0001:000167e0       _SetConsoleCtrlHandler@8   004177e0 f   kernel32:KERNEL32.dll
 0001:000167e6       _FreeLibrary@4             004177e6 f   kernel32:KERNEL32.dll
 0001:000167ec       _InterlockedExchange@8     004177ec f   kernel32:KERNEL32.dll
 0001:000167f2       _LoadLibraryW@4            004177f2 f   kernel32:KERNEL32.dll
 0001:000167f8       _GetLocaleInfoW@16         004177f8 f   kernel32:KERNEL32.dll
 0001:000167fe       _HeapSize@12               004177fe f   kernel32:KERNEL32.dll
 0001:00016804       _GetUserDefaultLCID@0      00417804 f   kernel32:KERNEL32.dll
 0001:0001680a       _GetLocaleInfoA@16         0041780a f   kernel32:KERNEL32.dll
 0001:00016810       _EnumSystemLocalesA@8      00417810 f   kernel32:KERNEL32.dll
 0001:00016816       _IsValidLocale@8           00417816 f   kernel32:KERNEL32.dll
 0001:0001681c       _CreateFileW@28            0041781c f   kernel32:KERNEL32.dll
 0001:00016822       _SetEndOfFile@4            00417822 f   kernel32:KERNEL32.dll
 0001:00016828       _GetProcessHeap@0          00417828 f   kernel32:KERNEL32.dll
 0001:0001682e       _ReadFile@20               0041782e f   kernel32:KERNEL32.dll
 0001:00016834       _CompareStringW@24         00417834 f   kernel32:KERNEL32.dll
 0001:0001683a       _SetEnvironmentVariableA@8 0041783a f   kernel32:KERNEL32.dll
 0002:00000000       __imp__GetOpenFileNameA@4  00418000     comdlg32:COMDLG32.dll
 0002:00000004       __imp__GetSaveFileNameA@4  00418004     comdlg32:COMDLG32.dll
 0002:00000008       \177COMDLG32_NULL_THUNK_DATA 00418008     comdlg32:COMDLG32.dll
 0002:0000000c       __imp__ReadFile@20         0041800c     kernel32:KERNEL32.dll
 0002:00000010       __imp__GetProcessHeap@0    00418010     kernel32:KERNEL32.dll
 0002:00000014       __imp__SetEndOfFile@4      00418014     kernel32:KERNEL32.dll
 0002:00000018       __imp__CreateFileW@28      00418018     kernel32:KERNEL32.dll
 0002:0000001c       __imp__IsValidLocale@8     0041801c     kernel32:KERNEL32.dll
 0002:00000020       __imp__CompareStringW@24   00418020     kernel32:KERNEL32.dll
 0002:00000024       __imp__GetLocaleInfoA@16   00418024     kernel32:KERNEL32.dll
 0002:00000028       __imp__GetUserDefaultLCID@0 00418028     kernel32:KERNEL32.dll
 0002:0000002c       __imp__HeapSize@12         0041802c     kernel32:KERNEL32.dll
 0002:00000030       __imp__GetLocaleInfoW@16   00418030     kernel32:KERNEL32.dll
 0002:00000034       __imp__LoadLibraryW@4      00418034     kernel32:KERNEL32.dll
 0002:00000038       __imp__InterlockedExchange@8 00418038     kernel32:KERNEL32.dll
 0002:0000003c       __imp__SetEnvironmentVariableA@8 0041803c     kernel32:KERNEL32.dll
 0002:00000040       __imp__EnumSystemLocalesA@8 00418040     kernel32:KERNEL32.dll
 0002:00000044       __imp__GetProcAddress@8    00418044     kernel32:KERNEL32.dll
 0002:00000048       __imp__FreeLibrary@4       00418048     kernel32:KERNEL32.dll
 0002:0000004c       __imp__SetConsoleCtrlHandler@8 0041804c     kernel32:KERNEL32.dll
 0002:00000050       __imp__CreateFileA@28      00418050     kernel32:KERNEL32.dll
 0002:00000054       __imp__WriteConsoleW@20    00418054     kernel32:KERNEL32.dll
 0002:00000058       __imp__SetFilePointer@16   00418058     kernel32:KERNEL32.dll
 0002:0000005c       __imp__FlushFileBuffers@4  0041805c     kernel32:KERNEL32.dll
 0002:00000060       __imp__GetSystemTimeAsFileTime@4 00418060     kernel32:KERNEL32.dll
 0002:00000064       __imp__GetTimeFormatA@24   00418064     kernel32:KERNEL32.dll
 0002:00000068       __imp__GetDateFormatA@24   00418068     kernel32:KERNEL32.dll
 0002:0000006c       __imp__GetCommandLineA@0   0041806c     kernel32:KERNEL32.dll
 0002:00000070       __imp__HeapSetInformation@16 00418070     kernel32:KERNEL32.dll
 0002:00000074       __imp__GetStartupInfoW@4   00418074     kernel32:KERNEL32.dll
 0002:00000078       __imp__UnhandledExceptionFilter@4 00418078     kernel32:KERNEL32.dll
 0002:0000007c       __imp__SetUnhandledExceptionFilter@4 0041807c     kernel32:KERNEL32.dll
 0002:00000080       __imp__IsDebuggerPresent@0 00418080     kernel32:KERNEL32.dll
 0002:00000084       __imp__EncodePointer@4     00418084     kernel32:KERNEL32.dll
 0002:00000088       __imp__DecodePointer@4     00418088     kernel32:KERNEL32.dll
 0002:0000008c       __imp__TerminateProcess@8  0041808c     kernel32:KERNEL32.dll
 0002:00000090       __imp__GetCurrentProcess@0 00418090     kernel32:KERNEL32.dll
 0002:00000094       __imp__WideCharToMultiByte@32 00418094     kernel32:KERNEL32.dll
 0002:00000098       __imp__GetTimeZoneInformation@4 00418098     kernel32:KERNEL32.dll
 0002:0000009c       __imp__GetCPInfo@8         0041809c     kernel32:KERNEL32.dll
 0002:000000a0       __imp__InterlockedIncrement@4 004180a0     kernel32:KERNEL32.dll
 0002:000000a4       __imp__InterlockedDecrement@4 004180a4     kernel32:KERNEL32.dll
 0002:000000a8       __imp__GetACP@0            004180a8     kernel32:KERNEL32.dll
 0002:000000ac       __imp__GetOEMCP@0          004180ac     kernel32:KERNEL32.dll
 0002:000000b0       __imp__IsValidCodePage@4   004180b0     kernel32:KERNEL32.dll
 0002:000000b4       __imp__TlsAlloc@0          004180b4     kernel32:KERNEL32.dll
 0002:000000b8       __imp__TlsGetValue@4       004180b8     kernel32:KERNEL32.dll
 0002:000000bc       __imp__TlsSetValue@8       004180bc     kernel32:KERNEL32.dll
 0002:000000c0       __imp__TlsFree@4           004180c0     kernel32:KERNEL32.dll
 0002:000000c4       __imp__GetModuleHandleW@4  004180c4     kernel32:KERNEL32.dll
 0002:000000c8       __imp__SetLastError@4      004180c8     kernel32:KERNEL32.dll
 0002:000000cc       __imp__GetCurrentThreadId@0 004180cc     kernel32:KERNEL32.dll
 0002:000000d0       __imp__GetLastError@0      004180d0     kernel32:KERNEL32.dll
 0002:000000d4       __imp__GetCurrentThread@0  004180d4     kernel32:KERNEL32.dll
 0002:000000d8       __imp__HeapFree@12         004180d8     kernel32:KERNEL32.dll
 0002:000000dc       __imp__Sleep@4             004180dc     kernel32:KERNEL32.dll
 0002:000000e0       __imp__HeapAlloc@12        004180e0     kernel32:KERNEL32.dll
 0002:000000e4       __imp__CloseHandle@4       004180e4     kernel32:KERNEL32.dll
 0002:000000e8       __imp__EnterCriticalSection@4 004180e8     kernel32:KERNEL32.dll
 0002:000000ec       __imp__LeaveCriticalSection@4 004180ec     kernel32:KERNEL32.dll
 0002:000000f0       __imp__WriteFile@20        004180f0     kernel32:KERNEL32.dll
 0002:000000f4       __imp__GetConsoleCP@0      004180f4     kernel32:KERNEL32.dll
 0002:000000f8       __imp__GetConsoleMode@8    004180f8     kernel32:KERNEL32.dll
 0002:000000fc       __imp__InitializeCriticalSectionAndSpinCount@8 004180fc     kernel32:KERNEL32.dll
 0002:00000100       __imp__RtlUnwind@16        00418100     kernel32:KERNEL32.dll
 0002:00000104       __imp__IsProcessorFeaturePresent@4 00418104     kernel32:KERNEL32.dll
 0002:00000108       __imp__ExitProcess@4       00418108     kernel32:KERNEL32.dll
 0002:0000010c       __imp__GetStdHandle@4      0041810c     kernel32:KERNEL32.dll
 0002:00000110       __imp__GetModuleFileNameW@12 00418110     kernel32:KERNEL32.dll
 0002:00000114       __imp__GetModuleFileNameA@12 00418114     kernel32:KERNEL32.dll
 0002:00000118       __imp__FreeEnvironmentStringsW@4 00418118     kernel32:KERNEL32.dll
 0002:0000011c       __imp__GetEnvironmentStringsW@0 0041811c     kernel32:KERNEL32.dll
 0002:00000120       __imp__SetHandleCount@4    00418120     kernel32:KERNEL32.dll
 0002:00000124       __imp__GetFileType@4       00418124     kernel32:KERNEL32.dll
 0002:00000128       __imp__DeleteCriticalSection@4 00418128     kernel32:KERNEL32.dll
 0002:0000012c       __imp__HeapCreate@12       0041812c     kernel32:KERNEL32.dll
 0002:00000130       __imp__HeapDestroy@4       00418130     kernel32:KERNEL32.dll
 0002:00000134       __imp__QueryPerformanceCounter@4 00418134     kernel32:KERNEL32.dll
 0002:00000138       __imp__GetTickCount@0      00418138     kernel32:KERNEL32.dll
 0002:0000013c       __imp__GetCurrentProcessId@0 0041813c     kernel32:KERNEL32.dll
 0002:00000140       __imp__FatalAppExitA@8     00418140     kernel32:KERNEL32.dll
 0002:00000144       __imp__LCMapStringW@24     00418144     kernel32:KERNEL32.dll
 0002:00000148       __imp__MultiByteToWideChar@24 00418148     kernel32:KERNEL32.dll
 0002:0000014c       __imp__GetStringTypeW@16   0041814c     kernel32:KERNEL32.dll
 0002:00000150       __imp__HeapReAlloc@16      00418150     kernel32:KERNEL32.dll
 0002:00000154       __imp__SetStdHandle@8      00418154     kernel32:KERNEL32.dll
 0002:00000158       \177KERNEL32_NULL_THUNK_DATA 00418158     kernel32:KERNEL32.dll
 0002:0000015c       __imp__DragAcceptFiles@8   0041815c     shell32:SHELL32.dll
 0002:00000160       __imp__DragQueryFileA@16   00418160     shell32:SHELL32.dll
 0002:00000164       __imp__DragFinish@4        00418164     shell32:SHELL32.dll
 0002:00000168       \177SHELL32_NULL_THUNK_DATA 00418168     shell32:SHELL32.dll
 0002:0000016c       __imp__InvalidateRect@12   0041816c     user32:USER32.dll
 0002:00000170       __imp__SendMessageA@16     00418170     user32:USER32.dll
 0002:00000174       __imp__GetDlgItem@8        00418174     user32:USER32.dll
 0002:00000178       __imp__GetWindowLongA@8    00418178     user32:USER32.dll
 0002:0000017c       __imp__LoadIconA@8         0041817c     user32:USER32.dll
 0002:00000180       __imp__SetWindowTextA@8    00418180     user32:USER32.dll
 0002:00000184       __imp__DialogBoxParamA@20  00418184     user32:USER32.dll
 0002:00000188       __imp__GetWindowTextA@12   00418188     user32:USER32.dll
 0002:0000018c       __imp__EndDialog@8         0041818c     user32:USER32.dll
 0002:00000190       __imp__MessageBoxA@16      00418190     user32:USER32.dll
 0002:00000194       \177USER32_NULL_THUNK_DATA 00418194     user32:USER32.dll
 0002:00000198       __imp__xlSheetReadStrA     00418198     libxl:libxl.dll
 0002:0000019c       __imp__xlBookGetSheetA     0041819c     libxl:libxl.dll
 0002:000001a0       __imp__xlBookLoadA         004181a0     libxl:libxl.dll
 0002:000001a4       __imp__xlCreateXMLBookCA   004181a4     libxl:libxl.dll
 0002:000001a8       __imp__xlBookReleaseA      004181a8     libxl:libxl.dll
 0002:000001ac       \177libxl_NULL_THUNK_DATA  004181ac     libxl:libxl.dll
 0002:000001b0       ___xc_a                    004181b0     LIBCMT:crt0init.obj
 0002:000001b4       ___xc_z                    004181b4     LIBCMT:crt0init.obj
 0002:000001b8       ___xi_a                    004181b8     LIBCMT:crt0init.obj
 0002:000001d0       ___xi_z                    004181d0     LIBCMT:crt0init.obj
 0002:000001d4       ___xp_a                    004181d4     LIBCMT:crt0init.obj
 0002:000001e0       ___xp_z                    004181e0     LIBCMT:crt0init.obj
 0002:000001e4       ___xt_a                    004181e4     LIBCMT:crt0init.obj
 0002:000001e8       ___xt_z                    004181e8     LIBCMT:crt0init.obj
 0002:0000020c       ?ProcessDetach@NativeDll@<CrtImplementationDetails>@@0IB 0041820c     LIBCMT:strftime.obj
 0002:00000210       ?ProcessAttach@NativeDll@<CrtImplementationDetails>@@0IB 00418210     LIBCMT:strftime.obj
 0002:00000214       ?ThreadAttach@NativeDll@<CrtImplementationDetails>@@0IB 00418214     LIBCMT:strftime.obj
 0002:00000218       ?ThreadDetach@NativeDll@<CrtImplementationDetails>@@0IB 00418218     LIBCMT:strftime.obj
 0002:0000021c       ?ProcessVerifier@NativeDll@<CrtImplementationDetails>@@0IB 0041821c     LIBCMT:strftime.obj
 0002:00000220       ??_C@_03EBAPMIKO@a?1p?$AA@ 00418220     LIBCMT:strftime.obj
 0002:00000224       ??_C@_05JAMEPDIN@am?1pm?$AA@ 00418224     LIBCMT:strftime.obj
 0002:0000022c       ??_C@_02CLFPBFFP@TZ?$AA@   0041822c     LIBCMT:tzset.obj
 0002:00000230       ___dnames                  00418230     LIBCMT:timeset.obj
 0002:00000248       ___mnames                  00418248     LIBCMT:timeset.obj
 0002:00000270       ??_C@_1BC@GDGBMEMK@?$AAH?$AAH?$AA?3?$AAm?$AAm?$AA?3?$AAs?$AAs?$AA?$AA@ 00418270     LIBCMT:nlsdata2.obj
 0002:00000284       ??_C@_1CI@KNAKOEBC@?$AAd?$AAd?$AAd?$AAd?$AA?0?$AA?5?$AAM?$AAM?$AAM?$AAM?$AA?5?$AAd?$AAd?$AA?0?$AA?5?$AAy?$AAy?$AAy?$AAy?$AA?$AA@ 00418284     LIBCMT:nlsdata2.obj
 0002:000002ac       ??_C@_1BC@IEBCMHCM@?$AAM?$AAM?$AA?1?$AAd?$AAd?$AA?1?$AAy?$AAy?$AA?$AA@ 004182ac     LIBCMT:nlsdata2.obj
 0002:000002c0       ??_C@_15CLMNNGEL@?$AAP?$AAM?$AA?$AA@ 004182c0     LIBCMT:nlsdata2.obj
 0002:000002c8       ??_C@_15ODEHAHHF@?$AAA?$AAM?$AA?$AA@ 004182c8     LIBCMT:nlsdata2.obj
 0002:000002d0       ??_C@_1BC@FEMKIFH@?$AAD?$AAe?$AAc?$AAe?$AAm?$AAb?$AAe?$AAr?$AA?$AA@ 004182d0     LIBCMT:nlsdata2.obj
 0002:000002e4       ??_C@_1BC@BGLIFPF@?$AAN?$AAo?$AAv?$AAe?$AAm?$AAb?$AAe?$AAr?$AA?$AA@ 004182e4     LIBCMT:nlsdata2.obj
 0002:000002f8       ??_C@_1BA@EPANDLNG@?$AAO?$AAc?$AAt?$AAo?$AAb?$AAe?$AAr?$AA?$AA@ 004182f8     LIBCMT:nlsdata2.obj
 0002:00000308       ??_C@_1BE@DKAAMBJL@?$AAS?$AAe?$AAp?$AAt?$AAe?$AAm?$AAb?$AAe?$AAr?$AA?$AA@ 00418308     LIBCMT:nlsdata2.obj
 0002:0000031c       ??_C@_1O@PAHLKOAC@?$AAA?$AAu?$AAg?$AAu?$AAs?$AAt?$AA?$AA@ 0041831c     LIBCMT:nlsdata2.obj
 0002:0000032c       ??_C@_19BIFMLPCD@?$AAJ?$AAu?$AAl?$AAy?$AA?$AA@ 0041832c     LIBCMT:nlsdata2.obj
 0002:00000338       ??_C@_19EPFLPGAP@?$AAJ?$AAu?$AAn?$AAe?$AA?$AA@ 00418338     LIBCMT:nlsdata2.obj
 0002:00000344       ??_C@_1M@GJNLMHFD@?$AAA?$AAp?$AAr?$AAi?$AAl?$AA?$AA@ 00418344     LIBCMT:nlsdata2.obj
 0002:00000350       ??_C@_1M@IKEENEDF@?$AAM?$AAa?$AAr?$AAc?$AAh?$AA?$AA@ 00418350     LIBCMT:nlsdata2.obj
 0002:0000035c       ??_C@_1BC@JGDDFFAM@?$AAF?$AAe?$AAb?$AAr?$AAu?$AAa?$AAr?$AAy?$AA?$AA@ 0041835c     LIBCMT:nlsdata2.obj
 0002:00000370       ??_C@_1BA@EFMEIEBA@?$AAJ?$AAa?$AAn?$AAu?$AAa?$AAr?$AAy?$AA?$AA@ 00418370     LIBCMT:nlsdata2.obj
 0002:00000380       ??_C@_17EGKACKIF@?$AAD?$AAe?$AAc?$AA?$AA@ 00418380     LIBCMT:nlsdata2.obj
 0002:00000388       ??_C@_17BBDMLCIG@?$AAN?$AAo?$AAv?$AA?$AA@ 00418388     LIBCMT:nlsdata2.obj
 0002:00000390       ??_C@_17FNLKOI@?$AAO?$AAc?$AAt?$AA?$AA@ 00418390     LIBCMT:nlsdata2.obj
 0002:00000398       ??_C@_17HCHCOKMG@?$AAS?$AAe?$AAp?$AA?$AA@ 00418398     LIBCMT:nlsdata2.obj
 0002:000003a0       ??_C@_17ICPELBCN@?$AAA?$AAu?$AAg?$AA?$AA@ 004183a0     LIBCMT:nlsdata2.obj
 0002:000003a8       ??_C@_17IJPCKHK@?$AAJ?$AAu?$AAl?$AA?$AA@ 004183a8     LIBCMT:nlsdata2.obj
 0002:000003b0       ??_C@_17KCJGOCPB@?$AAJ?$AAu?$AAn?$AA?$AA@ 004183b0     LIBCMT:nlsdata2.obj
 0002:000003b8       ??_C@_17PNNKMEED@?$AAM?$AAa?$AAy?$AA?$AA@ 004183b8     LIBCMT:nlsdata2.obj
 0002:000003c0       ??_C@_17LFPOIHDD@?$AAA?$AAp?$AAr?$AA?$AA@ 004183c0     LIBCMT:nlsdata2.obj
 0002:000003c8       ??_C@_17CKNLEDEC@?$AAM?$AAa?$AAr?$AA?$AA@ 004183c8     LIBCMT:nlsdata2.obj
 0002:000003d0       ??_C@_17LMDJEKJN@?$AAF?$AAe?$AAb?$AA?$AA@ 004183d0     LIBCMT:nlsdata2.obj
 0002:000003d8       ??_C@_17DKNBKCHM@?$AAJ?$AAa?$AAn?$AA?$AA@ 004183d8     LIBCMT:nlsdata2.obj
 0002:000003e0       ??_C@_1BC@ENMNNPAJ@?$AAS?$AAa?$AAt?$AAu?$AAr?$AAd?$AAa?$AAy?$AA?$AA@ 004183e0     LIBCMT:nlsdata2.obj
 0002:000003f4       ??_C@_1O@PDICJHAG@?$AAF?$AAr?$AAi?$AAd?$AAa?$AAy?$AA?$AA@ 004183f4     LIBCMT:nlsdata2.obj
 0002:00000404       ??_C@_1BC@HHMNLIHE@?$AAT?$AAh?$AAu?$AAr?$AAs?$AAd?$AAa?$AAy?$AA?$AA@ 00418404     LIBCMT:nlsdata2.obj
 0002:00000418       ??_C@_1BE@EBOGMDOH@?$AAW?$AAe?$AAd?$AAn?$AAe?$AAs?$AAd?$AAa?$AAy?$AA?$AA@ 00418418     LIBCMT:nlsdata2.obj
 0002:0000042c       ??_C@_1BA@ENFBFFEK@?$AAT?$AAu?$AAe?$AAs?$AAd?$AAa?$AAy?$AA?$AA@ 0041842c     LIBCMT:nlsdata2.obj
 0002:0000043c       ??_C@_1O@MMNBFLIA@?$AAM?$AAo?$AAn?$AAd?$AAa?$AAy?$AA?$AA@ 0041843c     LIBCMT:nlsdata2.obj
 0002:0000044c       ??_C@_1O@IHNHDHPB@?$AAS?$AAu?$AAn?$AAd?$AAa?$AAy?$AA?$AA@ 0041844c     LIBCMT:nlsdata2.obj
 0002:0000045c       ??_C@_17GGIBDPIH@?$AAS?$AAa?$AAt?$AA?$AA@ 0041845c     LIBCMT:nlsdata2.obj
 0002:00000464       ??_C@_17HFOLPPLP@?$AAF?$AAr?$AAi?$AA?$AA@ 00418464     LIBCMT:nlsdata2.obj
 0002:0000046c       ??_C@_17PDPHAADD@?$AAT?$AAh?$AAu?$AA?$AA@ 0041846c     LIBCMT:nlsdata2.obj
 0002:00000474       ??_C@_17CJEDCEPE@?$AAW?$AAe?$AAd?$AA?$AA@ 00418474     LIBCMT:nlsdata2.obj
 0002:0000047c       ??_C@_17BMKGEGOJ@?$AAT?$AAu?$AAe?$AA?$AA@ 0041847c     LIBCMT:nlsdata2.obj
 0002:00000484       ??_C@_17KBOMKBF@?$AAM?$AAo?$AAn?$AA?$AA@ 00418484     LIBCMT:nlsdata2.obj
 0002:0000048c       ??_C@_17MBGCMIPB@?$AAS?$AAu?$AAn?$AA?$AA@ 0041848c     LIBCMT:nlsdata2.obj
 0002:00000494       ??_C@_08JCCMCCIL@HH?3mm?3ss?$AA@ 00418494     LIBCMT:nlsdata2.obj
 0002:000004a0       ??_C@_0BE@CKGJFCPC@dddd?0?5MMMM?5dd?0?5yyyy?$AA@ 004184a0     LIBCMT:nlsdata2.obj
 0002:000004b4       ??_C@_08BPBNCDIB@MM?1dd?1yy?$AA@ 004184b4     LIBCMT:nlsdata2.obj
 0002:000004c0       ??_C@_02CJNFDJBF@PM?$AA@   004184c0     LIBCMT:nlsdata2.obj
 0002:000004c4       ??_C@_02DEDBPAFC@AM?$AA@   004184c4     LIBCMT:nlsdata2.obj
 0002:000004c8       ??_C@_08EDHMEBNP@December?$AA@ 004184c8     LIBCMT:nlsdata2.obj
 0002:000004d4       ??_C@_08HCHEGEOA@November?$AA@ 004184d4     LIBCMT:nlsdata2.obj
 0002:000004e0       ??_C@_07JJNFCEND@October?$AA@ 004184e0     LIBCMT:nlsdata2.obj
 0002:000004e8       ??_C@_09BHHEALKD@September?$AA@ 004184e8     LIBCMT:nlsdata2.obj
 0002:000004f4       ??_C@_06LBBHFDDG@August?$AA@ 004184f4     LIBCMT:nlsdata2.obj
 0002:000004fc       ??_C@_04MIEPOIFP@July?$AA@ 004184fc     LIBCMT:nlsdata2.obj
 0002:00000504       ??_C@_04CNLMGBGM@June?$AA@ 00418504     LIBCMT:nlsdata2.obj
 0002:0000050c       ??_C@_05DMJDNLEJ@April?$AA@ 0041850c     LIBCMT:nlsdata2.obj
 0002:00000514       ??_C@_05HPCKOFNC@March?$AA@ 00418514     LIBCMT:nlsdata2.obj
 0002:0000051c       ??_C@_08GNJGEPFN@February?$AA@ 0041851c     LIBCMT:nlsdata2.obj
 0002:00000528       ??_C@_07CGJPFGJA@January?$AA@ 00418528     LIBCMT:nlsdata2.obj
 0002:00000530       ??_C@_03MKABNOCG@Dec?$AA@  00418530     LIBCMT:nlsdata2.obj
 0002:00000534       ??_C@_03JPJOFNIA@Nov?$AA@  00418534     LIBCMT:nlsdata2.obj
 0002:00000538       ??_C@_03BMAOKBAD@Oct?$AA@  00418538     LIBCMT:nlsdata2.obj
 0002:0000053c       ??_C@_03GGCAPAJC@Sep?$AA@  0041853c     LIBCMT:nlsdata2.obj
 0002:00000540       ??_C@_03IFJFEIGA@Aug?$AA@  00418540     LIBCMT:nlsdata2.obj
 0002:00000544       ??_C@_03LBGABGKK@Jul?$AA@  00418544     LIBCMT:nlsdata2.obj
 0002:00000548       ??_C@_03IDFGHECI@Jun?$AA@  00418548     LIBCMT:nlsdata2.obj
 0002:0000054c       ??_C@_03CNMDKL@May?$AA@    0041854c     LIBCMT:nlsdata2.obj
 0002:00000550       ??_C@_03LEOLGMJP@Apr?$AA@  00418550     LIBCMT:nlsdata2.obj
 0002:00000554       ??_C@_03ODNJBKGA@Mar?$AA@  00418554     LIBCMT:nlsdata2.obj
 0002:00000558       ??_C@_03HJBDCHOM@Feb?$AA@  00418558     LIBCMT:nlsdata2.obj
 0002:0000055c       ??_C@_03JIHJHPIE@Jan?$AA@  0041855c     LIBCMT:nlsdata2.obj
 0002:00000560       ??_C@_08INBOOONO@Saturday?$AA@ 00418560     LIBCMT:nlsdata2.obj
 0002:0000056c       ??_C@_06JECMNKMI@Friday?$AA@ 0041856c     LIBCMT:nlsdata2.obj
 0002:00000574       ??_C@_08HACCIKIA@Thursday?$AA@ 00418574     LIBCMT:nlsdata2.obj
 0002:00000580       ??_C@_09DLIGFAKA@Wednesday?$AA@ 00418580     LIBCMT:nlsdata2.obj
 0002:0000058c       ??_C@_07BAAGCFCM@Tuesday?$AA@ 0041858c     LIBCMT:nlsdata2.obj
 0002:00000594       ??_C@_06JLEDEDGH@Monday?$AA@ 00418594     LIBCMT:nlsdata2.obj
 0002:0000059c       ??_C@_06OOPIFAJ@Sunday?$AA@ 0041859c     LIBCMT:nlsdata2.obj
 0002:000005a4       ??_C@_03FEFJNEK@Sat?$AA@   004185a4     LIBCMT:nlsdata2.obj
 0002:000005a8       ??_C@_03IDIOELNC@Fri?$AA@  004185a8     LIBCMT:nlsdata2.obj
 0002:000005ac       ??_C@_03IOFIKPDN@Thu?$AA@  004185ac     LIBCMT:nlsdata2.obj
 0002:000005b0       ??_C@_03MHOMLAJA@Wed?$AA@  004185b0     LIBCMT:nlsdata2.obj
 0002:000005b4       ??_C@_03NAGEINEP@Tue?$AA@  004185b4     LIBCMT:nlsdata2.obj
 0002:000005b8       ??_C@_03PDAGKDH@Mon?$AA@   004185b8     LIBCMT:nlsdata2.obj
 0002:000005bc       ??_C@_03KOEHGMDN@Sun?$AA@  004185bc     LIBCMT:nlsdata2.obj
 0002:000005c0       ??_C@_1BK@DBDEIDLH@?$AAK?$AAE?$AAR?$AAN?$AAE?$AAL?$AA3?$AA2?$AA?4?$AAD?$AAL?$AAL?$AA?$AA@ 004185c0     LIBCMT:tidtable.obj
 0002:000005dc       ??_C@_07PEJMOBNF@FlsFree?$AA@ 004185dc     LIBCMT:tidtable.obj
 0002:000005e4       ??_C@_0M@JCPCPOEF@FlsSetValue?$AA@ 004185e4     LIBCMT:tidtable.obj
 0002:000005f0       ??_C@_0M@GDNOONDI@FlsGetValue?$AA@ 004185f0     LIBCMT:tidtable.obj
 0002:000005fc       ??_C@_08KNHFBNJ@FlsAlloc?$AA@ 004185fc     LIBCMT:tidtable.obj
 0002:00000628       ??_C@_1O@CEDCILHN@?$AA?$CI?$AAn?$AAu?$AAl?$AAl?$AA?$CJ?$AA?$AA@ 00418628     LIBCMT:output.obj
 0002:00000638       ??_C@_06OJHGLDPL@?$CInull?$CJ?$AA@ 00418638     LIBCMT:output.obj
 0002:00000640       ___lookuptable             00418640     LIBCMT:output.obj
 0002:000006a4       ??_C@_0P@MIGLKIOC@CorExitProcess?$AA@ 004186a4     LIBCMT:crt0dat.obj
 0002:000006b4       ??_C@_1BI@BGOHAHKC@?$AAm?$AAs?$AAc?$AAo?$AAr?$AAe?$AAe?$AA?4?$AAd?$AAl?$AAl?$AA?$AA@ 004186b4     LIBCMT:crt0dat.obj
 0002:000006cc       ??_C@_1BO@BKOMIGKJ@?$AAr?$AAu?$AAn?$AAt?$AAi?$AAm?$AAe?$AA?5?$AAe?$AAr?$AAr?$AAo?$AAr?$AA?5?$AA?$AA@ 004186cc     LIBCMT:crt0msg.obj
 0002:000006ec       ??_C@_15JNBOKNOG@?$AA?$AN?$AA?6?$AA?$AA@ 004186ec     LIBCMT:crt0msg.obj
 0002:000006f4       ??_C@_1BM@JBBEPPHI@?$AAT?$AAL?$AAO?$AAS?$AAS?$AA?5?$AAe?$AAr?$AAr?$AAo?$AAr?$AA?$AN?$AA?6?$AA?$AA@ 004186f4     LIBCMT:crt0msg.obj
 0002:00000710       ??_C@_1BK@KMOMNAAI@?$AAS?$AAI?$AAN?$AAG?$AA?5?$AAe?$AAr?$AAr?$AAo?$AAr?$AA?$AN?$AA?6?$AA?$AA@ 00418710     LIBCMT:crt0msg.obj
 0002:0000072c       ??_C@_1BO@BFCDCGC@?$AAD?$AAO?$AAM?$AAA?$AAI?$AAN?$AA?5?$AAe?$AAr?$AAr?$AAo?$AAr?$AA?$AN?$AA?6?$AA?$AA@ 0041872c     LIBCMT:crt0msg.obj
 0002:00000750       ??_C@_1BOO@KGEDBGAJ@?$AAR?$AA6?$AA0?$AA3?$AA3?$AA?$AN?$AA?6?$AA?9?$AA?5?$AAA?$AAt?$AAt?$AAe?$AAm?$AAp?$AAt?$AA?5?$AAt?$AAo?$AA?5?$AAu?$AAs?$AAe?$AA?5?$AAM?$AAS?$AAI?$AAL?$AA?5?$AAc?$AAo?$AAd@ 00418750     LIBCMT:crt0msg.obj
 0002:00000940       ??_C@_1GG@GOPILAJP@?$AAR?$AA6?$AA0?$AA3?$AA2?$AA?$AN?$AA?6?$AA?9?$AA?5?$AAn?$AAo?$AAt?$AA?5?$AAe?$AAn?$AAo?$AAu?$AAg?$AAh?$AA?5?$AAs?$AAp?$AAa?$AAc?$AAe?$AA?5?$AAf?$AAo?$AAr?$AA?5?$AAl?$AAo@ 00418940     LIBCMT:crt0msg.obj
 0002:000009a8       ??_C@_1MG@ENCOOIDF@?$AAR?$AA6?$AA0?$AA3?$AA1?$AA?$AN?$AA?6?$AA?9?$AA?5?$AAA?$AAt?$AAt?$AAe?$AAm?$AAp?$AAt?$AA?5?$AAt?$AAo?$AA?5?$AAi?$AAn?$AAi?$AAt?$AAi?$AAa?$AAl?$AAi?$AAz?$AAe?$AA?5?$AAt@ 004189a8     LIBCMT:crt0msg.obj
 0002:00000a70       ??_C@_1DO@BMFCDCD@?$AAR?$AA6?$AA0?$AA3?$AA0?$AA?$AN?$AA?6?$AA?9?$AA?5?$AAC?$AAR?$AAT?$AA?5?$AAn?$AAo?$AAt?$AA?5?$AAi?$AAn?$AAi?$AAt?$AAi?$AAa?$AAl?$AAi?$AAz?$AAe?$AAd?$AA?$AN?$AA?6?$AA?$AA@ 00418a70     LIBCMT:crt0msg.obj
 0002:00000ab0       ??_C@_1EK@HHFLMAOL@?$AAR?$AA6?$AA0?$AA2?$AA8?$AA?$AN?$AA?6?$AA?9?$AA?5?$AAu?$AAn?$AAa?$AAb?$AAl?$AAe?$AA?5?$AAt?$AAo?$AA?5?$AAi?$AAn?$AAi?$AAt?$AAi?$AAa?$AAl?$AAi?$AAz?$AAe?$AA?5?$AAh?$AAe@ 00418ab0     LIBCMT:crt0msg.obj
 0002:00000b00       ??_C@_1GK@MFGOKLAG@?$AAR?$AA6?$AA0?$AA2?$AA7?$AA?$AN?$AA?6?$AA?9?$AA?5?$AAn?$AAo?$AAt?$AA?5?$AAe?$AAn?$AAo?$AAu?$AAg?$AAh?$AA?5?$AAs?$AAp?$AAa?$AAc?$AAe?$AA?5?$AAf?$AAo?$AAr?$AA?5?$AAl?$AAo@ 00418b00     LIBCMT:crt0msg.obj
 0002:00000b70       ??_C@_1GK@MCAAGJMO@?$AAR?$AA6?$AA0?$AA2?$AA6?$AA?$AN?$AA?6?$AA?9?$AA?5?$AAn?$AAo?$AAt?$AA?5?$AAe?$AAn?$AAo?$AAu?$AAg?$AAh?$AA?5?$AAs?$AAp?$AAa?$AAc?$AAe?$AA?5?$AAf?$AAo?$AAr?$AA?5?$AAs?$AAt@ 00418b70     LIBCMT:crt0msg.obj
 0002:00000be0       ??_C@_1EM@MAADIHMB@?$AAR?$AA6?$AA0?$AA2?$AA5?$AA?$AN?$AA?6?$AA?9?$AA?5?$AAp?$AAu?$AAr?$AAe?$AA?5?$AAv?$AAi?$AAr?$AAt?$AAu?$AAa?$AAl?$AA?5?$AAf?$AAu?$AAn?$AAc?$AAt?$AAi?$AAo?$AAn?$AA?5?$AAc@ 00418be0     LIBCMT:crt0msg.obj
 0002:00000c30       ??_C@_1GK@FHCKBEFA@?$AAR?$AA6?$AA0?$AA2?$AA4?$AA?$AN?$AA?6?$AA?9?$AA?5?$AAn?$AAo?$AAt?$AA?5?$AAe?$AAn?$AAo?$AAu?$AAg?$AAh?$AA?5?$AAs?$AAp?$AAa?$AAc?$AAe?$AA?5?$AAf?$AAo?$AAr?$AA?5?$AA_?$AAo@ 00418c30     LIBCMT:crt0msg.obj
 0002:00000ca0       ??_C@_1FC@ECHBIFBC@?$AAR?$AA6?$AA0?$AA1?$AA9?$AA?$AN?$AA?6?$AA?9?$AA?5?$AAu?$AAn?$AAa?$AAb?$AAl?$AAe?$AA?5?$AAt?$AAo?$AA?5?$AAo?$AAp?$AAe?$AAn?$AA?5?$AAc?$AAo?$AAn?$AAs?$AAo?$AAl?$AAe?$AA?5@ 00418ca0     LIBCMT:crt0msg.obj
 0002:00000cf8       ??_C@_1EC@JIBHAOPH@?$AAR?$AA6?$AA0?$AA1?$AA8?$AA?$AN?$AA?6?$AA?9?$AA?5?$AAu?$AAn?$AAe?$AAx?$AAp?$AAe?$AAc?$AAt?$AAe?$AAd?$AA?5?$AAh?$AAe?$AAa?$AAp?$AA?5?$AAe?$AAr?$AAr?$AAo?$AAr?$AA?$AN?$AA?6@ 00418cf8     LIBCMT:crt0msg.obj
 0002:00000d40       ??_C@_1FK@BEOGODMC@?$AAR?$AA6?$AA0?$AA1?$AA7?$AA?$AN?$AA?6?$AA?9?$AA?5?$AAu?$AAn?$AAe?$AAx?$AAp?$AAe?$AAc?$AAt?$AAe?$AAd?$AA?5?$AAm?$AAu?$AAl?$AAt?$AAi?$AAt?$AAh?$AAr?$AAe?$AAa?$AAd?$AA?5@ 00418d40     LIBCMT:crt0msg.obj
 0002:00000da0       ??_C@_1FI@LOGNIKDM@?$AAR?$AA6?$AA0?$AA1?$AA6?$AA?$AN?$AA?6?$AA?9?$AA?5?$AAn?$AAo?$AAt?$AA?5?$AAe?$AAn?$AAo?$AAu?$AAg?$AAh?$AA?5?$AAs?$AAp?$AAa?$AAc?$AAe?$AA?5?$AAf?$AAo?$AAr?$AA?5?$AAt?$AAh@ 00418da0     LIBCMT:crt0msg.obj
 0002:00000df8       ??_C@_1EG@BEHAGFJD@?$AAR?$AA6?$AA0?$AA1?$AA0?$AA?$AN?$AA?6?$AA?9?$AA?5?$AAa?$AAb?$AAo?$AAr?$AAt?$AA?$CI?$AA?$CJ?$AA?5?$AAh?$AAa?$AAs?$AA?5?$AAb?$AAe?$AAe?$AAn?$AA?5?$AAc?$AAa?$AAl?$AAl?$AAe?$AAd@ 00418df8     LIBCMT:crt0msg.obj
 0002:00000e40       ??_C@_1FI@HONFMGBI@?$AAR?$AA6?$AA0?$AA0?$AA9?$AA?$AN?$AA?6?$AA?9?$AA?5?$AAn?$AAo?$AAt?$AA?5?$AAe?$AAn?$AAo?$AAu?$AAg?$AAh?$AA?5?$AAs?$AAp?$AAa?$AAc?$AAe?$AA?5?$AAf?$AAo?$AAr?$AA?5?$AAe?$AAn@ 00418e40     LIBCMT:crt0msg.obj
 0002:00000e98       ??_C@_1FE@LLNEDJMD@?$AAR?$AA6?$AA0?$AA0?$AA8?$AA?$AN?$AA?6?$AA?9?$AA?5?$AAn?$AAo?$AAt?$AA?5?$AAe?$AAn?$AAo?$AAu?$AAg?$AAh?$AA?5?$AAs?$AAp?$AAa?$AAc?$AAe?$AA?5?$AAf?$AAo?$AAr?$AA?5?$AAa?$AAr@ 00418e98     LIBCMT:crt0msg.obj
 0002:00000ef0       ??_C@_1FK@PGACCAFB@?$AAR?$AA6?$AA0?$AA0?$AA2?$AA?$AN?$AA?6?$AA?9?$AA?5?$AAf?$AAl?$AAo?$AAa?$AAt?$AAi?$AAn?$AAg?$AA?5?$AAp?$AAo?$AAi?$AAn?$AAt?$AA?5?$AAs?$AAu?$AAp?$AAp?$AAo?$AAr?$AAt?$AA?5@ 00418ef0     LIBCMT:crt0msg.obj
 0002:00001000       ??_C@_1EK@MBDPDCGA@?$AAM?$AAi?$AAc?$AAr?$AAo?$AAs?$AAo?$AAf?$AAt?$AA?5?$AAV?$AAi?$AAs?$AAu?$AAa?$AAl?$AA?5?$AAC?$AA?$CL?$AA?$CL?$AA?5?$AAR?$AAu?$AAn?$AAt?$AAi?$AAm?$AAe?$AA?5?$AAL?$AAi?$AAb@ 00419000     LIBCMT:crt0msg.obj
 0002:0000104c       ??_C@_15IABLJNFO@?$AA?6?$AA?6?$AA?$AA@ 0041904c     LIBCMT:crt0msg.obj
 0002:00001054       ??_C@_17LGKOMLJ@?$AA?4?$AA?4?$AA?4?$AA?$AA@ 00419054     LIBCMT:crt0msg.obj
 0002:0000105c       ??_C@_1CO@EAEJAADC@?$AA?$DM?$AAp?$AAr?$AAo?$AAg?$AAr?$AAa?$AAm?$AA?5?$AAn?$AAa?$AAm?$AAe?$AA?5?$AAu?$AAn?$AAk?$AAn?$AAo?$AAw?$AAn?$AA?$DO?$AA?$AA@ 0041905c     LIBCMT:crt0msg.obj
 0002:0000108c       ??_C@_1DE@JNGNBFGO@?$AAR?$AAu?$AAn?$AAt?$AAi?$AAm?$AAe?$AA?5?$AAE?$AAr?$AAr?$AAo?$AAr?$AA?$CB?$AA?6?$AA?6?$AAP?$AAr?$AAo?$AAg?$AAr?$AAa?$AAm?$AA?3?$AA?5?$AA?$AA@ 0041908c     LIBCMT:crt0msg.obj
 0002:000010c0       __XcptActTab               004190c0     LIBCMT:winxfltr.obj
 0002:00001150       __First_FPE_Indx           00419150     LIBCMT:winxfltr.obj
 0002:00001154       __Num_FPE                  00419154     LIBCMT:winxfltr.obj
 0002:00001158       __XcptActTabSize           00419158     LIBCMT:winxfltr.obj
 0002:0000115c       __XcptActTabCount          0041915c     LIBCMT:winxfltr.obj
 0002:00001160       ??_C@_00CNPNBAHC@?$AA@     00419160     LIBCMT:wincmdln.obj
 0002:00001168       ___newctype                00419168     LIBCMT:ctype.obj
 0002:00001468       __wctype                   00419468     LIBCMT:ctype.obj
 0002:00001670       ___newclmap                00419670     LIBCMT:ctype.obj
 0002:000017f0       ___newcumap                004197f0     LIBCMT:ctype.obj
 0002:00001970       ??_C@_07LCBHPJJN@LC_TIME?$AA@ 00419970     LIBCMT:setlocal.obj
 0002:00001978       ??_C@_0L@DLHIECNL@LC_NUMERIC?$AA@ 00419978     LIBCMT:setlocal.obj
 0002:00001984       ??_C@_0M@MIENIKLA@LC_MONETARY?$AA@ 00419984     LIBCMT:setlocal.obj
 0002:00001990       ??_C@_08EADHIDAD@LC_CTYPE?$AA@ 00419990     LIBCMT:setlocal.obj
 0002:0000199c       ??_C@_0L@KFJHEKIK@LC_COLLATE?$AA@ 0041999c     LIBCMT:setlocal.obj
 0002:000019a8       ??_C@_06NEFDFEKB@LC_ALL?$AA@ 004199a8     LIBCMT:setlocal.obj
 0002:000019b0       ___lc_category             004199b0     LIBCMT:setlocal.obj
 0002:00001a78       ??_C@_03EGDHDPFD@_?4?0?$AA@ 00419a78     LIBCMT:setlocal.obj
 0002:00001a7c       ??_C@_01LFCBOECM@?4?$AA@   00419a7c     LIBCMT:setlocal.obj
 0002:00001a80       ??_C@_01IDAFKMJL@_?$AA@    00419a80     LIBCMT:setlocal.obj
 0002:00001a84       ??_C@_01ICJEACDI@?$DL?$AA@ 00419a84     LIBCMT:setlocal.obj
 0002:00001a88       ??_C@_01NEMOKFLO@?$DN?$AA@ 00419a88     LIBCMT:setlocal.obj
 0002:00001a8c       ??_C@_01GFHCPBMG@C?$AA@    00419a8c     LIBCMT:setlocal.obj
 0002:00001a90       ??_C@_02BALPLPBG@?$DN?$DL?$AA@ 00419a90     LIBCMT:setlocal.obj
 0002:00001a98       ___lookuptable_s           00419a98     LIBCMT:outputs.obj
 0002:00001af4       ??_C@_0BC@JEAENNKH@SystemFunction036?$AA@ 00419af4     LIBCMT:rand_s.obj
 0002:00001b08       ??_C@_1BK@GAEMIDIL@?$AAA?$AAD?$AAV?$AAA?$AAP?$AAI?$AA3?$AA2?$AA?4?$AAD?$AAL?$AAL?$AA?$AA@ 00419b08     LIBCMT:rand_s.obj
 0002:00001b24       ??_C@_0BI@DFKBFLJE@GetProcessWindowStation?$AA@ 00419b24     LIBCMT:crtmboxw.obj
 0002:00001b3c       ??_C@_0BK@DEKFELLI@GetUserObjectInformationW?$AA@ 00419b3c     LIBCMT:crtmboxw.obj
 0002:00001b58       ??_C@_0BD@HHGDFDBJ@GetLastActivePopup?$AA@ 00419b58     LIBCMT:crtmboxw.obj
 0002:00001b6c       ??_C@_0BA@HNOPNCHB@GetActiveWindow?$AA@ 00419b6c     LIBCMT:crtmboxw.obj
 0002:00001b7c       ??_C@_0M@DLDCCGNP@MessageBoxW?$AA@ 00419b7c     LIBCMT:crtmboxw.obj
 0002:00001b88       ??_C@_1BG@GOEBHBDC@?$AAU?$AAS?$AAE?$AAR?$AA3?$AA2?$AA?4?$AAD?$AAL?$AAL?$AA?$AA@ 00419b88     LIBCMT:crtmboxw.obj
 0002:00001ba0       ??_C@_0O@FMJNFNKE@united?9states?$AA@ 00419ba0     LIBCMT:getqloc.obj
 0002:00001bb0       ??_C@_0P@NDHFFKCA@united?9kingdom?$AA@ 00419bb0     LIBCMT:getqloc.obj
 0002:00001bc0       ??_C@_0BC@HHDADLGF@trinidad?5?$CG?5tobago?$AA@ 00419bc0     LIBCMT:getqloc.obj
 0002:00001bd4       ??_C@_0M@IOAEBDAC@south?9korea?$AA@ 00419bd4     LIBCMT:getqloc.obj
 0002:00001be0       ??_C@_0N@FIELFKIJ@south?9africa?$AA@ 00419be0     LIBCMT:getqloc.obj
 0002:00001bf0       ??_C@_0M@OPNDHCMC@south?5korea?$AA@ 00419bf0     LIBCMT:getqloc.obj
 0002:00001bfc       ??_C@_0N@MDEOEPFI@south?5africa?$AA@ 00419bfc     LIBCMT:getqloc.obj
 0002:00001c0c       ??_C@_06FKAPCJLB@slovak?$AA@ 00419c0c     LIBCMT:getqloc.obj
 0002:00001c14       ??_C@_0M@EFJANOAL@puerto?9rico?$AA@ 00419c14     LIBCMT:getqloc.obj
 0002:00001c20       ??_C@_08PGOJKDAI@pr?9china?$AA@ 00419c20     LIBCMT:getqloc.obj
 0002:00001c2c       ??_C@_08JHDOMCMI@pr?5china?$AA@ 00419c2c     LIBCMT:getqloc.obj
 0002:00001c38       ??_C@_02JHCHFBLL@nz?$AA@   00419c38     LIBCMT:getqloc.obj
 0002:00001c3c       ??_C@_0M@LINHDHKP@new?9zealand?$AA@ 00419c3c     LIBCMT:getqloc.obj
 0002:00001c48       ??_C@_09IIIPPBDB@hong?9kong?$AA@ 00419c48     LIBCMT:getqloc.obj
 0002:00001c54       ??_C@_07HJLCKBG@holland?$AA@ 00419c54     LIBCMT:getqloc.obj
 0002:00001c5c       ??_C@_0O@LEHGMHAG@great?5britain?$AA@ 00419c5c     LIBCMT:getqloc.obj
 0002:00001c6c       ??_C@_07FACOMELA@england?$AA@ 00419c6c     LIBCMT:getqloc.obj
 0002:00001c74       ??_C@_05JIHCEICB@czech?$AA@ 00419c74     LIBCMT:getqloc.obj
 0002:00001c7c       ??_C@_05BBJOBLGB@china?$AA@ 00419c7c     LIBCMT:getqloc.obj
 0002:00001c84       ??_C@_07GPKPHICP@britain?$AA@ 00419c84     LIBCMT:getqloc.obj
 0002:00001c8c       ??_C@_07MHIPBHMG@america?$AA@ 00419c8c     LIBCMT:getqloc.obj
 0002:00001c94       ??_C@_03KIALPMKC@usa?$AA@  00419c94     LIBCMT:getqloc.obj
 0002:00001c98       ??_C@_02FGJGKGGD@us?$AA@   00419c98     LIBCMT:getqloc.obj
 0002:00001c9c       ??_C@_02NEINDODK@uk?$AA@   00419c9c     LIBCMT:getqloc.obj
 0002:00001ca0       ??_C@_05JMPCFJFJ@swiss?$AA@ 00419ca0     LIBCMT:getqloc.obj
 0002:00001ca8       ??_C@_0BA@HLOCPIOD@swedish?9finland?$AA@ 00419ca8     LIBCMT:getqloc.obj
 0002:00001cb8       ??_C@_0BC@PKCNIABK@spanish?9venezuela?$AA@ 00419cb8     LIBCMT:getqloc.obj
 0002:00001ccc       ??_C@_0BA@GBHHMIJI@spanish?9uruguay?$AA@ 00419ccc     LIBCMT:getqloc.obj
 0002:00001cdc       ??_C@_0BE@BHDOHPMC@spanish?9puerto?5rico?$AA@ 00419cdc     LIBCMT:getqloc.obj
 0002:00001cf0       ??_C@_0N@KMOIDGGN@spanish?9peru?$AA@ 00419cf0     LIBCMT:getqloc.obj
 0002:00001d00       ??_C@_0BB@HMHLPGPH@spanish?9paraguay?$AA@ 00419d00     LIBCMT:getqloc.obj
 0002:00001d14       ??_C@_0P@MCPKNGFD@spanish?9panama?$AA@ 00419d14     LIBCMT:getqloc.obj
 0002:00001d24       ??_C@_0BC@IHOHGAIL@spanish?9nicaragua?$AA@ 00419d24     LIBCMT:getqloc.obj
 0002:00001d38       ??_C@_0P@KLMJDNFJ@spanish?9modern?$AA@ 00419d38     LIBCMT:getqloc.obj
 0002:00001d48       ??_C@_0BA@BPAPGBCM@spanish?9mexican?$AA@ 00419d48     LIBCMT:getqloc.obj
 0002:00001d58       ??_C@_0BB@PDECHHHE@spanish?9honduras?$AA@ 00419d58     LIBCMT:getqloc.obj
 0002:00001d6c       ??_C@_0BC@KLHKFGDB@spanish?9guatemala?$AA@ 00419d6c     LIBCMT:getqloc.obj
 0002:00001d80       ??_C@_0BE@MFOOKJAI@spanish?9el?5salvador?$AA@ 00419d80     LIBCMT:getqloc.obj
 0002:00001d94       ??_C@_0BA@FCOKFPFC@spanish?9ecuador?$AA@ 00419d94     LIBCMT:getqloc.obj
 0002:00001da4       ??_C@_0BL@PLMGIMOO@spanish?9dominican?5republic?$AA@ 00419da4     LIBCMT:getqloc.obj
 0002:00001dc0       ??_C@_0BD@HLGDNMHB@spanish?9costa?5rica?$AA@ 00419dc0     LIBCMT:getqloc.obj
 0002:00001dd4       ??_C@_0BB@PKCBKCPE@spanish?9colombia?$AA@ 00419dd4     LIBCMT:getqloc.obj
 0002:00001de8       ??_C@_0O@MCBIJGNE@spanish?9chile?$AA@ 00419de8     LIBCMT:getqloc.obj
 0002:00001df8       ??_C@_0BA@BEFEIGJJ@spanish?9bolivia?$AA@ 00419df8     LIBCMT:getqloc.obj
 0002:00001e08       ??_C@_0BC@EMECMPD@spanish?9argentina?$AA@ 00419e08     LIBCMT:getqloc.obj
 0002:00001e1c       ??_C@_0BF@EALFLENP@portuguese?9brazilian?$AA@ 00419e1c     LIBCMT:getqloc.obj
 0002:00001e34       ??_C@_0BC@HBLEBLNN@norwegian?9nynorsk?$AA@ 00419e34     LIBCMT:getqloc.obj
 0002:00001e48       ??_C@_0BB@HMACDDCK@norwegian?9bokmal?$AA@ 00419e48     LIBCMT:getqloc.obj
 0002:00001e5c       ??_C@_09BAFFPPHE@norwegian?$AA@ 00419e5c     LIBCMT:getqloc.obj
 0002:00001e68       ??_C@_0O@EAJFJDFG@italian?9swiss?$AA@ 00419e68     LIBCMT:getqloc.obj
 0002:00001e78       ??_C@_0O@CNOMPGD@irish?9english?$AA@ 00419e78     LIBCMT:getqloc.obj
 0002:00001e88       ??_C@_0N@EDHBGCKG@german?9swiss?$AA@ 00419e88     LIBCMT:getqloc.obj
 0002:00001e98       ??_C@_0BC@JACMHNBP@german?9luxembourg?$AA@ 00419e98     LIBCMT:getqloc.obj
 0002:00001eac       ??_C@_0BE@HBGMGFEG@german?9lichtenstein?$AA@ 00419eac     LIBCMT:getqloc.obj
 0002:00001ec0       ??_C@_0BA@HKKBIBKL@german?9austrian?$AA@ 00419ec0     LIBCMT:getqloc.obj
 0002:00001ed0       ??_C@_0N@GCAEPEBK@french?9swiss?$AA@ 00419ed0     LIBCMT:getqloc.obj
 0002:00001ee0       ??_C@_0BC@DJFJJCK@french?9luxembourg?$AA@ 00419ee0     LIBCMT:getqloc.obj
 0002:00001ef4       ??_C@_0BA@NNCEDFIC@french?9canadian?$AA@ 00419ef4     LIBCMT:getqloc.obj
 0002:00001f04       ??_C@_0P@CMPOCLM@french?9belgian?$AA@ 00419f04     LIBCMT:getqloc.obj
 0002:00001f14       ??_C@_0M@GHHDJOK@english?9usa?$AA@ 00419f14     LIBCMT:getqloc.obj
 0002:00001f20       ??_C@_0L@PLDJKEIL@english?9us?$AA@ 00419f20     LIBCMT:getqloc.obj
 0002:00001f2c       ??_C@_0L@HJCCDMNC@english?9uk?$AA@ 00419f2c     LIBCMT:getqloc.obj
 0002:00001f38       ??_C@_0BK@CKLIAGJB@english?9trinidad?5y?5tobago?$AA@ 00419f38     LIBCMT:getqloc.obj
 0002:00001f54       ??_C@_0BF@JMJMGNNF@english?9south?5africa?$AA@ 00419f54     LIBCMT:getqloc.obj
 0002:00001f6c       ??_C@_0L@DKIIFDFD@english?9nz?$AA@ 00419f6c     LIBCMT:getqloc.obj
 0002:00001f78       ??_C@_0BA@ONHGJCLH@english?9jamaica?$AA@ 00419f78     LIBCMT:getqloc.obj
 0002:00001f88       ??_C@_0M@HJBGHOPO@english?9ire?$AA@ 00419f88     LIBCMT:getqloc.obj
 0002:00001f94       ??_C@_0BC@LFEKMIFB@english?9caribbean?$AA@ 00419f94     LIBCMT:getqloc.obj
 0002:00001fa8       ??_C@_0M@OLDPFKHI@english?9can?$AA@ 00419fa8     LIBCMT:getqloc.obj
 0002:00001fb4       ??_C@_0P@OMDEHBMP@english?9belize?$AA@ 00419fb4     LIBCMT:getqloc.obj
 0002:00001fc4       ??_C@_0M@KFHFPFED@english?9aus?$AA@ 00419fc4     LIBCMT:getqloc.obj
 0002:00001fd0       ??_C@_0BB@MNMBKDFE@english?9american?$AA@ 00419fd0     LIBCMT:getqloc.obj
 0002:00001fe4       ??_C@_0O@KIDLNNBA@dutch?9belgian?$AA@ 00419fe4     LIBCMT:getqloc.obj
 0002:00001ff4       ??_C@_0BE@JBKABBMH@chinese?9traditional?$AA@ 00419ff4     LIBCMT:getqloc.obj
 0002:00002008       ??_C@_0BC@MJJMPKCG@chinese?9singapore?$AA@ 0041a008     LIBCMT:getqloc.obj
 0002:0000201c       ??_C@_0BD@FDKADDCP@chinese?9simplified?$AA@ 0041a01c     LIBCMT:getqloc.obj
 0002:00002030       ??_C@_0BB@DBEFDDME@chinese?9hongkong?$AA@ 0041a030     LIBCMT:getqloc.obj
 0002:00002044       ??_C@_07DHNMFMCI@chinese?$AA@ 0041a044     LIBCMT:getqloc.obj
 0002:0000204c       ??_C@_03FNDDCHI@chi?$AA@   0041a04c     LIBCMT:getqloc.obj
 0002:00002050       ??_C@_03BMMIADDJ@chh?$AA@  0041a050     LIBCMT:getqloc.obj
 0002:00002054       ??_C@_08OAIPJDGI@canadian?$AA@ 0041a054     LIBCMT:getqloc.obj
 0002:00002060       ??_C@_07HBPMNPNJ@belgian?$AA@ 0041a060     LIBCMT:getqloc.obj
 0002:00002068       ??_C@_0L@OEKOPBEL@australian?$AA@ 0041a068     LIBCMT:getqloc.obj
 0002:00002074       ??_C@_0BB@MEIMBEDG@american?9english?$AA@ 0041a074     LIBCMT:getqloc.obj
 0002:00002088       ??_C@_0BB@DFMDPDGB@american?5english?$AA@ 0041a088     LIBCMT:getqloc.obj
 0002:0000209c       ??_C@_08IJLOKOLL@american?$AA@ 0041a09c     LIBCMT:getqloc.obj
 0002:000020a8       ___rg_language             0041a0a8     LIBCMT:getqloc.obj
 0002:000022b0       ___rg_country              0041a2b0     LIBCMT:getqloc.obj
 0002:00002368       ___rglangidNotDefault      0041a368     LIBCMT:getqloc.obj
 0002:0000237c       ??_C@_03NFKLAGEF@OCP?$AA@  0041a37c     LIBCMT:getqloc.obj
 0002:00002380       ??_C@_03DFHEHBHG@ACP?$AA@  0041a380     LIBCMT:getqloc.obj
 0002:00002384       ??_C@_0BC@NFIEMBLL@Norwegian?9Nynorsk?$AA@ 0041a384     LIBCMT:getqloc.obj
 0002:00002398       ??_C@_1BA@BALFACEM@?$AAC?$AAO?$AAN?$AAO?$AAU?$AAT?$AA$?$AA?$AA@ 0041a398     LIBCMT:initcon.obj
 0002:000023a8       __load_config_used         0041a3a8     LIBCMT:loadcfg.obj
 0002:00002450       ___safe_se_handler_table   0041a450     <linker-defined>
 0002:0000245c       ___rtc_iaa                 0041a45c     LIBCMT:_initsect_.obj
 0002:00002460       ___rtc_izz                 0041a460     LIBCMT:_initsect_.obj
 0002:00002464       ___rtc_taa                 0041a464     LIBCMT:_initsect_.obj
 0002:00002468       ___rtc_tzz                 0041a468     LIBCMT:_initsect_.obj
 0002:00002ab4       __IMPORT_DESCRIPTOR_USER32 0041aab4     user32:USER32.dll
 0002:00002ac8       __IMPORT_DESCRIPTOR_SHELL32 0041aac8     shell32:SHELL32.dll
 0002:00002adc       __IMPORT_DESCRIPTOR_COMDLG32 0041aadc     comdlg32:COMDLG32.dll
 0002:00002af0       __IMPORT_DESCRIPTOR_libxl  0041aaf0     libxl:libxl.dll
 0002:00002b04       __IMPORT_DESCRIPTOR_KERNEL32 0041ab04     kernel32:KERNEL32.dll
 0002:00002b18       __NULL_IMPORT_DESCRIPTOR   0041ab18     user32:USER32.dll
 0003:000000f4       _gbk_dropfile_error        0041c0f4     gbk_string.obj
 0003:00000114       _gbk_error                 0041c114     gbk_string.obj
 0003:0000011c       _gbk_file_error            0041c11c     gbk_string.obj
 0003:0000012c       ___security_cookie         0041c12c     LIBCMT:gs_cookie.obj
 0003:00000130       ___security_cookie_complement 0041c130     LIBCMT:gs_cookie.obj
 0003:00000140       ___app_type                0041c140     LIBCMT:wincrt0.obj
 0003:00000160       __timezone                 0041c160     LIBCMT:timeset.obj
 0003:00000164       __daylight                 0041c164     LIBCMT:timeset.obj
 0003:00000168       __dstbias                  0041c168     LIBCMT:timeset.obj
 0003:000001f0       __tzname                   0041c1f0     LIBCMT:timeset.obj
 0003:00000370       ___initialmbcinfo          0041c370     LIBCMT:mbctype.obj
 0003:00000590       __mbctype                  0041c590     LIBCMT:mbctype.obj
 0003:00000698       __mbcasemap                0041c698     LIBCMT:mbctype.obj
 0003:00000798       ___ptmbcinfo               0041c798     LIBCMT:mbctype.obj
 0003:00000890       ___globallocalestatus      0041c890     LIBCMT:glstatus.obj
 0003:00000894       ___clocalestr              0041c894     LIBCMT:nlsdata2.obj
 0003:00000898       ___lc_time_c               0041c898     LIBCMT:nlsdata2.obj
 0003:00000a00       ___initiallocinfo          0041ca00     LIBCMT:nlsdata2.obj
 0003:00000ad8       ___ptlocinfo               0041cad8     LIBCMT:nlsdata2.obj
 0003:00000adc       ___initiallocalestructinfo 0041cadc     LIBCMT:nlsdata2.obj
 0003:00000ae4       ___flsindex                0041cae4     LIBCMT:tidtable.obj
 0003:00000ae8       ___getvalueindex           0041cae8     LIBCMT:tidtable.obj
 0003:00000af0       __iob                      0041caf0     LIBCMT:_file.obj
 0003:00000d70       ___nullstring              0041cd70     LIBCMT:output.obj
 0003:00000d74       ___wnullstring             0041cd74     LIBCMT:output.obj
 0003:00000d78       ___badioinfo               0041cd78     LIBCMT:ioinit.obj
 0003:00000ee0       __lpdays                   0041cee0     LIBCMT:days.obj
 0003:00000f14       __days                     0041cf14     LIBCMT:days.obj
 0003:00000f50       ___lconv_static_decimal    0041cf50     LIBCMT:lconv.obj
 0003:00000f54       ___lconv_static_W_decimal  0041cf54     LIBCMT:lconv.obj
 0003:00000f58       ___lconv_c                 0041cf58     LIBCMT:lconv.obj
 0003:00000fa8       ___lconv                   0041cfa8     LIBCMT:lconv.obj
 0003:00000fac       __pctype                   0041cfac     LIBCMT:ctype.obj
 0003:00000fb0       __pwctype                  0041cfb0     LIBCMT:ctype.obj
 0003:00000fc0       __NLG_Destination          0041cfc0     LIBCMT:exsup.obj
 0003:00000fd0       __cfltcvt_tab              0041cfd0     LIBCMT:cmiscdat.obj
 0003:00001000       ___mb_cur_max              0041d000     LIBCMT:nlsdata1.obj
 0003:00001004       ___decimal_point           0041d004     LIBCMT:nlsdata1.obj
 0003:00001008       ___decimal_point_length    0041d008     LIBCMT:nlsdata1.obj
 0003:00001010       __confh                    0041d010     LIBCMT:initcon.obj
 0003:00001018       __lookuptrailbytes         0041d018     LIBCMT:read.obj
 0003:00001118       ___abort_behavior          0041d118     LIBCMT:abort.obj
 0003:00001520       __aenvptr                  0041d520     LIBCMT:wincrt0.obj
 0003:00001524       __wenvptr                  0041d524     LIBCMT:wincrt0.obj
 0003:00001528       ___error_mode              0041d528     LIBCMT:wincrt0.obj
 0003:0000152c       ___pInvalidArgHandler      0041d52c     LIBCMT:invarg.obj
 0003:000015ec       ___mbulinfo                0041d5ec     LIBCMT:mbctype.obj
 0003:000015f8       ___mbcodepage              0041d5f8     LIBCMT:mbctype.obj
 0003:000015fc       ___ismbcodepage            0041d5fc     LIBCMT:mbctype.obj
 0003:00001600       ___mblcid                  0041d600     LIBCMT:mbctype.obj
 0003:00001604       _gpFlsAlloc                0041d604     LIBCMT:tidtable.obj
 0003:00001608       _gpFlsGetValue             0041d608     LIBCMT:tidtable.obj
 0003:0000160c       _gpFlsSetValue             0041d60c     LIBCMT:tidtable.obj
 0003:00001610       _gpFlsFree                 0041d610     LIBCMT:tidtable.obj
 0003:00001614       __maxwait                  0041d614     LIBCMT:crtheap.obj
 0003:00001618       __cflush                   0041d618     LIBCMT:_file.obj
 0003:00001944       __umaskval                 0041d944     LIBCMT:crt0dat.obj
 0003:00001948       ___argc                    0041d948     LIBCMT:crt0dat.obj
 0003:0000194c       ___argv                    0041d94c     LIBCMT:crt0dat.obj
 0003:00001950       ___wargv                   0041d950     LIBCMT:crt0dat.obj
 0003:00001954       __environ                  0041d954     LIBCMT:crt0dat.obj
 0003:00001958       ___initenv                 0041d958     LIBCMT:crt0dat.obj
 0003:0000195c       __wenviron                 0041d95c     LIBCMT:crt0dat.obj
 0003:00001960       ___winitenv                0041d960     LIBCMT:crt0dat.obj
 0003:00001964       __pgmptr                   0041d964     LIBCMT:crt0dat.obj
 0003:00001968       __wpgmptr                  0041d968     LIBCMT:crt0dat.obj
 0003:0000196c       __exitflag                 0041d96c     LIBCMT:crt0dat.obj
 0003:00001970       __C_Termination_Done       0041d970     LIBCMT:crt0dat.obj
 0003:00001974       __C_Exit_Done              0041d974     LIBCMT:crt0dat.obj
 0003:000020a8       __crtheap                  0041e0a8     LIBCMT:heapinit.obj
 0003:00002200       ___lconv_static_null       0041e200     LIBCMT:lconv.obj
 0003:00002204       ___lconv_static_W_null     0041e204     LIBCMT:lconv.obj
 0003:00002208       ___locale_changed          0041e208     LIBCMT:setlocal.obj
 0003:0000220c       ?_pnhHeap@@3P6AHI@ZA       0041e20c     LIBCMT:handler.obj
 0003:00002210       __newmode                  0041e210     LIBCMT:_newmode.obj
 0003:00002214       __commode                  0041e214     LIBCMT:ncommode.obj
 0003:0000221c       ?__pInconsistency@@3P6AXXZA 0041e21c     LIBCMT:hooks.obj
 0003:00002238       ___pPurecall               0041e238     LIBCMT:inithelp.obj
 0003:00002250       __stdbuf                   0041e250     LIBCMT:_sftbuf.obj
 0003:00002258       __fmode                    0041e258     LIBCMT:txtmode.obj
 0003:0000225c       ___setlc_active            0041e25c     <common>
 0003:00002260       ___unguarded_readlc_active 0041e260     <common>
 0003:00002264       __debugger_hook_dummy      0041e264     <common>
 0003:00002268       __nhandle                  0041e268     <common>
 0003:00002280       ___pioinfo                 0041e280     <common>
 0003:00002380       ___env_initialized         0041e380     <common>
 0003:00002384       ___onexitend               0041e384     <common>
 0003:00002388       ___onexitbegin             0041e388     <common>
 0003:0000238c       ___mbctype_initialized     0041e38c     <common>
 0003:00002390       __FPinit                   0041e390     <common>
 0003:00002394       ___dyn_tls_init_callback   0041e394     <common>
 0003:00002398       ___sse2_available          0041e398     <common>
 0003:0000239c       __pDestructExceptionObject 0041e39c     <common>
 0003:000023a0       ___piob                    0041e3a0     <common>
 0003:000023c0       __bufin                    0041e3c0     <common>
 0003:000033c0       __nstream                  0041f3c0     <common>
 0003:000033c4       __acmdln                   0041f3c4     <common>
 0003:000033c8       __NoHeapEnableTerminationOnCorruption 0041f3c8     <common>

 entry point at        0001:000025b7

 Static symbols

 0001:00000000       _localtime                 00401000 f   main.obj
 0001:00000010       _time                      00401010 f   main.obj
 0001:0000130e       ?_store_str@@YAXPADPAPADPAI@Z 0040230e f   LIBCMT:strftime.obj
 0001:0000132e       ?_store_number@@YAXHPAPADPAI@Z 0040232e f   LIBCMT:strftime.obj
 0001:00001364       ?_store_num@@YAXHHPAPADPAII@Z 00402364 f   LIBCMT:strftime.obj
 0001:000013df       ?_expandtime@@YAHPAUlocaleinfo_struct@@DPBUtm@@PAPADPAIPAU__lc_time_data@@I@Z 004023df f   LIBCMT:strftime.obj
 0001:00001797       ?_store_winword@@YAHPAUlocaleinfo_struct@@HPBUtm@@PAPADPAIPAU__lc_time_data@@@Z 00402797 f   LIBCMT:strftime.obj
 0001:000023da       _fast_error_exit           004033da f   LIBCMT:wincrt0.obj
 0001:00002403       _check_managed_app         00403403 f   LIBCMT:wincrt0.obj
 0001:0000244a       ___tmainCRTStartup         0040344a f   LIBCMT:wincrt0.obj
 0001:00002815       __tzset_nolock             00403815 f   LIBCMT:tzset.obj
 0001:00002b28       _cvtdate                   00403b28 f   LIBCMT:tzset.obj
 0001:00002d1f       __isindst_nolock           00403d1f f   LIBCMT:tzset.obj
 0001:000037d8       ?CPtoLCID@@YAHH@Z          004047d8 f   LIBCMT:mbctype.obj
 0001:00003807       ?setSBCS@@YAXPAUthreadmbcinfostruct@@@Z 00404807 f   LIBCMT:mbctype.obj
 0001:0000386b       ?setSBUpLow@@YAXPAUthreadmbcinfostruct@@@Z 0040486b f   LIBCMT:mbctype.obj
 0001:00003a9f       ?getSystemCP@@YAHH@Z       00404a9f f   LIBCMT:mbctype.obj
 0001:000054c3       _flsall                    004064c3 f   LIBCMT:fflush.obj
 0001:00005810       _ValidateLocalCookies      00406810 f   LIBCMT:chandler4.obj
 0001:00006760       __unwind_handler4          00407760 f   LIBCMT:exsup4.obj
 0001:00006822       _write_char                00407822 f   LIBCMT:output.obj
 0001:00006855       _write_multi_char          00407855 f   LIBCMT:output.obj
 0001:0000687b       _write_string              0040787b f   LIBCMT:output.obj
 0001:0000764a       _write_char                0040864a f   LIBCMT:outputp.obj
 0001:0000767d       _write_multi_char          0040867d f   LIBCMT:outputp.obj
 0001:000076a3       _write_string              004086a3 f   LIBCMT:outputp.obj
 0001:00008ce6       __initterm                 00409ce6 f   LIBCMT:crt0dat.obj
 0001:00008e1e       _doexit                    00409e1e f   LIBCMT:crt0dat.obj
 0001:000091d4       _xcptlookup                0040a1d4 f   LIBCMT:winxfltr.obj
 0001:000094ae       _parse_cmdline             0040a4ae f   LIBCMT:stdargv.obj
 0001:00009f5f       __getenv_s_helper          0040af5f f   LIBCMT:getenv.obj
 0001:00009fea       __dupenv_s_helper          0040afea f   LIBCMT:getenv.obj
 0001:0000a744       ?strncnt@@YAHPBDH@Z        0040b744 f   LIBCMT:a_map.obj
 0001:0000a762       ?__crtLCMapStringA_stat@@YAHPAUlocaleinfo_struct@@KKPBDHPADHHH@Z 0040b762 f   LIBCMT:a_map.obj
 0001:0000a98f       ?__crtGetStringTypeA_stat@@YAHPAUlocaleinfo_struct@@KPBDHPAGHHH@Z 0040b98f f   LIBCMT:a_str.obj
 0001:0000aab6       __get_lc_time              0040bab6 f   LIBCMT:inittime.obj
 0001:0000b6a9       _fix_grouping              0040c6a9 f   LIBCMT:initnum.obj
 0001:0000b932       _fix_grouping              0040c932 f   LIBCMT:initmon.obj
 0001:0000c20f       __copytlocinfo_nolock      0040d20f f   LIBCMT:setlocal.obj
 0001:0000c293       _sync_legacy_variables_lk  0040d293 f   LIBCMT:setlocal.obj
 0001:0000c60b       __setlocale_get_all        0040d60b f   LIBCMT:setlocal.obj
 0001:0000c991       __setlocale_set_cat        0040d991 f   LIBCMT:setlocal.obj
 0001:0000cccb       __setlocale_nolock         0040dccb f   LIBCMT:setlocal.obj
 0001:0000ddc2       __tsopen_nolock            0040edc2 f   LIBCMT:open.obj
 0001:0000ea60       __unwind_handler           0040fa60 f   LIBCMT:exsup.obj
 0001:0000ef95       ?strtoxl@@YAKPAUlocaleinfo_struct@@PBDPAPBDHH@Z 0040ff95 f   LIBCMT:strtol.obj
 0001:0000f251       _write_char                00410251 f   LIBCMT:outputs.obj
 0001:0000f284       _write_multi_char          00410284 f   LIBCMT:outputs.obj
 0001:0000f2aa       _write_string              004102aa f   LIBCMT:outputs.obj
 0001:0000fff3       _ctrlevent_capture@4       00410ff3 f   LIBCMT:winsig.obj
 0001:0001008f       _siglookup                 0041108f f   LIBCMT:winsig.obj
 0001:00010782       __onexit_nolock            00411782 f   LIBCMT:onexit.obj
 0001:00010c36       ?x_ismbbtype_l@@YAHPAUlocaleinfo_struct@@IHH@Z 00411c36 f   LIBCMT:ismbbyte.obj
 0001:00010ef3       ?strtoxq@@YA_KPAUlocaleinfo_struct@@PBDPAPBDHH@Z 00411ef3 f   LIBCMT:strtoq.obj
 0001:000115e6       _TranslateName             004125e6 f   LIBCMT:getqloc.obj
 0001:00011648       _GetLcidFromDefault        00412648 f   LIBCMT:getqloc.obj
 0001:0001165c       _ProcessCodePage           0041265c f   LIBCMT:getqloc.obj
 0001:000116e0       _TestDefaultCountry        004126e0 f   LIBCMT:getqloc.obj
 0001:00011705       _LcidFromHexString         00412705 f   LIBCMT:getqloc.obj
 0001:00011736       _GetPrimaryLen             00412736 f   LIBCMT:getqloc.obj
 0001:00011751       _CountryEnumProc@4         00412751 f   LIBCMT:getqloc.obj
 0001:000117f8       _TestDefaultLanguage       004127f8 f   LIBCMT:getqloc.obj
 0001:00011853       _LangCountryEnumProc@4     00412853 f   LIBCMT:getqloc.obj
 0001:00011a24       _LanguageEnumProc@4        00412a24 f   LIBCMT:getqloc.obj
 0001:00011ae4       _GetLcidFromCountry        00412ae4 f   LIBCMT:getqloc.obj
 0001:00011b10       _GetLcidFromLangCountry    00412b10 f   LIBCMT:getqloc.obj
 0001:00011b77       _GetLcidFromLanguage       00412b77 f   LIBCMT:getqloc.obj
 0001:00011da4       _cmpResult                 00412da4 f   LIBCMT:memcmp.obj
 0001:00011db4       _cmpBYTE                   00412db4 f   LIBCMT:memcmp.obj
 0001:00011dca       _cmpWORD                   00412dca f   LIBCMT:memcmp.obj
 0001:00011e06       _cmpDWORD                  00412e06 f   LIBCMT:memcmp.obj
 0001:00011e76       _unaligned_memcmp          00412e76 f   LIBCMT:memcmp.obj
 0001:000159ad       ?__crtGetLocaleInfoA_stat@@YAHPAUlocaleinfo_struct@@KKPADH@Z 004169ad f   LIBCMT:a_loc.obj
 0001:00015ac1       ?strncnt@@YAHPBDH@Z        00416ac1 f   LIBCMT:a_cmp.obj
 0001:00015adf       ?__crtCompareStringA_stat@@YAHPAUlocaleinfo_struct@@KKPBDH1HH@Z 00416adf f   LIBCMT:a_cmp.obj
 0001:00015ea2       _findenv                   00416ea2 f   LIBCMT:setenv.obj
 0001:00015ef4       _copy_environ              00416ef4 f   LIBCMT:setenv.obj
 0001:00016196       _xtoa_s@20                 00417196 f   LIBCMT:xtoas.obj
 0001:000162bb       @x64toa_s@24               004172bb f   LIBCMT:xtoas.obj
