 xlsx_parse

 Timestamp is 5a30eea8 (Wed Dec 13 17:11:04 2017)

 Preferred load address is 00400000

 Start         Length     Name                   Class
 0001:00000000 00051ecbH .text                   CODE
 0002:00000000 0000016cH .idata$5                DATA
 0002:0000016c 00000004H .CRT$XCA                DATA
 0002:00000170 00000004H .CRT$XCAA               DATA
 0002:00000174 00000004H .CRT$XCZ                DATA
 0002:00000178 00000004H .CRT$XIA                DATA
 0002:0000017c 00000004H .CRT$XIAA               DATA
 0002:00000180 00000004H .CRT$XIY                DATA
 0002:00000184 00000004H .CRT$XIZ                DATA
 0002:00000190 0000de70H .rdata                  DATA
 0002:0000e000 00000051H .rdata$debug            DATA
 0002:0000e060 00000004H .rdata$sxdata           DATA
 0002:0000e064 00000004H .rtc$IAA                DATA
 0002:0000e068 00000004H .rtc$IZZ                DATA
 0002:0000e06c 00000004H .rtc$TAA                DATA
 0002:0000e070 00000004H .rtc$TZZ                DATA
 0002:0000e078 0000005cH .xdata$x                DATA
 0002:0000e0d4 0000003cH .idata$2                DATA
 0002:0000e110 00000014H .idata$3                DATA
 0002:0000e124 0000016cH .idata$4                DATA
 0002:0000e290 000004f2H .idata$6                DATA
 0002:0000e790 000060b5H .edata                  DATA
 0003:00000000 00000400H .data                   DATA
 0003:00000400 000006f0H .bss                    DATA
 0004:00000000 00000118H .rsrc$01                DATA
 0004:00000120 000032f8H .rsrc$02                DATA

  Address         Publics by Value              Rva+Base       Lib:Object

 0000:00000001       ___safe_se_handler_count   00000001     <absolute>
 0000:00000000       ___ImageBase               00400000     <linker-defined>
 0001:00000220       _opcContainerInsertPart    00401220 f   opc:container.obj
 0001:000003e0       _opcContainerDeletePart    004013e0 f   opc:container.obj
 0001:00000810       _insertType                00401810 f   opc:container.obj
 0001:00000960       _opcContainerInsertExtension 00401960 f   opc:container.obj
 0001:00000ab0       _opcContainerInsertRelationType 00401ab0 f   opc:container.obj
 0001:00000c00       _insertExternalRelation    00401c00 f   opc:container.obj
 0001:00000d60       _opcContainerInsertRelation 00401d60 f   opc:container.obj
 0001:00000e70       _opcContainerFindRelation  00401e70 f   opc:container.obj
 0001:00000eb0       _opcContainerDeleteRelation 00401eb0 f   opc:container.obj
 0001:00000fc0       _opcContainerFindRelationById 00401fc0 f   opc:container.obj
 0001:00002030       _opcContainerDump          00403030 f   opc:container.obj
 0001:00003570       _opcContainerOpenInputStreamEx 00404570 f   opc:container.obj
 0001:00003610       _opcContainerOpenInputStream 00404610 f   opc:container.obj
 0001:00003620       _opcContainerReadInputStream 00404620 f   opc:container.obj
 0001:00003650       _opcContainerCloseInputStream 00404650 f   opc:container.obj
 0001:00003680       _opcContainerGetInputStreamCompressionOption 00404680 f   opc:container.obj
 0001:000036a0       _opcContainerCreateOutputStreamEx 004046a0 f   opc:container.obj
 0001:000037a0       _opcContainerCreateOutputStream 004047a0 f   opc:container.obj
 0001:000037b0       _opcContainerWriteOutputStream 004047b0 f   opc:container.obj
 0001:000037d0       _opcContainerCloseOutputStream 004047d0 f   opc:container.obj
 0001:00003f30       _opcContainerOpen          00404f30 f   opc:container.obj
 0001:00003fb0       _opcContainerOpenMem       00404fb0 f   opc:container.obj
 0001:00004030       _opcContainerOpenIO        00405030 f   opc:container.obj
 0001:00004d50       ?opcContainerCommit@@YA?AW4OPC_ERROR_ENUM@@PAUOPC_CONTAINER_STRUCT@@H@Z 00405d50 f   opc:container.obj
 0001:00004d80       _opcContainerClose         00405d80 f   opc:container.obj
 0001:00004dd0       _opcContainerDeletePartEx  00405dd0 f   opc:container.obj
 0001:00004ec0       _opcContentTypeFirst       00405ec0 f   opc:container.obj
 0001:00004ed0       _opcContentTypeNext        00405ed0 f   opc:container.obj
 0001:00004f30       _opcExtensionFirst         00405f30 f   opc:container.obj
 0001:00004f40       _opcExtensionNext          00405f40 f   opc:container.obj
 0001:00004fa0       _opcExtensionGetType       00405fa0 f   opc:container.obj
 0001:00005000       _opcExtensionRegister      00406000 f   opc:container.obj
 0001:00005060       _opcRelationAdd            00406060 f   opc:container.obj
 0001:00005280       _opcRelationAddExternal    00406280 f   opc:container.obj
 0001:00005490       _opcQNameLevelAdd          00406490 f   opc:container.obj
 0001:00005580       _opcQNameLevelLookup       00406580 f   opc:container.obj
 0001:000055d0       _opcQNameLevelCleanup      004065d0 f   opc:container.obj
 0001:00005670       _opcQNameLevelPush         00406670 f   opc:container.obj
 0001:000056c0       _opcQNameLevelPopIfMatch   004066c0 f   opc:container.obj
 0001:00005760       _opcRelationTypeFirst      00406760 f   opc:container.obj
 0001:00005770       _opcRelationTypeNext       00406770 f   opc:container.obj
 0001:000057d0       _opcExternalTargetFirst    004067d0 f   opc:container.obj
 0001:000057e0       _opcExternalTargetNext     004067e0 f   opc:container.obj
 0001:000059b0       ?_opcZipFileMove@@YA?AW4OPC_ERROR_ENUM@@PAUOPC_IO_STRUCT@@III@Z 004069b0 f   opc:zip.obj
 0001:00005bd0       ?_opcZipFileTrim@@YA?AW4OPC_ERROR_ENUM@@PAUOPC_IO_STRUCT@@I@Z 00406bd0 f   opc:zip.obj
 0001:00005c20       ?_opcZipFileFlush@@YA?AW4OPC_ERROR_ENUM@@PAUOPC_IO_STRUCT@@@Z 00406c20 f   opc:zip.obj
 0001:00005c50       _opcZipCreate              00406c50 f   opc:zip.obj
 0001:00005c80       _opcZipClose               00406c80 f   opc:zip.obj
 0001:00007700       _opcZipLoader              00408700 f   opc:zip.obj
 0001:000078e0       _opcZipOpenInputStream     004088e0 f   opc:zip.obj
 0001:00007970       _opcZipCloseInputStream    00408970 f   opc:zip.obj
 0001:00007a30       _opcZipReadInputStream     00408a30 f   opc:zip.obj
 0001:00007bd0       _opcZipLoadSegment         00408bd0 f   opc:zip.obj
 0001:00007c40       _opcZipCreateSegment       00408c40 f   opc:zip.obj
 0001:00007e10       _opcZipGC                  00408e10 f   opc:zip.obj
 0001:000088c0       _opcZipCommit              004098c0 f   opc:zip.obj
 0001:00008970       _opcZipOpenOutputStream    00409970 f   opc:zip.obj
 0001:00008b00       _opcZipCreateOutputStream  00409b00 f   opc:zip.obj
 0001:000091b0       _opcZipCloseOutputStream   0040a1b0 f   opc:zip.obj
 0001:00009280       _opcZipWriteOutputStream   0040a280 f   opc:zip.obj
 0001:000092e0       _opcZipGetFirstSegmentId   0040a2e0 f   opc:zip.obj
 0001:00009310       _opcZipGetNextSegmentId    0040a310 f   opc:zip.obj
 0001:00009360       _opcZipGetSegmentInfo      0040a360 f   opc:zip.obj
 0001:000093d0       _opcZipSegmentDelete       0040a3d0 f   opc:zip.obj
 0001:00009500       _opcPartFind               0040a500 f   opc:part.obj
 0001:00009550       _opcPartCreate             0040a550 f   opc:part.obj
 0001:000095d0       _opcPartGetType            0040a5d0 f   opc:part.obj
 0001:000095e0       _opcPartGetTypeEx          0040a5e0 f   opc:part.obj
 0001:00009690       _opcPartDelete             0040a690 f   opc:part.obj
 0001:000096a0       _opcPartGetFirst           0040a6a0 f   opc:part.obj
 0001:000096c0       _opcPartGetNext            0040a6c0 f   opc:part.obj
 0001:00009730       _opcPartGetSize            0040a730 f   opc:part.obj
 0001:00009a90       _opcFileInitIO             0040aa90 f   opc:file.obj
 0001:00009ae0       _opcFileInitIOFile         0040aae0 f   opc:file.obj
 0001:00009b60       _opcFileInitIOMemory       0040ab60 f   opc:file.obj
 0001:00009bd0       _opcFileCleanupIO          0040abd0 f   opc:file.obj
 0001:00009bf0       ?opcContainerFindRelationByType@@YAPAUOPC_CONTAINER_RELATION_STRUCT@@PAUOPC_CONTAINER_STRUCT@@PAU1@IPBE@Z 0040abf0 f   opc:relation.obj
 0001:00009ce0       _opcRelationFind           0040ace0 f   opc:relation.obj
 0001:00009d90       _opcRelationGetInternalTarget 0040ad90 f   opc:relation.obj
 0001:00009db0       _opcRelationGetExternalTarget 0040adb0 f   opc:relation.obj
 0001:00009dd0       _opcRelationFirst          0040add0 f   opc:relation.obj
 0001:00009e30       _opcRelationNext           0040ae30 f   opc:relation.obj
 0001:00009ed0       _opcRelationGetInformation 0040aed0 f   opc:relation.obj
 0001:00009f40       _opcRelationDelete         0040af40 f   opc:relation.obj
 0001:00009fc0       _opcXmlReaderOpenEx        0040afc0 f   opc:xmlreader.obj
 0001:0000a040       _opcXmlReaderOpen          0040b040 f   opc:xmlreader.obj
 0001:0000a070       _opcXmlReaderReadDoc       0040b070 f   opc:xmlreader.obj
 0001:0000a2c0       ?opcHelperAssembleSegmentName@@YAGPADGPBEIIHPAG@Z 0040b2c0 f   opc:helper.obj
 0001:0000a320       ?opcHelperSplitFilename@@YA?AW4OPC_ERROR_ENUM@@PAEIPAIPAH2@Z 0040b320 f   opc:helper.obj
 0001:0000b260       _xmlTextReaderRead         0040c260 f   xml:xmlreader.obj
 0001:0000b670       _xmlTextReaderReadState    0040c670 f   xml:xmlreader.obj
 0001:0000b690       _xmlTextReaderExpand       0040c690 f   xml:xmlreader.obj
 0001:0000b6d0       _xmlTextReaderNext         0040c6d0 f   xml:xmlreader.obj
 0001:0000b750       _xmlTextReaderReadInnerXml 0040c750 f   xml:xmlreader.obj
 0001:0000b8d0       _xmlTextReaderReadOuterXml 0040c8d0 f   xml:xmlreader.obj
 0001:0000b9c0       _xmlTextReaderReadString   0040c9c0 f   xml:xmlreader.obj
 0001:0000bbf0       _xmlTextReaderNextSibling  0040cbf0 f   xml:xmlreader.obj
 0001:0000bc40       _xmlNewTextReader          0040cc40 f   xml:xmlreader.obj
 0001:0000be70       _xmlNewTextReaderFilename  0040ce70 f   xml:xmlreader.obj
 0001:0000bf20       _xmlFreeTextReader         0040cf20 f   xml:xmlreader.obj
 0001:0000c050       _xmlTextReaderClose        0040d050 f   xml:xmlreader.obj
 0001:0000c0f0       _xmlTextReaderGetAttributeNo 0040d0f0 f   xml:xmlreader.obj
 0001:0000c1a0       _xmlTextReaderGetAttribute 0040d1a0 f   xml:xmlreader.obj
 0001:0000c2e0       _xmlTextReaderGetAttributeNs 0040d2e0 f   xml:xmlreader.obj
 0001:0000c3b0       _xmlTextReaderGetRemainder 0040d3b0 f   xml:xmlreader.obj
 0001:0000c440       _xmlTextReaderLookupNamespace 0040d440 f   xml:xmlreader.obj
 0001:0000c4a0       _xmlTextReaderMoveToAttributeNo 0040d4a0 f   xml:xmlreader.obj
 0001:0000c520       _xmlTextReaderMoveToAttribute 0040d520 f   xml:xmlreader.obj
 0001:0000c6d0       _xmlTextReaderMoveToAttributeNs 0040d6d0 f   xml:xmlreader.obj
 0001:0000c7e0       _xmlTextReaderMoveToFirstAttribute 0040d7e0 f   xml:xmlreader.obj
 0001:0000c830       _xmlTextReaderMoveToNextAttribute 0040d830 f   xml:xmlreader.obj
 0001:0000c8a0       _xmlTextReaderMoveToElement 0040d8a0 f   xml:xmlreader.obj
 0001:0000c8e0       _xmlTextReaderReadAttributeValue 0040d8e0 f   xml:xmlreader.obj
 0001:0000c990       _xmlTextReaderConstEncoding 0040d990 f   xml:xmlreader.obj
 0001:0000c9d0       _xmlTextReaderAttributeCount 0040d9d0 f   xml:xmlreader.obj
 0001:0000ca30       _xmlTextReaderNodeType     0040da30 f   xml:xmlreader.obj
 0001:0000cb50       _xmlTextReaderIsEmptyElement 0040db50 f   xml:xmlreader.obj
 0001:0000cba0       _xmlTextReaderLocalName    0040dba0 f   xml:xmlreader.obj
 0001:0000cc00       _xmlTextReaderConstLocalName 0040dc00 f   xml:xmlreader.obj
 0001:0000cc60       _xmlTextReaderName         0040dc60 f   xml:xmlreader.obj
 0001:0000cdd0       _xmlTextReaderConstName    0040ddd0 f   xml:xmlreader.obj
 0001:0000cf30       _xmlTextReaderPrefix       0040df30 f   xml:xmlreader.obj
 0001:0000cf90       _xmlTextReaderConstPrefix  0040df90 f   xml:xmlreader.obj
 0001:0000d000       _xmlTextReaderNamespaceUri 0040e000 f   xml:xmlreader.obj
 0001:0000d070       _xmlTextReaderConstNamespaceUri 0040e070 f   xml:xmlreader.obj
 0001:0000d0d0       _xmlTextReaderBaseUri      0040e0d0 f   xml:xmlreader.obj
 0001:0000d100       _xmlTextReaderConstBaseUri 0040e100 f   xml:xmlreader.obj
 0001:0000d150       _xmlTextReaderDepth        0040e150 f   xml:xmlreader.obj
 0001:0000d190       _xmlTextReaderHasAttributes 0040e190 f   xml:xmlreader.obj
 0001:0000d1d0       _xmlTextReaderHasValue     0040e1d0 f   xml:xmlreader.obj
 0001:0000d230       _xmlTextReaderValue        0040e230 f   xml:xmlreader.obj
 0001:0000d2e0       _xmlTextReaderConstValue   0040e2e0 f   xml:xmlreader.obj
 0001:0000d3c0       _xmlTextReaderIsDefault    0040e3c0 f   xml:xmlreader.obj
 0001:0000d3d0       _xmlTextReaderQuoteChar    0040e3d0 f   xml:xmlreader.obj
 0001:0000d3e0       _xmlTextReaderXmlLang      0040e3e0 f   xml:xmlreader.obj
 0001:0000d400       _xmlTextReaderConstXmlLang 0040e400 f   xml:xmlreader.obj
 0001:0000d450       _xmlTextReaderConstString  0040e450 f   xml:xmlreader.obj
 0001:0000d470       _xmlTextReaderNormalization 0040e470 f   xml:xmlreader.obj
 0001:0000d490       _xmlTextReaderSetParserProp 0040e490 f   xml:xmlreader.obj
 0001:0000d560       _xmlTextReaderGetParserProp 0040e560 f   xml:xmlreader.obj
 0001:0000d5d0       _xmlTextReaderGetParserLineNumber 0040e5d0 f   xml:xmlreader.obj
 0001:0000d600       _xmlTextReaderGetParserColumnNumber 0040e600 f   xml:xmlreader.obj
 0001:0000d630       _xmlTextReaderCurrentNode  0040e630 f   xml:xmlreader.obj
 0001:0000d650       _xmlTextReaderPreserve     0040e650 f   xml:xmlreader.obj
 0001:0000d6b0       _xmlTextReaderCurrentDoc   0040e6b0 f   xml:xmlreader.obj
 0001:0000d6e0       _xmlTextReaderIsNamespaceDecl 0040e6e0 f   xml:xmlreader.obj
 0001:0000d710       _xmlTextReaderConstXmlVersion 0040e710 f   xml:xmlreader.obj
 0001:0000d750       _xmlTextReaderStandalone   0040e750 f   xml:xmlreader.obj
 0001:0000d820       _xmlTextReaderLocatorLineNumber 0040e820 f   xml:xmlreader.obj
 0001:0000d870       _xmlTextReaderLocatorBaseURI 0040e870 f   xml:xmlreader.obj
 0001:0000dab0       _xmlTextReaderSetErrorHandler 0040eab0 f   xml:xmlreader.obj
 0001:0000db40       _xmlTextReaderSetStructuredErrorHandler 0040eb40 f   xml:xmlreader.obj
 0001:0000dbe0       _xmlTextReaderIsValid      0040ebe0 f   xml:xmlreader.obj
 0001:0000dc10       _xmlTextReaderGetErrorHandler 0040ec10 f   xml:xmlreader.obj
 0001:0000dc30       _xmlTextReaderSetup        0040ec30 f   xml:xmlreader.obj
 0001:0000dfa0       _xmlTextReaderByteConsumed 0040efa0 f   xml:xmlreader.obj
 0001:0000dfe0       _xmlReaderWalker           0040efe0 f   xml:xmlreader.obj
 0001:0000e070       _xmlReaderForDoc           0040f070 f   xml:xmlreader.obj
 0001:0000e0a0       _xmlReaderForFile          0040f0a0 f   xml:xmlreader.obj
 0001:0000e0e0       _xmlReaderForMemory        0040f0e0 f   xml:xmlreader.obj
 0001:0000e150       _xmlReaderForFd            0040f150 f   xml:xmlreader.obj
 0001:0000e1e0       _xmlReaderForIO            0040f1e0 f   xml:xmlreader.obj
 0001:0000e260       _xmlReaderNewWalker        0040f260 f   xml:xmlreader.obj
 0001:0000e2f0       _xmlReaderNewDoc           0040f2f0 f   xml:xmlreader.obj
 0001:0000e350       _xmlReaderNewFile          0040f350 f   xml:xmlreader.obj
 0001:0000e3b0       _xmlReaderNewMemory        0040f3b0 f   xml:xmlreader.obj
 0001:0000e400       _xmlReaderNewFd            0040f400 f   xml:xmlreader.obj
 0001:0000e460       _xmlReaderNewIO            0040f460 f   xml:xmlreader.obj
 0001:0000e4c0       _xmlStrndup                0040f4c0 f   xml:xmlstring.obj
 0001:0000e530       _xmlStrdup                 0040f530 f   xml:xmlstring.obj
 0001:0000e560       _xmlCharStrndup            0040f560 f   xml:xmlstring.obj
 0001:0000e5d0       _xmlCharStrdup             0040f5d0 f   xml:xmlstring.obj
 0001:0000e600       _xmlStrcmp                 0040f600 f   xml:xmlstring.obj
 0001:0000e640       _xmlStrEqual               0040f640 f   xml:xmlstring.obj
 0001:0000e680       _xmlStrQEqual              0040f680 f   xml:xmlstring.obj
 0001:0000e700       _xmlStrncmp                0040f700 f   xml:xmlstring.obj
 0001:0000e760       _xmlStrcasecmp             0040f760 f   xml:xmlstring.obj
 0001:0000e7c0       _xmlStrncasecmp            0040f7c0 f   xml:xmlstring.obj
 0001:0000e830       _xmlStrchr                 0040f830 f   xml:xmlstring.obj
 0001:0000e860       _xmlStrstr                 0040f860 f   xml:xmlstring.obj
 0001:0000e8c0       _xmlStrcasestr             0040f8c0 f   xml:xmlstring.obj
 0001:0000e940       _xmlStrsub                 0040f940 f   xml:xmlstring.obj
 0001:0000e990       _xmlStrlen                 0040f990 f   xml:xmlstring.obj
 0001:0000e9b0       _xmlStrncat                0040f9b0 f   xml:xmlstring.obj
 0001:0000ea60       _xmlStrncatNew             0040fa60 f   xml:xmlstring.obj
 0001:0000eb50       _xmlStrcat                 0040fb50 f   xml:xmlstring.obj
 0001:0000ebb0       _xmlStrPrintf              0040fbb0 f   xml:xmlstring.obj
 0001:0000ebf0       _xmlStrVPrintf             0040fbf0 f   xml:xmlstring.obj
 0001:0000ec30       _xmlUTF8Size               0040fc30 f   xml:xmlstring.obj
 0001:0000ec70       _xmlUTF8Charcmp            0040fc70 f   xml:xmlstring.obj
 0001:0000ecd0       _xmlUTF8Strlen             0040fcd0 f   xml:xmlstring.obj
 0001:0000ed40       _xmlGetUTF8Char            0040fd40 f   xml:xmlstring.obj
 0001:0000ee60       _xmlCheckUTF8              0040fe60 f   xml:xmlstring.obj
 0001:0000ef00       _xmlUTF8Strsize            0040ff00 f   xml:xmlstring.obj
 0001:0000ef50       _xmlUTF8Strndup            0040ff50 f   xml:xmlstring.obj
 0001:0000efc0       _xmlUTF8Strpos             0040ffc0 f   xml:xmlstring.obj
 0001:0000f010       _xmlUTF8Strloc             00410010 f   xml:xmlstring.obj
 0001:0000f0a0       _xmlUTF8Strsub             004100a0 f   xml:xmlstring.obj
 0001:0000fa10       _xmlHasFeature             00410a10 f   xml:parser.obj
 0001:000100d0       _xmlCheckLanguageID        004110d0 f   xml:parser.obj
 0001:00010500       _inputPush                 00411500 f   xml:parser.obj
 0001:00010580       _inputPop                  00411580 f   xml:parser.obj
 0001:000105d0       _nodePush                  004115d0 f   xml:parser.obj
 0001:00010670       _nodePop                   00411670 f   xml:parser.obj
 0001:00010860       _namePush                  00411860 f   xml:parser.obj
 0001:000108f0       _namePop                   004118f0 f   xml:parser.obj
 0001:00010b00       _xmlSkipBlankChars         00411b00 f   xml:parser.obj
 0001:00010c30       _xmlPopInput               00411c30 f   xml:parser.obj
 0001:00010cb0       _xmlPushInput              00411cb0 f   xml:parser.obj
 0001:00010d50       _xmlParseCharRef           00411d50 f   xml:parser.obj
 0001:00011530       _xmlParserHandlePEReference 00412530 f   xml:parser.obj
 0001:00011930       _xmlStringLenDecodeEntities 00412930 f   xml:parser.obj
 0001:00011e90       _xmlStringDecodeEntities   00412e90 f   xml:parser.obj
 0001:00011fd0       _xmlSplitQName             00412fd0 f   xml:parser.obj
 0001:00012ef0       _xmlParseName              00413ef0 f   xml:parser.obj
 0001:00013500       _xmlParseNmtoken           00414500 f   xml:parser.obj
 0001:000138d0       _xmlParseEntityValue       004148d0 f   xml:parser.obj
 0001:00014530       _xmlParseAttValue          00415530 f   xml:parser.obj
 0001:00014560       _xmlParseSystemLiteral     00415560 f   xml:parser.obj
 0001:000149e0       _xmlParsePubidLiteral      004159e0 f   xml:parser.obj
 0001:00014d80       _xmlParseCharData          00415d80 f   xml:parser.obj
 0001:00015740       _xmlParseExternalID        00416740 f   xml:parser.obj
 0001:00016050       _xmlParseComment           00417050 f   xml:parser.obj
 0001:00016570       _xmlParsePITarget          00417570 f   xml:parser.obj
 0001:00016750       _xmlParsePI                00417750 f   xml:parser.obj
 0001:00016c50       _xmlParseNotationDecl      00417c50 f   xml:parser.obj
 0001:00016f50       _xmlParseEntityDecl        00417f50 f   xml:parser.obj
 0001:000177b0       _xmlParseDefaultDecl       004187b0 f   xml:parser.obj
 0001:00017a00       _xmlParseNotationType      00418a00 f   xml:parser.obj
 0001:00017c90       _xmlParseEnumerationType   00418c90 f   xml:parser.obj
 0001:00017f50       _xmlParseEnumeratedType    00418f50 f   xml:parser.obj
 0001:00018070       _xmlParseAttributeType     00419070 f   xml:parser.obj
 0001:00018410       _xmlParseAttributeListDecl 00419410 f   xml:parser.obj
 0001:00018840       _xmlParseElementMixedContentDecl 00419840 f   xml:parser.obj
 0001:000195f0       _xmlParseElementChildrenContentDecl 0041a5f0 f   xml:parser.obj
 0001:00019610       _xmlParseElementContentDecl 0041a610 f   xml:parser.obj
 0001:000196f0       _xmlParseElementDecl       0041a6f0 f   xml:parser.obj
 0001:0001a260       _xmlParseMarkupDecl        0041b260 f   xml:parser.obj
 0001:0001a3c0       _xmlParseTextDecl          0041b3c0 f   xml:parser.obj
 0001:0001a6f0       _xmlParseExternalSubset    0041b6f0 f   xml:parser.obj
 0001:0001aa20       _xmlParseReference         0041ba20 f   xml:parser.obj
 0001:0001b1d0       _xmlParseEntityRef         0041c1d0 f   xml:parser.obj
 0001:0001b6f0       _xmlParsePEReference       0041c6f0 f   xml:parser.obj
 0001:0001bd60       _xmlParseDocTypeDecl       0041cd60 f   xml:parser.obj
 0001:0001dae0       _xmlParseCDSect            0041eae0 f   xml:parser.obj
 0001:0001e000       _xmlParseContent           0041f000 f   xml:parser.obj
 0001:0001e260       _xmlParseElement           0041f260 f   xml:parser.obj
 0001:0001e5d0       _xmlParseVersionNum        0041f5d0 f   xml:parser.obj
 0001:0001e730       _xmlParseVersionInfo       0041f730 f   xml:parser.obj
 0001:0001e930       _xmlParseEncName           0041f930 f   xml:parser.obj
 0001:0001eb70       _xmlParseEncodingDecl      0041fb70 f   xml:parser.obj
 0001:0001eeb0       _xmlParseSDDecl            0041feb0 f   xml:parser.obj
 0001:0001f320       _xmlParseXMLDecl           00420320 f   xml:parser.obj
 0001:0001f700       _xmlParseMisc              00420700 f   xml:parser.obj
 0001:0001f790       _xmlParseDocument          00420790 f   xml:parser.obj
 0001:0001fb60       _xmlParseExtParsedEnt      00420b60 f   xml:parser.obj
 0001:00021770       _xmlParseChunk             00422770 f   xml:parser.obj
 0001:00021a70       _xmlCreatePushParserCtxt   00422a70 f   xml:parser.obj
 0001:00021cd0       _xmlStopParser             00422cd0 f   xml:parser.obj
 0001:00021d10       _xmlCreateIOParserCtxt     00422d10 f   xml:parser.obj
 0001:00021e10       _xmlParseCtxtExternalEntity 00422e10 f   xml:parser.obj
 0001:00022c10       _xmlParseInNodeContext     00423c10 f   xml:parser.obj
 0001:00023110       _xmlCreateEntityParserCtxt 00424110 f   xml:parser.obj
 0001:00023130       _xmlCreateURLParserCtxt    00424130 f   xml:parser.obj
 0001:000231f0       _xmlCreateFileParserCtxt   004241f0 f   xml:parser.obj
 0001:00023210       _xmlCreateMemoryParserCtxt 00424210 f   xml:parser.obj
 0001:000232c0       _xmlCreateDocParserCtxt    004242c0 f   xml:parser.obj
 0001:000232f0       _xmlInitParser             004242f0 f   xml:parser.obj
 0001:00023350       _xmlCleanupParser          00424350 f   xml:parser.obj
 0001:000233f0       _xmlCtxtReset              004243f0 f   xml:parser.obj
 0001:00023650       _xmlCtxtResetPush          00424650 f   xml:parser.obj
 0001:00023a90       _xmlCtxtUseOptions         00424a90 f   xml:parser.obj
 0001:00023b80       _xmlReadDoc                00424b80 f   xml:parser.obj
 0001:00023bc0       _xmlReadFile               00424bc0 f   xml:parser.obj
 0001:00023c70       _xmlReadMemory             00424c70 f   xml:parser.obj
 0001:00023cb0       _xmlReadFd                 00424cb0 f   xml:parser.obj
 0001:00023d50       _xmlReadIO                 00424d50 f   xml:parser.obj
 0001:00023de0       _xmlCtxtReadDoc            00424de0 f   xml:parser.obj
 0001:00023e40       _xmlCtxtReadFile           00424e40 f   xml:parser.obj
 0001:00023ea0       _xmlCtxtReadMemory         00424ea0 f   xml:parser.obj
 0001:00023f20       _xmlCtxtReadFd             00424f20 f   xml:parser.obj
 0001:00023fb0       _xmlCtxtReadIO             00424fb0 f   xml:parser.obj
 0001:00024110       ___xmlIOErr                00425110 f   xml:xmlIO.obj
 0001:000244e0       ___xmlLoaderErr            004254e0 f   xml:xmlIO.obj
 0001:00024560       _xmlNormalizeWindowsPath   00425560 f   xml:xmlIO.obj
 0001:00024570       _xmlCleanupInputCallbacks  00425570 f   xml:xmlIO.obj
 0001:000245b0       _xmlPopInputCallbacks      004255b0 f   xml:xmlIO.obj
 0001:000245f0       _xmlCleanupOutputCallbacks 004255f0 f   xml:xmlIO.obj
 0001:000247c0       _xmlCheckFilename          004257c0 f   xml:xmlIO.obj
 0001:000248e0       _xmlFileMatch              004258e0 f   xml:xmlIO.obj
 0001:00024a00       _xmlFileOpen               00425a00 f   xml:xmlIO.obj
 0001:00024ae0       _xmlFileRead               00425ae0 f   xml:xmlIO.obj
 0001:00024b90       _xmlFileClose              00425b90 f   xml:xmlIO.obj
 0001:00024c80       _xmlRegisterInputCallbacks 00425c80 f   xml:xmlIO.obj
 0001:00024ce0       _xmlRegisterOutputCallbacks 00425ce0 f   xml:xmlIO.obj
 0001:00024d40       _xmlRegisterDefaultInputCallbacks 00425d40 f   xml:xmlIO.obj
 0001:00024da0       _xmlRegisterDefaultOutputCallbacks 00425da0 f   xml:xmlIO.obj
 0001:00024e00       _xmlAllocParserInputBuffer 00425e00 f   xml:xmlIO.obj
 0001:00024ec0       _xmlAllocOutputBuffer      00425ec0 f   xml:xmlIO.obj
 0001:00024f90       _xmlAllocOutputBufferInternal 00425f90 f   xml:xmlIO.obj
 0001:00025040       _xmlFreeParserInputBuffer  00426040 f   xml:xmlIO.obj
 0001:000250f0       _xmlOutputBufferClose      004260f0 f   xml:xmlIO.obj
 0001:000251e0       ___xmlParserInputBufferCreateFilename 004261e0 f   xml:xmlIO.obj
 0001:00025290       _xmlParserInputBufferCreateFilename 00426290 f   xml:xmlIO.obj
 0001:000252b0       ___xmlOutputBufferCreateFilename 004262b0 f   xml:xmlIO.obj
 0001:000253f0       _xmlOutputBufferCreateFilename 004263f0 f   xml:xmlIO.obj
 0001:00025410       _xmlParserInputBufferCreateFile 00426410 f   xml:xmlIO.obj
 0001:00025460       _xmlOutputBufferCreateFile 00426460 f   xml:xmlIO.obj
 0001:000254a0       _xmlOutputBufferCreateBuffer 004264a0 f   xml:xmlIO.obj
 0001:000254e0       _xmlParserInputBufferCreateFd 004264e0 f   xml:xmlIO.obj
 0001:00025520       _xmlParserInputBufferCreateMem 00426520 f   xml:xmlIO.obj
 0001:00025590       _xmlParserInputBufferCreateStatic 00426590 f   xml:xmlIO.obj
 0001:00025660       _xmlOutputBufferCreateFd   00426660 f   xml:xmlIO.obj
 0001:000256a0       _xmlParserInputBufferCreateIO 004266a0 f   xml:xmlIO.obj
 0001:000256e0       _xmlOutputBufferCreateIO   004266e0 f   xml:xmlIO.obj
 0001:00025710       _xmlParserInputBufferCreateFilenameDefault 00426710 f   xml:xmlIO.obj
 0001:00025740       _xmlOutputBufferCreateFilenameDefault 00426740 f   xml:xmlIO.obj
 0001:00025770       _xmlParserInputBufferPush  00426770 f   xml:xmlIO.obj
 0001:00025870       _xmlParserInputBufferGrow  00426870 f   xml:xmlIO.obj
 0001:00025a40       _xmlParserInputBufferRead  00426a40 f   xml:xmlIO.obj
 0001:00025a80       _xmlOutputBufferWrite      00426a80 f   xml:xmlIO.obj
 0001:00025d40       _xmlOutputBufferWriteEscape 00426d40 f   xml:xmlIO.obj
 0001:00026010       _xmlOutputBufferWriteString 00427010 f   xml:xmlIO.obj
 0001:00026060       _xmlOutputBufferFlush      00427060 f   xml:xmlIO.obj
 0001:00026180       _xmlParserGetDirectory     00427180 f   xml:xmlIO.obj
 0001:00026290       _xmlCheckHTTPInput         00427290 f   xml:xmlIO.obj
 0001:000263c0       _xmlSetExternalEntityLoader 004273c0 f   xml:xmlIO.obj
 0001:000263d0       _xmlGetExternalEntityLoader 004273d0 f   xml:xmlIO.obj
 0001:000263e0       _xmlLoadExternalEntity     004273e0 f   xml:xmlIO.obj
 0001:00026460       _xmlNoNetExternalEntityLoader 00427460 f   xml:xmlIO.obj
 0001:00026590       _xmlBuildQName             00427590 f   xml:tree.obj
 0001:00026630       _xmlSplitQName2            00427630 f   xml:tree.obj
 0001:000266d0       _xmlSplitQName3            004276d0 f   xml:tree.obj
 0001:00026720       _xmlValidateNCName         00427720 f   xml:tree.obj
 0001:00026a20       _xmlSetBufferAllocationScheme 00427a20 f   xml:tree.obj
 0001:00026a40       _xmlGetBufferAllocationScheme 00427a40 f   xml:tree.obj
 0001:00026a50       _xmlNewNs                  00427a50 f   xml:tree.obj
 0001:00026b80       _xmlSetNs                  00427b80 f   xml:tree.obj
 0001:00026ba0       _xmlFreeNs                 00427ba0 f   xml:tree.obj
 0001:00026be0       _xmlFreeNsList             00427be0 f   xml:tree.obj
 0001:00026c30       _xmlNewDtd                 00427c30 f   xml:tree.obj
 0001:00026d20       _xmlGetIntSubset           00427d20 f   xml:tree.obj
 0001:00026d60       _xmlCreateIntSubset        00427d60 f   xml:tree.obj
 0001:00026f50       _xmlFreeDtd                00427f50 f   xml:tree.obj
 0001:000270b0       _xmlNewDoc                 004280b0 f   xml:tree.obj
 0001:00027180       _xmlFreeDoc                00428180 f   xml:tree.obj
 0001:000272f0       _xmlStringLenGetNodeList   004282f0 f   xml:tree.obj
 0001:00027760       _xmlStringGetNodeList      00428760 f   xml:tree.obj
 0001:00027b90       _xmlNodeListGetString      00428b90 f   xml:tree.obj
 0001:00027ef0       _xmlNewNsProp              00428ef0 f   xml:tree.obj
 0001:00027f20       _xmlNewNsPropEatName       00428f20 f   xml:tree.obj
 0001:00027f50       _xmlNewDocProp             00428f50 f   xml:tree.obj
 0001:00028030       _xmlFreePropList           00429030 f   xml:tree.obj
 0001:000280d0       _xmlFreeProp               004290d0 f   xml:tree.obj
 0001:00028160       _xmlRemoveProp             00429160 f   xml:tree.obj
 0001:000281d0       _xmlNewDocPI               004291d0 f   xml:tree.obj
 0001:000282a0       _xmlNewPI                  004292a0 f   xml:tree.obj
 0001:000282c0       _xmlNewNode                004292c0 f   xml:tree.obj
 0001:00028350       _xmlNewNodeEatName         00429350 f   xml:tree.obj
 0001:000283c0       _xmlNewDocNode             004293c0 f   xml:tree.obj
 0001:00028450       _xmlNewDocNodeEatName      00429450 f   xml:tree.obj
 0001:000284f0       _xmlNewText                004294f0 f   xml:tree.obj
 0001:00028580       _xmlNewCharRef             00429580 f   xml:tree.obj
 0001:00028630       _xmlNewReference           00429630 f   xml:tree.obj
 0001:00028700       _xmlNewDocText             00429700 f   xml:tree.obj
 0001:00028720       _xmlNewTextLen             00429720 f   xml:tree.obj
 0001:000287a0       _xmlNewDocTextLen          004297a0 f   xml:tree.obj
 0001:000287c0       _xmlNewComment             004297c0 f   xml:tree.obj
 0001:00028850       _xmlNewCDataBlock          00429850 f   xml:tree.obj
 0001:000288d0       _xmlNewDocComment          004298d0 f   xml:tree.obj
 0001:000288f0       _xmlSetTreeDoc             004298f0 f   xml:tree.obj
 0001:00028960       _xmlSetListDoc             00429960 f   xml:tree.obj
 0001:00028a70       _xmlAddNextSibling         00429a70 f   xml:tree.obj
 0001:00028b70       _xmlAddSibling             00429b70 f   xml:tree.obj
 0001:00028c50       _xmlAddChildList           00429c50 f   xml:tree.obj
 0001:00028d10       _xmlAddChild               00429d10 f   xml:tree.obj
 0001:00028ea0       _xmlGetLastChild           00429ea0 f   xml:tree.obj
 0001:00028ed0       _xmlFreeNodeList           00429ed0 f   xml:tree.obj
 0001:00029040       _xmlFreeNode               0042a040 f   xml:tree.obj
 0001:000291e0       _xmlUnlinkNode             0042a1e0 f   xml:tree.obj
 0001:00029340       _xmlReplaceNode            0042a340 f   xml:tree.obj
 0001:00029420       _xmlCopyNamespace          0042a420 f   xml:tree.obj
 0001:00029450       _xmlCopyNamespaceList      0042a450 f   xml:tree.obj
 0001:00029670       _xmlCopyProp               0042a670 f   xml:tree.obj
 0001:00029690       _xmlCopyPropList           0042a690 f   xml:tree.obj
 0001:000299f0       _xmlCopyNode               0042a9f0 f   xml:tree.obj
 0001:00029a10       _xmlDocCopyNode            0042aa10 f   xml:tree.obj
 0001:00029a30       _xmlDocCopyNodeList        0042aa30 f   xml:tree.obj
 0001:00029a50       _xmlCopyNodeList           0042aa50 f   xml:tree.obj
 0001:00029a70       _xmlGetLineNo              0042aa70 f   xml:tree.obj
 0001:00029af0       _xmlGetNodePath            0042aaf0 f   xml:tree.obj
 0001:0002a060       _xmlDocGetRootElement      0042b060 f   xml:tree.obj
 0001:0002a090       _xmlDocSetRootElement      0042b090 f   xml:tree.obj
 0001:0002a110       _xmlNodeGetLang            0042b110 f   xml:tree.obj
 0001:0002a150       _xmlNodeGetSpacePreserve   0042b150 f   xml:tree.obj
 0001:0002a200       _xmlNodeGetBase            0042b200 f   xml:tree.obj
 0001:0002a460       _xmlNodeBufGetContent      0042b460 f   xml:tree.obj
 0001:0002a630       _xmlNodeGetContent         0042b630 f   xml:tree.obj
 0001:0002a710       _xmlNodeSetContent         0042b710 f   xml:tree.obj
 0001:0002a820       _xmlNodeAddContentLen      0042b820 f   xml:tree.obj
 0001:0002a920       _xmlNodeAddContent         0042b920 f   xml:tree.obj
 0001:0002a950       _xmlTextMerge              0042b950 f   xml:tree.obj
 0001:0002aa40       _xmlSearchNs               0042ba40 f   xml:tree.obj
 0001:0002ac80       _xmlSearchNsByHref         0042bc80 f   xml:tree.obj
 0001:0002b0c0       _xmlHasProp                0042c0c0 f   xml:tree.obj
 0001:0002b170       _xmlHasNsProp              0042c170 f   xml:tree.obj
 0001:0002b190       _xmlGetProp                0042c190 f   xml:tree.obj
 0001:0002b1c0       _xmlGetNoNsProp            0042c1c0 f   xml:tree.obj
 0001:0002b210       _xmlGetNsProp              0042c210 f   xml:tree.obj
 0001:0002b240       _xmlNodeIsText             0042c240 f   xml:tree.obj
 0001:0002b260       _xmlIsBlankNode            0042c260 f   xml:tree.obj
 0001:0002b2b0       _xmlTextConcat             0042c2b0 f   xml:tree.obj
 0001:0002b340       _xmlBufferCreate           0042c340 f   xml:tree.obj
 0001:0002b3b0       _xmlBufferCreateSize       0042c3b0 f   xml:tree.obj
 0001:0002b450       _xmlBufferCreateStatic     0042c450 f   xml:tree.obj
 0001:0002b4a0       _xmlBufferSetAllocationScheme 0042c4a0 f   xml:tree.obj
 0001:0002b4d0       _xmlBufferFree             0042c4d0 f   xml:tree.obj
 0001:0002b510       _xmlBufferEmpty            0042c510 f   xml:tree.obj
 0001:0002b560       _xmlBufferShrink           0042c560 f   xml:tree.obj
 0001:0002b610       _xmlBufferGrow             0042c610 f   xml:tree.obj
 0001:0002b6b0       _xmlBufferDump             0042c6b0 f   xml:tree.obj
 0001:0002b6f0       _xmlBufferContent          0042c6f0 f   xml:tree.obj
 0001:0002b700       _xmlBufferLength           0042c700 f   xml:tree.obj
 0001:0002b720       _xmlBufferResize           0042c720 f   xml:tree.obj
 0001:0002b870       _xmlBufferAdd              0042c870 f   xml:tree.obj
 0001:0002b910       _xmlBufferAddHead          0042c910 f   xml:tree.obj
 0001:0002ba00       _xmlBufferCat              0042ca00 f   xml:tree.obj
 0001:0002baa0       _xmlBufferCCat             0042caa0 f   xml:tree.obj
 0001:0002bb20       _xmlBufferWriteCHAR        0042cb20 f   xml:tree.obj
 0001:0002bb40       _xmlBufferWriteChar        0042cb40 f   xml:tree.obj
 0001:0002bb60       _xmlBufferWriteQuotedString 0042cb60 f   xml:tree.obj
 0001:0002bca0       _xmlGetDocCompressMode     0042cca0 f   xml:tree.obj
 0001:0002bcc0       _xmlSetDocCompressMode     0042ccc0 f   xml:tree.obj
 0001:0002bcf0       _xmlGetCompressMode        0042ccf0 f   xml:tree.obj
 0001:0002bd00       _xmlSetCompressMode        0042cd00 f   xml:tree.obj
 0001:0002bef0       _xmlDOMWrapNewCtxt         0042cef0 f   xml:tree.obj
 0001:0002bf20       _xmlDOMWrapFreeCtxt        0042cf20 f   xml:tree.obj
 0001:0002c1a0       _xmlDOMWrapRemoveNode      0042d1a0 f   xml:tree.obj
 0001:0002c9b0       _xmlDOMWrapReconcileNamespaces 0042d9b0 f   xml:tree.obj
 0001:0002d600       _xmlDOMWrapCloneNode       0042e600 f   xml:tree.obj
 0001:0002e030       _xmlDOMWrapAdoptNode       0042f030 f   xml:tree.obj
 0001:0002f3b0       _xmlParseURI               004303b0 f   xml:uri.obj
 0001:0002f420       _xmlParseURIReference      00430420 f   xml:uri.obj
 0001:0002f470       _xmlParseURIRaw            00430470 f   xml:uri.obj
 0001:0002f4e0       _xmlCreateURI              004304e0 f   xml:uri.obj
 0001:0002f520       _xmlSaveUri                00430520 f   xml:uri.obj
 0001:000300d0       _xmlPrintURI               004310d0 f   xml:uri.obj
 0001:000301d0       _xmlFreeURI                004311d0 f   xml:uri.obj
 0001:00030290       _xmlNormalizeURIPath       00431290 f   xml:uri.obj
 0001:00030420       _xmlURIUnescapeString      00431420 f   xml:uri.obj
 0001:00030590       _xmlURIEscapeStr           00431590 f   xml:uri.obj
 0001:00030750       _xmlURIEscape              00431750 f   xml:uri.obj
 0001:00030a90       _xmlBuildURI               00431a90 f   xml:uri.obj
 0001:00030ef0       _xmlBuildRelativeURI       00431ef0 f   xml:uri.obj
 0001:000312a0       _xmlCanonicPath            004322a0 f   xml:uri.obj
 0001:00031490       _xmlPathToURI              00432490 f   xml:uri.obj
 0001:00031580       _xmlDictCleanup            00432580 f   xml:dict.obj
 0001:000319d0       _xmlDictCreate             004329d0 f   xml:dict.obj
 0001:00031a70       _xmlDictCreateSub          00432a70 f   xml:dict.obj
 0001:00031ac0       _xmlDictReference          00432ac0 f   xml:dict.obj
 0001:00031e10       _xmlDictFree               00432e10 f   xml:dict.obj
 0001:00031f00       _xmlDictLookup             00432f00 f   xml:dict.obj
 0001:00032170       _xmlDictExists             00433170 f   xml:dict.obj
 0001:00032330       _xmlDictQLookup            00433330 f   xml:dict.obj
 0001:00032620       _xmlDictOwns               00433620 f   xml:dict.obj
 0001:00032680       _xmlDictSize               00433680 f   xml:dict.obj
 0001:000327b0       _xmlNewDocElementContent   004337b0 f   xml:valid.obj
 0001:00032950       _xmlNewElementContent      00433950 f   xml:valid.obj
 0001:00032970       _xmlCopyDocElementContent  00433970 f   xml:valid.obj
 0001:00032b80       _xmlCopyElementContent     00433b80 f   xml:valid.obj
 0001:00032ba0       _xmlFreeDocElementContent  00433ba0 f   xml:valid.obj
 0001:00032cb0       _xmlFreeElementContent     00433cb0 f   xml:valid.obj
 0001:00032ef0       _xmlSprintfElementContent  00433ef0 f   xml:valid.obj
 0001:00032f00       _xmlSnprintfElementContent 00433f00 f   xml:valid.obj
 0001:000332b0       _xmlAddElementDecl         004342b0 f   xml:valid.obj
 0001:00033600       _xmlFreeElementTable       00434600 f   xml:valid.obj
 0001:00033620       _xmlDumpElementDecl        00434620 f   xml:valid.obj
 0001:00033800       _xmlDumpElementTable       00434800 f   xml:valid.obj
 0001:00033840       _xmlCreateEnumeration      00434840 f   xml:valid.obj
 0001:000338c0       _xmlFreeEnumeration        004348c0 f   xml:valid.obj
 0001:00033a90       _xmlAddAttributeDecl       00434a90 f   xml:valid.obj
 0001:00033da0       _xmlFreeAttributeTable     00434da0 f   xml:valid.obj
 0001:00033dc0       _xmlDumpAttributeDecl      00434dc0 f   xml:valid.obj
 0001:00034050       _xmlDumpAttributeTable     00435050 f   xml:valid.obj
 0001:000340e0       _xmlAddNotationDecl        004350e0 f   xml:valid.obj
 0001:000341e0       _xmlFreeNotationTable      004351e0 f   xml:valid.obj
 0001:00034200       _xmlDumpNotationDecl       00435200 f   xml:valid.obj
 0001:000342f0       _xmlDumpNotationTable      004352f0 f   xml:valid.obj
 0001:000343a0       _xmlAddID                  004353a0 f   xml:valid.obj
 0001:000344c0       _xmlFreeIDTable            004354c0 f   xml:valid.obj
 0001:000344e0       _xmlIsID                   004354e0 f   xml:valid.obj
 0001:00034720       _xmlRemoveID               00435720 f   xml:valid.obj
 0001:000347b0       _xmlGetID                  004357b0 f   xml:valid.obj
 0001:000348b0       _xmlAddRef                 004358b0 f   xml:valid.obj
 0001:00034a70       _xmlFreeRefTable           00435a70 f   xml:valid.obj
 0001:00034a90       _xmlIsRef                  00435a90 f   xml:valid.obj
 0001:00034b20       _xmlRemoveRef              00435b20 f   xml:valid.obj
 0001:00034be0       _xmlGetRefs                00435be0 f   xml:valid.obj
 0001:00034c10       _xmlGetDtdElementDesc      00435c10 f   xml:valid.obj
 0001:00034db0       _xmlGetDtdQElementDesc     00435db0 f   xml:valid.obj
 0001:00034de0       _xmlGetDtdAttrDesc         00435de0 f   xml:valid.obj
 0001:00034e70       _xmlGetDtdQAttrDesc        00435e70 f   xml:valid.obj
 0001:00034ea0       _xmlGetDtdNotationDesc     00435ea0 f   xml:valid.obj
 0001:00034ed0       _xmlIsMixedElement         00435ed0 f   xml:valid.obj
 0001:00035150       _xmlHashCreate             00436150 f   xml:hash.obj
 0001:000351c0       _xmlHashCreateDict         004361c0 f   xml:hash.obj
 0001:000353b0       _xmlHashFree               004363b0 f   xml:hash.obj
 0001:000354c0       _xmlHashAddEntry           004364c0 f   xml:hash.obj
 0001:000354e0       _xmlHashAddEntry2          004364e0 f   xml:hash.obj
 0001:00035500       _xmlHashUpdateEntry        00436500 f   xml:hash.obj
 0001:00035530       _xmlHashUpdateEntry2       00436530 f   xml:hash.obj
 0001:00035560       _xmlHashLookup             00436560 f   xml:hash.obj
 0001:00035580       _xmlHashLookup2            00436580 f   xml:hash.obj
 0001:000355a0       _xmlHashQLookup            004365a0 f   xml:hash.obj
 0001:000355d0       _xmlHashQLookup2           004365d0 f   xml:hash.obj
 0001:00035600       _xmlHashAddEntry3          00436600 f   xml:hash.obj
 0001:000358c0       _xmlHashUpdateEntry3       004368c0 f   xml:hash.obj
 0001:00035b80       _xmlHashLookup3            00436b80 f   xml:hash.obj
 0001:00035c70       _xmlHashQLookup3           00436c70 f   xml:hash.obj
 0001:00035d40       _xmlHashScan               00436d40 f   xml:hash.obj
 0001:00035d70       _xmlHashScanFull           00436d70 f   xml:hash.obj
 0001:00035e20       _xmlHashScan3              00436e20 f   xml:hash.obj
 0001:00035e30       _xmlHashScanFull3          00436e30 f   xml:hash.obj
 0001:00035f40       _xmlHashCopy               00436f40 f   xml:hash.obj
 0001:00035fe0       _xmlHashSize               00436fe0 f   xml:hash.obj
 0001:00036000       _xmlHashRemoveEntry        00437000 f   xml:hash.obj
 0001:00036020       _xmlHashRemoveEntry2       00437020 f   xml:hash.obj
 0001:00036040       _xmlHashRemoveEntry3       00437040 f   xml:hash.obj
 0001:000361e0       _xmlGenericErrorDefaultFunc 004371e0 f   xml:error.obj
 0001:00036210       _initGenericErrorDefaultFunc 00437210 f   xml:error.obj
 0001:00036230       _xmlSetGenericErrorFunc    00437230 f   xml:error.obj
 0001:00036260       _xmlSetStructuredErrorFunc 00437260 f   xml:error.obj
 0001:00036280       _xmlParserPrintFileInfo    00437280 f   xml:error.obj
 0001:000363d0       _xmlParserPrintFileContext 004373d0 f   xml:error.obj
 0001:000367c0       ___xmlRaiseError           004377c0 f   xml:error.obj
 0001:00036bf0       ___xmlSimpleError          00437bf0 f   xml:error.obj
 0001:00036c80       _xmlParserError            00437c80 f   xml:error.obj
 0001:00036df0       _xmlParserWarning          00437df0 f   xml:error.obj
 0001:00036f60       _xmlParserValidityError    00437f60 f   xml:error.obj
 0001:000370b0       _xmlParserValidityWarning  004380b0 f   xml:error.obj
 0001:000371e0       _xmlGetLastError           004381e0 f   xml:error.obj
 0001:000371f0       _xmlResetError             004381f0 f   xml:error.obj
 0001:00037270       _xmlResetLastError         00438270 f   xml:error.obj
 0001:00037290       _xmlCtxtGetLastError       00438290 f   xml:error.obj
 0001:000372b0       _xmlCtxtResetLastError     004382b0 f   xml:error.obj
 0001:000372e0       _xmlCopyError              004382e0 f   xml:error.obj
 0001:00037480       _xmlCheckVersion           00438480 f   xml:parserInternals.obj
 0001:00037510       _xmlErrMemory              00438510 f   xml:parserInternals.obj
 0001:000375b0       ___xmlErrEncoding          004385b0 f   xml:parserInternals.obj
 0001:00037710       _xmlIsLetter               00438710 f   xml:parserInternals.obj
 0001:000377b0       _xmlParserInputRead        004387b0 f   xml:parserInternals.obj
 0001:00037840       _xmlParserInputGrow        00438840 f   xml:parserInternals.obj
 0001:000378d0       _xmlParserInputShrink      004388d0 f   xml:parserInternals.obj
 0001:00037980       _xmlNextChar               00438980 f   xml:parserInternals.obj
 0001:00037c90       _xmlCurrentChar            00438c90 f   xml:parserInternals.obj
 0001:00038020       _xmlStringCurrentChar      00439020 f   xml:parserInternals.obj
 0001:00038230       _xmlCopyCharMultiByte      00439230 f   xml:parserInternals.obj
 0001:000382f0       _xmlCopyChar               004392f0 f   xml:parserInternals.obj
 0001:00038320       _xmlSwitchEncoding         00439320 f   xml:parserInternals.obj
 0001:000387a0       _xmlSwitchInputEncoding    004397a0 f   xml:parserInternals.obj
 0001:00038800       _xmlSwitchToEncoding       00439800 f   xml:parserInternals.obj
 0001:00038850       _xmlFreeInputStream        00439850 f   xml:parserInternals.obj
 0001:000388d0       _xmlNewInputStream         004398d0 f   xml:parserInternals.obj
 0001:00038930       _xmlNewIOInputStream       00439930 f   xml:parserInternals.obj
 0001:000389c0       _xmlNewEntityInputStream   004399c0 f   xml:parserInternals.obj
 0001:00038af0       _xmlNewStringInputStream   00439af0 f   xml:parserInternals.obj
 0001:00038b80       _xmlNewInputFromFile       00439b80 f   xml:parserInternals.obj
 0001:00038cb0       _xmlInitParserCtxt         00439cb0 f   xml:parserInternals.obj
 0001:00039010       _xmlFreeParserCtxt         0043a010 f   xml:parserInternals.obj
 0001:00039290       _xmlNewParserCtxt          0043a290 f   xml:parserInternals.obj
 0001:00039300       _xmlClearParserCtxt        0043a300 f   xml:parserInternals.obj
 0001:00039350       _xmlParserFindNodeInfo     0043a350 f   xml:parserInternals.obj
 0001:00039390       _xmlInitNodeInfoSeq        0043a390 f   xml:parserInternals.obj
 0001:000393b0       _xmlClearNodeInfoSeq       0043a3b0 f   xml:parserInternals.obj
 0001:000393f0       _xmlParserFindNodeInfoIndex 0043a3f0 f   xml:parserInternals.obj
 0001:00039470       _xmlParserAddNodeInfo      0043a470 f   xml:parserInternals.obj
 0001:000395b0       _xmlPedanticParserDefault  0043a5b0 f   xml:parserInternals.obj
 0001:000395d0       _xmlLineNumbersDefault     0043a5d0 f   xml:parserInternals.obj
 0001:000395f0       _xmlSubstituteEntitiesDefault 0043a5f0 f   xml:parserInternals.obj
 0001:00039610       _xmlKeepBlanksDefault      0043a610 f   xml:parserInternals.obj
 0001:00039640       _xmlIsXHTML                0043a640 f   xml:xmlsave.obj
 0001:00039fb0       _xmlNsListDumpOutput       0043afb0 f   xml:xmlsave.obj
 0001:0003aa00       _xmlSaveToFd               0043ba00 f   xml:xmlsave.obj
 0001:0003aa80       _xmlSaveToFilename         0043ba80 f   xml:xmlsave.obj
 0001:0003ab00       _xmlSaveToBuffer           0043bb00 f   xml:xmlsave.obj
 0001:0003ab80       _xmlSaveToIO               0043bb80 f   xml:xmlsave.obj
 0001:0003ac00       _xmlSaveDoc                0043bc00 f   xml:xmlsave.obj
 0001:0003ac30       _xmlSaveTree               0043bc30 f   xml:xmlsave.obj
 0001:0003ac60       _xmlSaveFlush              0043bc60 f   xml:xmlsave.obj
 0001:0003ac90       _xmlSaveClose              0043bc90 f   xml:xmlsave.obj
 0001:0003acf0       _xmlSaveSetEscape          0043bcf0 f   xml:xmlsave.obj
 0001:0003ad10       _xmlSaveSetAttrEscape      0043bd10 f   xml:xmlsave.obj
 0001:0003ad30       _xmlAttrSerializeTxtContent 0043bd30 f   xml:xmlsave.obj
 0001:0003b420       _xmlNodeDump               0043c420 f   xml:xmlsave.obj
 0001:0003b4b0       _xmlElemDump               0043c4b0 f   xml:xmlsave.obj
 0001:0003b570       _xmlNodeDumpOutput         0043c570 f   xml:xmlsave.obj
 0001:0003b600       _xmlDocDumpFormatMemoryEnc 0043c600 f   xml:xmlsave.obj
 0001:0003b7a0       _xmlDocDumpMemory          0043c7a0 f   xml:xmlsave.obj
 0001:0003b7c0       _xmlDocDumpFormatMemory    0043c7c0 f   xml:xmlsave.obj
 0001:0003b7e0       _xmlDocDumpMemoryEnc       0043c7e0 f   xml:xmlsave.obj
 0001:0003b800       _xmlDocFormatDump          0043c800 f   xml:xmlsave.obj
 0001:0003b900       _xmlDocDump                0043c900 f   xml:xmlsave.obj
 0001:0003b920       _xmlSaveFileTo             0043c920 f   xml:xmlsave.obj
 0001:0003b9c0       _xmlSaveFormatFileTo       0043c9c0 f   xml:xmlsave.obj
 0001:0003ba70       _xmlSaveFormatFileEnc      0043ca70 f   xml:xmlsave.obj
 0001:0003bb40       _xmlSaveFileEnc            0043cb40 f   xml:xmlsave.obj
 0001:0003bb60       _xmlSaveFormatFile         0043cb60 f   xml:xmlsave.obj
 0001:0003bb80       _xmlSaveFile               0043cb80 f   xml:xmlsave.obj
 0001:0003be20       _isolat1ToUTF8             0043ce20 f   xml:encoding.obj
 0001:0003bf60       _UTF8Toisolat1             0043cf60 f   xml:encoding.obj
 0001:0003c8f0       _xmlDetectCharEncoding     0043d8f0 f   xml:encoding.obj
 0001:0003ca30       _xmlCleanupEncodingAliases 0043da30 f   xml:encoding.obj
 0001:0003cab0       _xmlGetEncodingAlias       0043dab0 f   xml:encoding.obj
 0001:0003cb90       _xmlAddEncodingAlias       0043db90 f   xml:encoding.obj
 0001:0003cd50       _xmlDelEncodingAlias       0043dd50 f   xml:encoding.obj
 0001:0003ce10       _xmlParseCharEncoding      0043de10 f   xml:encoding.obj
 0001:0003d560       _xmlGetCharEncodingName    0043e560 f   xml:encoding.obj
 0001:0003d650       _xmlNewCharEncodingHandler 0043e650 f   xml:encoding.obj
 0001:0003d7a0       _xmlInitCharEncodingHandlers 0043e7a0 f   xml:encoding.obj
 0001:0003d880       _xmlCleanupCharEncodingHandlers 0043e880 f   xml:encoding.obj
 0001:0003d910       _xmlRegisterCharEncodingHandler 0043e910 f   xml:encoding.obj
 0001:0003d9a0       _xmlGetCharEncodingHandler 0043e9a0 f   xml:encoding.obj
 0001:0003db80       _xmlFindCharEncodingHandler 0043eb80 f   xml:encoding.obj
 0001:0003dcf0       _xmlCharEncFirstLineInt    0043ecf0 f   xml:encoding.obj
 0001:0003ddb0       _xmlCharEncFirstLine       0043edb0 f   xml:encoding.obj
 0001:0003ddd0       _xmlCharEncInFunc          0043edd0 f   xml:encoding.obj
 0001:0003df10       _xmlCharEncOutFunc         0043ef10 f   xml:encoding.obj
 0001:0003e1e0       _xmlCharEncCloseFunc       0043f1e0 f   xml:encoding.obj
 0001:0003e200       _xmlByteConsumed           0043f200 f   xml:encoding.obj
 0001:0003e560       _xmlSAX2GetPublicId        0043f560 f   xml:SAX2.obj
 0001:0003e570       _xmlSAX2GetSystemId        0043f570 f   xml:SAX2.obj
 0001:0003e590       _xmlSAX2GetLineNumber      0043f590 f   xml:SAX2.obj
 0001:0003e5b0       _xmlSAX2GetColumnNumber    0043f5b0 f   xml:SAX2.obj
 0001:0003e5d0       _xmlSAX2IsStandalone       0043f5d0 f   xml:SAX2.obj
 0001:0003e600       _xmlSAX2HasInternalSubset  0043f600 f   xml:SAX2.obj
 0001:0003e630       _xmlSAX2HasExternalSubset  0043f630 f   xml:SAX2.obj
 0001:0003e660       _xmlSAX2InternalSubset     0043f660 f   xml:SAX2.obj
 0001:0003e6f0       _xmlSAX2ExternalSubset     0043f6f0 f   xml:SAX2.obj
 0001:0003e8b0       _xmlSAX2ResolveEntity      0043f8b0 f   xml:SAX2.obj
 0001:0003e910       _xmlSAX2GetEntity          0043f910 f   xml:SAX2.obj
 0001:0003ea50       _xmlSAX2GetParameterEntity 0043fa50 f   xml:SAX2.obj
 0001:0003ea70       _xmlSAX2EntityDecl         0043fa70 f   xml:SAX2.obj
 0001:0003ebb0       _xmlSAX2AttributeDecl      0043fbb0 f   xml:SAX2.obj
 0001:0003ecd0       _xmlSAX2ElementDecl        0043fcd0 f   xml:SAX2.obj
 0001:0003ed50       _xmlSAX2NotationDecl       0043fd50 f   xml:SAX2.obj
 0001:0003edf0       _xmlSAX2UnparsedEntityDecl 0043fdf0 f   xml:SAX2.obj
 0001:0003ef10       _xmlSAX2SetDocumentLocator 0043ff10 f   xml:SAX2.obj
 0001:0003ef20       _xmlSAX2StartDocument      0043ff20 f   xml:SAX2.obj
 0001:0003f020       _xmlSAX2EndDocument        00440020 f   xml:SAX2.obj
 0001:0003fde0       _xmlSAX2StartElement       00440de0 f   xml:SAX2.obj
 0001:000400e0       _xmlSAX2EndElement         004410e0 f   xml:SAX2.obj
 0001:000405d0       _xmlSAX2StartElementNs     004415d0 f   xml:SAX2.obj
 0001:00040970       _xmlSAX2EndElementNs       00441970 f   xml:SAX2.obj
 0001:00040a00       _xmlSAX2Reference          00441a00 f   xml:SAX2.obj
 0001:00040a50       _xmlSAX2Characters         00441a50 f   xml:SAX2.obj
 0001:00040c60       _xmlSAX2IgnorableWhitespace 00441c60 f   xml:SAX2.obj
 0001:00040c70       _xmlSAX2ProcessingInstruction 00441c70 f   xml:SAX2.obj
 0001:00040d40       _xmlSAX2Comment            00441d40 f   xml:SAX2.obj
 0001:00040e10       _xmlSAX2CDataBlock         00441e10 f   xml:SAX2.obj
 0001:00040e70       _xmlSAXVersion             00441e70 f   xml:SAX2.obj
 0001:00040f60       _xmlSAX2InitDefaultSAXHandler 00441f60 f   xml:SAX2.obj
 0001:00040f90       _xmlDefaultSAXHandlerInit  00441f90 f   xml:SAX2.obj
 0001:00040fa0       _xmlMallocBreakpoint       00441fa0 f   xml:xmlmemory.obj
 0001:00040fc0       _xmlMallocLoc              00441fc0 f   xml:xmlmemory.obj
 0001:000410c0       _xmlMallocAtomicLoc        004420c0 f   xml:xmlmemory.obj
 0001:000411c0       _xmlMemMalloc              004421c0 f   xml:xmlmemory.obj
 0001:000411e0       _xmlReallocLoc             004421e0 f   xml:xmlmemory.obj
 0001:00041330       _xmlMemRealloc             00442330 f   xml:xmlmemory.obj
 0001:00041350       _xmlMemFree                00442350 f   xml:xmlmemory.obj
 0001:00041460       _xmlMemStrdupLoc           00442460 f   xml:xmlmemory.obj
 0001:00041570       _xmlMemoryStrdup           00442570 f   xml:xmlmemory.obj
 0001:00041590       _xmlMemUsed                00442590 f   xml:xmlmemory.obj
 0001:000415a0       _xmlMemBlocks              004425a0 f   xml:xmlmemory.obj
 0001:000415b0       _xmlMemDisplayLast         004425b0 f   xml:xmlmemory.obj
 0001:00041600       _xmlMemDisplay             00442600 f   xml:xmlmemory.obj
 0001:00041670       _xmlMemShow                00442670 f   xml:xmlmemory.obj
 0001:000416a0       _xmlMemoryDump             004426a0 f   xml:xmlmemory.obj
 0001:000416b0       _xmlInitMemory             004426b0 f   xml:xmlmemory.obj
 0001:00041730       _xmlCleanupMemory          00442730 f   xml:xmlmemory.obj
 0001:00041770       _xmlMemSetup               00442770 f   xml:xmlmemory.obj
 0001:000417c0       _xmlMemGet                 004427c0 f   xml:xmlmemory.obj
 0001:00041810       _xmlGcMemSetup             00442810 f   xml:xmlmemory.obj
 0001:00041870       _xmlGcMemGet               00442870 f   xml:xmlmemory.obj
 0001:000418d0       _xmlInitGlobals            004428d0 f   xml:globals.obj
 0001:000418f0       _xmlCleanupGlobals         004428f0 f   xml:globals.obj
 0001:00041910       _xmlInitializeGlobalState  00442910 f   xml:globals.obj
 0001:00041aa0       _xmlThrDefSetGenericErrorFunc 00442aa0 f   xml:globals.obj
 0001:00041ad0       _xmlThrDefSetStructuredErrorFunc 00442ad0 f   xml:globals.obj
 0001:00041af0       _xmlRegisterNodeDefault    00442af0 f   xml:globals.obj
 0001:00041b10       _xmlThrDefRegisterNodeDefault 00442b10 f   xml:globals.obj
 0001:00041b30       _xmlDeregisterNodeDefault  00442b30 f   xml:globals.obj
 0001:00041b50       _xmlThrDefDeregisterNodeDefault 00442b50 f   xml:globals.obj
 0001:00041b70       _xmlThrDefParserInputBufferCreateFilenameDefault 00442b70 f   xml:globals.obj
 0001:00041ba0       _xmlThrDefOutputBufferCreateFilenameDefault 00442ba0 f   xml:globals.obj
 0001:00041bd0       ___xmlLastError            00442bd0 f   xml:globals.obj
 0001:00041be0       ___oldXMLWDcompatibility   00442be0 f   xml:globals.obj
 0001:00041bf0       ___xmlBufferAllocScheme    00442bf0 f   xml:globals.obj
 0001:00041c00       _xmlThrDefBufferAllocScheme 00442c00 f   xml:globals.obj
 0001:00041c20       ___xmlDefaultBufferSize    00442c20 f   xml:globals.obj
 0001:00041c30       _xmlThrDefDefaultBufferSize 00442c30 f   xml:globals.obj
 0001:00041c50       ___xmlDefaultSAXLocator    00442c50 f   xml:globals.obj
 0001:00041c60       ___xmlDoValidityCheckingDefaultValue 00442c60 f   xml:globals.obj
 0001:00041c70       _xmlThrDefDoValidityCheckingDefaultValue 00442c70 f   xml:globals.obj
 0001:00041c90       ___xmlGenericError         00442c90 f   xml:globals.obj
 0001:00041ca0       ___xmlStructuredError      00442ca0 f   xml:globals.obj
 0001:00041cb0       ___xmlGenericErrorContext  00442cb0 f   xml:globals.obj
 0001:00041cc0       ___xmlStructuredErrorContext 00442cc0 f   xml:globals.obj
 0001:00041cd0       ___xmlGetWarningsDefaultValue 00442cd0 f   xml:globals.obj
 0001:00041ce0       _xmlThrDefGetWarningsDefaultValue 00442ce0 f   xml:globals.obj
 0001:00041d00       ___xmlIndentTreeOutput     00442d00 f   xml:globals.obj
 0001:00041d10       _xmlThrDefIndentTreeOutput 00442d10 f   xml:globals.obj
 0001:00041d30       ___xmlTreeIndentString     00442d30 f   xml:globals.obj
 0001:00041d40       _xmlThrDefTreeIndentString 00442d40 f   xml:globals.obj
 0001:00041d60       ___xmlKeepBlanksDefaultValue 00442d60 f   xml:globals.obj
 0001:00041d70       _xmlThrDefKeepBlanksDefaultValue 00442d70 f   xml:globals.obj
 0001:00041d90       ___xmlLineNumbersDefaultValue 00442d90 f   xml:globals.obj
 0001:00041da0       _xmlThrDefLineNumbersDefaultValue 00442da0 f   xml:globals.obj
 0001:00041dc0       ___xmlLoadExtDtdDefaultValue 00442dc0 f   xml:globals.obj
 0001:00041dd0       _xmlThrDefLoadExtDtdDefaultValue 00442dd0 f   xml:globals.obj
 0001:00041df0       ___xmlParserDebugEntities  00442df0 f   xml:globals.obj
 0001:00041e00       _xmlThrDefParserDebugEntities 00442e00 f   xml:globals.obj
 0001:00041e20       ___xmlParserVersion        00442e20 f   xml:globals.obj
 0001:00041e30       ___xmlPedanticParserDefaultValue 00442e30 f   xml:globals.obj
 0001:00041e40       _xmlThrDefPedanticParserDefaultValue 00442e40 f   xml:globals.obj
 0001:00041e60       ___xmlSaveNoEmptyTags      00442e60 f   xml:globals.obj
 0001:00041e70       _xmlThrDefSaveNoEmptyTags  00442e70 f   xml:globals.obj
 0001:00041e90       ___xmlSubstituteEntitiesDefaultValue 00442e90 f   xml:globals.obj
 0001:00041ea0       _xmlThrDefSubstituteEntitiesDefaultValue 00442ea0 f   xml:globals.obj
 0001:00041ec0       ___xmlRegisterNodeDefaultValue 00442ec0 f   xml:globals.obj
 0001:00041ed0       ___xmlDeregisterNodeDefaultValue 00442ed0 f   xml:globals.obj
 0001:00041ee0       ___xmlParserInputBufferCreateFilenameValue 00442ee0 f   xml:globals.obj
 0001:00041ef0       ___xmlOutputBufferCreateFilenameValue 00442ef0 f   xml:globals.obj
 0001:00041f00       _xmlNewMutex               00442f00 f   xml:threads.obj
 0001:00041f10       _xmlFreeMutex              00442f10 f   xml:threads.obj
 0001:00041f30       _xmlMutexLock              00442f30 f   xml:threads.obj
 0001:00041f40       _xmlMutexUnlock            00442f40 f   xml:threads.obj
 0001:00041f50       _xmlNewRMutex              00442f50 f   xml:threads.obj
 0001:00041f60       _xmlFreeRMutex             00442f60 f   xml:threads.obj
 0001:00041f80       _xmlRMutexLock             00442f80 f   xml:threads.obj
 0001:00041f90       _xmlRMutexUnlock           00442f90 f   xml:threads.obj
 0001:00041fa0       ___xmlGlobalInitMutexLock  00442fa0 f   xml:threads.obj
 0001:00041fb0       ___xmlGlobalInitMutexUnlock 00442fb0 f   xml:threads.obj
 0001:00041fc0       ___xmlGlobalInitMutexDestroy 00442fc0 f   xml:threads.obj
 0001:00041fd0       _xmlGetGlobalState         00442fd0 f   xml:threads.obj
 0001:00041fe0       _xmlGetThreadId            00442fe0 f   xml:threads.obj
 0001:00041ff0       _xmlIsMainThread           00442ff0 f   xml:threads.obj
 0001:00042000       _xmlLockLibrary            00443000 f   xml:threads.obj
 0001:00042010       _xmlUnlockLibrary          00443010 f   xml:threads.obj
 0001:00042020       _xmlInitThreads            00443020 f   xml:threads.obj
 0001:00042030       _xmlCleanupThreads         00443030 f   xml:threads.obj
 0001:000424c0       _xmlGetPredefinedEntity    004434c0 f   xml:entities.obj
 0001:000425a0       _xmlAddDtdEntity           004435a0 f   xml:entities.obj
 0001:00042650       _xmlAddDocEntity           00443650 f   xml:entities.obj
 0001:00042700       _xmlNewEntity              00443700 f   xml:entities.obj
 0001:00042780       _xmlGetParameterEntity     00443780 f   xml:entities.obj
 0001:000427e0       _xmlGetDtdEntity           004437e0 f   xml:entities.obj
 0001:00042810       _xmlGetDocEntity           00443810 f   xml:entities.obj
 0001:00042880       _xmlEncodeEntitiesReentrant 00443880 f   xml:entities.obj
 0001:00042c50       _xmlEncodeSpecialChars     00443c50 f   xml:entities.obj
 0001:00042d60       _xmlCreateEntitiesTable    00443d60 f   xml:entities.obj
 0001:00042de0       _xmlFreeEntitiesTable      00443de0 f   xml:entities.obj
 0001:00042f50       _xmlDumpEntityDecl         00443f50 f   xml:entities.obj
 0001:00043230       _xmlDumpEntitiesTable      00444230 f   xml:entities.obj
 0001:00043260       _xmlCharInRange            00444260 f   xml:chvalid.obj
 0001:000432f0       _xmlIsBaseChar             004442f0 f   xml:chvalid.obj
 0001:00043350       _xmlIsBlank                00444350 f   xml:chvalid.obj
 0001:00043380       _xmlIsChar                 00444380 f   xml:chvalid.obj
 0001:000433d0       _xmlIsCombining            004443d0 f   xml:chvalid.obj
 0001:00043400       _xmlIsDigit                00444400 f   xml:chvalid.obj
 0001:00043430       _xmlIsExtender             00444430 f   xml:chvalid.obj
 0001:00043460       _xmlIsIdeographic          00444460 f   xml:chvalid.obj
 0001:000434a0       _xmlIsPubidChar            004444a0 f   xml:chvalid.obj
 0001:00043610       _xmlListCreate             00444610 f   xml:list.obj
 0001:000436b0       _xmlListSearch             004446b0 f   xml:list.obj
 0001:000436e0       _xmlListReverseSearch      004446e0 f   xml:list.obj
 0001:00043710       _xmlListInsert             00444710 f   xml:list.obj
 0001:00043790       _xmlListAppend             00444790 f   xml:list.obj
 0001:00043810       _xmlListDelete             00444810 f   xml:list.obj
 0001:00043840       _xmlListRemoveFirst        00444840 f   xml:list.obj
 0001:000438a0       _xmlListRemoveLast         004448a0 f   xml:list.obj
 0001:00043900       _xmlListRemoveAll          00444900 f   xml:list.obj
 0001:00043990       _xmlListClear              00444990 f   xml:list.obj
 0001:000439e0       _xmlListEmpty              004449e0 f   xml:list.obj
 0001:00043a00       _xmlListFront              00444a00 f   xml:list.obj
 0001:00043a20       _xmlListEnd                00444a20 f   xml:list.obj
 0001:00043a40       _xmlListSize               00444a40 f   xml:list.obj
 0001:00043a70       _xmlListPopFront           00444a70 f   xml:list.obj
 0001:00043ac0       _xmlListPopBack            00444ac0 f   xml:list.obj
 0001:00043b10       _xmlListPushFront          00444b10 f   xml:list.obj
 0001:00043b70       _xmlListPushBack           00444b70 f   xml:list.obj
 0001:00043bd0       _xmlLinkGetData            00444bd0 f   xml:list.obj
 0001:00043bf0       _xmlListReverse            00444bf0 f   xml:list.obj
 0001:00043c20       _xmlListSort               00444c20 f   xml:list.obj
 0001:00043c90       _xmlListWalk               00444c90 f   xml:list.obj
 0001:00043cd0       _xmlListReverseWalk        00444cd0 f   xml:list.obj
 0001:00043d10       _xmlListMerge              00444d10 f   xml:list.obj
 0001:00043d30       _xmlListDup                00444d30 f   xml:list.obj
 0001:00043d70       _xmlListCopy               00444d70 f   xml:list.obj
 0001:00043de0       _get_crc_table             00444de0 f   zlib:crc32.obj
 0001:00043df0       _crc32                     00444df0 f   zlib:crc32.obj
 0001:000445f0       _crc32_combine             004455f0 f   zlib:crc32.obj
 0001:00044610       _crc32_combine64           00445610 f   zlib:crc32.obj
 0001:00044630       _deflateInit_              00445630 f   zlib:deflate.obj
 0001:00044650       _deflateInit2_             00445650 f   zlib:deflate.obj
 0001:00044830       _deflateSetDictionary      00445830 f   zlib:deflate.obj
 0001:00044930       _deflateReset              00445930 f   zlib:deflate.obj
 0001:000449b0       _deflateSetHeader          004459b0 f   zlib:deflate.obj
 0001:000449d0       _deflatePrime              004459d0 f   zlib:deflate.obj
 0001:00044a10       _deflateParams             00445a10 f   zlib:deflate.obj
 0001:00044b00       _deflateTune               00445b00 f   zlib:deflate.obj
 0001:00044b40       _deflateBound              00445b40 f   zlib:deflate.obj
 0001:00044ca0       _deflate                   00445ca0 f   zlib:deflate.obj
 0001:00045480       _deflateEnd                00446480 f   zlib:deflate.obj
 0001:00045550       _deflateCopy               00446550 f   zlib:deflate.obj
 0001:000468c0       _inflateReset              004478c0 f   zlib:inflate.obj
 0001:00046930       _inflateReset2             00447930 f   zlib:inflate.obj
 0001:000469b0       _inflateInit2_             004479b0 f   zlib:inflate.obj
 0001:00046a60       _inflateInit_              00447a60 f   zlib:inflate.obj
 0001:00046a80       _inflatePrime              00447a80 f   zlib:inflate.obj
 0001:00046c00       _inflate                   00447c00 f   zlib:inflate.obj
 0001:00048130       _inflateEnd                00449130 f   zlib:inflate.obj
 0001:00048180       _inflateSetDictionary      00449180 f   zlib:inflate.obj
 0001:00048240       _inflateGetHeader          00449240 f   zlib:inflate.obj
 0001:000482d0       _inflateSync               004492d0 f   zlib:inflate.obj
 0001:000483b0       _inflateSyncPoint          004493b0 f   zlib:inflate.obj
 0001:000483e0       _inflateCopy               004493e0 f   zlib:inflate.obj
 0001:00048530       _inflateUndermine          00449530 f   zlib:inflate.obj
 0001:00048560       _inflateMark               00449560 f   zlib:inflate.obj
 0001:000485c0       __tr_init                  004495c0 f   zlib:trees.obj
 0001:00049590       __tr_stored_block          0044a590 f   zlib:trees.obj
 0001:00049630       __tr_align                 0044a630 f   zlib:trees.obj
 0001:00049820       __tr_flush_block           0044a820 f   zlib:trees.obj
 0001:00049a70       __tr_tally                 0044aa70 f   zlib:trees.obj
 0001:0004a160       _adler32                   0044b160 f   zlib:adler32.obj
 0001:0004a470       _adler32_combine           0044b470 f   zlib:adler32.obj
 0001:0004a480       _adler32_combine64         0044b480 f   zlib:adler32.obj
 0001:0004a490       _zlibVersion               0044b490 f   zlib:zutil.obj
 0001:0004a4a0       _zlibCompileFlags          0044b4a0 f   zlib:zutil.obj
 0001:0004a4b0       _zError                    0044b4b0 f   zlib:zutil.obj
 0001:0004a4d0       _zcalloc                   0044b4d0 f   zlib:zutil.obj
 0001:0004a4f0       _zcfree                    0044b4f0 f   zlib:zutil.obj
 0001:0004a510       _inflate_fast              0044b510 f   zlib:inffast.obj
 0001:0004a920       _inflate_table             0044b920 f   zlib:inftrees.obj
 0001:0004ad90       _mceTextReaderInit         0044bd90 f   mce:textreader.obj
 0001:0004add0       _mceTextReaderCleanup      0044bdd0 f   mce:textreader.obj
 0001:0004af40       _mceRaiseError             0044bf40 f   mce:textreader.obj
 0001:0004c140       _mceTextReaderPostprocess  0044d140 f   mce:textreader.obj
 0001:0004c430       _mceTextReaderGetError     0044d430 f   mce:textreader.obj
 0001:0004c440       _mceTextReaderRead         0044d440 f   mce:textreader.obj
 0001:0004c460       _mceTextReaderNext         0044d460 f   mce:textreader.obj
 0001:0004c480       _mceTextReaderDump         0044d480 f   mce:textreader.obj
 0001:0004c9b0       _mceTextReaderUnderstandsNamespace 0044d9b0 f   mce:textreader.obj
 0001:0004c9d0       _mceTextReaderDisableMCE   0044d9d0 f   mce:textreader.obj
 0001:0004cb00       _mceQNameLevelLookup       0044db00 f   mce:helper.obj
 0001:0004cb30       _mceQNameLevelAdd          0044db30 f   mce:helper.obj
 0001:0004cc70       _mceQNameLevelCleanup      0044dc70 f   mce:helper.obj
 0001:0004cd60       _mceSkipStackPush          0044dd60 f   mce:helper.obj
 0001:0004cde0       _mceSkipStackPop           0044dde0 f   mce:helper.obj
 0001:0004ce00       _mceSkipStackTop           0044de00 f   mce:helper.obj
 0001:0004ce20       _mceSkipStackSkip          0044de20 f   mce:helper.obj
 0001:0004ce50       _mceCtxInit                0044de50 f   mce:helper.obj
 0001:0004ce80       _mceCtxCleanup             0044de80 f   mce:helper.obj
 0001:0004d030       _mceCtxUnderstandsNamespace 0044e030 f   mce:helper.obj
 0001:0004d050       _mceCtxSuspendProcessing   0044e050 f   mce:helper.obj
 0001:0004d0f0       _xmlNewTextWriter          0044e0f0 f   xml:xmlwriter.obj
 0001:0004d290       _xmlNewTextWriterFilename  0044e290 f   xml:xmlwriter.obj
 0001:0004d340       _xmlNewTextWriterMemory    0044e340 f   xml:xmlwriter.obj
 0001:0004d3f0       _xmlNewTextWriterPushParser 0044e3f0 f   xml:xmlwriter.obj
 0001:0004d4d0       _xmlNewTextWriterDoc       0044e4d0 f   xml:xmlwriter.obj
 0001:0004d620       _xmlNewTextWriterTree      0044e620 f   xml:xmlwriter.obj
 0001:0004d750       _xmlFreeTextWriter         0044e750 f   xml:xmlwriter.obj
 0001:0004d820       _xmlTextWriterStartDocument 0044e820 f   xml:xmlwriter.obj
 0001:0004dab0       _xmlTextWriterEndDocument  0044eab0 f   xml:xmlwriter.obj
 0001:0004dbe0       _xmlTextWriterStartComment 0044ebe0 f   xml:xmlwriter.obj
 0001:0004dd20       _xmlTextWriterEndComment   0044ed20 f   xml:xmlwriter.obj
 0001:0004de00       _xmlTextWriterWriteFormatComment 0044ee00 f   xml:xmlwriter.obj
 0001:0004de20       _xmlTextWriterWriteVFormatComment 0044ee20 f   xml:xmlwriter.obj
 0001:0004de90       _xmlTextWriterWriteComment 0044ee90 f   xml:xmlwriter.obj
 0001:0004dee0       _xmlTextWriterStartElement 0044eee0 f   xml:xmlwriter.obj
 0001:0004e050       _xmlTextWriterStartElementNS 0044f050 f   xml:xmlwriter.obj
 0001:0004e180       _xmlTextWriterEndElement   0044f180 f   xml:xmlwriter.obj
 0001:0004e2f0       _xmlTextWriterFullEndElement 0044f2f0 f   xml:xmlwriter.obj
 0001:0004e410       _xmlTextWriterWriteFormatRaw 0044f410 f   xml:xmlwriter.obj
 0001:0004e470       _xmlTextWriterWriteVFormatRaw 0044f470 f   xml:xmlwriter.obj
 0001:0004e4d0       _xmlTextWriterWriteRawLen  0044f4d0 f   xml:xmlwriter.obj
 0001:0004e5b0       _xmlTextWriterWriteRaw     0044f5b0 f   xml:xmlwriter.obj
 0001:0004e5f0       _xmlTextWriterWriteFormatString 0044f5f0 f   xml:xmlwriter.obj
 0001:0004e620       _xmlTextWriterWriteVFormatString 0044f620 f   xml:xmlwriter.obj
 0001:0004e670       _xmlTextWriterWriteString  0044f670 f   xml:xmlwriter.obj
 0001:0004e850       _xmlTextWriterWriteBase64  0044f850 f   xml:xmlwriter.obj
 0001:0004e960       _xmlTextWriterWriteBinHex  0044f960 f   xml:xmlwriter.obj
 0001:0004e9f0       _xmlTextWriterStartAttribute 0044f9f0 f   xml:xmlwriter.obj
 0001:0004eac0       _xmlTextWriterStartAttributeNS 0044fac0 f   xml:xmlwriter.obj
 0001:0004ec60       _xmlTextWriterEndAttribute 0044fc60 f   xml:xmlwriter.obj
 0001:0004ecb0       _xmlTextWriterWriteFormatAttribute 0044fcb0 f   xml:xmlwriter.obj
 0001:0004ed00       _xmlTextWriterWriteVFormatAttribute 0044fd00 f   xml:xmlwriter.obj
 0001:0004ed50       _xmlTextWriterWriteAttribute 0044fd50 f   xml:xmlwriter.obj
 0001:0004eda0       _xmlTextWriterWriteFormatAttributeNS 0044fda0 f   xml:xmlwriter.obj
 0001:0004ee00       _xmlTextWriterWriteVFormatAttributeNS 0044fe00 f   xml:xmlwriter.obj
 0001:0004ee60       _xmlTextWriterWriteAttributeNS 0044fe60 f   xml:xmlwriter.obj
 0001:0004eed0       _xmlTextWriterWriteFormatElement 0044fed0 f   xml:xmlwriter.obj
 0001:0004ef20       _xmlTextWriterWriteVFormatElement 0044ff20 f   xml:xmlwriter.obj
 0001:0004ef70       _xmlTextWriterWriteElement 0044ff70 f   xml:xmlwriter.obj
 0001:0004efc0       _xmlTextWriterWriteFormatElementNS 0044ffc0 f   xml:xmlwriter.obj
 0001:0004f020       _xmlTextWriterWriteVFormatElementNS 00450020 f   xml:xmlwriter.obj
 0001:0004f080       _xmlTextWriterWriteElementNS 00450080 f   xml:xmlwriter.obj
 0001:0004f0f0       _xmlTextWriterStartPI      004500f0 f   xml:xmlwriter.obj
 0001:0004f270       _xmlTextWriterEndPI        00450270 f   xml:xmlwriter.obj
 0001:0004f300       _xmlTextWriterWriteFormatPI 00450300 f   xml:xmlwriter.obj
 0001:0004f350       _xmlTextWriterWriteVFormatPI 00450350 f   xml:xmlwriter.obj
 0001:0004f3a0       _xmlTextWriterWritePI      004503a0 f   xml:xmlwriter.obj
 0001:0004f400       _xmlTextWriterStartCDATA   00450400 f   xml:xmlwriter.obj
 0001:0004f520       _xmlTextWriterEndCDATA     00450520 f   xml:xmlwriter.obj
 0001:0004f580       _xmlTextWriterWriteFormatCDATA 00450580 f   xml:xmlwriter.obj
 0001:0004f5d0       _xmlTextWriterWriteVFormatCDATA 004505d0 f   xml:xmlwriter.obj
 0001:0004f620       _xmlTextWriterWriteCDATA   00450620 f   xml:xmlwriter.obj
 0001:0004f670       _xmlTextWriterStartDTD     00450670 f   xml:xmlwriter.obj
 0001:0004f8e0       _xmlTextWriterEndDTD       004508e0 f   xml:xmlwriter.obj
 0001:0004fa50       _xmlTextWriterWriteFormatDTD 00450a50 f   xml:xmlwriter.obj
 0001:0004fab0       _xmlTextWriterWriteVFormatDTD 00450ab0 f   xml:xmlwriter.obj
 0001:0004fb10       _xmlTextWriterWriteDTD     00450b10 f   xml:xmlwriter.obj
 0001:0004fb70       _xmlTextWriterStartDTDElement 00450b70 f   xml:xmlwriter.obj
 0001:0004fcd0       _xmlTextWriterEndDTDElement 00450cd0 f   xml:xmlwriter.obj
 0001:0004fd50       _xmlTextWriterWriteFormatDTDElement 00450d50 f   xml:xmlwriter.obj
 0001:0004fda0       _xmlTextWriterWriteVFormatDTDElement 00450da0 f   xml:xmlwriter.obj
 0001:0004fdf0       _xmlTextWriterWriteDTDElement 00450df0 f   xml:xmlwriter.obj
 0001:0004fe50       _xmlTextWriterStartDTDAttlist 00450e50 f   xml:xmlwriter.obj
 0001:0004ffb0       _xmlTextWriterEndDTDAttlist 00450fb0 f   xml:xmlwriter.obj
 0001:00050030       _xmlTextWriterWriteFormatDTDAttlist 00451030 f   xml:xmlwriter.obj
 0001:00050080       _xmlTextWriterWriteVFormatDTDAttlist 00451080 f   xml:xmlwriter.obj
 0001:000500d0       _xmlTextWriterWriteDTDAttlist 004510d0 f   xml:xmlwriter.obj
 0001:00050130       _xmlTextWriterStartDTDEntity 00451130 f   xml:xmlwriter.obj
 0001:000502c0       _xmlTextWriterEndDTDEntity 004512c0 f   xml:xmlwriter.obj
 0001:00050360       _xmlTextWriterWriteFormatDTDInternalEntity 00451360 f   xml:xmlwriter.obj
 0001:000503b0       _xmlTextWriterWriteVFormatDTDInternalEntity 004513b0 f   xml:xmlwriter.obj
 0001:00050400       _xmlTextWriterWriteDTDEntity 00451400 f   xml:xmlwriter.obj
 0001:00050470       _xmlTextWriterWriteDTDInternalEntity 00451470 f   xml:xmlwriter.obj
 0001:000504e0       _xmlTextWriterWriteDTDExternalEntity 004514e0 f   xml:xmlwriter.obj
 0001:00050560       _xmlTextWriterWriteDTDExternalEntityContents 00451560 f   xml:xmlwriter.obj
 0001:00050780       _xmlTextWriterWriteDTDNotation 00451780 f   xml:xmlwriter.obj
 0001:00050980       _xmlTextWriterFlush        00451980 f   xml:xmlwriter.obj
 0001:00050f90       _xmlTextWriterSetIndent    00451f90 f   xml:xmlwriter.obj
 0001:00050fc0       _xmlTextWriterSetIndentString 00451fc0 f   xml:xmlwriter.obj
 0001:000511c0       _Main_OnInitDialog         004521c0 f   main.obj
 0001:00051210       _Main_OnCommand            00452210 f   main.obj
 0001:00051260       _Main_OnClose              00452260 f   main.obj
 0001:00051270       _Main_Proc@16              00452270 f   main.obj
 0001:00051300       _WinMain@16                00452300 f   dlgxp_templet.obj
 0001:00051320       _UTF8toUCS2Code            00452320 f   encoder.obj
 0001:000513d0       _UCS2toUTF8Code            004523d0 f   encoder.obj
 0001:0005143a       _SendMessageA@16           0045243a f   user32:USER32.dll
 0001:00051440       _LoadIconA@8               00452440 f   user32:USER32.dll
 0001:00051446       _GetWindowLongA@8          00452446 f   user32:USER32.dll
 0001:0005144c       _EndDialog@8               0045244c f   user32:USER32.dll
 0001:00051452       _DialogBoxParamA@20        00452452 f   user32:USER32.dll
 0001:00051458       _fclose                    00452458 f   MSVCRT:MSVCR100.dll
 0001:0005145e       _fopen                     0045245e f   MSVCRT:MSVCR100.dll
 0001:00051464       _NtCurrentTeb              00452464 f i MSVCRT:crtexew.obj
 0001:00051790       _WinMainCRTStartup         00452790 f   MSVCRT:crtexew.obj
 0001:0005179a       @__security_check_cookie@4 0045279a f   MSVCRT:secchk.obj
 0001:000517aa       _fputc                     004527aa f   MSVCRT:MSVCR100.dll
 0001:000517b0       _sprintf                   004527b0 f   MSVCRT:MSVCR100.dll
 0001:000517b6       _fputs                     004527b6 f   MSVCRT:MSVCR100.dll
 0001:000517bc       ___iob_func                004527bc f   MSVCRT:MSVCR100.dll
 0001:000517c2       _atoi                      004527c2 f   MSVCRT:MSVCR100.dll
 0001:000517c8       __snprintf                 004527c8 f   MSVCRT:MSVCR100.dll
 0001:000517ce       __wassert                  004527ce f   MSVCRT:MSVCR100.dll
 0001:000517d4       _strncpy                   004527d4 f   MSVCRT:MSVCR100.dll
 0001:000517da       _fprintf                   004527da f   MSVCRT:MSVCR100.dll
 0001:000517e0       _printf                    004527e0 f   MSVCRT:MSVCR100.dll
 0001:000517e6       _fflush                    004527e6 f   MSVCRT:MSVCR100.dll
 0001:000517ec       __chsize                   004527ec f   MSVCRT:MSVCR100.dll
 0001:000517f2       _fread                     004527f2 f   MSVCRT:MSVCR100.dll
 0001:000517f8       _fwrite                    004527f8 f   MSVCRT:MSVCR100.dll
 0001:000517fe       _ftell                     004527fe f   MSVCRT:MSVCR100.dll
 0001:00051804       _fseek                     00452804 f   MSVCRT:MSVCR100.dll
 0001:0005180a       _memmove                   0045280a f   MSVCRT:MSVCR100.dll
 0001:00051810       _strncmp                   00452810 f   MSVCRT:MSVCR100.dll
 0001:00051816       __wfopen                   00452816 f   MSVCRT:MSVCR100.dll
 0001:0005181c       __wstat64i32               0045281c f   MSVCRT:MSVCR100.dll
 0001:00051822       __errno                    00452822 f   MSVCRT:MSVCR100.dll
 0001:00051828       _ferror                    00452828 f   MSVCRT:MSVCR100.dll
 0001:0005182e       __stat64i32                0045282e f   MSVCRT:MSVCR100.dll
 0001:00051834       _vfprintf                  00452834 f   MSVCRT:MSVCR100.dll
 0001:0005183a       _toupper                   0045283a f   MSVCRT:MSVCR100.dll
 0001:00051840       _sscanf                    00452840 f   MSVCRT:MSVCR100.dll
 0001:00051846       _free                      00452846 f   MSVCRT:MSVCR100.dll
 0001:0005184c       _malloc                    0045284c f   MSVCRT:MSVCR100.dll
 0001:00051852       _realloc                   00452852 f   MSVCRT:MSVCR100.dll
 0001:00051858       _getenv                    00452858 f   MSVCRT:MSVCR100.dll
 0001:0005185e       __fileno                   0045285e f   MSVCRT:MSVCR100.dll
 0001:00051864       __read                     00452864 f   MSVCRT:MSVCR100.dll
 0001:0005186a       __close                    0045286a f   MSVCRT:MSVCR100.dll
 0001:00051870       __write                    00452870 f   MSVCRT:MSVCR100.dll
 0001:00051876       __getcwd                   00452876 f   MSVCRT:MSVCR100.dll
 0001:0005187c       ?__CxxUnhandledExceptionFilter@@YGJPAU_EXCEPTION_POINTERS@@@Z 0045287c f   MSVCRT:unhandld.obj
 0001:000518be       ___CxxSetUnhandledExceptionFilter 004528be f   MSVCRT:unhandld.obj
 0001:000518cc       __amsg_exit                004528cc f   MSVCRT:MSVCR100.dll
 0001:000518d2       ___getmainargs             004528d2 f   MSVCRT:MSVCR100.dll
 0001:000518d8       __onexit                   004528d8 f   MSVCRT:atonexit.obj
 0001:00051979       _atexit                    00452979 f   MSVCRT:atonexit.obj
[...]
 0001:0001c070       _xmlParseQName             0041d070 f    CIL library: CIL module
 0001:0001c270       _xmlParseQNameAndCompare   0041d270 f    CIL library: CIL module
 0001:0001c340       _xmlParseAttValueInternal  0041d340 f    CIL library: CIL module
 0001:0001c7e0       _xmlParseAttribute2        0041d7e0 f    CIL library: CIL module
 0001:0001ca40       _xmlParseStartTag2         0041da40 f    CIL library: CIL module
 0001:0001d7f0       _xmlParseEndTag2           0041e7f0 f    CIL library: CIL module
 0001:0001fdb0       _xmlParseLookupSequence    00420db0 f    CIL library: CIL module
 0001:0001fe60       _xmlParseGetLasts          00420e60 f    CIL library: CIL module
 0001:0001ff50       _xmlCheckCdataPush         00420f50 f    CIL library: CIL module
 0001:000201e0       _xmlParseTryOrFinish       004211e0 f    CIL library: CIL module
 0001:00022300       _xmlParseExternalEntityPrivate 00423300 f    CIL library: CIL module
 0001:00022790       _xmlParseBalancedChunkMemoryInternal 00423790 f    CIL library: CIL module
 0001:00023000       _xmlCreateEntityParserCtxtInternal 00424000 f    CIL library: CIL module
 0001:00023850       _xmlCtxtUseOptionsInternal 00424850 f    CIL library: CIL module
 0001:00023ab0       _xmlDoRead                 00424ab0 f    CIL library: CIL module
 0001:00024040       ___xmlIOWin32UTF8ToWChar   00425040 f    CIL library: CIL module
 0001:000240b0       _xmlIOErrMemory            004250b0 f    CIL library: CIL module
 0001:000244c0       _xmlIOErr                  004254c0 f    CIL library: CIL module
 0001:00024630       _xmlWrapOpenUtf8           00425630 f    CIL library: CIL module
 0001:000246a0       _xmlWrapStatUtf8           004256a0 f    CIL library: CIL module
 0001:000246f0       _xmlWrapOpenNative         004256f0 f    CIL library: CIL module
 0001:00024720       _xmlWrapStatNative         00425720 f    CIL library: CIL module
 0001:00024730       _xmlInitPlatformSpecificIo 00425730 f    CIL library: CIL module
 0001:00024820       _xmlNop                    00425820 f    CIL library: CIL module
 0001:00024830       _xmlFdRead                 00425830 f    CIL library: CIL module
 0001:00024870       _xmlFdWrite                00425870 f    CIL library: CIL module
 0001:000248b0       _xmlFdClose                004258b0 f    CIL library: CIL module
 0001:000248f0       _xmlFileOpen_real          004258f0 f    CIL library: CIL module
 0001:00024a40       _xmlFileOpenW              00425a40 f    CIL library: CIL module
 0001:00024b30       _xmlFileWrite              00425b30 f    CIL library: CIL module
 0001:00024c10       _xmlFileFlush              00425c10 f    CIL library: CIL module
 0001:00024c50       _xmlBufferWrite            00425c50 f    CIL library: CIL module
 0001:00025860       _endOfInput                00426860 f    CIL library: CIL module
 0001:00025c60       _xmlEscapeContent          00426c60 f    CIL library: CIL module
 0001:000262a0       _xmlNoNetExists            004272a0 f    CIL library: CIL module
 0001:00026340       _xmlDefaultExternalEntityLoader 00427340 f    CIL library: CIL module
 0001:000264d0       _xmlTreeErrMemory          004274d0 f    CIL library: CIL module
 0001:00026530       _xmlTreeErr                00427530 f    CIL library: CIL module
 0001:00027cd0       _xmlNewPropInternal        00428cd0 f    CIL library: CIL module
 0001:00028990       _xmlAddPropSibling         00429990 f    CIL library: CIL module
 0001:000294a0       _xmlCopyPropInternal       0042a4a0 f    CIL library: CIL module
 0001:000296e0       _xmlStaticCopyNode         0042a6e0 f    CIL library: CIL module
 0001:000299a0       _xmlStaticCopyNodeList     0042a9a0 f    CIL library: CIL module
 0001:0002a9a0       _xmlTreeEnsureXMLDecl      0042b9a0 f    CIL library: CIL module
 0001:0002abf0       _xmlNsInScope              0042bbf0 f    CIL library: CIL module
 0001:0002ae50       _xmlNewReconciliedNs       0042be50 f    CIL library: CIL module
 0001:0002af70       _xmlGetPropNodeInternal    0042bf70 f    CIL library: CIL module
 0001:0002b030       _xmlGetPropNodeValueInternal 0042c030 f    CIL library: CIL module
 0001:0002bd30       _xmlDOMWrapNsMapFree       0042cd30 f    CIL library: CIL module
 0001:0002bd80       _xmlDOMWrapNsMapAddItem    0042cd80 f    CIL library: CIL module
 0001:0002be50       _xmlDOMWrapStoreNs         0042ce50 f    CIL library: CIL module
 0001:0002bf50       _xmlTreeNSListLookupByPrefix 0042cf50 f    CIL library: CIL module
 0001:0002bf90       _xmlDOMWrapNSNormGatherInScopeNs 0042cf90 f    CIL library: CIL module
 0001:0002c120       _xmlDOMWrapNSNormAddNsMapItem2 0042d120 f    CIL library: CIL module
 0001:0002c380       _xmlSearchNsByNamespaceStrict 0042d380 f    CIL library: CIL module
 0001:0002c4e0       _xmlSearchNsByPrefixStrict 0042d4e0 f    CIL library: CIL module
 0001:0002c590       _xmlDOMWrapNSNormDeclareNsForced 0042d590 f    CIL library: CIL module
 0001:0002c6e0       _xmlDOMWrapNSNormAquireNormalizedNs 0042d6e0 f    CIL library: CIL module
 0001:0002ced0       _xmlDOMWrapAdoptBranch     0042ded0 f    CIL library: CIL module
 0001:0002de20       _xmlDOMWrapAdoptAttr       0042ee20 f    CIL library: CIL module
 0001:0002e350       _xmlParse3986Scheme        0042f350 f    CIL library: CIL module
 0001:0002e3d0       _xmlParse3986Fragment      0042f3d0 f    CIL library: CIL module
 0001:0002e530       _xmlParse3986Query         0042f530 f    CIL library: CIL module
 0001:0002e6b0       _xmlParse3986Port          0042f6b0 f    CIL library: CIL module
 0001:0002e700       _xmlParse3986Userinfo      0042f700 f    CIL library: CIL module
 0001:0002e820       _xmlParse3986DecOctet      0042f820 f    CIL library: CIL module
 0001:0002e8b0       _xmlParse3986Host          0042f8b0 f    CIL library: CIL module
 0001:0002ea90       _xmlParse3986Authority     0042fa90 f    CIL library: CIL module
 0001:0002eb10       _xmlParse3986Segment       0042fb10 f    CIL library: CIL module
 0001:0002ecb0       _xmlParse3986PathAbEmpty   0042fcb0 f    CIL library: CIL module
 0001:0002ed50       _xmlParse3986PathAbsolute  0042fd50 f    CIL library: CIL module
 0001:0002ee20       _xmlParse3986PathRootless  0042fe20 f    CIL library: CIL module
 0001:0002eef0       _xmlParse3986PathNoScheme  0042fef0 f    CIL library: CIL module
 0001:0002efc0       _xmlParse3986HierPart      0042ffc0 f    CIL library: CIL module
 0001:0002f130       _xmlParse3986RelativeRef   00430130 f    CIL library: CIL module
 0001:0002f2d0       _xmlParse3986URI           004302d0 f    CIL library: CIL module
 0001:0002f360       _xmlParse3986URIReference  00430360 f    CIL library: CIL module
 0001:00030110       _xmlCleanURI               00431110 f    CIL library: CIL module
 0001:00030400       _is_hex                    00431400 f    CIL library: CIL module
 0001:00031550       _xmlInitializeDict         00432550 f    CIL library: CIL module
 0001:000315b0       _xmlDictAddString          004325b0 f    CIL library: CIL module
 0001:00031660       _xmlDictAddQString         00432660 f    CIL library: CIL module
 0001:00031760       _xmlDictComputeBigKey      00432760 f    CIL library: CIL module
 0001:000317a0       _xmlDictComputeBigQKey     004327a0 f    CIL library: CIL module
 0001:00031810       _xmlDictComputeFastKey     00432810 f    CIL library: CIL module
 0001:000318a0       _xmlDictComputeFastQKey    004328a0 f    CIL library: CIL module
 0001:00031b00       _xmlDictGrow               00432b00 f    CIL library: CIL module
 0001:000326b0       _xmlVErrMemory             004336b0 f    CIL library: CIL module
 0001:00032740       _xmlErrValid               00433740 f    CIL library: CIL module
 0001:00032cd0       _xmlDumpElementContent     00433cd0 f    CIL library: CIL module
 0001:00033260       _xmlFreeElement            00434260 f    CIL library: CIL module
 0001:000337e0       _xmlDumpElementDeclScan    004347e0 f    CIL library: CIL module
 0001:00033900       _xmlDumpEnumeration        00434900 f    CIL library: CIL module
 0001:00033960       _xmlFreeAttribute          00434960 f    CIL library: CIL module
 0001:00034030       _xmlDumpAttributeDeclScan  00435030 f    CIL library: CIL module
 0001:00034090       _xmlFreeNotation           00435090 f    CIL library: CIL module
 0001:000342d0       _xmlDumpNotationDeclScan   004352d0 f    CIL library: CIL module
 0001:00034330       _xmlFreeID                 00435330 f    CIL library: CIL module
 0001:000347f0       _xmlFreeRef                004357f0 f    CIL library: CIL module
 0001:00034840       _xmlFreeRefList            00435840 f    CIL library: CIL module
 0001:00034870       _xmlWalkRemoveRef          00435870 f    CIL library: CIL module
 0001:000348a0       _xmlDummyCompare           004358a0 f    CIL library: CIL module
 0001:00034ca0       _xmlGetDtdElementDesc2     00435ca0 f    CIL library: CIL module
 0001:00034f50       _xmlHashComputeKey         00435f50 f    CIL library: CIL module
 0001:00034ff0       _xmlHashComputeQKey        00435ff0 f    CIL library: CIL module
 0001:00035220       _xmlHashGrow               00436220 f    CIL library: CIL module
 0001:00035d20       _stubHashScannerFull       00436d20 f    CIL library: CIL module
 0001:000362d0       _xmlParserPrintFileContextInternal 004372d0 f    CIL library: CIL module
 0001:000363f0       _xmlReportError            004373f0 f    CIL library: CIL module
 0001:00037630       _xmlErrInternal            00438630 f    CIL library: CIL module
 0001:000376a0       _xmlErrEncodingInt         004386a0 f    CIL library: CIL module
 0001:00038560       _xmlSwitchInputEncodingInt 00439560 f    CIL library: CIL module
 0001:000387c0       _xmlSwitchToEncodingInt    004397c0 f    CIL library: CIL module
 0001:000396f0       _xmlSaveErrMemory          0043a6f0 f    CIL library: CIL module
 0001:00039750       _xmlSaveErr                0043a750 f    CIL library: CIL module
 0001:000397b0       _xmlSerializeHexCharRef    0043a7b0 f    CIL library: CIL module
 0001:000398b0       _xmlEscapeEntities         0043a8b0 f    CIL library: CIL module
 0001:00039b70       _xmlSaveCtxtInit           0043ab70 f    CIL library: CIL module
 0001:00039c10       _xmlFreeSaveCtxt           0043ac10 f    CIL library: CIL module
 0001:00039c40       _xmlNewSaveCtxt            0043ac40 f    CIL library: CIL module
 0001:00039d30       _xmlAttrSerializeContent   0043ad30 f    CIL library: CIL module
 0001:00039e50       _xmlSaveSwitchEncoding     0043ae50 f    CIL library: CIL module
 0001:00039ed0       _xmlSaveClearEncoding      0043aed0 f    CIL library: CIL module
 0001:00039f30       _xmlNsDumpOutput           0043af30 f    CIL library: CIL module
 0001:0003a050       _xmlDtdDumpOutput          0043b050 f    CIL library: CIL module
 0001:0003a1b0       _xmlAttrDumpOutput         0043b1b0 f    CIL library: CIL module
 0001:0003a220       _xmlAttrListDumpOutput     0043b220 f    CIL library: CIL module
 0001:0003a2f0       _xmlNodeListDumpOutput     0043b2f0 f    CIL library: CIL module
 0001:0003a370       _xmlNodeDumpOutputInternal 0043b370 f    CIL library: CIL module
 0001:0003a7f0       _xmlDocContentDumpOutput   0043b7f0 f    CIL library: CIL module
 0001:0003bba0       _xmlEncodingErrMemory      0043cba0 f    CIL library: CIL module
 0001:0003bc00       _xmlEncodingErr            0043cc00 f    CIL library: CIL module
 0001:0003bc30       _asciiToUTF8               0043cc30 f    CIL library: CIL module
 0001:0003bcc0       _UTF8Toascii               0043ccc0 f    CIL library: CIL module
 0001:0003bf00       _UTF8ToUTF8                0043cf00 f    CIL library: CIL module
 0001:0003c0e0       _UTF16LEToUTF8             0043d0e0 f    CIL library: CIL module
 0001:0003c280       _UTF8ToUTF16LE             0043d280 f    CIL library: CIL module
 0001:0003c4b0       _UTF8ToUTF16               0043d4b0 f    CIL library: CIL module
 0001:0003c510       _UTF16BEToUTF8             0043d510 f    CIL library: CIL module
 0001:0003c6c0       _UTF8ToUTF16BE             0043d6c0 f    CIL library: CIL module
 0001:0003e320       _xmlSAX2ErrMemory          0043f320 f    CIL library: CIL module
 0001:0003e360       _xmlErrValid               0043f360 f    CIL library: CIL module
 0001:0003e400       _xmlFatalErrMsg            0043f400 f    CIL library: CIL module
 0001:0003e470       _xmlWarnMsg                0043f470 f    CIL library: CIL module
 0001:0003e4c0       _xmlNsErrMsg               0043f4c0 f    CIL library: CIL module
 0001:0003e510       _xmlNsWarnMsg              0043f510 f    CIL library: CIL module
 0001:0003f0a0       _xmlSAX2AttributeInternal  004400a0 f    CIL library: CIL module
 0001:0003f960       _xmlCheckDefaultedAttributes 00440960 f    CIL library: CIL module
 0001:00040170       _xmlSAX2TextNode           00441170 f    CIL library: CIL module
 0001:00040320       _xmlSAX2AttributeNs        00441320 f    CIL library: CIL module
 0001:00041650       _debugmem_tag_error        00442650 f    CIL library: CIL module
 0001:00042040       _xmlEntitiesErrMemory      00443040 f    CIL library: CIL module
 0001:000420a0       _xmlEntitiesErr            004430a0 f    CIL library: CIL module
 0001:00042100       _xmlFreeEntity             00443100 f    CIL library: CIL module
 0001:00042260       _xmlCreateEntity           00443260 f    CIL library: CIL module
 0001:000423d0       _xmlAddEntity              004433d0 f    CIL library: CIL module
 0001:00042770       _xmlGetEntityFromTable     00443770 f    CIL library: CIL module
 0001:00042dc0       _xmlFreeEntityWrapper      00443dc0 f    CIL library: CIL module
 0001:00042e00       _xmlDumpEntityContent      00443e00 f    CIL library: CIL module
 0001:00043210       _xmlDumpEntityDeclScan     00444210 f    CIL library: CIL module
 0001:000434c0       _xmlLinkDeallocator        004444c0 f    CIL library: CIL module
 0001:000434f0       _xmlLinkCompare            004444f0 f    CIL library: CIL module
 0001:00043510       _xmlListLowerSearch        00444510 f    CIL library: CIL module
 0001:00043540       _xmlListHigherSearch       00444540 f    CIL library: CIL module
 0001:00043570       _xmlListLinkSearch         00444570 f    CIL library: CIL module
 0001:000435c0       _xmlListLinkReverseSearch  004445c0 f    CIL library: CIL module
 0001:00043e20       _crc32_little              00444e20 f    CIL library: CIL module
 0001:000440e0       _crc32_big                 004450e0 f    CIL library: CIL module
 0001:000443f0       _gf2_matrix_times          004453f0 f    CIL library: CIL module
 0001:00044410       _gf2_matrix_square         00445410 f    CIL library: CIL module
 0001:00044450       _crc32_combine_            00445450 f    CIL library: CIL module
 0001:00044c20       _putShortMSB               00445c20 f    CIL library: CIL module
 0001:00044c50       _flush_pending             00445c50 f    CIL library: CIL module
 0001:000456f0       _read_buf                  004466f0 f    CIL library: CIL module
 0001:00045760       _lm_init                   00446760 f    CIL library: CIL module
 0001:000457f0       _longest_match             004467f0 f    CIL library: CIL module
 0001:00045950       _fill_window               00446950 f    CIL library: CIL module
 0001:00045b10       _deflate_stored            00446b10 f    CIL library: CIL module
 0001:00045cf0       _deflate_fast              00446cf0 f    CIL library: CIL module
 0001:00046030       _deflate_slow              00447030 f    CIL library: CIL module
 0001:00046490       _deflate_rle               00447490 f    CIL library: CIL module
 0001:00046750       _deflate_huff              00447750 f    CIL library: CIL module
 0001:00046ae0       _fixedtables               00447ae0 f    CIL library: CIL module
 0001:00046b00       _updatewindow              00447b00 f    CIL library: CIL module
 0001:00048270       _syncsearch                00449270 f    CIL library: CIL module
 0001:000485b0       _tr_static_init            004495b0 f    CIL library: CIL module
 0001:00048620       _init_block                00449620 f    CIL library: CIL module
 0001:000486a0       _pqdownheap                004496a0 f    CIL library: CIL module
 0001:00048780       _gen_bitlen                00449780 f    CIL library: CIL module
 0001:00048980       _gen_codes                 00449980 f    CIL library: CIL module
 0001:00048a10       _build_tree                00449a10 f    CIL library: CIL module
 0001:00048c10       _scan_tree                 00449c10 f    CIL library: CIL module
 0001:00048cf0       _send_tree                 00449cf0 f    CIL library: CIL module
 0001:00049270       _build_bl_tree             0044a270 f    CIL library: CIL module
 0001:00049340       _send_all_trees            0044a340 f    CIL library: CIL module
 0001:00049b10       _compress_block            0044ab10 f    CIL library: CIL module
 0001:00049f20       _detect_data_type          0044af20 f    CIL library: CIL module
 0001:00049f90       _bi_reverse                0044af90 f    CIL library: CIL module
 0001:00049fb0       _bi_flush                  0044afb0 f    CIL library: CIL module
 0001:0004a030       _bi_windup                 0044b030 f    CIL library: CIL module
 0001:0004a090       _copy_block                0044b090 f    CIL library: CIL module
 0001:0004a3d0       _adler32_combine_          0044b3d0 f    CIL library: CIL module
 0001:0004adf0       ?xmlStrDupArray@@YAPAEPBE@Z 0044bdf0 f    CIL library: CIL module
 0001:0004ae80       ?xmlStrArrayFirst@@YAPAEPAEPAH@Z 0044be80 f    CIL library: CIL module
 0001:0004aec0       ?xmlStrArrayValid@@YAHPBE@Z 0044bec0 f    CIL library: CIL module
 0001:0004aee0       ?xmlStrArrayNext@@YAPAEPAEPAH@Z 0044bee0 f    CIL library: CIL module
 0001:0004aff0       ?mceTextReaderProcessAttributes@@YAXPAU_xmlTextReader@@PAUMCE_CONTEXT@@I@Z 0044bff0 f    CIL library: CIL module
 0001:0004bc90       ?mceTextReaderProcessStartElement@@YAHPAU_xmlTextReader@@PAUMCE_CONTEXT@@IPBE2@Z 0044cc90 f    CIL library: CIL module
 0001:0004c050       ?mceTextReaderProcessEndElement@@YAHPAU_xmlTextReader@@PAUMCE_CONTEXT@@IPBE2@Z 0044d050 f    CIL library: CIL module
 0001:0004c9e0       ?mceQNameLevelLookupEx@@YAHPAUMCE_QNAME_LEVEL_SET@@PBE1PAIH@Z 0044d9e0 f    CIL library: CIL module
 0001:0004d070       _xmlWriterErrMsg           0044e070 f    CIL library: CIL module
 0001:0004d0c0       _xmlWriterErrMsgInt        0044e0c0 f    CIL library: CIL module
 0001:0004e720       _xmlOutputBufferWriteBase64 0044f720 f    CIL library: CIL module
 0001:0004e8e0       _xmlOutputBufferWriteBinHex 0044f8e0 f    CIL library: CIL module
 0001:000509b0       _xmlFreeTextWriterStackEntry 004519b0 f    CIL library: CIL module
 0001:000509e0       _xmlCmpTextWriterStackEntry 004519e0 f    CIL library: CIL module
 0001:00050a20       _xmlTextWriterOutputNSDecl 00451a20 f    CIL library: CIL module
 0001:00050c60       _xmlFreeTextWriterNsStackEntry 00451c60 f    CIL library: CIL module
 0001:00050ca0       _xmlCmpTextWriterNsStackEntry 00451ca0 f    CIL library: CIL module
 0001:00050cf0       _xmlTextWriterWriteDocCallback 00451cf0 f    CIL library: CIL module
 0001:00050d50       _xmlTextWriterCloseDocCallback 00451d50 f    CIL library: CIL module
 0001:00050da0       _xmlTextWriterVSprintf     00451da0 f    CIL library: CIL module
 0001:00050e60       _xmlTextWriterStartDocumentCallback 00451e60 f    CIL library: CIL module
 0001:00051020       _xmlTextWriterWriteIndent  00452020 f    CIL library: CIL module
 0001:000510c0       _xmlTextWriterHandleStateDependencies 004520c0 f    CIL library: CIL module
 0001:0005146b       _pre_cpp_init              0045246b f   MSVCRT:crtexew.obj
 0001:000514b6       ___tmainCRTStartup         004524b6 f   MSVCRT:crtexew.obj
 0001:0005168f       _check_managed_app         0045268f f   MSVCRT:crtexew.obj
 0001:000516d6       _pre_c_init                004526d6 f   MSVCRT:crtexew.obj
