 cul_interface

 Timestamp is 5a7bf679 (Thu Feb 08 15:04:25 2018)

 Preferred load address is 10000000

 Start         Length     Name                   Class
 0001:00000000 000519d4H .text                   CODE
 0002:00000000 000001d0H .idata$5                DATA
 0002:000001d0 00000004H .CRT$XCA                DATA
 0002:000001d4 00000004H .CRT$XCZ                DATA
 0002:000001d8 00000004H .CRT$XIA                DATA
 0002:000001dc 00000018H .CRT$XIC                DATA
 0002:000001f4 00000004H .CRT$XIZ                DATA
 0002:000001f8 00000004H .CRT$XPA                DATA
 0002:000001fc 00000008H .CRT$XPX                DATA
 0002:00000204 00000004H .CRT$XPXA               DATA
 0002:00000208 00000004H .CRT$XPZ                DATA
 0002:0000020c 00000004H .CRT$XTA                DATA
 0002:00000210 00000004H .CRT$XTZ                DATA
 0002:00000220 0000dfe8H .rdata                  DATA
 0002:0000e208 00000058H .rdata$debug            DATA
 0002:0000e260 0000000cH .rdata$sxdata           DATA
 0002:0000e26c 00000004H .rtc$IAA                DATA
 0002:0000e270 00000004H .rtc$IZZ                DATA
 0002:0000e274 00000004H .rtc$TAA                DATA
 0002:0000e278 00000004H .rtc$TZZ                DATA
 0002:0000e280 00000954H .xdata$x                DATA
 0002:0000ebd4 0000003cH .idata$2                DATA
 0002:0000ec10 00000014H .idata$3                DATA
 0002:0000ec24 000001d0H .idata$4                DATA
 0002:0000edf4 000007a6H .idata$6                DATA
 0002:0000f5a0 00000092H .edata                  DATA
 0003:00000000 00005180H .data                   DATA
 0003:00005180 00002508H .bss                    DATA

  Address         Publics by Value              Rva+Base       Lib:Object

 0000:00000000       __except_list              00000000     <absolute>
 0000:00000003       ___safe_se_handler_count   00000003     <absolute>
 0000:00000000       ___ImageBase               10000000     <linker-defined>
 0001:00000000       _DllMain@12                10001000 f   cul_interface.obj
 0001:00000080       _Java_com_culmis_zero_culmis_JniInterface_CulInterface@16 10001080 f   cul_interface.obj
 0001:00000090       _cul_exit                  10001090 f   cul_interface.obj
 0001:000000b0       _cul_interface@12          100010b0 f   cul_interface.obj
 0001:000002b0       _cul_memcmp                100012b0 f   cul_std_string.obj
 0001:000002d0       _cul_memcpy                100012d0 f   cul_std_string.obj
 0001:000002f0       _cul_memset                100012f0 f   cul_std_string.obj
 0001:00000310       _cul_strcmp                10001310 f   cul_std_string.obj
 0001:00000330       _cul_strlen                10001330 f   cul_std_string.obj
 0001:00000350       _cul_strncmp               10001350 f   cul_std_string.obj
 0001:00000370       _cul_stricmp               10001370 f   cul_std_string.obj
 0001:00000440       _cul_strcpy                10001440 f   cul_std_string.obj
 0001:00000460       _cul_strncpy               10001460 f   cul_std_string.obj
 0001:00000480       _cul_strcat                10001480 f   cul_std_string.obj
 0001:000004a0       _cul_strchr                100014a0 f   cul_std_string.obj
 0001:000004c0       _cul_strstr                100014c0 f   cul_std_string.obj
 0001:000004e0       _cul_atoi                  100014e0 f   cul_std_string.obj
 0001:00000500       _cul_abs                   10001500 f   cul_std_string.obj
 0001:00000520       _cul_sprintf               10001520 f   cul_std_string.obj
 0001:00000560       _cul_malloc                10001560 f   cul_std_string.obj
 0001:00000580       _cul_free                  10001580 f   cul_std_string.obj
 0001:000005c0       _cJSON_GetErrorPtr         100015c0 f   cul_json.obj
 0001:000005d0       _cJSON_InitHooks           100015d0 f   cul_json.obj
 0001:00000640       _cJSON_Delete              10001640 f   cul_json.obj
 0001:000006f0       _cJSON_ParseWithOpts       100016f0 f   cul_json.obj
 0001:00000800       _cJSON_Parse               10001800 f   cul_json.obj
 0001:00000820       _cJSON_Print               10001820 f   cul_json.obj
 0001:00000840       _cJSON_PrintUnformatted    10001840 f   cul_json.obj
 0001:00000860       _cJSON_PrintBuffered       10001860 f   cul_json.obj
 0001:00002b60       _cJSON_GetArraySize        10003b60 f   cul_json.obj
 0001:00002ba0       _cJSON_GetArrayItem        10003ba0 f   cul_json.obj
 0001:00002be0       _cJSON_GetObjectItem       10003be0 f   cul_json.obj
 0001:00002cc0       _cJSON_AddItemToArray      10003cc0 f   cul_json.obj
 0001:00002d40       _cJSON_AddItemToObject     10003d40 f   cul_json.obj
 0001:00002d90       _cJSON_AddItemToObjectCS   10003d90 f   cul_json.obj
 0001:00002df0       _cJSON_AddItemReferenceToArray 10003df0 f   cul_json.obj
 0001:00002e70       _cJSON_AddItemReferenceToObject 10003e70 f   cul_json.obj
 0001:00002ea0       _cJSON_DetachItemFromArray 10003ea0 f   cul_json.obj
 0001:00002f40       _cJSON_DeleteItemFromArray 10003f40 f   cul_json.obj
 0001:00002f60       _cJSON_DetachItemFromObject 10003f60 f   cul_json.obj
 0001:00002fd0       _cJSON_DeleteItemFromObject 10003fd0 f   cul_json.obj
 0001:00002ff0       _cJSON_InsertItemInArray   10003ff0 f   cul_json.obj
 0001:00003080       _cJSON_ReplaceItemInArray  10004080 f   cul_json.obj
 0001:00003130       _cJSON_ReplaceItemInObject 10004130 f   cul_json.obj
 0001:000031b0       _cJSON_CreateNull          100041b0 f   cul_json.obj
 0001:000031e0       _cJSON_CreateTrue          100041e0 f   cul_json.obj
 0001:00003210       _cJSON_CreateFalse         10004210 f   cul_json.obj
 0001:00003240       _cJSON_CreateBool          10004240 f   cul_json.obj
 0001:00003270       _cJSON_CreateNumber        10004270 f   cul_json.obj
 0001:000032b0       _cJSON_CreateString        100042b0 f   cul_json.obj
 0001:000032f0       _cJSON_CreateArray         100042f0 f   cul_json.obj
 0001:00003320       _cJSON_CreateObject        10004320 f   cul_json.obj
 0001:00003350       _cJSON_CreateIntArray      10004350 f   cul_json.obj
 0001:000033e0       _cJSON_CreateFloatArray    100043e0 f   cul_json.obj
 0001:00003470       _cJSON_CreateDoubleArray   10004470 f   cul_json.obj
 0001:00003500       _cJSON_CreateStringArray   10004500 f   cul_json.obj
 0001:00003590       _cJSON_Duplicate           10004590 f   cul_json.obj
 0001:000036e0       _cJSON_Minify              100046e0 f   cul_json.obj
 0001:000038c0       _cul_lua_init              100048c0 f   cul_wjj.obj
 0001:00004640       _cul_lua_exit              10005640 f   cul_wjj.obj
 0001:00004660       _cul_lua_get_integer       10005660 f   cul_wjj.obj
 0001:000046a0       _cul_lua_get_string        100056a0 f   cul_wjj.obj
 0001:000046e0       _cul_lua_write_table_integer 100056e0 f   cul_wjj.obj
 0001:00004740       _cul_lua_write_table_string 10005740 f   cul_wjj.obj
 0001:000047a0       _cul_lua_write_table_lstring 100057a0 f   cul_wjj.obj
 0001:00004800       _cul_lua_read_table_string 10005800 f   cul_wjj.obj
 0001:000048b0       _cul_lua_read_table_lstring 100058b0 f   cul_wjj.obj
 0001:00004980       _cul_lua_read_table_integer 10005980 f   cul_wjj.obj
 0001:00004a30       _cul_lua_do_func           10005a30 f   cul_wjj.obj
 0001:00004b60       _cul_config_log_get        10005b60 f   cul_config.obj
 0001:00004cd0       _cul_config_8583_len       10005cd0 f   cul_config.obj
 0001:00004d00       _get_current_yyyymmdd      10005d00 f   cul_log.obj
 0001:00004da0       _get_current_time          10005da0 f   cul_log.obj
 0001:00004e00       _cul_log_init              10005e00 f   cul_log.obj
 0001:00004e90       _cul_log_exit              10005e90 f   cul_log.obj
 0001:00004f10       _cul_log_debug_string      10005f10 f   cul_log.obj
 0001:00005010       _cul_log_string            10006010 f   cul_log.obj
 0001:000058f0       _transdata                 100068f0 f   cul_pinpad.obj
 0001:00005a20       _desselect                 10006a20 f   cul_pinpad.obj
 0001:00005bc0       _fnct                      10006bc0 f   cul_pinpad.obj
 0001:00005c60       _des                       10006c60 f   cul_pinpad.obj
 0001:000065a0       _dedes                     100075a0 f   cul_pinpad.obj
 0001:00006ee0       _cul_get_masterkey         10007ee0 f   cul_pinpad.obj
 0001:00007040       _soft_check_key            10008040 f   cul_pinpad.obj
 0001:000071f0       _soft_calc_mac             100081f0 f   cul_pinpad.obj
 0001:000075b0       _soft_get_pin              100085b0 f   cul_pinpad.obj
 0001:000077b0       _string_process            100087b0 f   cul_pinpad.obj
 0001:00007880       _replace_byte              10008880 f   cul_common.obj
 0001:000078d0       _get_current_year          100088d0 f   cul_common.obj
 0001:00007970       _get_current_mmdd          10008970 f   cul_common.obj
 0001:000079d0       _get_current_datetime      100089d0 f   cul_common.obj
 0001:00007a30       _cul_trim                  10008a30 f   cul_common.obj
 0001:00007af0       _all_trim                  10008af0 f   cul_common.obj
 0001:00007ba0       _check_medium_info         10008ba0 f   cul_common.obj
 0001:00007c20       _is_digit                  10008c20 f   cul_common.obj
 0001:00007c70       _get_card_number           10008c70 f   cul_common.obj
 0001:00007cf0       _is_track2                 10008cf0 f   cul_common.obj
 0001:00007d50       _is_str                    10008d50 f   cul_common.obj
 0001:00007da0       _is_hex                    10008da0 f   cul_common.obj
 0001:00007df0       _cul_check_date            10008df0 f   cul_common.obj
 0001:00007f70       _cul_itoa                  10008f70 f   cul_common.obj
 0001:000080a0       _asc_to_bcd                100090a0 f   cul_iso8583.obj
 0001:00008190       _bcd_to_asc                10009190 f   cul_iso8583.obj
 0001:00008240       _iso8583_atoi              10009240 f   cul_iso8583.obj
 0001:000082b0       _iso8583_itoa              100092b0 f   cul_iso8583.obj
 0001:000083c0       _bcd_to_len                100093c0 f   cul_iso8583.obj
 0001:00008420       _len_to_bcd                10009420 f   cul_iso8583.obj
 0001:00008480       _cul_iso8583_init          10009480 f   cul_iso8583.obj
 0001:000084d0       _cul_iso8583_exit          100094d0 f   cul_iso8583.obj
 0001:00008510       _convert_data_to_iso       10009510 f   cul_iso8583.obj
 0001:00008660       _convert_iso_to_data       10009660 f   cul_iso8583.obj
 0001:00008860       _iso8583_set_bit_on        10009860 f   cul_iso8583.obj
 0001:000088e0       _iso8583_set_bit_off       100098e0 f   cul_iso8583.obj
 0001:00008950       _iso8583_get_bit           10009950 f   cul_iso8583.obj
 0001:000089a0       _iso8583_set_isofield      100099a0 f   cul_iso8583.obj
 0001:00008a00       _cul_iso8583_set_field     10009a00 f   cul_iso8583.obj
 0001:00008aa0       _cul_iso8583_get_field     10009aa0 f   cul_iso8583.obj
 0001:00008b00       _cul_iso8583_pack          10009b00 f   cul_iso8583.obj
 0001:00008c50       _cul_iso8583_unpack        10009c50 f   cul_iso8583.obj
 0001:00008da0       _cul_socket_init           10009da0 f   cul_socket.obj
 0001:00008f20       _cul_socket_close          10009f20 f   cul_socket.obj
 0001:00008f40       _cul_socket_send           10009f40 f   cul_socket.obj
 0001:00008f80       _cul_socket_recv           10009f80 f   cul_socket.obj
 0001:00009150       _cul_dump_start            1000a150 f   cul_dump.obj
 0001:000091a0       _cul_dump_exit             1000a1a0 f   cul_dump.obj
 0001:000091b0       _cul_invalid_handler       1000a1b0 f   cul_dump.obj
 0001:000091d0       _cul_purecall_handler      1000a1d0 f   cul_dump.obj
 0001:000091f0       _cul_enable_privilege      1000a1f0 f   cul_dump.obj
 0001:00009290       _cul_get_impersonation_token 1000a290 f   cul_dump.obj
 0001:000092f0       _disable_set_unception_handle 1000a2f0 f   cul_dump.obj
 0001:000093e0       _cul_restore_privilege     1000a3e0 f   cul_dump.obj
 0001:00009430       _cul_unhandled_exception_handler@4 1000a430 f   cul_dump.obj
 0001:000095ec       _AdjustTokenPrivileges@24  1000a5ec f   Advapi32:ADVAPI32.dll
 0001:000095f2       _LookupPrivilegeValueA@12  1000a5f2 f   Advapi32:ADVAPI32.dll
 0001:000095f8       _OpenProcessToken@12       1000a5f8 f   Advapi32:ADVAPI32.dll
 0001:000095fe       _OpenThreadToken@16        1000a5fe f   Advapi32:ADVAPI32.dll
 0001:00009670       _lua_checkstack            1000a670 f   wjj:lapi.obj
 0001:000096e0       _lua_xmove                 1000a6e0 f   wjj:lapi.obj
 0001:00009740       _lua_atpanic               1000a740 f   wjj:lapi.obj
 0001:00009760       _lua_version               1000a760 f   wjj:lapi.obj
 0001:00009780       _lua_absindex              1000a780 f   wjj:lapi.obj
 0001:000097b0       _lua_gettop                1000a7b0 f   wjj:lapi.obj
 0001:000097d0       _lua_settop                1000a7d0 f   wjj:lapi.obj
 0001:00009870       _lua_rotate                1000a870 f   wjj:lapi.obj
 0001:00009910       _lua_copy                  1000a910 f   wjj:lapi.obj
 0001:00009a30       _lua_pushvalue             1000aa30 f   wjj:lapi.obj
 0001:00009ab0       _lua_type                  1000aab0 f   wjj:lapi.obj
 0001:00009b20       _lua_typename              1000ab20 f   wjj:lapi.obj
 0001:00009b30       _lua_iscfunction           1000ab30 f   wjj:lapi.obj
 0001:00009ba0       _lua_isinteger             1000aba0 f   wjj:lapi.obj
 0001:00009c30       _lua_isnumber              1000ac30 f   wjj:lapi.obj
 0001:00009cb0       _lua_isstring              1000acb0 f   wjj:lapi.obj
 0001:00009d20       _lua_isuserdata            1000ad20 f   wjj:lapi.obj
 0001:00009d90       _lua_rawequal              1000ad90 f   wjj:lapi.obj
 0001:00009e80       _lua_arith                 1000ae80 f   wjj:lapi.obj
 0001:00009ed0       _lua_compare               1000aed0 f   wjj:lapi.obj
 0001:0000a000       _lua_stringtonumber        1000b000 f   wjj:lapi.obj
 0001:0000a020       _lua_tonumberx             1000b020 f   wjj:lapi.obj
 0001:0000a0b0       _lua_tointegerx            1000b0b0 f   wjj:lapi.obj
 0001:0000a160       _lua_toboolean             1000b160 f   wjj:lapi.obj
 0001:0000a1e0       _lua_tolstring             1000b1e0 f   wjj:lapi.obj
 0001:0000a2c0       _lua_rawlen                1000b2c0 f   wjj:lapi.obj
 0001:0000a380       _lua_tocfunction           1000b380 f   wjj:lapi.obj
 0001:0000a3f0       _lua_touserdata            1000b3f0 f   wjj:lapi.obj
 0001:0000a470       _lua_tothread              1000b470 f   wjj:lapi.obj
 0001:0000a4e0       _lua_topointer             1000b4e0 f   wjj:lapi.obj
 0001:0000a5a0       _lua_pushnil               1000b5a0 f   wjj:lapi.obj
 0001:0000a5c0       _lua_pushnumber            1000b5c0 f   wjj:lapi.obj
 0001:0000a5e0       _lua_pushinteger           1000b5e0 f   wjj:lapi.obj
 0001:0000a600       _lua_pushlstring           1000b600 f   wjj:lapi.obj
 0001:0000a660       _lua_pushstring            1000b660 f   wjj:lapi.obj
 0001:0000a6b0       _lua_pushvfstring          1000b6b0 f   wjj:lapi.obj
 0001:0000a6f0       _lua_pushfstring           1000b6f0 f   wjj:lapi.obj
 0001:0000a730       _lua_pushcclosure          1000b730 f   wjj:lapi.obj
 0001:0000a7c0       _lua_pushboolean           1000b7c0 f   wjj:lapi.obj
 0001:0000a7e0       _lua_pushlightuserdata     1000b7e0 f   wjj:lapi.obj
 0001:0000a800       _lua_pushthread            1000b800 f   wjj:lapi.obj
 0001:0000a8c0       _lua_getglobal             1000b8c0 f   wjj:lapi.obj
 0001:0000a8f0       _lua_gettable              1000b8f0 f   wjj:lapi.obj
 0001:0000a9c0       _lua_getfield              1000b9c0 f   wjj:lapi.obj
 0001:0000aa60       _lua_geti                  1000ba60 f   wjj:lapi.obj
 0001:0000ab50       _lua_rawget                1000bb50 f   wjj:lapi.obj
 0001:0000abe0       _lua_rawgeti               1000bbe0 f   wjj:lapi.obj
 0001:0000ac80       _lua_rawgetp               1000bc80 f   wjj:lapi.obj
 0001:0000ad30       _lua_createtable           1000bd30 f   wjj:lapi.obj
 0001:0000ad80       _lua_getmetatable          1000bd80 f   wjj:lapi.obj
 0001:0000ae30       _lua_getuservalue          1000be30 f   wjj:lapi.obj
 0001:0000af60       _lua_setglobal             1000bf60 f   wjj:lapi.obj
 0001:0000af90       _lua_settable              1000bf90 f   wjj:lapi.obj
 0001:0000b080       _lua_setfield              1000c080 f   wjj:lapi.obj
 0001:0000b110       _lua_seti                  1000c110 f   wjj:lapi.obj
 0001:0000b220       _lua_rawset                1000c220 f   wjj:lapi.obj
 0001:0000b2e0       _lua_rawseti               1000c2e0 f   wjj:lapi.obj
 0001:0000b390       _lua_rawsetp               1000c390 f   wjj:lapi.obj
 0001:0000b460       _lua_setmetatable          1000c460 f   wjj:lapi.obj
 0001:0000b560       _lua_setuservalue          1000c560 f   wjj:lapi.obj
 0001:0000b600       _lua_callk                 1000c600 f   wjj:lapi.obj
 0001:0000b690       _lua_pcallk                1000c690 f   wjj:lapi.obj
 0001:0000b760       _lua_load                  1000c760 f   wjj:lapi.obj
 0001:0000b810       _lua_dump                  1000c810 f   wjj:lapi.obj
 0001:0000b850       _lua_status                1000c850 f   wjj:lapi.obj
 0001:0000b860       _lua_gc                    1000c860 f   wjj:lapi.obj
 0001:0000b9b0       _lua_error                 1000c9b0 f   wjj:lapi.obj
 0001:0000b9c0       _lua_next                  1000c9c0 f   wjj:lapi.obj
 0001:0000ba40       _lua_concat                1000ca40 f   wjj:lapi.obj
 0001:0000baa0       _lua_len                   1000caa0 f   wjj:lapi.obj
 0001:0000bb50       _lua_getallocf             1000cb50 f   wjj:lapi.obj
 0001:0000bb80       _lua_setallocf             1000cb80 f   wjj:lapi.obj
 0001:0000bba0       _lua_newuserdata           1000cba0 f   wjj:lapi.obj
 0001:0000bc60       _lua_getupvalue            1000cc60 f   wjj:lapi.obj
 0001:0000bd40       _lua_setupvalue            1000cd40 f   wjj:lapi.obj
 0001:0000bec0       _lua_upvalueid             1000cec0 f   wjj:lapi.obj
 0001:0000bfc0       _lua_upvaluejoin           1000cfc0 f   wjj:lapi.obj
 0001:0000c400       _luaL_where                1000d400 f   wjj:lauxlib.obj
 0001:0000c490       _luaL_error                1000d490 f   wjj:lauxlib.obj
 0001:0000c4c0       _luaL_fileresult           1000d4c0 f   wjj:lauxlib.obj
 0001:0000c540       _luaL_execresult           1000d540 f   wjj:lauxlib.obj
 0001:0000c5d0       _luaL_newmetatable         1000d5d0 f   wjj:lauxlib.obj
 0001:0000c640       _luaL_setmetatable         1000d640 f   wjj:lauxlib.obj
 0001:0000c670       _luaL_testudata            1000d670 f   wjj:lauxlib.obj
 0001:0000c6e0       _luaL_checkstack           1000d6e0 f   wjj:lauxlib.obj
 0001:0000c830       _luaL_prepbuffsize         1000d830 f   wjj:lauxlib.obj
 0001:0000c8c0       _luaL_addlstring           1000d8c0 f   wjj:lauxlib.obj
 0001:0000c8f0       _luaL_addstring            1000d8f0 f   wjj:lauxlib.obj
 0001:0000c930       _luaL_pushresult           1000d930 f   wjj:lauxlib.obj
 0001:0000c9a0       _luaL_pushresultsize       1000d9a0 f   wjj:lauxlib.obj
 0001:0000c9c0       _luaL_addvalue             1000d9c0 f   wjj:lauxlib.obj
 0001:0000ca40       _luaL_buffinit             1000da40 f   wjj:lauxlib.obj
 0001:0000ca60       _luaL_buffinitsize         1000da60 f   wjj:lauxlib.obj
 0001:0000ca90       _luaL_ref                  1000da90 f   wjj:lauxlib.obj
 0001:0000cb30       _luaL_unref                1000db30 f   wjj:lauxlib.obj
 0001:0000ccd0       _luaL_loadfilex            1000dcd0 f   wjj:lauxlib.obj
 0001:0000cf10       _luaL_loadbufferx          1000df10 f   wjj:lauxlib.obj
 0001:0000cf50       _luaL_loadstring           1000df50 f   wjj:lauxlib.obj
 0001:0000cf90       _luaL_getmetafield         1000df90 f   wjj:lauxlib.obj
 0001:0000cff0       _luaL_callmeta             1000dff0 f   wjj:lauxlib.obj
 0001:0000d040       _luaL_len                  1000e040 f   wjj:lauxlib.obj
 0001:0000d090       _luaL_tolstring            1000e090 f   wjj:lauxlib.obj
 0001:0000d220       _luaL_setfuncs             1000e220 f   wjj:lauxlib.obj
 0001:0000d2c0       _luaL_getsubtable          1000e2c0 f   wjj:lauxlib.obj
 0001:0000d320       _luaL_requiref             1000e320 f   wjj:lauxlib.obj
 0001:0000d400       _luaL_gsub                 1000e400 f   wjj:lauxlib.obj
 0001:0000d5c0       _luaL_newstate             1000e5c0 f   wjj:lauxlib.obj
 0001:0000d5f0       _luaL_checkversion_        1000e5f0 f   wjj:lauxlib.obj
 0001:0000d670       _luaL_traceback            1000e670 f   wjj:lauxlib.obj
 0001:0000d810       _luaL_argerror             1000e810 f   wjj:lauxlib.obj
 0001:0000d9c0       _luaL_checkudata           1000e9c0 f   wjj:lauxlib.obj
 0001:0000da00       _luaL_checktype            1000ea00 f   wjj:lauxlib.obj
 0001:0000da30       _luaL_checkany             1000ea30 f   wjj:lauxlib.obj
 0001:0000da60       _luaL_checklstring         1000ea60 f   wjj:lauxlib.obj
 0001:0000daa0       _luaL_optlstring           1000eaa0 f   wjj:lauxlib.obj
 0001:0000db20       _luaL_checknumber          1000eb20 f   wjj:lauxlib.obj
 0001:0000db70       _luaL_optnumber            1000eb70 f   wjj:lauxlib.obj
 0001:0000dc10       _luaL_checkinteger         1000ec10 f   wjj:lauxlib.obj
 0001:0000dc80       _luaL_optinteger           1000ec80 f   wjj:lauxlib.obj
 0001:0000dcb0       _luaL_checkoption          1000ecb0 f   wjj:lauxlib.obj
 0001:0000dd60       _luaL_openlibs             1000ed60 f   wjj:linit.obj
 0001:0000de10       _luaE_setdebt              1000ee10 f   wjj:lstate.obj
 0001:0000de40       _luaE_extendCI             1000ee40 f   wjj:lstate.obj
 0001:0000de70       _luaE_freeCI               1000ee70 f   wjj:lstate.obj
 0001:0000dec0       _luaE_shrinkCI             1000eec0 f   wjj:lstate.obj
 0001:0000e140       _lua_newthread             1000f140 f   wjj:lstate.obj
 0001:0000e200       _luaE_freethread           1000f200 f   wjj:lstate.obj
 0001:0000e260       _lua_newstate              1000f260 f   wjj:lstate.obj
 0001:0000e400       _lua_close                 1000f400 f   wjj:lstate.obj
 0001:0000e410       _luaO_int2fb               1000f410 f   wjj:lobject.obj
 0001:0000e460       _luaO_fb2int               1000f460 f   wjj:lobject.obj
 0001:0000e480       _luaO_ceillog2             1000f480 f   wjj:lobject.obj
 0001:0000e6d0       _luaO_arith                1000f6d0 f   wjj:lobject.obj
 0001:0000e8e0       _luaO_hexavalue            1000f8e0 f   wjj:lobject.obj
 0001:0000ed90       _luaO_str2num              1000fd90 f   wjj:lobject.obj
 0001:0000ee00       _luaO_utf8esc              1000fe00 f   wjj:lobject.obj
 0001:0000ee60       _luaO_tostring             1000fe60 f   wjj:lobject.obj
 0001:0000ef40       _luaO_pushvfstring         1000ff40 f   wjj:lobject.obj
 0001:0000f280       _luaO_pushfstring          10010280 f   wjj:lobject.obj
 0001:0000f2a0       _luaO_chunkid              100102a0 f   wjj:lobject.obj
 0001:0000f450       _luaD_throw                10010450 f   wjj:ldo.obj
 0001:0000f4e0       _luaD_rawrunprotected      100104e0 f   wjj:ldo.obj
 0001:0000f5d0       _luaD_reallocstack         100105d0 f   wjj:ldo.obj
 0001:0000f6b0       _luaD_growstack            100106b0 f   wjj:ldo.obj
 0001:0000f750       _luaD_shrinkstack          10010750 f   wjj:ldo.obj
 0001:0000f7d0       _luaD_inctop               100107d0 f   wjj:ldo.obj
 0001:0000f800       _luaD_hook                 10010800 f   wjj:ldo.obj
 0001:0000fb30       _luaD_poscall              10010b30 f   wjj:ldo.obj
 0001:0000fe10       _lua_isyieldable           10010e10 f   wjj:ldo.obj
 0001:0000fe20       _lua_yieldk                10010e20 f   wjj:ldo.obj
 0001:0000fe90       _luaD_pcall                10010e90 f   wjj:ldo.obj
 0001:00010050       _luaD_protectedparser      10011050 f   wjj:ldo.obj
 0001:00010130       _luaD_precall              10011130 f   wjj:ldo.obj
 0001:00010380       _luaD_call                 10011380 f   wjj:ldo.obj
 0001:000103f0       _luaD_callnoyield          100113f0 f   wjj:ldo.obj
 0001:00010500       _lua_resume                10011500 f   wjj:ldo.obj
 0001:00010600       _luaC_barrierback_         10011600 f   wjj:lgc.obj
 0001:00010620       _luaC_fix                  10011620 f   wjj:lgc.obj
 0001:00010640       _luaC_newobj               10011640 f   wjj:lgc.obj
 0001:00011120       _luaC_upvdeccount          10012120 f   wjj:lgc.obj
 0001:00011980       _luaC_checkfinalizer       10012980 f   wjj:lgc.obj
 0001:00011a80       _luaC_freeallobjects       10012a80 f   wjj:lgc.obj
 0001:00011ba0       _luaC_barrier_             10012ba0 f   wjj:lgc.obj
 0001:00011be0       _luaC_upvalbarrier_        10012be0 f   wjj:lgc.obj
 0001:000124e0       _luaC_runtilstate          100134e0 f   wjj:lgc.obj
 0001:00012710       _luaC_step                 10013710 f   wjj:lgc.obj
 0001:000127f0       _luaC_fullgc               100137f0 f   wjj:lgc.obj
 0001:000128a0       _luaT_init                 100138a0 f   wjj:ltm.obj
 0001:000128f0       _luaT_gettm                100138f0 f   wjj:ltm.obj
 0001:00012920       _luaT_gettmbyobj           10013920 f   wjj:ltm.obj
 0001:00012980       _luaT_objtypename          10013980 f   wjj:ltm.obj
 0001:000129f0       _luaT_callTM               100139f0 f   wjj:ltm.obj
 0001:00012ad0       _luaT_callbinTM            10013ad0 f   wjj:ltm.obj
 0001:00012bb0       _luaT_trybinTM             10013bb0 f   wjj:ltm.obj
 0001:00012c90       _luaT_callorderTM          10013c90 f   wjj:ltm.obj
 0001:00012ce0       _luaV_tonumber_            10013ce0 f   wjj:lvm.obj
 0001:00012d60       _luaV_tointeger            10013d60 f   wjj:lvm.obj
 0001:00012f20       _luaV_finishget            10013f20 f   wjj:lvm.obj
 0001:00013010       _luaV_finishset            10014010 f   wjj:lvm.obj
 0001:00013460       _luaV_lessthan             10014460 f   wjj:lvm.obj
 0001:000134e0       _luaV_lessequal            100144e0 f   wjj:lvm.obj
 0001:00013580       _luaV_equalobj             10014580 f   wjj:lvm.obj
 0001:00013820       _luaV_concat               10014820 f   wjj:lvm.obj
 0001:00013a90       _luaV_objlen               10014a90 f   wjj:lvm.obj
 0001:00013b70       _luaV_div                  10014b70 f   wjj:lvm.obj
 0001:00013bf0       _luaV_mod                  10014bf0 f   wjj:lvm.obj
 0001:00013c60       _luaV_shiftl               10014c60 f   wjj:lvm.obj
 0001:00013da0       _luaV_finishOp             10014da0 f   wjj:lvm.obj
 0001:00013f30       _luaV_execute              10014f30 f   wjj:lvm.obj
 0001:00015d40       _luaH_next                 10016d40 f   wjj:ltable.obj
 0001:00016100       _luaH_new                  10017100 f   wjj:ltable.obj
 0001:00016130       _luaH_free                 10017130 f   wjj:ltable.obj
 0001:000161c0       _luaH_getint               100171c0 f   wjj:ltable.obj
 0001:00016240       _luaH_getshortstr          10017240 f   wjj:ltable.obj
 0001:000162e0       _luaH_getstr               100172e0 f   wjj:ltable.obj
 0001:00016320       _luaH_get                  10017320 f   wjj:ltable.obj
 0001:000163e0       _luaH_set                  100173e0 f   wjj:ltable.obj
 0001:00016500       _luaH_getn                 10017500 f   wjj:ltable.obj
 0001:00016560       _luaH_resize               10017560 f   wjj:ltable.obj
 0001:00016700       _luaH_resizearray          10017700 f   wjj:ltable.obj
 0001:00016900       _luaH_newkey               10017900 f   wjj:ltable.obj
 0001:00016ac0       _luaH_setint               10017ac0 f   wjj:ltable.obj
 0001:00016b30       _luaS_eqlngstr             10017b30 f   wjj:lstring.obj
 0001:00016ba0       _luaS_hash                 10017ba0 f   wjj:lstring.obj
 0001:00016be0       _luaS_hashlongstr          10017be0 f   wjj:lstring.obj
 0001:00016c10       _luaS_resize               10017c10 f   wjj:lstring.obj
 0001:00016d10       _luaS_clearcache           10017d10 f   wjj:lstring.obj
 0001:00016d70       _luaS_createlngstrobj      10017d70 f   wjj:lstring.obj
 0001:00016db0       _luaS_remove               10017db0 f   wjj:lstring.obj
 0001:00016f30       _luaS_newlstr              10017f30 f   wjj:lstring.obj
 0001:00016fa0       _luaS_new                  10017fa0 f   wjj:lstring.obj
 0001:000170a0       _luaS_newudata             100180a0 f   wjj:lstring.obj
 0001:000170f0       _luaS_init                 100180f0 f   wjj:lstring.obj
 0001:00017150       _luaF_newCclosure          10018150 f   wjj:lfunc.obj
 0001:00017170       _luaF_newLclosure          10018170 f   wjj:lfunc.obj
 0001:000171b0       _luaF_initupvals           100181b0 f   wjj:lfunc.obj
 0001:00017200       _luaF_findupval            10018200 f   wjj:lfunc.obj
 0001:00017270       _luaF_close                10018270 f   wjj:lfunc.obj
 0001:000172e0       _luaF_newproto             100182e0 f   wjj:lfunc.obj
 0001:00017330       _luaF_freeproto            10018330 f   wjj:lfunc.obj
 0001:000173d0       _luaF_getlocalname         100183d0 f   wjj:lfunc.obj
 0001:00017420       _luaZ_fill                 10018420 f   wjj:lzio.obj
 0001:00017460       _luaZ_init                 10018460 f   wjj:lzio.obj
 0001:00017490       _luaZ_read                 10018490 f   wjj:lzio.obj
 0001:00017df0       _luaU_dump                 10018df0 f   wjj:ldump.obj
 0001:00017ee0       _lua_sethook               10018ee0 f   wjj:ldebug.obj
 0001:00017f20       _lua_gethook               10018f20 f   wjj:ldebug.obj
 0001:00017f30       _lua_gethookmask           10018f30 f   wjj:ldebug.obj
 0001:00017f40       _lua_gethookcount          10018f40 f   wjj:ldebug.obj
 0001:00017f50       _lua_getstack              10018f50 f   wjj:ldebug.obj
 0001:000180a0       _lua_getlocal              100190a0 f   wjj:ldebug.obj
 0001:00018150       _lua_setlocal              10019150 f   wjj:ldebug.obj
 0001:00018880       _luaG_addinfo              10019880 f   wjj:ldebug.obj
 0001:000188f0       _luaG_errormsg             100198f0 f   wjj:ldebug.obj
 0001:00018960       _luaG_runerror             10019960 f   wjj:ldebug.obj
 0001:00018a00       _luaG_traceexec            10019a00 f   wjj:ldebug.obj
 0001:00018c50       _lua_getinfo               10019c50 f   wjj:ldebug.obj
 0001:00018d30       _luaG_typeerror            10019d30 f   wjj:ldebug.obj
 0001:00018d70       _luaG_concaterror          10019d70 f   wjj:ldebug.obj
 0001:00018da0       _luaG_opinterror           10019da0 f   wjj:ldebug.obj
 0001:00018df0       _luaG_tointerror           10019df0 f   wjj:ldebug.obj
 0001:00018e50       _luaG_ordererror           10019e50 f   wjj:ldebug.obj
 0001:00019ec0       _luaopen_debug             1001aec0 f   wjj:ldblib.obj
 0001:0001a800       _luaopen_utf8              1001b800 f   wjj:lutf8lib.obj
 0001:0001b1c0       _luaopen_math              1001c1c0 f   wjj:lmathlib.obj
 0001:0001e530       _luaopen_string            1001f530 f   wjj:lstrlib.obj
 0001:0001eec0       _luaopen_os                1001fec0 f   wjj:loslib.obj
 0001:00020250       _luaopen_io                10021250 f   wjj:liolib.obj
 0001:00021600       _luaopen_table             10022600 f   wjj:ltablib.obj
 0001:000219d0       _luaopen_coroutine         100229d0 f   wjj:lcorolib.obj
 0001:000227f0       _luaopen_package           100237f0 f   wjj:loadlib.obj
 0001:00023670       _luaopen_base              10024670 f   wjj:lbaselib.obj
 0001:000236d0       _luaM_toobig               100246d0 f   wjj:lmem.obj
 0001:000236e0       _luaM_realloc_             100246e0 f   wjj:lmem.obj
 0001:00023760       _luaM_growaux_             10024760 f   wjj:lmem.obj
 0001:00023830       _luaX_init                 10024830 f   wjj:llex.obj
 0001:00023880       _luaX_token2str            10024880 f   wjj:llex.obj
 0001:00023990       _luaX_syntaxerror          10024990 f   wjj:llex.obj
 0001:000239b0       _luaX_newstring            100249b0 f   wjj:llex.obj
 0001:00023ad0       _luaX_setinput             10024ad0 f   wjj:llex.obj
 0001:00025530       _luaX_next                 10026530 f   wjj:llex.obj
 0001:00025580       _luaX_lookahead            10026580 f   wjj:llex.obj
 0001:000293e0       _luaY_parser               1002a3e0 f   wjj:lparser.obj
 0001:0002a000       _luaU_undump               1002b000 f   wjj:lundump.obj
 0001:0002a170       _luaK_concat               1002b170 f   wjj:lcode.obj
 0001:0002a1f0       _luaK_getlabel             1002b1f0 f   wjj:lcode.obj
 0001:0002a490       _luaK_patchtohere          1002b490 f   wjj:lcode.obj
 0001:0002a4b0       _luaK_patchlist            1002b4b0 f   wjj:lcode.obj
 0001:0002a4f0       _luaK_patchclose           1002b4f0 f   wjj:lcode.obj
 0001:0002a600       _luaK_codeABC              1002b600 f   wjj:lcode.obj
 0001:0002a630       _luaK_codeABx              1002b630 f   wjj:lcode.obj
 0001:0002a670       _luaK_codek                1002b670 f   wjj:lcode.obj
 0001:0002a6d0       _luaK_checkstack           1002b6d0 f   wjj:lcode.obj
 0001:0002a710       _luaK_reserveregs          1002b710 f   wjj:lcode.obj
 0001:0002a930       _luaK_stringK              1002b930 f   wjj:lcode.obj
 0001:0002a960       _luaK_intK                 1002b960 f   wjj:lcode.obj
 0001:0002aa20       _luaK_setreturns           1002ba20 f   wjj:lcode.obj
 0001:0002aac0       _luaK_setoneret            1002bac0 f   wjj:lcode.obj
 0001:0002ab20       _luaK_dischargevars        1002bb20 f   wjj:lcode.obj
 0001:0002aea0       _luaK_fixline              1002bea0 f   wjj:lcode.obj
 0001:0002aec0       _luaK_setlist              1002bec0 f   wjj:lcode.obj
 0001:0002af70       _luaK_nil                  1002bf70 f   wjj:lcode.obj
 0001:0002b020       _luaK_jump                 1002c020 f   wjj:lcode.obj
 0001:0002b060       _luaK_ret                  1002c060 f   wjj:lcode.obj
 0001:0002b3b0       _luaK_exp2nextreg          1002c3b0 f   wjj:lcode.obj
 0001:0002b420       _luaK_exp2anyreg           1002c420 f   wjj:lcode.obj
 0001:0002b470       _luaK_exp2anyregup         1002c470 f   wjj:lcode.obj
 0001:0002b4d0       _luaK_exp2val              1002c4d0 f   wjj:lcode.obj
 0001:0002b540       _luaK_exp2RK               1002c540 f   wjj:lcode.obj
 0001:0002b650       _luaK_storevar             1002c650 f   wjj:lcode.obj
 0001:0002b720       _luaK_self                 1002c720 f   wjj:lcode.obj
 0001:0002b930       _luaK_goiftrue             1002c930 f   wjj:lcode.obj
 0001:0002b9d0       _luaK_goiffalse            1002c9d0 f   wjj:lcode.obj
 0001:0002bb00       _luaK_indexed              1002cb00 f   wjj:lcode.obj
 0001:0002bd30       _luaK_prefix               1002cd30 f   wjj:lcode.obj
 0001:0002bda0       _luaK_infix                1002cda0 f   wjj:lcode.obj
 0001:0002be60       _luaK_posfix               1002ce60 f   wjj:lcode.obj
 0001:0002c012       _connect@12                1002d012 f   wsock32:WSOCK32.dll
 0001:0002c018       _setsockopt@20             1002d018 f   wsock32:WSOCK32.dll
 0001:0002c01e       _inet_addr@4               1002d01e f   wsock32:WSOCK32.dll
 0001:0002c024       _htons@4                   1002d024 f   wsock32:WSOCK32.dll
 0001:0002c02a       _socket@12                 1002d02a f   wsock32:WSOCK32.dll
 0001:0002c030       _WSAStartup@8              1002d030 f   wsock32:WSOCK32.dll
 0001:0002c036       _closesocket@4             1002d036 f   wsock32:WSOCK32.dll
 0001:0002c03c       _send@16                   1002d03c f   wsock32:WSOCK32.dll
 0001:0002c042       _recv@16                   1002d042 f   wsock32:WSOCK32.dll
 0001:0002c048       _select@20                 1002d048 f   wsock32:WSOCK32.dll
 0001:0002c050       _strrchr                   1002d050 f   LIBCMT:strrchr.obj
 0001:0002c07d       @__security_check_cookie@4 1002d07d f   LIBCMT:secchk.obj
 0001:0002c090       _memset                    1002d090 f   LIBCMT:memset.obj
 0001:0002d624       _memcmp                    1002e624 f   LIBCMT:memcmp.obj
 0001:0002eb80       _memcpy                    1002fb80 f   LIBCMT:memcpy.obj
 0001:0002eef0       _strcmp                    1002fef0 f   LIBCMT:strcmp.obj
 0001:0002ef80       _strlen                    1002ff80 f   LIBCMT:strlen.obj
 0001:0002f00b       _strncmp                   1003000b f   LIBCMT:strncmp.obj
 0001:0002f0d0       _strcpy                    100300d0 f   LIBCMT:strcat.obj
 0001:0002f0e0       _strcat                    100300e0 f   LIBCMT:strcat.obj
 0001:0002f1d0       _strncpy                   100301d0 f   LIBCMT:strncpy.obj
 0001:0002f310       _strchr                    10030310 f   LIBCMT:strchr.obj
 0001:0002f316       ___from_strstr_to_strchr   10030316     LIBCMT:strchr.obj
 0001:0002f3d0       _strstr                    100303d0 f   LIBCMT:strstr.obj
 0001:0002f456       _atol                      10030456 f   LIBCMT:atox.obj
 0001:0002f46c       __atol_l                   1003046c f   LIBCMT:atox.obj
 0001:0002f485       _atoi                      10030485 f   LIBCMT:atox.obj
 0001:0002f490       __atoi_l                   10030490 f   LIBCMT:atox.obj
 0001:0002f49b       __atoi64                   1003049b f   LIBCMT:atox.obj
 0001:0002f4b1       __atoi64_l                 100304b1 f   LIBCMT:atox.obj
 0001:0002f4ca       _abs                       100304ca f   LIBCMT:abs.obj
 0001:0002f4d9       __abs64                    100304d9 f   LIBCMT:abs.obj
 0001:0002f4f3       __vsprintf_l               100304f3 f   LIBCMT:vsprintf.obj
 0001:0002f577       _vsprintf                  10030577 f   LIBCMT:vsprintf.obj
 0001:0002f591       __vscprintf_helper         10030591 f   LIBCMT:vsprintf.obj
 0001:0002f5ed       __vscprintf                100305ed f   LIBCMT:vsprintf.obj
 0001:0002f609       __vscprintf_l              10030609 f   LIBCMT:vsprintf.obj
 0001:0002f626       __vscprintf_p              10030626 f   LIBCMT:vsprintf.obj
 0001:0002f642       __vscprintf_p_l            10030642 f   LIBCMT:vsprintf.obj
 0001:0002f65f       __heap_alloc               1003065f f i LIBCMT:malloc.obj
 0001:0002f69e       _malloc                    1003069e f   LIBCMT:malloc.obj
 0001:0002f732       _free                      10030732 f   LIBCMT:free.obj
 0001:0002f770       _pow                       10030770 f   LIBCMT:_pow_.obj
 0001:0002f7b0       __CIpow                    100307b0 f   LIBCMT:_pow_.obj
 0001:0002f7eb       __CIpow_default            100307eb f   LIBCMT:_pow_.obj
 0001:0002f804       __pow_default              10030804     LIBCMT:_pow_.obj
 0001:0002f9fa       __cfltcvt_init             100309fa f   LIBCMT:_fpinit_.obj
 0001:0002fa5a       ___setfflag                10030a5a f   LIBCMT:_fpinit_.obj
 0001:0002fa6f       __fpmath                   10030a6f f   LIBCMT:_fpinit_.obj
 0001:0002fa90       __ftol2_sse                10030a90 f   LIBCMT:ftol2.obj
 0001:0002fa99       __ftol2_pentium4           10030a99 f   LIBCMT:ftol2.obj
 0001:0002faac       __ftol2_sse_excpt          10030aac f   LIBCMT:ftol2.obj
 0001:0002fac6       __ftol2                    10030ac6 f   LIBCMT:ftol2.obj
 0001:0002fb40       _floor                     10030b40 f   LIBCMT:_floor_pentium4_.obj
 0001:0002fb80       __floor_pentium4           10030b80 f   LIBCMT:_floor_pentium4_.obj
 0001:0002fc61       _sprintf                   10030c61 f   LIBCMT:sprintf.obj
 0001:0002fce5       __sprintf_l                10030ce5 f   LIBCMT:sprintf.obj
 0001:0002fd01       _sprintf_s                 10030d01 f   LIBCMT:sprintf.obj
 0001:0002fd1f       __sprintf_s_l              10030d1f f   LIBCMT:sprintf.obj
 0001:0002fd3e       __snprintf_s               10030d3e f   LIBCMT:sprintf.obj
 0001:0002fd5f       __snprintf_s_l             10030d5f f   LIBCMT:sprintf.obj
 0001:0002fd81       __sprintf_p                10030d81 f   LIBCMT:sprintf.obj
 0001:0002fd9f       __sprintf_p_l              10030d9f f   LIBCMT:sprintf.obj
 0001:0002fdbe       __scprintf                 10030dbe f   LIBCMT:sprintf.obj
 0001:0002fdd3       __scprintf_p               10030dd3 f   LIBCMT:sprintf.obj
 0001:0002fde8       __scprintf_l               10030de8 f   LIBCMT:sprintf.obj
 0001:0002fe01       __scprintf_p_l             10030e01 f   LIBCMT:sprintf.obj
 0001:0002fe1a       _fabs                      10030e1a f   LIBCMT:_fabs_.obj
 0001:0002fed5       ??0_LocaleUpdate@@QAE@PAUlocaleinfo_struct@@@Z 10030ed5 f i LIBCMT:tolower.obj
 0001:0002ff5c       ??1_LocaleUpdate@@QAE@XZ   10030f5c f i LIBCMT:tolower.obj
 0001:0002ff6a       ?GetLocaleT@_LocaleUpdate@@QAEPAUlocaleinfo_struct@@XZ 10030f6a f i LIBCMT:tolower.obj
 0001:0002ff6d       __tolower                  10030f6d f   LIBCMT:tolower.obj
 0001:0002ff7a       __tolower_l                10030f7a f   LIBCMT:tolower.obj
 0001:0003008f       _tolower                   1003108f f   LIBCMT:tolower.obj
 0001:000300bb       __invoke_watson_if_error   100310bb f i LIBCMT:strftime.obj
 0001:000300dc       __MarkAllocaS              100310dc f i LIBCMT:strftime.obj
 0001:000300f2       __freea                    100310f2 f i LIBCMT:strftime.obj
 0001:00030112       __Getdays_l                10031112 f   LIBCMT:strftime.obj
 0001:000301fa       __Getdays                  100311fa f   LIBCMT:strftime.obj
 0001:00030203       __Getmonths_l              10031203 f   LIBCMT:strftime.obj
 0001:000302f3       __Getmonths                100312f3 f   LIBCMT:strftime.obj
 0001:000302fc       __Gettnames_l              100312fc f   LIBCMT:strftime.obj
 0001:000305e6       __Gettnames                100315e6 f   LIBCMT:strftime.obj
 0001:00030ed2       __Strftime_l               10031ed2 f   LIBCMT:strftime.obj
 0001:0003105e       __strftime_l               1003205e f   LIBCMT:strftime.obj
 0001:0003107e       _strftime                  1003207e f   LIBCMT:strftime.obj
 0001:0003109d       __Strftime                 1003209d f   LIBCMT:strftime.obj
 0001:000310bd       __localtime64_s            100320bd f   LIBCMT:loctim64.obj
 0001:00031345       __localtime64              10032345 f   LIBCMT:loctim64.obj
 0001:0003136c       __time64                   1003236c f   LIBCMT:time64.obj
 0001:000313bd       __mkdir                    100323bd f   LIBCMT:mkdir.obj
 0001:000313ef       __fclose_nolock            100323ef f   LIBCMT:fclose.obj
 0001:0003145c       _fclose                    1003245c f   LIBCMT:fclose.obj
 0001:000314d0       __fwrite_nolock            100324d0 f   LIBCMT:fwrite.obj
 0001:00031627       _fwrite                    10032627 f   LIBCMT:fwrite.obj
 0001:000316a1       __fsopen                   100326a1 f   LIBCMT:fopen.obj
 0001:0003175d       _fopen                     1003275d f   LIBCMT:fopen.obj
 0001:00031774       _fopen_s                   10032774 f   LIBCMT:fopen.obj
 0001:000317c0       __chkstk                   100327c0 f   LIBCMT:chkstk.obj
 0001:000317c0       __alloca_probe             100327c0     LIBCMT:chkstk.obj
 0001:000317eb       __ftell_nolock             100327eb f   LIBCMT:ftell.obj
 0001:0003197f       _ftell                     1003297f f   LIBCMT:ftell.obj
 0001:000319e4       __fseek_nolock             100329e4 f   LIBCMT:fseek.obj
 0001:00031a6e       _fseek                     10032a6e f   LIBCMT:fseek.obj
 0001:00031aea       _remove                    10032aea f   LIBCMT:unlink.obj
 0001:00031b1a       __unlink                   10032b1a f   LIBCMT:unlink.obj
 0001:00031b25       __fread_nolock_s           10032b25 f   LIBCMT:fread.obj
 0001:00031ce1       __fread_nolock             10032ce1 f   LIBCMT:fread.obj
 0001:00031cfe       _fread_s                   10032cfe f   LIBCMT:fread.obj
 0001:00031d8c       _fread                     10032d8c f   LIBCMT:fread.obj
 0001:00031da9       __purecall                 10032da9 f   LIBCMT:purevirt.obj
 0001:00031dd3       __set_purecall_handler     10032dd3 f   LIBCMT:purevirt.obj
 0001:00031dfa       __get_purecall_handler     10032dfa f   LIBCMT:purevirt.obj
 0001:00031e07       __initp_misc_invarg        10032e07 f   LIBCMT:invarg.obj
 0001:00031e16       __call_reportfault         10032e16 f   LIBCMT:invarg.obj
 0001:00031f3f       __set_invalid_parameter_handler 10032f3f f   LIBCMT:invarg.obj
 0001:00031f66       __get_invalid_parameter_handler 10032f66 f   LIBCMT:invarg.obj
 0001:00031f73       __invoke_watson            10032f73 f   LIBCMT:invarg.obj
 0001:00031f98       ?_invoke_watson@@YAXPBG00II@Z 10032f98 f   LIBCMT:invarg.obj
 0001:00031fb2       __invalid_parameter        10032fb2 f   LIBCMT:invarg.obj
 0001:00031fdf       __invalid_parameter_noinfo 10032fdf f   LIBCMT:invarg.obj
 0001:00031fef       __invalid_parameter_noinfo_noreturn 10032fef f   LIBCMT:invarg.obj
 0001:0003201d       ?_invalid_parameter@@YAXPBG00II@Z 1003301d f   LIBCMT:invarg.obj
 0001:00032028       _abort                     10033028 f   LIBCMT:abort.obj
 0001:0003205b       __set_abort_behavior       1003305b f   LIBCMT:abort.obj
 0001:0003207c       __CRT_INIT@12              1003307c f   LIBCMT:dllcrt0.obj
 0001:000322d6       __DllMainCRTStartup@12     100332d6 f   LIBCMT:dllcrt0.obj
 0001:000322f9       __get_sys_err_msg          100332f9 f i LIBCMT:strerror.obj
 0001:00032321       _strerror                  10033321 f   LIBCMT:strerror.obj
 0001:0003238b       _strerror_s                1003338b f   LIBCMT:strerror.obj
 0001:000323de       __get_errno_from_oserr     100333de f   LIBCMT:dosmap.obj
 0001:00032420       __errno                    10033420 f   LIBCMT:dosmap.obj
 0001:00032433       ___doserrno                10033433 f   LIBCMT:dosmap.obj
 0001:00032446       __dosmaperr                10033446 f   LIBCMT:dosmap.obj
 0001:00032469       __set_errno                10033469 f   LIBCMT:dosmap.obj
 0001:0003248a       __get_errno                1003348a f   LIBCMT:dosmap.obj
 0001:000324af       __set_doserrno             100334af f   LIBCMT:dosmap.obj
 0001:000324d0       __get_doserrno             100334d0 f   LIBCMT:dosmap.obj
 0001:000324f5       _feof                      100334f5 f   LIBCMT:feoferr.obj
 0001:0003251d       _ferror                    1003351d f   LIBCMT:feoferr.obj
 0001:00032545       _fgetc                     10033545 f   LIBCMT:fgetc.obj
 0001:00032639       _getc                      10033639 f   LIBCMT:fgetc.obj
 0001:0003272d       __getc_nolock              1003372d f   LIBCMT:fgetc.obj
 0001:0003274d       __freopen_helper           1003374d f   LIBCMT:freopen.obj
 0001:0003281e       _freopen                   1003381e f   LIBCMT:freopen.obj
 0001:00032844       _freopen_s                 10033844 f   LIBCMT:freopen.obj
 0001:00032864       ___iob_func                10033864 f   LIBCMT:_file.obj
 0001:0003286a       ___initstdio               1003386a f   LIBCMT:_file.obj
 0001:0003291b       ___endstdio                1003391b f   LIBCMT:_file.obj
 0001:0003293b       __lock_file                1003393b f   LIBCMT:_file.obj
 0001:0003297c       __lock_file2               1003397c f   LIBCMT:_file.obj
 0001:000329ae       __unlock_file              100339ae f   LIBCMT:_file.obj
 0001:000329ea       __unlock_file2             100339ea f   LIBCMT:_file.obj
 0001:00032a19       _realloc                   10033a19 f   LIBCMT:realloc.obj
 0001:00032ac6       __flush                    10033ac6 f   LIBCMT:fflush.obj
 0001:00032b2e       __fflush_nolock            10033b2e f   LIBCMT:fflush.obj
 0001:00032c50       _fflush                    10033c50 f   LIBCMT:fflush.obj
 0001:00032ca3       __flushall                 10033ca3 f   LIBCMT:fflush.obj
 0001:00032cac       _fprintf                   10033cac f   LIBCMT:fprintf.obj
 0001:00032db8       __fprintf_l                10033db8 f   LIBCMT:fprintf.obj
 0001:00032dd4       __fprintf_s_l              10033dd4 f   LIBCMT:fprintf.obj
 0001:00032df0       _fprintf_s                 10033df0 f   LIBCMT:fprintf.obj
 0001:00032e0b       __fprintf_p_l              10033e0b f   LIBCMT:fprintf.obj
 0001:00032e27       __fprintf_p                10033e27 f   LIBCMT:fprintf.obj
 0001:00032e50       __allmul                   10033e50 f   LIBCMT:llmul.obj
 0001:00032e90       _fmod                      10033e90 f   LIBCMT:_87fmod_.obj
 0001:00032e9a       __CIfmod                   10033e9a f   LIBCMT:_87fmod_.obj
 0001:00032eb2       _ldexp                     10033eb2 f   LIBCMT:_ldexp_.obj
 0001:00033064       _localeconv                10034064 f   LIBCMT:lconv.obj
 0001:0003308a       __strtod_l                 1003408a f   LIBCMT:strtod.obj
 0001:000331ad       _strtod                    100341ad f   LIBCMT:strtod.obj
 0001:000331d0       _strpbrk                   100341d0 f   LIBCMT:strpbrk.obj
 0001:00033210       _strspn                    10034210 f   LIBCMT:strspn.obj
 0001:00033260       _longjmp                   10034260 f   LIBCMT:longjmp.obj
 0001:00033320       __setjmp3                  10034320 f   LIBCMT:setjmp3.obj
 0001:0003339b       __strcoll_l                1003439b f   LIBCMT:strcoll.obj
 0001:00033439       _strcoll                   10034439 f   LIBCMT:strcoll.obj
 0001:00033450       __alldvrm                  10034450 f   LIBCMT:lldvrm.obj
 0001:00033530       __allrem                   10034530 f   LIBCMT:llrem.obj
 0001:000335f0       __allshl                   100345f0 f   LIBCMT:llshl.obj
 0001:00033610       __aullshr                  10034610 f   LIBCMT:ullshr.obj
 0001:0003362f       _frexp                     1003462f f   LIBCMT:_frexp_.obj
 0001:000336fd       _fgets                     100346fd f   LIBCMT:fgets.obj
 0001:00033840       _sin                       10034840 f   LIBCMT:_sin_.obj
 0001:00033880       __CIsin                    10034880 f   LIBCMT:_sin_.obj
 0001:000338bb       __CIsin_default            100348bb f   LIBCMT:_sin_.obj
 0001:000338cf       __sin_default              100348cf     LIBCMT:_sin_.obj
 0001:00033970       _cos                       10034970 f   LIBCMT:_cos_.obj
 0001:000339b0       __CIcos                    100349b0 f   LIBCMT:_cos_.obj
 0001:000339eb       __CIcos_default            100349eb f   LIBCMT:_cos_.obj
 0001:000339ff       __cos_default              100349ff     LIBCMT:_cos_.obj
 0001:00033aa0       _tan                       10034aa0 f   LIBCMT:_tan_.obj
 0001:00033ae0       __CItan                    10034ae0 f   LIBCMT:_tan_.obj
 0001:00033b1b       __CItan_default            10034b1b f   LIBCMT:_tan_.obj
 0001:00033b2f       __tan_default              10034b2f     LIBCMT:_tan_.obj
 0001:00033bd0       _asin                      10034bd0 f   LIBCMT:_asin_.obj
 0001:00033c10       __CIasin                   10034c10 f   LIBCMT:_asin_.obj
 0001:00033c4b       __CIasin_default           10034c4b f   LIBCMT:_asin_.obj
 0001:00033c5f       __asin_default             10034c5f     LIBCMT:_asin_.obj
 0001:00033d20       _acos                      10034d20 f   LIBCMT:_acos_.obj
 0001:00033d60       __CIacos                   10034d60 f   LIBCMT:_acos_.obj
 0001:00033d9b       __CIacos_default           10034d9b f   LIBCMT:_acos_.obj
 0001:00033daf       __acos_default             10034daf     LIBCMT:_acos_.obj
 0001:00033e70       _atan2                     10034e70 f   LIBCMT:_87ctriga_.obj
 0001:00033e7a       __CIatan2                  10034e7a f   LIBCMT:_87ctriga_.obj
 0001:00033e90       _ceil                      10034e90 f   LIBCMT:_ceil_pentium4_.obj
 0001:00033ed0       __ceil_pentium4            10034ed0 f   LIBCMT:_ceil_pentium4_.obj
 0001:00033fb0       __CIsqrt                   10034fb0 f   LIBCMT:_sqrt_.obj
 0001:00033fc4       _sqrt                      10034fc4     LIBCMT:_sqrt_.obj
 0001:00034070       _log10                     10035070 f   LIBCMT:_log10_.obj
 0001:000340b0       __CIlog10                  100350b0 f   LIBCMT:_log10_.obj
 0001:000340eb       __CIlog10_default          100350eb f   LIBCMT:_log10_.obj
 0001:000340ff       __log10_default            100350ff     LIBCMT:_log10_.obj
 0001:000341c0       _log                       100351c0 f   LIBCMT:_log_.obj
 0001:00034200       __CIlog                    10035200 f   LIBCMT:_log_.obj
 0001:0003423b       __CIlog_default            1003523b f   LIBCMT:_log_.obj
 0001:0003424f       __log_default              1003524f     LIBCMT:_log_.obj
 0001:00034310       _exp                       10035310 f   LIBCMT:_87ctran_.obj
 0001:0003434c       __CIexp                    1003534c f   LIBCMT:_87ctran_.obj
 0001:00034387       __exp_default              10035387 f   LIBCMT:_87ctran_.obj
 0001:00034391       __CIexp_default            10035391 f   LIBCMT:_87ctran_.obj
 0001:0003439b       _srand                     1003539b f   LIBCMT:rand.obj
 0001:000343ad       _rand                      100353ad f   LIBCMT:rand.obj
 0001:000343d0       __toupper                  100353d0 f   LIBCMT:toupper.obj
 0001:000343dd       __toupper_l                100353dd f   LIBCMT:toupper.obj
 0001:000344f3       _toupper                   100354f3 f   LIBCMT:toupper.obj
 0001:00034520       __alldiv                   10035520 f   LIBCMT:lldiv.obj
 0001:000345ca       __isalpha_l                100355ca f i LIBCMT:_ctype.obj
 0001:00034620       _isalpha                   10035620 f i LIBCMT:_ctype.obj
 0001:00034650       __isupper_l                10035650 f i LIBCMT:_ctype.obj
 0001:000346a1       _isupper                   100356a1 f i LIBCMT:_ctype.obj
 0001:000346cf       __islower_l                100356cf f i LIBCMT:_ctype.obj
 0001:00034720       _islower                   10035720 f i LIBCMT:_ctype.obj
 0001:0003474e       __isdigit_l                1003574e f i LIBCMT:_ctype.obj
 0001:0003479f       _isdigit                   1003579f f i LIBCMT:_ctype.obj
 0001:000347cd       __isxdigit_l               100357cd f i LIBCMT:_ctype.obj
 0001:00034823       _isxdigit                  10035823 f i LIBCMT:_ctype.obj
 0001:00034853       __isspace_l                10035853 f i LIBCMT:_ctype.obj
 0001:000348a4       _isspace                   100358a4 f i LIBCMT:_ctype.obj
 0001:000348d2       __ispunct_l                100358d2 f i LIBCMT:_ctype.obj
 0001:00034923       _ispunct                   10035923 f i LIBCMT:_ctype.obj
 0001:00034951       __isalnum_l                10035951 f i LIBCMT:_ctype.obj
 0001:000349a7       _isalnum                   100359a7 f i LIBCMT:_ctype.obj
 0001:000349d7       __isprint_l                100359d7 f i LIBCMT:_ctype.obj
 0001:00034a2d       _isprint                   10035a2d f i LIBCMT:_ctype.obj
 0001:00034a5d       __isgraph_l                10035a5d f i LIBCMT:_ctype.obj
 0001:00034ab3       _isgraph                   10035ab3 f i LIBCMT:_ctype.obj
 0001:00034ae3       __iscntrl_l                10035ae3 f i LIBCMT:_ctype.obj
 0001:00034b34       _iscntrl                   10035b34 f i LIBCMT:_ctype.obj
 0001:00034b62       ___isascii                 10035b62 f i LIBCMT:_ctype.obj
 0001:00034b74       ___toascii                 10035b74 f i LIBCMT:_ctype.obj
 0001:00034b81       __iscsymf_l                10035b81 f i LIBCMT:_ctype.obj
 0001:00034ba4       ___iscsymf                 10035ba4 f i LIBCMT:_ctype.obj
 0001:00034bc3       __iscsym_l                 10035bc3 f i LIBCMT:_ctype.obj
 0001:00034be6       ___iscsym                  10035be6 f i LIBCMT:_ctype.obj
 0001:00034c10       _memchr                    10035c10 f   LIBCMT:memchr.obj
 0001:00034cbd       __difftime64               10035cbd f   LIBCMT:difftm64.obj
 0001:00034d00       __gmtime64_s               10035d00 f   LIBCMT:gmtime64.obj
 0001:00034f39       __gmtime64                 10035f39 f   LIBCMT:gmtime64.obj
 0001:0003520f       __mktime64                 1003620f f   LIBCMT:mktime64.obj
 0001:00035221       __mkgmtime64               10036221 f   LIBCMT:mktime64.obj
 0001:00035233       __invoke_watson_if_oneof   10036233 f i LIBCMT:system.obj
 0001:0003525f       _system                    1003625f f   LIBCMT:system.obj
 0001:0003533c       _rename                    1003633c f   LIBCMT:rename.obj
 0001:000354b1       ___inc_tmpoff              100364b1 f   LIBCMT:tmpfile.obj
 0001:000354b8       __tmpnam_helper            100364b8 f   LIBCMT:tmpfile.obj
 0001:000355f4       _tmpnam_s                  100365f4 f   LIBCMT:tmpfile.obj
 0001:0003562f       _tmpnam                    1003662f f   LIBCMT:tmpfile.obj
 0001:00035656       __tmpfile_helper           10036656 f   LIBCMT:tmpfile.obj
 0001:00035849       _tmpfile                   10036849 f   LIBCMT:tmpfile.obj
 0001:00035865       _tmpfile_s                 10036865 f   LIBCMT:tmpfile.obj
 0001:00035878       __getenv_helper_nolock     10036878 f   LIBCMT:getenv.obj
 0001:00035a26       _getenv                    10036a26 f   LIBCMT:getenv.obj
 0001:00035aa0       _getenv_s                  10036aa0 f   LIBCMT:getenv.obj
 0001:00035b6d       __dupenv_s                 10036b6d f   LIBCMT:getenv.obj
 0001:00035c44       _clock                     10036c44 f   LIBCMT:clock.obj
 0001:00035c7e       ___inittime                10036c7e f   LIBCMT:clock.obj
 0001:00035cac       ____setlc_active_func      10036cac f   LIBCMT:setlocal.obj
 0001:00035cb2       ____unguarded_readlc_active_add_func 10036cb2 f   LIBCMT:setlocal.obj
 0001:00035cde       __configthreadlocale       10036cde f   LIBCMT:setlocal.obj
 0001:00035d65       __free_locale              10036d65 f   LIBCMT:setlocal.obj
 0001:00035e27       ___free_locale             10036e27 f   LIBCMT:setlocal.obj
 0001:00035e32       __get_current_locale       10036e32 f   LIBCMT:setlocal.obj
 0001:00035ee1       ___get_current_locale      10036ee1 f   LIBCMT:setlocal.obj
 0001:00035ee6       ___init_dummy              10036ee6 f   LIBCMT:setlocal.obj
 0001:00035ee9       __strcats                  10036ee9 f   LIBCMT:setlocal.obj
 0001:00035f2a       ___lc_strtolc              10036f2a f   LIBCMT:setlocal.obj
 0001:00036049       ___lc_lctostr              10037049 f   LIBCMT:setlocal.obj
 0001:00036219       __expandlocale             10037219 f   LIBCMT:setlocal.obj
 0001:00036990       __create_locale            10037990 f   LIBCMT:setlocal.obj
 0001:00036a85       ___create_locale           10037a85 f   LIBCMT:setlocal.obj
 0001:00036a90       _setlocale                 10037a90 f   LIBCMT:setlocal.obj
 0001:00036c04       ___crtCorExitProcess       10037c04 f   LIBCMT:crt0dat.obj
 0001:00036c2f       ___crtExitProcess          10037c2f f   LIBCMT:crt0dat.obj
 0001:00036c47       __lockexit                 10037c47 f   LIBCMT:crt0dat.obj
 0001:00036c50       __unlockexit               10037c50 f   LIBCMT:crt0dat.obj
 0001:00036c59       __init_pointers            10037c59 f   LIBCMT:crt0dat.obj
 0001:00036ca9       __initterm_e               10037ca9 f   LIBCMT:crt0dat.obj
 0001:00036ccd       __get_wpgmptr              10037ccd f   LIBCMT:crt0dat.obj
 0001:00036cfd       __get_pgmptr               10037cfd f   LIBCMT:crt0dat.obj
 0001:00036d2d       __cinit                    10037d2d f   LIBCMT:crt0dat.obj
 0001:00036f04       _exit                      10037f04 f   LIBCMT:crt0dat.obj
 0001:00036f1a       __exit                     10037f1a f   LIBCMT:crt0dat.obj
 0001:00036f30       __cexit                    10037f30 f   LIBCMT:crt0dat.obj
 0001:00036f3f       __c_exit                   10037f3f f   LIBCMT:crt0dat.obj
 0001:00036f4e       __amsg_exit                10037f4e f   LIBCMT:crt0dat.obj
 0001:00036fca       __popen                    10037fca f   LIBCMT:popen.obj
 0001:00037492       __pclose                   10038492 f   LIBCMT:popen.obj
 0001:0003755d       __ungetc_nolock            1003855d f   LIBCMT:ungetc.obj
 0001:00037640       _ungetc                    10038640 f   LIBCMT:ungetc.obj
 0001:000376a9       _clearerr_s                100386a9 f   LIBCMT:clearerr.obj
 0001:0003774d       _clearerr                  1003874d f   LIBCMT:clearerr.obj
 0001:00037758       __ftelli64_nolock          10038758 f   LIBCMT:ftelli64.obj
 0001:00037aa2       __ftelli64                 10038aa2 f   LIBCMT:ftelli64.obj
 0001:00037b0f       __fseeki64_nolock          10038b0f f   LIBCMT:fseeki64.obj
 0001:00037bab       __fseeki64                 10038bab f   LIBCMT:fseeki64.obj
 0001:00037c2a       _setvbuf                   10038c2a f   LIBCMT:setvbuf.obj
 0001:00037d20       ___report_gsfailure        10038d20 f   LIBCMT:gs_report.obj
 0001:00037e26       __VEC_memzero              10038e26 f   LIBCMT:p4_memset.obj
 0001:00037ee0       ___sse2_available_init     10038ee0 f   LIBCMT:cpu_disp.obj
 0001:00037ef0       __VEC_memcpy               10038ef0 f   LIBCMT:p4_memcpy.obj
 0001:0003821e       _strtol                    1003921e f   LIBCMT:strtol.obj
 0001:00038249       __strtol_l                 10039249 f   LIBCMT:strtol.obj
 0001:00038266       _strtoul                   10039266 f   LIBCMT:strtol.obj
 0001:00038292       __strtoul_l                10039292 f   LIBCMT:strtol.obj
 0001:0003854c       __strtoi64                 1003954c f   LIBCMT:strtoq.obj
 0001:00038577       __strtoi64_l               10039577 f   LIBCMT:strtoq.obj
 0001:00038594       __strtoui64                10039594 f   LIBCMT:strtoq.obj
 0001:000385c0       __strtoui64_l              100395c0 f   LIBCMT:strtoq.obj
 0001:000385dd       __flsbuf                   100395dd f   LIBCMT:_flsbuf.obj
 0001:000387fc       _get_int_arg               100397fc f i LIBCMT:output.obj
 0001:0003880e       _get_int64_arg             1003980e f i LIBCMT:output.obj
 0001:00038823       _get_short_arg             10039823 f i LIBCMT:output.obj
 0001:00038836       __output_l                 10039836 f   LIBCMT:output.obj
 0001:0003943e       __validate_param_reuseA    1003a43e f   LIBCMT:outputp.obj
 0001:00039624       _get_crtdouble_arg         1003a624 f i LIBCMT:outputp.obj
 0001:00039639       __output_p_l               1003a639 f   LIBCMT:outputp.obj
 0001:0003a95d       __GET_RTERRMSG             1003b95d f   LIBCMT:crt0msg.obj
 0001:0003a983       __NMSG_WRITE               1003b983 f   LIBCMT:crt0msg.obj
 0001:0003ab32       __FF_MSGBANNER             1003bb32 f   LIBCMT:crt0msg.obj
 0001:0003ab6b       __heap_init                1003bb6b f   LIBCMT:heapinit.obj
 0001:0003ab89       __heap_term                1003bb89 f   LIBCMT:heapinit.obj
 0001:0003ab9d       __get_heap_handle          1003bb9d f   LIBCMT:heapinit.obj
 0001:0003aba3       __initp_heap_handler       1003bba3 f   LIBCMT:handler.obj
 0001:0003abb2       ?_set_new_handler@@YAP6AHI@ZP6AHI@Z@Z 1003bbb2 f   LIBCMT:handler.obj
 0001:0003abe9       ?_set_new_handler@@YAP6AHI@ZH@Z 1003bbe9 f   LIBCMT:handler.obj
 0001:0003abf2       ?_query_new_handler@@YAP6AHI@ZXZ 1003bbf2 f   LIBCMT:handler.obj
 0001:0003abff       __callnewh                 1003bbff f   LIBCMT:handler.obj
 0001:0003ac27       __set_SSE2_enable          1003bc27 f   LIBCMT:_mathfcns_.obj
 0001:0003ac40       __sse2_mathfcns_init       1003bc40 f   LIBCMT:_mathfcns_.obj
 0001:0003ac50       __CIpow_pentium4           1003bc50 f   LIBCMT:_pow_pentium4_.obj
 0001:0003ac69       __pow_pentium4             1003bc69     LIBCMT:_pow_pentium4_.obj
 0001:0003b7c1       __fFEXP                    1003c7c1     LIBCMT:_87tran_.obj
 0001:0003b818       __rtinfpopse               1003c818     LIBCMT:_87tran_.obj
 0001:0003b81a       __rtinfnpopse              1003c81a     LIBCMT:_87tran_.obj
 0001:0003b82a       __fFLN                     1003c82a     LIBCMT:_87tran_.obj
 0001:0003b8df       __rtinfpop                 1003c8df     LIBCMT:_87tran_.obj
 0001:0003b8e1       __rtinfnpop                1003c8e1     LIBCMT:_87tran_.obj
 0001:0003b8fe       __ffexpm1                  1003c8fe     LIBCMT:_87tran_.obj
 0001:0003b9b0       __trandisp1                1003c9b0 f   LIBCMT:_87disp_.obj
 0001:0003ba17       __trandisp2                1003ca17 f   LIBCMT:_87disp_.obj
 0001:0003baa3       __rttospopde               1003caa3     LIBCMT:_87disp_.obj
 0001:0003baa8       __rttospop                 1003caa8     LIBCMT:_87disp_.obj
 0001:0003baaa       __rtnospop                 1003caaa     LIBCMT:_87disp_.obj
 0001:0003baac       __rttosnpop                1003caac     LIBCMT:_87disp_.obj
 0001:0003baad       __rtnospopde               1003caad     LIBCMT:_87disp_.obj
 0001:0003bab4       __rtzeropop                1003cab4     LIBCMT:_87disp_.obj
 0001:0003bab6       __rtzeronpop               1003cab6     LIBCMT:_87disp_.obj
 0001:0003babb       __rtonepop                 1003cabb     LIBCMT:_87disp_.obj
 0001:0003babd       __rtonenpop                1003cabd     LIBCMT:_87disp_.obj
 0001:0003bac2       __tosnan1                  1003cac2     LIBCMT:_87disp_.obj
 0001:0003baed       __nosnan2                  1003caed     LIBCMT:_87disp_.obj
 0001:0003baef       __tosnan2                  1003caef     LIBCMT:_87disp_.obj
 0001:0003bb17       __nan2                     1003cb17     LIBCMT:_87disp_.obj
 0001:0003bb56       __rtindfpop                1003cb56     LIBCMT:_87disp_.obj
 0001:0003bb58       __rtindfnpop               1003cb58     LIBCMT:_87disp_.obj
 0001:0003bb69       __rttosnpopde              1003cb69     LIBCMT:_87disp_.obj
 0001:0003bb73       __rtchsifneg               1003cb73     LIBCMT:_87disp_.obj
 0001:0003bb80       __startTwoArgErrorHandling 1003cb80 f   LIBCMT:_genexcep_.obj
 0001:0003bb97       __startOneArgErrorHandling 1003cb97 f   LIBCMT:_genexcep_.obj
 0001:0003bbe0       __twoToTOS                 1003cbe0 f   LIBCMT:_common_.obj
 0001:0003bbf5       __load_CW                  1003cbf5 f   LIBCMT:_common_.obj
 0001:0003bc0c       __convertTOStoQNaN         1003cc0c f   LIBCMT:_common_.obj
 0001:0003bc25       __fload_withFB             1003cc25 f   LIBCMT:_common_.obj
 0001:0003bc68       __checkTOS_withFB          1003cc68 f   LIBCMT:_common_.obj
 0001:0003bc7e       __fast_exit                1003cc7e f   LIBCMT:_common_.obj
 0001:0003bc8b       __math_exit                1003cc8b f   LIBCMT:_common_.obj
 0001:0003bcb5       __check_overflow_exit      1003ccb5 f   LIBCMT:_common_.obj
 0001:0003bcc9       __check_range_exit         1003ccc9 f   LIBCMT:_common_.obj
 0001:0003bd6c       __d_inttype                1003cd6c f   LIBCMT:_powhlp_.obj
 0001:0003bdd6       __powhlp                   1003cdd6 f   LIBCMT:_powhlp_.obj
 0001:0003bf01       ?strrchr@@YAPADPADH@Z      1003cf01 f i LIBCMT:cvt.obj
 0001:0003bf0c       __forcdecpt_l              1003cf0c f   LIBCMT:cvt.obj
 0001:0003bf80       __cropzeros_l              1003cf80 f   LIBCMT:cvt.obj
 0001:0003c002       __positive                 1003d002 f   LIBCMT:cvt.obj
 0001:0003c01e       __fassign_l                1003d01e f   LIBCMT:cvt.obj
 0001:0003c060       __fassign                  1003d060 f   LIBCMT:cvt.obj
 0001:0003c099       __forcdecpt                1003d099 f   LIBCMT:cvt.obj
 0001:0003c0ac       __cropzeros                1003d0ac f   LIBCMT:cvt.obj
 0001:0003c220       __cftoe_l                  1003d220 f   LIBCMT:cvt.obj
 0001:0003c2e7       __cftoe                    1003d2e7 f   LIBCMT:cvt.obj
 0001:0003c307       __cftoa_l                  1003d307 f   LIBCMT:cvt.obj
 0001:0003c67d       __cftoa                    1003d67d f   LIBCMT:cvt.obj
 0001:0003c7a0       __cftof_l                  1003d7a0 f   LIBCMT:cvt.obj
 0001:0003c861       __cftof                    1003d861 f   LIBCMT:cvt.obj
 0001:0003c87e       __cftog_l                  1003d87e f   LIBCMT:cvt.obj
 0001:0003c96b       __cftog                    1003d96b f   LIBCMT:cvt.obj
 0001:0003c98b       __cfltcvt_l                1003d98b f   LIBCMT:cvt.obj
 0001:0003ca13       __cfltcvt                  1003da13 f   LIBCMT:cvt.obj
 0001:0003ca36       __initp_misc_cfltcvt_tab   1003da36 f   LIBCMT:cmiscdat.obj
 0001:0003ca59       __setdefaultprecision      1003da59 f   LIBCMT:fp8.obj
 0001:0003ca81       ___libm_setusermatherr     1003da81 f   LIBCMT:_libm_error_.obj
 0001:0003caaf       ___libm_error_support      1003daaf f   LIBCMT:_libm_error_.obj
 0001:0003cd7b       __floor_default            1003dd7b f   LIBCMT:_floor_.obj
 0001:0003ce53       __vsnprintf_helper         1003de53 f   LIBCMT:vsnprnc.obj
 0001:0003cf1d       __vsnprintf_c              1003df1d f   LIBCMT:vsnprnc.obj
 0001:0003cf46       __vsnprintf_c_l            1003df46 f   LIBCMT:vsnprnc.obj
 0001:0003cf70       __vsprintf_s_l             1003df70 f   LIBCMT:vsnprnc.obj
 0001:0003cfe7       _vsprintf_s                1003dfe7 f   LIBCMT:vsnprnc.obj
 0001:0003d004       __vsnprintf_s_l            1003e004 f   LIBCMT:vsnprnc.obj
 0001:0003d0f0       __vsnprintf_s              1003e0f0 f   LIBCMT:vsnprnc.obj
 0001:0003d110       __vsprintf_p               1003e110 f   LIBCMT:vsnprnc.obj
 0001:0003d139       __vsprintf_p_l             1003e139 f   LIBCMT:vsnprnc.obj
 0001:0003d163       __raise_exc_ex             1003e163 f   LIBCMT:_fpexcept_.obj
 0001:0003d43f       __raise_exc                1003e43f f   LIBCMT:_fpexcept_.obj
 0001:0003d462       __raise_excf               1003e462 f   LIBCMT:_fpexcept_.obj
 0001:0003d485       __handle_exc               1003e485 f   LIBCMT:_fpexcept_.obj
 0001:0003d669       __set_errno_from_matherr   1003e669 f   LIBCMT:_fpexcept_.obj
 0001:0003d6bc       __errcode                  1003e6bc f   LIBCMT:_fpexcept_.obj
 0001:0003d6f0       __umatherr                 1003e6f0 f   LIBCMT:_fpexcept_.obj
 0001:0003d790       __handle_qnan1             1003e790 f   LIBCMT:_fpexcept_.obj
 0001:0003d7e5       __handle_qnan2             1003e7e5 f   LIBCMT:_fpexcept_.obj
 0001:0003d846       __except1                  1003e846 f   LIBCMT:_fpexcept_.obj
 0001:0003d910       __except2                  1003e910 f   LIBCMT:_fpexcept_.obj
 0001:0003d9ea       __set_exp                  1003e9ea f   LIBCMT:_util_.obj
 0001:0003da17       __get_exp                  1003ea17 f   LIBCMT:_util_.obj
 0001:0003da30       __add_exp                  1003ea30 f   LIBCMT:_util_.obj
 0001:0003da5e       __set_bexp                 1003ea5e f   LIBCMT:_util_.obj
 0001:0003da86       __sptype                   1003ea86 f   LIBCMT:_util_.obj
 0001:0003daec       __decomp                   1003eaec f   LIBCMT:_util_.obj
 0001:0003dbaf       __statfp                   1003ebaf f   LIBCMT:_fpctrl_.obj
 0001:0003dbbf       __clrfp                    1003ebbf f   LIBCMT:_fpctrl_.obj
 0001:0003dbd0       __ctrlfp                   1003ebd0 f   LIBCMT:_fpctrl_.obj
 0001:0003dbfb       __set_statfp               1003ebfb f   LIBCMT:_fpctrl_.obj
 0001:0003dc53       ___get_fpsr_sse2           1003ec53 f   LIBCMT:_fpctrl_.obj
 0001:0003dc71       ___set_fpsr_sse2           1003ec71 f   LIBCMT:_fpctrl_.obj
 0001:0003dce3       ___fclrf_sse2              1003ece3 f   LIBCMT:_fpctrl_.obj
 0001:0003dd00       ___statfp_sse2             1003ed00 f   LIBCMT:_fpctrl_.obj
 0001:0003dd13       ___clrfp_sse2              1003ed13 f   LIBCMT:_fpctrl_.obj
 0001:0003dd2b       ___ctrlfp_sse2             1003ed2b f   LIBCMT:_fpctrl_.obj
 0001:0003dd62       ___set_statfp_sse2         1003ed62 f   LIBCMT:_fpctrl_.obj
 0001:0003dfa0       ___updatetmbcinfo          1003efa0 f   LIBCMT:mbctype.obj
 0001:0003e0c0       __setmbcp_nolock           1003f0c0 f   LIBCMT:mbctype.obj
 0001:0003e2a9       __getmbcp                  1003f2a9 f   LIBCMT:mbctype.obj
 0001:0003e2e7       __setmbcp                  1003f2e7 f   LIBCMT:mbctype.obj
 0001:0003e481       ___initmbctable            1003f481 f   LIBCMT:mbctype.obj
 0001:0003e49f       ___addlocaleref            1003f49f f   LIBCMT:localref.obj
 0001:0003e52e       ___removelocaleref         1003f52e f   LIBCMT:localref.obj
 0001:0003e5c7       ___freetlocinfo            1003f5c7 f   LIBCMT:localref.obj
 0001:0003e712       __updatetlocinfoEx_nolock  1003f712 f   LIBCMT:localref.obj
 0001:0003e75f       ___updatetlocinfo          1003f75f f   LIBCMT:localref.obj
 0001:0003e7d8       __encoded_null             1003f7d8 f   LIBCMT:tidtable.obj
 0001:0003e7e1       ___crtTlsAlloc@4           1003f7e1 f   LIBCMT:tidtable.obj
 0001:0003e7ea       ___fls_getvalue@4          1003f7ea f   LIBCMT:tidtable.obj
 0001:0003e804       ___get_flsindex            1003f804 f   LIBCMT:tidtable.obj
 0001:0003e80a       ___set_flsgetvalue         1003f80a f   LIBCMT:tidtable.obj
 0001:0003e83e       ___fls_setvalue@8          1003f83e f   LIBCMT:tidtable.obj
 0001:0003e85b       __mtterm                   1003f85b f   LIBCMT:tidtable.obj
 0001:0003e898       __initptd                  1003f898 f   LIBCMT:tidtable.obj
 0001:0003e94c       __getptd_noexit            1003f94c f   LIBCMT:tidtable.obj
 0001:0003e9c5       __getptd                   1003f9c5 f   LIBCMT:tidtable.obj
 0001:0003e9df       __freefls@4                1003f9df f   LIBCMT:tidtable.obj
 0001:0003eb0e       __freeptd                  1003fb0e f   LIBCMT:tidtable.obj
 0001:0003eb7c       ___threadid                1003fb7c f   LIBCMT:tidtable.obj
 0001:0003eb82       ___threadhandle            1003fb82 f   LIBCMT:tidtable.obj
 0001:0003eb88       __mtinit                   1003fb88 f   LIBCMT:tidtable.obj
 0001:0003ef08       ___crtLCMapStringA         1003ff08 f   LIBCMT:a_map.obj
 0001:0003ef4e       __isleadbyte_l             1003ff4e f i LIBCMT:_wctype.obj
 0001:0003ef86       _isleadbyte                1003ff86 f i LIBCMT:_wctype.obj
 0001:0003ef99       __iswalpha_l               1003ff99 f i LIBCMT:_wctype.obj
 0001:0003efaf       _iswalpha                  1003ffaf f i LIBCMT:_wctype.obj
 0001:0003efc5       __iswupper_l               1003ffc5 f i LIBCMT:_wctype.obj
 0001:0003efd8       _iswupper                  1003ffd8 f i LIBCMT:_wctype.obj
 0001:0003efeb       __iswlower_l               1003ffeb f i LIBCMT:_wctype.obj
 0001:0003effe       _iswlower                  1003fffe f i LIBCMT:_wctype.obj
 0001:0003f011       __iswdigit_l               10040011 f i LIBCMT:_wctype.obj
 0001:0003f024       _iswdigit                  10040024 f i LIBCMT:_wctype.obj
 0001:0003f037       __iswxdigit_l              10040037 f i LIBCMT:_wctype.obj
 0001:0003f04d       _iswxdigit                 1004004d f i LIBCMT:_wctype.obj
 0001:0003f063       __iswspace_l               10040063 f i LIBCMT:_wctype.obj
 0001:0003f076       _iswspace                  10040076 f i LIBCMT:_wctype.obj
 0001:0003f089       __iswpunct_l               10040089 f i LIBCMT:_wctype.obj
 0001:0003f09c       _iswpunct                  1004009c f i LIBCMT:_wctype.obj
 0001:0003f0af       __iswalnum_l               100400af f i LIBCMT:_wctype.obj
 0001:0003f0c5       _iswalnum                  100400c5 f i LIBCMT:_wctype.obj
 0001:0003f0db       __iswprint_l               100400db f i LIBCMT:_wctype.obj
 0001:0003f0f1       _iswprint                  100400f1 f i LIBCMT:_wctype.obj
 0001:0003f107       __iswgraph_l               10040107 f i LIBCMT:_wctype.obj
 0001:0003f11d       _iswgraph                  1004011d f i LIBCMT:_wctype.obj
 0001:0003f133       __iswcntrl_l               10040133 f i LIBCMT:_wctype.obj
 0001:0003f146       _iswcntrl                  10040146 f i LIBCMT:_wctype.obj
 0001:0003f159       _iswascii                  10040159 f i LIBCMT:_wctype.obj
 0001:0003f16d       __iswcsym_l                1004016d f i LIBCMT:_wctype.obj
 0001:0003f193       ___iswcsym                 10040193 f i LIBCMT:_wctype.obj
 0001:0003f1b9       __iswcsymf_l               100401b9 f i LIBCMT:_wctype.obj
 0001:0003f1df       ___iswcsymf                100401df f i LIBCMT:_wctype.obj
 0001:0003f205       __isctype_l                10040205 f   LIBCMT:isctype.obj
 0001:0003f2bd       __isctype                  100402bd f   LIBCMT:isctype.obj
 0001:0003f2ef       _strcpy_s                  100402ef f   LIBCMT:strcpy_s.obj
 0001:0003f34e       _wait_a_bit                1004034e f i LIBCMT:crtheap.obj
 0001:0003f374       __set_malloc_crt_max_wait  10040374 f   LIBCMT:crtheap.obj
 0001:0003f389       __malloc_crt               10040389 f   LIBCMT:crtheap.obj
 0001:0003f3ce       __calloc_crt               100403ce f   LIBCMT:crtheap.obj
 0001:0003f41a       __realloc_crt              1004041a f   LIBCMT:crtheap.obj
 0001:0003f468       __recalloc_crt             10040468 f   LIBCMT:crtheap.obj
 0001:0003f4ba       __get_daylight             100404ba f   LIBCMT:timeset.obj
 0001:0003f4e7       __get_dstbias              100404e7 f   LIBCMT:timeset.obj
 0001:0003f514       __get_timezone             10040514 f   LIBCMT:timeset.obj
 0001:0003f541       __get_tzname               10040541 f   LIBCMT:timeset.obj
 0001:0003f5d3       ___daylight                100405d3 f   LIBCMT:timeset.obj
 0001:0003f5d9       ___dstbias                 100405d9 f   LIBCMT:timeset.obj
 0001:0003f5df       ___timezone                100405df f   LIBCMT:timeset.obj
 0001:0003f5e5       ___tzname                  100405e5 f   LIBCMT:timeset.obj
 0001:0003f5eb       __set_daylight             100405eb f i LIBCMT:tzset.obj
 0001:0003f5fc       __set_dstbias              100405fc f i LIBCMT:tzset.obj
 0001:0003f60d       __set_timezone             1004060d f i LIBCMT:tzset.obj
 0001:0003fcff       ___tzset                   10040cff f   LIBCMT:tzset.obj
 0001:0003fd4e       __tzset                    10040d4e f   LIBCMT:tzset.obj
 0001:0003fd86       __isindst                  10040d86 f   LIBCMT:tzset.obj
 0001:0003fdc7       ___ascii_stricmp           10040dc7 f   LIBCMT:stricmp.obj
 0001:0003fe00       __stricmp_l                10040e00 f   LIBCMT:stricmp.obj
 0001:0003fec0       __stricmp                  10040ec0 f   LIBCMT:stricmp.obj
 0001:0003ff10       __alloca_probe_16          10040f10 f   LIBCMT:alloca16.obj
 0001:0003ff26       __alloca_probe_8           10040f26     LIBCMT:alloca16.obj
 0001:0003ff3c       __gmtime32_s               10040f3c f   LIBCMT:gmtime.obj
 0001:0004007c       ___getgmtimebuf            1004107c f   LIBCMT:gmtime.obj
 0001:000400b3       __gmtime32                 100410b3 f   LIBCMT:gmtime.obj
 0001:000400e0       __aulldiv                  100410e0 f   LIBCMT:ulldiv.obj
 0001:00040148       __close_nolock             10041148 f   LIBCMT:close.obj
 0001:000401e4       __close                    100411e4 f   LIBCMT:close.obj
 0001:000402a8       __fileno                   100412a8 f   LIBCMT:fileno.obj
 0001:000402ce       __freebuf                  100412ce f   LIBCMT:_freebuf.obj
 0001:00040300       __SEH_prolog4              10041300 f   LIBCMT:sehprolg4.obj
 0001:00040345       __SEH_epilog4              10041345 f   LIBCMT:sehprolg4.obj
 0001:00040390       __except_handler4          10041390 f   LIBCMT:chandler4.obj
 0001:0004051f       __write_nolock             1004151f f   LIBCMT:write.obj
 0001:00040c1c       __write                    10041c1c f   LIBCMT:write.obj
 0001:00040cf0       __openfile                 10041cf0 f   LIBCMT:_open.obj
 0001:00040f8a       __getstream                10041f8a f   LIBCMT:stream.obj
 0001:000410c0       __local_unwind4            100420c0 f   LIBCMT:exsup4.obj
 0001:00041196       __seh_longjmp_unwind4@4    10042196 f   LIBCMT:exsup4.obj
 0001:000411b2       @_EH4_CallFilterFunc@8     100421b2 f   LIBCMT:exsup4.obj
 0001:000411c9       @_EH4_TransferToHandler@8  100421c9 f   LIBCMT:exsup4.obj
 0001:000411e2       @_EH4_GlobalUnwind2@8      100421e2 f   LIBCMT:exsup4.obj
 0001:000411fb       @_EH4_LocalUnwind@16       100421fb f   LIBCMT:exsup4.obj
 0001:00041212       __ioinit                   10042212 f   LIBCMT:ioinit.obj
 0001:00041457       __ioterm                   10042457 f   LIBCMT:ioinit.obj
 0001:000414aa       __lseek_nolock             100424aa f   LIBCMT:lseek.obj
 0001:0004151f       __lseek                    1004251f f   LIBCMT:lseek.obj
 0001:000415f3       __filbuf                   100425f3 f   LIBCMT:_filbuf.obj
 0001:00041715       __read_nolock              10042715 f   LIBCMT:read.obj
 0001:00041ccc       __read                     10042ccc f   LIBCMT:read.obj
 0001:00041dc2       _memcpy_s                  10042dc2 f   LIBCMT:memcpy_s.obj
 0001:00041e37       ___getlocaleinfo           10042e37 f   LIBCMT:inithelp.obj
 0001:00041fe3       __initp_misc_purevirt      10042fe3 f   LIBCMT:inithelp.obj
 0001:00041ff2       __crt_debugger_hook        10042ff2 f   LIBCMT:dbghook.obj
 0001:00041ffa       __initp_misc_winsig        10042ffa f   LIBCMT:winsig.obj
[...]
 0001:00023200       _generic_reader            10024200 f   wjj:lbaselib.obj
 0001:000232a0       _luaB_load                 100242a0 f   wjj:lbaselib.obj
 0001:00023390       _dofilecont                10024390 f   wjj:lbaselib.obj
 0001:000233a0       _luaB_dofile               100243a0 f   wjj:lbaselib.obj
 0001:00023400       _luaB_assert               10024400 f   wjj:lbaselib.obj
 0001:00023460       _luaB_select               10024460 f   wjj:lbaselib.obj
 0001:00023500       _finishpcall               10024500 f   wjj:lbaselib.obj
 0001:00023540       _luaB_pcall                10024540 f   wjj:lbaselib.obj
 0001:000235c0       _luaB_xpcall               100245c0 f   wjj:lbaselib.obj
 0001:00023640       _luaB_tostring             10024640 f   wjj:lbaselib.obj
 0001:000237e0       _save                      100247e0 f   wjj:llex.obj
 0001:000238d0       _txtToken                  100248d0 f   wjj:llex.obj
 0001:00023940       _lexerror                  10024940 f   wjj:llex.obj
 0001:00023a30       _inclinenumber             10024a30 f   wjj:llex.obj
 0001:00023b50       _check_next1               10024b50 f   wjj:llex.obj
 0001:00023ba0       _check_next2               10024ba0 f   wjj:llex.obj
 0001:00023c50       _read_numeral              10024c50 f   wjj:llex.obj
 0001:00023eb0       _skip_sep                  10024eb0 f   wjj:llex.obj
 0001:00024010       _read_long_string          10025010 f   wjj:llex.obj
 0001:00024310       _esccheck                  10025310 f   wjj:llex.obj
 0001:00024370       _gethexa                   10025370 f   wjj:llex.obj
 0001:00024460       _readhexaesc               10025460 f   wjj:llex.obj
 0001:00024480       _readutf8esc               10025480 f   wjj:llex.obj
 0001:00024750       _utf8esc                   10025750 f   wjj:llex.obj
 0001:00024830       _readdecesc                10025830 f   wjj:llex.obj
 0001:000249c0       _read_string               100259c0 f   wjj:llex.obj
 0001:00024f30       _llex                      10025f30 f   wjj:llex.obj
 0001:000255a0       _semerror                  100265a0 f   wjj:lparser.obj
 0001:000255b0       _error_expected            100265b0 f   wjj:lparser.obj
 0001:000255e0       _errorlimit                100265e0 f   wjj:lparser.obj
 0001:00025630       _checklimit                10026630 f   wjj:lparser.obj
 0001:00025640       _testnext                  10026640 f   wjj:lparser.obj
 0001:00025660       _check                     10026660 f   wjj:lparser.obj
 0001:00025670       _checknext                 10026670 f   wjj:lparser.obj
 0001:00025690       _check_match               10026690 f   wjj:lparser.obj
 0001:000256f0       _str_checkname             100266f0 f   wjj:lparser.obj
 0001:00025720       _init_exp                  10026720 f   wjj:lparser.obj
 0001:00025740       _codestring                10026740 f   wjj:lparser.obj
 0001:00025760       _checkname                 10026760 f   wjj:lparser.obj
 0001:000257a0       _registerlocalvar          100267a0 f   wjj:lparser.obj
 0001:00025840       _new_localvar              10026840 f   wjj:lparser.obj
 0001:000258b0       _new_localvarliteral_      100268b0 f   wjj:lparser.obj
 0001:000258d0       _getlocvar                 100268d0 f   wjj:lparser.obj
 0001:000258f0       _adjustlocalvars           100268f0 f   wjj:lparser.obj
 0001:00025930       _removevars                10026930 f   wjj:lparser.obj
 0001:00025990       _searchupvalue             10026990 f   wjj:lparser.obj
 0001:000259b0       _newupvalue                100269b0 f   wjj:lparser.obj
 0001:00025a80       _searchvar                 10026a80 f   wjj:lparser.obj
 0001:00025ac0       _markupval                 10026ac0 f   wjj:lparser.obj
 0001:00025ae0       _singlevaraux              10026ae0 f   wjj:lparser.obj
 0001:00025bd0       _singlevar                 10026bd0 f   wjj:lparser.obj
 0001:00025c60       _adjust_assign             10026c60 f   wjj:lparser.obj
 0001:00025cd0       _enterlevel                10026cd0 f   wjj:lparser.obj
 0001:00025d00       _closegoto                 10026d00 f   wjj:lparser.obj
 0001:00025dc0       _findlabel                 10026dc0 f   wjj:lparser.obj
 0001:00025f00       _newlabelentry             10026f00 f   wjj:lparser.obj
 0001:00025f70       _findgotos                 10026f70 f   wjj:lparser.obj
 0001:00026080       _movegotosout              10027080 f   wjj:lparser.obj
 0001:00026190       _enterblock                10027190 f   wjj:lparser.obj
 0001:000261c0       _breaklabel                100271c0 f   wjj:lparser.obj
 0001:00026200       _undefgoto                 10027200 f   wjj:lparser.obj
 0001:00026240       _leaveblock                10027240 f   wjj:lparser.obj
 0001:00026300       _addprototype              10027300 f   wjj:lparser.obj
 0001:000263a0       _codeclosure               100273a0 f   wjj:lparser.obj
 0001:000263e0       _open_func                 100273e0 f   wjj:lparser.obj
 0001:00026460       _close_func                10027460 f   wjj:lparser.obj
 0001:000265e0       _block_follow              100275e0 f   wjj:lparser.obj
 0001:00026640       _fieldsel                  10027640 f   wjj:lparser.obj
 0001:000266c0       _yindex                    100276c0 f   wjj:lparser.obj
 0001:00026700       _recfield                  10027700 f   wjj:lparser.obj
 0001:00026820       _closelistfield            10027820 f   wjj:lparser.obj
 0001:00026860       _lastlistfield             10027860 f   wjj:lparser.obj
 0001:000268c0       _listfield                 100278c0 f   wjj:lparser.obj
 0001:00026900       _field                     10027900 f   wjj:lparser.obj
 0001:00026970       _constructor               10027970 f   wjj:lparser.obj
 0001:00026bc0       _parlist                   10027bc0 f   wjj:lparser.obj
 0001:00026cf0       _body                      10027cf0 f   wjj:lparser.obj
 0001:00026e50       _explist                   10027e50 f   wjj:lparser.obj
 0001:00026e90       _funcargs                  10027e90 f   wjj:lparser.obj
 0001:00027020       _primaryexp                10028020 f   wjj:lparser.obj
 0001:000270c0       _suffixedexp               100280c0 f   wjj:lparser.obj
 0001:00027380       _simpleexp                 10028380 f   wjj:lparser.obj
 0001:00027590       _getunopr                  10028590 f   wjj:lparser.obj
 0001:000276d0       _getbinopr                 100286d0 f   wjj:lparser.obj
 0001:000278d0       _subexpr                   100288d0 f   wjj:lparser.obj
 0001:00027b00       _expr                      10028b00 f   wjj:lparser.obj
 0001:00027b10       _block                     10028b10 f   wjj:lparser.obj
 0001:00027b70       _check_conflict            10028b70 f   wjj:lparser.obj
 0001:00027bf0       _assignment                10028bf0 f   wjj:lparser.obj
 0001:00027d70       _cond                      10028d70 f   wjj:lparser.obj
 0001:00027dc0       _gotostat                  10028dc0 f   wjj:lparser.obj
 0001:00027e40       _checkrepeated             10028e40 f   wjj:lparser.obj
 0001:00027ea0       _skipnoopstat              10028ea0 f   wjj:lparser.obj
 0001:00027ec0       _labelstat                 10028ec0 f   wjj:lparser.obj
 0001:00027fe0       _whilestat                 10028fe0 f   wjj:lparser.obj
 0001:00028170       _repeatstat                10029170 f   wjj:lparser.obj
 0001:000282f0       _exp1                      100292f0 f   wjj:lparser.obj
 0001:00028330       _forbody                   10029330 f   wjj:lparser.obj
 0001:000284d0       _fornum                    100294d0 f   wjj:lparser.obj
 0001:00028610       _forlist                   10029610 f   wjj:lparser.obj
 0001:00028800       _forstat                   10029800 f   wjj:lparser.obj
 0001:00028910       _test_then_block           10029910 f   wjj:lparser.obj
 0001:00028af0       _ifstat                    10029af0 f   wjj:lparser.obj
 0001:00028c00       _localfunc                 10029c00 f   wjj:lparser.obj
 0001:00028cb0       _localstat                 10029cb0 f   wjj:lparser.obj
 0001:00028dc0       _funcname                  10029dc0 f   wjj:lparser.obj
 0001:00028e80       _funcstat                  10029e80 f   wjj:lparser.obj
 0001:00028ee0       _exprstat                  10029ee0 f   wjj:lparser.obj
 0001:00028f80       _retstat                   10029f80 f   wjj:lparser.obj
 0001:00029090       _statement                 1002a090 f   wjj:lparser.obj
 0001:00029330       _statlist                  1002a330 f   wjj:lparser.obj
 0001:00029370       _mainfunc                  1002a370 f   wjj:lparser.obj
 0001:000294c0       _error                     1002a4c0 f   wjj:lundump.obj
 0001:000294e0       _LoadBlock                 1002a4e0 f   wjj:lundump.obj
 0001:00029510       _LoadByte                  1002a510 f   wjj:lundump.obj
 0001:00029540       _LoadInt                   1002a540 f   wjj:lundump.obj
 0001:00029570       _LoadNumber                1002a570 f   wjj:lundump.obj
 0001:000295a0       _LoadInteger               1002a5a0 f   wjj:lundump.obj
 0001:000295e0       _LoadString                1002a5e0 f   wjj:lundump.obj
 0001:000296f0       _LoadCode                  1002a6f0 f   wjj:lundump.obj
 0001:00029770       _LoadConstants             1002a770 f   wjj:lundump.obj
 0001:00029940       _LoadProtos                1002a940 f   wjj:lundump.obj
 0001:000299f0       _LoadUpvalues              1002a9f0 f   wjj:lundump.obj
 0001:00029ad0       _LoadDebug                 1002aad0 f   wjj:lundump.obj
 0001:00029c70       _LoadFunction              1002ac70 f   wjj:lundump.obj
 0001:00029d90       _checkliteral              1002ad90 f   wjj:lundump.obj
 0001:00029e40       _fchecksize                1002ae40 f   wjj:lundump.obj
 0001:00029e90       _checkHeader               1002ae90 f   wjj:lundump.obj
 0001:0002a0b0       _tonumeral                 1002b0b0 f   wjj:lcode.obj
 0001:0002a100       _getjump                   1002b100 f   wjj:lcode.obj
 0001:0002a120       _fixjump                   1002b120 f   wjj:lcode.obj
 0001:0002a200       _getjumpcontrol            1002b200 f   wjj:lcode.obj
 0001:0002a220       _patchtestreg              1002b220 f   wjj:lcode.obj
 0001:0002a2a0       _removevalues              1002b2a0 f   wjj:lcode.obj
 0001:0002a330       _patchlistaux              1002b330 f   wjj:lcode.obj
 0001:0002a460       _dischargejpc              1002b460 f   wjj:lcode.obj
 0001:0002a550       _luaK_code                 1002b550 f   wjj:lcode.obj
 0001:0002a650       _codeextraarg              1002b650 f   wjj:lcode.obj
 0001:0002a750       _freereg                   1002b750 f   wjj:lcode.obj
 0001:0002a770       _freeexp                   1002b770 f   wjj:lcode.obj
 0001:0002a790       _freeexps                  1002b790 f   wjj:lcode.obj
 0001:0002a800       _addk                      1002b800 f   wjj:lcode.obj
 0001:0002a9a0       _luaK_numberK              1002b9a0 f   wjj:lcode.obj
 0001:0002a9d0       _boolK                     1002b9d0 f   wjj:lcode.obj
 0001:0002a9f0       _nilK                      1002b9f0 f   wjj:lcode.obj
 0001:0002ac00       _code_loadbool             1002bc00 f   wjj:lcode.obj
 0001:0002ac30       _need_value                1002bc30 f   wjj:lcode.obj
 0001:0002ac90       _negatecondition           1002bc90 f   wjj:lcode.obj
 0001:0002ace0       _validop                   1002bce0 f   wjj:lcode.obj
 0001:0002ad80       _constfolding              1002bd80 f   wjj:lcode.obj
 0001:0002b080       _condjump                  1002c080 f   wjj:lcode.obj
 0001:0002b0d0       _discharge2reg             1002c0d0 f   wjj:lcode.obj
 0001:0002b230       _discharge2anyreg          1002c230 f   wjj:lcode.obj
 0001:0002b280       _exp2reg                   1002c280 f   wjj:lcode.obj
 0001:0002b810       _jumponcond                1002c810 f   wjj:lcode.obj
 0001:0002ba40       _codenot                   1002ca40 f   wjj:lcode.obj
 0001:0002bb40       _codeunexpval              1002cb40 f   wjj:lcode.obj
 0001:0002bbd0       _codebinexpval             1002cbd0 f   wjj:lcode.obj
 0001:0002bc30       _codecomp                  1002cc30 f   wjj:lcode.obj
 0001:0002c10a       _cmpResult                 1002d10a f   LIBCMT:memcmp.obj
 0001:0002c11a       _cmpBYTE                   1002d11a f   LIBCMT:memcmp.obj
 0001:0002c130       _cmpWORD                   1002d130 f   LIBCMT:memcmp.obj
 0001:0002c16c       _cmpDWORD                  1002d16c f   LIBCMT:memcmp.obj
 0001:0002c1dc       _unaligned_memcmp          1002d1dc f   LIBCMT:memcmp.obj
 0001:000305ef       ?_store_str@@YAXPADPAPADPAI@Z 100315ef f   LIBCMT:strftime.obj
 0001:0003060f       ?_store_number@@YAXHPAPADPAI@Z 1003160f f   LIBCMT:strftime.obj
 0001:00030645       ?_store_num@@YAXHHPAPADPAII@Z 10031645 f   LIBCMT:strftime.obj
 0001:000306c0       ?_expandtime@@YAHPAUlocaleinfo_struct@@DPBUtm@@PAPADPAIPAU__lc_time_data@@I@Z 100316c0 f   LIBCMT:strftime.obj
 0001:00030a78       ?_store_winword@@YAHPAUlocaleinfo_struct@@HPBUtm@@PAPADPAIPAU__lc_time_data@@@Z 10031a78 f   LIBCMT:strftime.obj
 0001:000321e0       ___DllMainCRTStartup       100331e0 f   LIBCMT:dllcrt0.obj
 0001:00032b76       _flsall                    10033b76 f   LIBCMT:fflush.obj
 0001:00034f60       __make__time64_t           10035f60 f   LIBCMT:mktime64.obj
 0001:0003536f       _init_namebuf              1003636f f   LIBCMT:tmpfile.obj
 0001:00035419       _genfname                  10036419 f   LIBCMT:tmpfile.obj
 0001:000358ff       __getenv_s_helper          100368ff f   LIBCMT:getenv.obj
 0001:0003598a       __dupenv_s_helper          1003698a f   LIBCMT:getenv.obj
 0001:00035cb8       __copytlocinfo_nolock      10036cb8 f   LIBCMT:setlocal.obj
 0001:00035d3c       _sync_legacy_variables_lk  10036d3c f   LIBCMT:setlocal.obj
 0001:000360b4       __setlocale_get_all        100370b4 f   LIBCMT:setlocal.obj
 0001:0003643a       __setlocale_set_cat        1003743a f   LIBCMT:setlocal.obj
 0001:00036774       __setlocale_nolock         10037774 f   LIBCMT:setlocal.obj
 0001:00036c8c       __initterm                 10037c8c f   LIBCMT:crt0dat.obj
 0001:00036dc4       _doexit                    10037dc4 f   LIBCMT:crt0dat.obj
 0001:00036f6c       _idtab                     10037f6c f   LIBCMT:popen.obj
 0001:00037ff3       ?strtoxl@@YAKPAUlocaleinfo_struct@@PBDPAPBDHH@Z 10038ff3 f   LIBCMT:strtol.obj
 0001:000382af       ?strtoxq@@YA_KPAUlocaleinfo_struct@@PBDPAPBDHH@Z 100392af f   LIBCMT:strtoq.obj
 0001:00038741       _write_char                10039741 f   LIBCMT:output.obj
 0001:00038774       _write_multi_char          10039774 f   LIBCMT:output.obj
 0001:0003879a       _write_string              1003979a f   LIBCMT:output.obj
 0001:00039569       _write_char                1003a569 f   LIBCMT:outputp.obj
 0001:0003959c       _write_multi_char          1003a59c f   LIBCMT:outputp.obj
 0001:000395c2       _write_string              1003a5c2 f   LIBCMT:outputp.obj
 0001:0003c07a       __shift                    1003d07a f   LIBCMT:cvt.obj
 0001:0003c0bf       __cftoe2_l                 1003d0bf f   LIBCMT:cvt.obj
 0001:0003c69d       __cftof2_l                 1003d69d f   LIBCMT:cvt.obj
 0001:0003d696       __get_fname                1003e696 f   LIBCMT:_fpexcept_.obj
 0001:0003dd7d       ?CPtoLCID@@YAHH@Z          1003ed7d f   LIBCMT:mbctype.obj
 0001:0003ddac       ?setSBCS@@YAXPAUthreadmbcinfostruct@@@Z 1003edac f   LIBCMT:mbctype.obj
 0001:0003de10       ?setSBUpLow@@YAXPAUthreadmbcinfostruct@@@Z 1003ee10 f   LIBCMT:mbctype.obj
 0001:0003e044       ?getSystemCP@@YAHH@Z       1003f044 f   LIBCMT:mbctype.obj
 0001:0003ed03       ?strncnt@@YAHPBDH@Z        1003fd03 f   LIBCMT:a_map.obj
 0001:0003ed21       ?__crtLCMapStringA_stat@@YAHPAUlocaleinfo_struct@@KKPBDHPADHHH@Z 1003fd21 f   LIBCMT:a_map.obj
 0001:0003f61e       __tzset_nolock             1004061e f   LIBCMT:tzset.obj
 0001:0003f931       _cvtdate                   10040931 f   LIBCMT:tzset.obj
 0001:0003fb28       __isindst_nolock           10040b28 f   LIBCMT:tzset.obj
 0001:00040360       _ValidateLocalCookies      10041360 f   LIBCMT:chandler4.obj
 0001:00041150       __unwind_handler4          10042150 f   LIBCMT:exsup4.obj
 0001:00042018       _ctrlevent_capture@4       10043018 f   LIBCMT:winsig.obj
 0001:000420b4       _siglookup                 100430b4 f   LIBCMT:winsig.obj
 0001:000425d8       _parse_cmdline             100435d8 f   LIBCMT:stdargv.obj
 0001:00042910       _xcptlookup                10043910 f   LIBCMT:winxfltr.obj
 0001:00043a10       __unwind_handler           10044a10 f   LIBCMT:exsup.obj
 0001:00043b72       ?strncnt@@YAHPBDH@Z        10044b72 f   LIBCMT:a_cmp.obj
 0001:00043b90       ?__crtCompareStringA_stat@@YAHPAUlocaleinfo_struct@@KKPBDH1HH@Z 10044b90 f   LIBCMT:a_cmp.obj
 0001:00045aac       _comexecmd                 10046aac f   LIBCMT:spawnve.obj
 0001:00045e0b       _xtoa_s@20                 10046e0b f   LIBCMT:xtoas.obj
 0001:00045f30       @x64toa_s@24               10046f30 f   LIBCMT:xtoas.obj
 0001:00046232       __tsopen_nolock            10047232 f   LIBCMT:open.obj
 0001:00046d45       __get_lc_time              10047d45 f   LIBCMT:inittime.obj
 0001:00047938       _fix_grouping              10048938 f   LIBCMT:initnum.obj
 0001:00047bc1       _fix_grouping              10048bc1 f   LIBCMT:initmon.obj
 0001:00048506       _TranslateName             10049506 f   LIBCMT:getqloc.obj
 0001:00048568       _GetLcidFromDefault        10049568 f   LIBCMT:getqloc.obj
 0001:0004857c       _ProcessCodePage           1004957c f   LIBCMT:getqloc.obj
 0001:00048600       _TestDefaultCountry        10049600 f   LIBCMT:getqloc.obj
 0001:00048625       _LcidFromHexString         10049625 f   LIBCMT:getqloc.obj
 0001:00048656       _GetPrimaryLen             10049656 f   LIBCMT:getqloc.obj
 0001:00048671       _CountryEnumProc@4         10049671 f   LIBCMT:getqloc.obj
 0001:00048718       _TestDefaultLanguage       10049718 f   LIBCMT:getqloc.obj
 0001:00048773       _LangCountryEnumProc@4     10049773 f   LIBCMT:getqloc.obj
 0001:00048944       _LanguageEnumProc@4        10049944 f   LIBCMT:getqloc.obj
 0001:00048a04       _GetLcidFromCountry        10049a04 f   LIBCMT:getqloc.obj
 0001:00048a30       _GetLcidFromLangCountry    10049a30 f   LIBCMT:getqloc.obj
 0001:00048a97       _GetLcidFromLanguage       10049a97 f   LIBCMT:getqloc.obj
 0001:00048cc4       ?__crtGetStringTypeA_stat@@YAHPAUlocaleinfo_struct@@KPBDHPAGHHH@Z 10049cc4 f   LIBCMT:a_str.obj
 0001:00048f7f       __onexit_nolock            10049f7f f   LIBCMT:onexit.obj
 0001:00049d52       _write_char                1004ad52 f   LIBCMT:outputs.obj
 0001:00049d85       _write_multi_char          1004ad85 f   LIBCMT:outputs.obj
 0001:00049dab       _write_string              1004adab f   LIBCMT:outputs.obj
 0001:0004c2cd       ?__crtGetLocaleInfoA_stat@@YAHPAUlocaleinfo_struct@@KKPADH@Z 1004d2cd f   LIBCMT:a_loc.obj
 0001:0004c3e1       ?x_ismbbtype_l@@YAHPAUlocaleinfo_struct@@IHH@Z 1004d3e1 f   LIBCMT:ismbbyte.obj
 0001:0004f377       _findenv                   10050377 f   LIBCMT:setenv.obj
 0001:0004f3c9       _copy_environ              100503c9 f   LIBCMT:setenv.obj
 0001:000502df       __abstract_cw              100512df f   LIBCMT:_ieee87_.obj
 0001:0005037e       __hw_cw                    1005137e f   LIBCMT:_ieee87_.obj
 0001:0005040c       __abstract_sw              1005140c f   LIBCMT:_ieee87_.obj
 0001:0005044f       ___abstract_cw_sse2        1005144f f   LIBCMT:_ieee87_.obj
 0001:000504ef       ___hw_cw_sse2              100514ef f   LIBCMT:_ieee87_.obj
 0001:0005058f       ___abstract_sw_sse2        1005158f f   LIBCMT:_ieee87_.obj
 0001:000505d2       ___fpreset_sse2            100515d2 f   LIBCMT:_ieee87_.obj
 0001:000506a8       ___statusfp_sse2           100516a8 f   LIBCMT:_ieee87_.obj
 0001:000506e3       ___clearfp_sse2            100516e3 f   LIBCMT:_ieee87_.obj
 0001:00050733       ___control87_sse2          10051733 f   LIBCMT:_ieee87_.obj
