 culmis_tool

 Timestamp is 5a67fab5 (Wed Jan 24 11:17:09 2018)

 Preferred load address is 00400000

 Start         Length     Name                   Class
 0001:00000000 00024b76H .text                   CODE
 0002:00000000 000001b4H .idata$5                DATA
 0002:000001b4 00000004H .CRT$XCA                DATA
 0002:000001b8 00000004H .CRT$XCZ                DATA
 0002:000001bc 00000004H .CRT$XIA                DATA
 0002:000001c0 00000014H .CRT$XIC                DATA
 0002:000001d4 00000004H .CRT$XIY                DATA
 0002:000001d8 00000004H .CRT$XIZ                DATA
 0002:000001dc 00000004H .CRT$XPA                DATA
 0002:000001e0 00000004H .CRT$XPX                DATA
 0002:000001e4 00000004H .CRT$XPXA               DATA
 0002:000001e8 00000004H .CRT$XPZ                DATA
 0002:000001ec 00000004H .CRT$XTA                DATA
 0002:000001f0 00000004H .CRT$XTZ                DATA
 0002:00000200 00005e30H .rdata                  DATA
 0002:00006030 00000052H .rdata$debug            DATA
 0002:00006090 0000000cH .rdata$sxdata           DATA
 0002:0000609c 00000004H .rtc$IAA                DATA
 0002:000060a0 00000004H .rtc$IZZ                DATA
 0002:000060a4 00000004H .rtc$TAA                DATA
 0002:000060a8 00000004H .rtc$TZZ                DATA
 0002:000060b0 000006c4H .xdata$x                DATA
 0002:00006774 00000050H .idata$2                DATA
 0002:000067c4 00000014H .idata$3                DATA
 0002:000067d8 000001b4H .idata$4                DATA
 0002:0000698c 0000079cH .idata$6                DATA
 0002:00007128 00000000H .edata                  DATA
 0003:00000000 00002170H .data                   DATA
 0003:00002180 00006bf4H .bss                    DATA
 0004:00000000 000001a8H .rsrc$01                DATA
 0004:000001b0 00003788H .rsrc$02                DATA

  Address         Publics by Value              Rva+Base       Lib:Object

 0000:00000000       __except_list              00000000     <absolute>
 0000:00000003       ___safe_se_handler_count   00000003     <absolute>
 0000:00000000       ___ImageBase               00400000     <linker-defined>
 0001:00000000       _cul_load_dll              00401000 f   culmis_tools.obj
 0001:000000e0       _cul_free_dll              004010e0 f   culmis_tools.obj
 0001:00000100       _cul_req_send              00401100 f   culmis_tools.obj
 0001:000001b0       _cul_open_file_dlg         004011b0 f   culmis_tools.obj
 0001:00000240       _cul_set_json_req_text     00401240 f   culmis_tools.obj
 0001:00000790       _cul_set_xml_req_text      00401790 f   culmis_tools.obj
 0001:00000ce0       _cul_set_cstruct_req_text  00401ce0 f   culmis_tools.obj
 0001:00001130       _cul_set_req_text          00402130 f   culmis_tools.obj
 0001:00001190       _Main_Proc@16              00402190 f   culmis_tools.obj
 0001:00001240       _Main_OnInitDialog         00402240 f   culmis_tools.obj
 0001:00001350       _Main_OnCommand            00402350 f   culmis_tools.obj
 0001:000017a0       _Main_OnDropFiles          004027a0 f   culmis_tools.obj
 0001:00001850       _Main_OnClose              00402850 f   culmis_tools.obj
 0001:00001880       _WinMain@16                00402880 f   culmis_main.obj
 0001:000018a0       _cJSON_GetErrorPtr         004028a0 f   cul_json.obj
 0001:000018b0       _cJSON_InitHooks           004028b0 f   cul_json.obj
 0001:00001920       _cJSON_Delete              00402920 f   cul_json.obj
 0001:000019d0       _cJSON_ParseWithOpts       004029d0 f   cul_json.obj
 0001:00001ae0       _cJSON_Parse               00402ae0 f   cul_json.obj
 0001:00001b00       _cJSON_Print               00402b00 f   cul_json.obj
 0001:00001b20       _cJSON_PrintUnformatted    00402b20 f   cul_json.obj
 0001:00001b40       _cJSON_PrintBuffered       00402b40 f   cul_json.obj
 0001:00003e40       _cJSON_GetArraySize        00404e40 f   cul_json.obj
 0001:00003e80       _cJSON_GetArrayItem        00404e80 f   cul_json.obj
 0001:00003ec0       _cJSON_GetObjectItem       00404ec0 f   cul_json.obj
 0001:00003fa0       _cJSON_AddItemToArray      00404fa0 f   cul_json.obj
 0001:00004020       _cJSON_AddItemToObject     00405020 f   cul_json.obj
 0001:00004070       _cJSON_AddItemToObjectCS   00405070 f   cul_json.obj
 0001:000040d0       _cJSON_AddItemReferenceToArray 004050d0 f   cul_json.obj
 0001:00004150       _cJSON_AddItemReferenceToObject 00405150 f   cul_json.obj
 0001:00004180       _cJSON_DetachItemFromArray 00405180 f   cul_json.obj
 0001:00004220       _cJSON_DeleteItemFromArray 00405220 f   cul_json.obj
 0001:00004240       _cJSON_DetachItemFromObject 00405240 f   cul_json.obj
 0001:000042b0       _cJSON_DeleteItemFromObject 004052b0 f   cul_json.obj
 0001:000042d0       _cJSON_InsertItemInArray   004052d0 f   cul_json.obj
 0001:00004360       _cJSON_ReplaceItemInArray  00405360 f   cul_json.obj
 0001:00004410       _cJSON_ReplaceItemInObject 00405410 f   cul_json.obj
 0001:00004490       _cJSON_CreateNull          00405490 f   cul_json.obj
 0001:000044c0       _cJSON_CreateTrue          004054c0 f   cul_json.obj
 0001:000044f0       _cJSON_CreateFalse         004054f0 f   cul_json.obj
 0001:00004520       _cJSON_CreateBool          00405520 f   cul_json.obj
 0001:00004550       _cJSON_CreateNumber        00405550 f   cul_json.obj
 0001:00004590       _cJSON_CreateString        00405590 f   cul_json.obj
 0001:000045d0       _cJSON_CreateArray         004055d0 f   cul_json.obj
 0001:00004600       _cJSON_CreateObject        00405600 f   cul_json.obj
 0001:00004630       _cJSON_CreateIntArray      00405630 f   cul_json.obj
 0001:000046c0       _cJSON_CreateFloatArray    004056c0 f   cul_json.obj
 0001:00004750       _cJSON_CreateDoubleArray   00405750 f   cul_json.obj
 0001:000047e0       _cJSON_CreateStringArray   004057e0 f   cul_json.obj
 0001:00004870       _cJSON_Duplicate           00405870 f   cul_json.obj
 0001:000049c0       _cJSON_Minify              004059c0 f   cul_json.obj
 0001:00004ba0       _get_current_yyyymmdd      00405ba0 f   cul_log.obj
 0001:00004c40       _get_current_time          00405c40 f   cul_log.obj
 0001:00004ca0       _cul_log_init              00405ca0 f   cul_log.obj
 0001:00004d30       _cul_log_exit              00405d30 f   cul_log.obj
 0001:00004db0       _cul_log_debug_string      00405db0 f   cul_log.obj
 0001:00004eb0       _cul_log_string            00405eb0 f   cul_log.obj
 0001:0000578e       _MessageBoxA@16            0040678e f   user32:USER32.dll
 0001:00005794       _GetWindowTextA@12         00406794 f   user32:USER32.dll
 0001:0000579a       _GetDlgItem@8              0040679a f   user32:USER32.dll
 0001:000057a0       _SetWindowTextA@8          004067a0 f   user32:USER32.dll
 0001:000057a6       _SendMessageA@16           004067a6 f   user32:USER32.dll
 0001:000057ac       _LoadIconA@8               004067ac f   user32:USER32.dll
 0001:000057b2       _GetWindowLongA@8          004067b2 f   user32:USER32.dll
 0001:000057b8       _EndDialog@8               004067b8 f   user32:USER32.dll
 0001:000057be       _CheckMenuItem@12          004067be f   user32:USER32.dll
 0001:000057c4       _GetMenu@4                 004067c4 f   user32:USER32.dll
 0001:000057ca       _InvalidateRect@12         004067ca f   user32:USER32.dll
 0001:000057d0       _DialogBoxParamA@20        004067d0 f   user32:USER32.dll
 0001:000057d6       _DragAcceptFiles@8         004067d6 f   shell32:SHELL32.dll
 0001:000057dc       _DragFinish@4              004067dc f   shell32:SHELL32.dll
 0001:000057e2       _DragQueryFileA@16         004067e2 f   shell32:SHELL32.dll
 0001:000057e8       _GetOpenFileNameA@4        004067e8 f   comdlg32:COMDLG32.dll
 0001:000057ee       @__security_check_cookie@4 004067ee f   LIBCMT:secchk.obj
 0001:00005800       _memset                    00406800 f   LIBCMT:memset.obj
 0001:00005880       _memcpy                    00406880 f   LIBCMT:memcpy.obj
 0001:00005bf0       _strcpy                    00406bf0 f   LIBCMT:strcat.obj
 0001:00005c00       _strcat                    00406c00 f   LIBCMT:strcat.obj
 0001:00005cf0       _strrchr                   00406cf0 f   LIBCMT:strrchr.obj
 0001:00005d1d       _free                      00406d1d f   LIBCMT:free.obj
 0001:00005d57       __heap_alloc               00406d57 f i LIBCMT:malloc.obj
 0001:00005d96       _malloc                    00406d96 f   LIBCMT:malloc.obj
 0001:00005e2a       _strncmp                   00406e2a f   LIBCMT:strncmp.obj
 0001:00005ef0       _pow                       00406ef0 f   LIBCMT:_pow_.obj
 0001:00005f30       __CIpow                    00406f30 f   LIBCMT:_pow_.obj
 0001:00005f6b       __CIpow_default            00406f6b f   LIBCMT:_pow_.obj
 0001:00005f84       __pow_default              00406f84     LIBCMT:_pow_.obj
 0001:0000617a       __cfltcvt_init             0040717a f   LIBCMT:_fpinit_.obj
 0001:000061da       ___setfflag                004071da f   LIBCMT:_fpinit_.obj
 0001:000061ef       __fpmath                   004071ef f   LIBCMT:_fpinit_.obj
 0001:00006210       __ftol2_sse                00407210 f   LIBCMT:ftol2.obj
 0001:00006219       __ftol2_pentium4           00407219 f   LIBCMT:ftol2.obj
 0001:0000622c       __ftol2_sse_excpt          0040722c f   LIBCMT:ftol2.obj
 0001:00006246       __ftol2                    00407246 f   LIBCMT:ftol2.obj
 0001:000062c0       _strlen                    004072c0 f   LIBCMT:strlen.obj
 0001:00006350       _floor                     00407350 f   LIBCMT:_floor_pentium4_.obj
 0001:00006390       __floor_pentium4           00407390 f   LIBCMT:_floor_pentium4_.obj
 0001:00006471       _sprintf                   00407471 f   LIBCMT:sprintf.obj
 0001:000064f5       __sprintf_l                004074f5 f   LIBCMT:sprintf.obj
 0001:00006511       _sprintf_s                 00407511 f   LIBCMT:sprintf.obj
 0001:0000652f       __sprintf_s_l              0040752f f   LIBCMT:sprintf.obj
 0001:0000654e       __snprintf_s               0040754e f   LIBCMT:sprintf.obj
 0001:0000656f       __snprintf_s_l             0040756f f   LIBCMT:sprintf.obj
 0001:00006591       __sprintf_p                00407591 f   LIBCMT:sprintf.obj
 0001:000065af       __sprintf_p_l              004075af f   LIBCMT:sprintf.obj
 0001:000065ce       __scprintf                 004075ce f   LIBCMT:sprintf.obj
 0001:000065e3       __scprintf_p               004075e3 f   LIBCMT:sprintf.obj
 0001:000065f8       __scprintf_l               004075f8 f   LIBCMT:sprintf.obj
 0001:00006611       __scprintf_p_l             00407611 f   LIBCMT:sprintf.obj
 0001:0000662a       _fabs                      0040762a f   LIBCMT:_fabs_.obj
 0001:00006700       _strchr                    00407700 f   LIBCMT:strchr.obj
 0001:00006706       ___from_strstr_to_strchr   00407706     LIBCMT:strchr.obj
 0001:000067be       ??0_LocaleUpdate@@QAE@PAUlocaleinfo_struct@@@Z 004077be f i LIBCMT:tolower.obj
 0001:00006845       ??1_LocaleUpdate@@QAE@XZ   00407845 f i LIBCMT:tolower.obj
 0001:00006853       ?GetLocaleT@_LocaleUpdate@@QAEPAUlocaleinfo_struct@@XZ 00407853 f i LIBCMT:tolower.obj
 0001:00006856       __tolower                  00407856 f   LIBCMT:tolower.obj
 0001:00006863       __tolower_l                00407863 f   LIBCMT:tolower.obj
 0001:00006978       _tolower                   00407978 f   LIBCMT:tolower.obj
 0001:000069a4       __invoke_watson_if_error   004079a4 f i LIBCMT:strftime.obj
 0001:000069c5       __MarkAllocaS              004079c5 f i LIBCMT:strftime.obj
 0001:000069db       __freea                    004079db f i LIBCMT:strftime.obj
 0001:000069fb       __Getdays_l                004079fb f   LIBCMT:strftime.obj
 0001:00006ae3       __Getdays                  00407ae3 f   LIBCMT:strftime.obj
 0001:00006aec       __Getmonths_l              00407aec f   LIBCMT:strftime.obj
 0001:00006bdc       __Getmonths                00407bdc f   LIBCMT:strftime.obj
 0001:00006be5       __Gettnames_l              00407be5 f   LIBCMT:strftime.obj
 0001:00006ecf       __Gettnames                00407ecf f   LIBCMT:strftime.obj
 0001:000077bb       __Strftime_l               004087bb f   LIBCMT:strftime.obj
 0001:00007947       __strftime_l               00408947 f   LIBCMT:strftime.obj
 0001:00007967       _strftime                  00408967 f   LIBCMT:strftime.obj
 0001:00007986       __Strftime                 00408986 f   LIBCMT:strftime.obj
 0001:000079a6       __localtime64_s            004089a6 f   LIBCMT:loctim64.obj
 0001:00007c2e       __localtime64              00408c2e f   LIBCMT:loctim64.obj
 0001:00007c55       __time64                   00408c55 f   LIBCMT:time64.obj
 0001:00007ca6       __mkdir                    00408ca6 f   LIBCMT:mkdir.obj
 0001:00007cd8       __fclose_nolock            00408cd8 f   LIBCMT:fclose.obj
 0001:00007d45       _fclose                    00408d45 f   LIBCMT:fclose.obj
 0001:00007db9       __fwrite_nolock            00408db9 f   LIBCMT:fwrite.obj
 0001:00007f10       _fwrite                    00408f10 f   LIBCMT:fwrite.obj
 0001:00007f8a       __fsopen                   00408f8a f   LIBCMT:fopen.obj
 0001:00008046       _fopen                     00409046 f   LIBCMT:fopen.obj
 0001:0000805d       _fopen_s                   0040905d f   LIBCMT:fopen.obj
 0001:000080a4       __vsprintf_l               004090a4 f   LIBCMT:vsprintf.obj
 0001:00008128       _vsprintf                  00409128 f   LIBCMT:vsprintf.obj
 0001:00008142       __vscprintf_helper         00409142 f   LIBCMT:vsprintf.obj
 0001:0000819e       __vscprintf                0040919e f   LIBCMT:vsprintf.obj
 0001:000081ba       __vscprintf_l              004091ba f   LIBCMT:vsprintf.obj
 0001:000081d7       __vscprintf_p              004091d7 f   LIBCMT:vsprintf.obj
 0001:000081f3       __vscprintf_p_l            004091f3 f   LIBCMT:vsprintf.obj
 0001:00008210       __chkstk                   00409210 f   LIBCMT:chkstk.obj
 0001:00008210       __alloca_probe             00409210     LIBCMT:chkstk.obj
 0001:0000823b       _atol                      0040923b f   LIBCMT:atox.obj
 0001:00008251       __atol_l                   00409251 f   LIBCMT:atox.obj
 0001:0000826a       _atoi                      0040926a f   LIBCMT:atox.obj
 0001:00008275       __atoi_l                   00409275 f   LIBCMT:atox.obj
 0001:00008280       __atoi64                   00409280 f   LIBCMT:atox.obj
 0001:00008296       __atoi64_l                 00409296 f   LIBCMT:atox.obj
 0001:000097c9       _memcmp                    0040a7c9 f   LIBCMT:memcmp.obj
 0001:0000ad1d       __ftell_nolock             0040bd1d f   LIBCMT:ftell.obj
 0001:0000aeb1       _ftell                     0040beb1 f   LIBCMT:ftell.obj
 0001:0000af16       __fseek_nolock             0040bf16 f   LIBCMT:fseek.obj
 0001:0000afa0       _fseek                     0040bfa0 f   LIBCMT:fseek.obj
 0001:0000b01c       _remove                    0040c01c f   LIBCMT:unlink.obj
 0001:0000b04c       __unlink                   0040c04c f   LIBCMT:unlink.obj
 0001:0000b057       __fread_nolock_s           0040c057 f   LIBCMT:fread.obj
 0001:0000b213       __fread_nolock             0040c213 f   LIBCMT:fread.obj
 0001:0000b230       _fread_s                   0040c230 f   LIBCMT:fread.obj
 0001:0000b2be       _fread                     0040c2be f   LIBCMT:fread.obj
 0001:0000b4b8       _WinMainCRTStartup         0040c4b8 f   LIBCMT:wincrt0.obj
 0001:0000b4c2       ___report_gsfailure        0040c4c2 f   LIBCMT:gs_report.obj
 0001:0000b5c8       __VEC_memzero              0040c5c8 f   LIBCMT:p4_memset.obj
 0001:0000b682       ___sse2_available_init     0040c682 f   LIBCMT:cpu_disp.obj
 0001:0000b692       __VEC_memcpy               0040c692 f   LIBCMT:p4_memcpy.obj
 0001:0000b795       __get_errno_from_oserr     0040c795 f   LIBCMT:dosmap.obj
 0001:0000b7d7       __errno                    0040c7d7 f   LIBCMT:dosmap.obj
 0001:0000b7ea       ___doserrno                0040c7ea f   LIBCMT:dosmap.obj
 0001:0000b7fd       __dosmaperr                0040c7fd f   LIBCMT:dosmap.obj
 0001:0000b820       __set_errno                0040c820 f   LIBCMT:dosmap.obj
 0001:0000b841       __get_errno                0040c841 f   LIBCMT:dosmap.obj
 0001:0000b866       __set_doserrno             0040c866 f   LIBCMT:dosmap.obj
 0001:0000b887       __get_doserrno             0040c887 f   LIBCMT:dosmap.obj
 0001:0000b8ac       __heap_init                0040c8ac f   LIBCMT:heapinit.obj
 0001:0000b8ca       __heap_term                0040c8ca f   LIBCMT:heapinit.obj
 0001:0000b8de       __get_heap_handle          0040c8de f   LIBCMT:heapinit.obj
 0001:0000b8e4       ___crtCorExitProcess       0040c8e4 f   LIBCMT:crt0dat.obj
 0001:0000b90f       ___crtExitProcess          0040c90f f   LIBCMT:crt0dat.obj
 0001:0000b927       __lockexit                 0040c927 f   LIBCMT:crt0dat.obj
 0001:0000b930       __unlockexit               0040c930 f   LIBCMT:crt0dat.obj
 0001:0000b939       __init_pointers            0040c939 f   LIBCMT:crt0dat.obj
 0001:0000b989       __initterm_e               0040c989 f   LIBCMT:crt0dat.obj
 0001:0000b9ad       __get_wpgmptr              0040c9ad f   LIBCMT:crt0dat.obj
 0001:0000b9dd       __get_pgmptr               0040c9dd f   LIBCMT:crt0dat.obj
 0001:0000ba0d       __cinit                    0040ca0d f   LIBCMT:crt0dat.obj
 0001:0000bbe4       _exit                      0040cbe4 f   LIBCMT:crt0dat.obj
 0001:0000bbfa       __exit                     0040cbfa f   LIBCMT:crt0dat.obj
 0001:0000bc10       __cexit                    0040cc10 f   LIBCMT:crt0dat.obj
 0001:0000bc1f       __c_exit                   0040cc1f f   LIBCMT:crt0dat.obj
 0001:0000bc2e       __amsg_exit                0040cc2e f   LIBCMT:crt0dat.obj
 0001:0000bc4c       __GET_RTERRMSG             0040cc4c f   LIBCMT:crt0msg.obj
 0001:0000bc72       __NMSG_WRITE               0040cc72 f   LIBCMT:crt0msg.obj
 0001:0000be21       __FF_MSGBANNER             0040ce21 f   LIBCMT:crt0msg.obj
 0001:0000be5a       __initp_heap_handler       0040ce5a f   LIBCMT:handler.obj
 0001:0000be69       ?_set_new_handler@@YAP6AHI@ZP6AHI@Z@Z 0040ce69 f   LIBCMT:handler.obj
 0001:0000bea0       ?_set_new_handler@@YAP6AHI@ZH@Z 0040cea0 f   LIBCMT:handler.obj
 0001:0000bea9       ?_query_new_handler@@YAP6AHI@ZXZ 0040cea9 f   LIBCMT:handler.obj
 0001:0000beb6       __callnewh                 0040ceb6 f   LIBCMT:handler.obj
 0001:0000bede       __set_SSE2_enable          0040cede f   LIBCMT:_mathfcns_.obj
 0001:0000bef7       __sse2_mathfcns_init       0040cef7 f   LIBCMT:_mathfcns_.obj
 0001:0000bf10       __CIpow_pentium4           0040cf10 f   LIBCMT:_pow_pentium4_.obj
 0001:0000bf29       __pow_pentium4             0040cf29     LIBCMT:_pow_pentium4_.obj
 0001:0000ca81       __fFEXP                    0040da81     LIBCMT:_87tran_.obj
 0001:0000cad8       __rtinfpopse               0040dad8     LIBCMT:_87tran_.obj
 0001:0000cada       __rtinfnpopse              0040dada     LIBCMT:_87tran_.obj
 0001:0000caea       __fFLN                     0040daea     LIBCMT:_87tran_.obj
 0001:0000cb9f       __rtinfpop                 0040db9f     LIBCMT:_87tran_.obj
 0001:0000cba1       __rtinfnpop                0040dba1     LIBCMT:_87tran_.obj
 0001:0000cbbe       __ffexpm1                  0040dbbe     LIBCMT:_87tran_.obj
 0001:0000cc70       __trandisp1                0040dc70 f   LIBCMT:_87disp_.obj
 0001:0000ccd7       __trandisp2                0040dcd7 f   LIBCMT:_87disp_.obj
 0001:0000cd63       __rttospopde               0040dd63     LIBCMT:_87disp_.obj
 0001:0000cd68       __rttospop                 0040dd68     LIBCMT:_87disp_.obj
 0001:0000cd6a       __rtnospop                 0040dd6a     LIBCMT:_87disp_.obj
 0001:0000cd6c       __rttosnpop                0040dd6c     LIBCMT:_87disp_.obj
 0001:0000cd6d       __rtnospopde               0040dd6d     LIBCMT:_87disp_.obj
 0001:0000cd74       __rtzeropop                0040dd74     LIBCMT:_87disp_.obj
 0001:0000cd76       __rtzeronpop               0040dd76     LIBCMT:_87disp_.obj
 0001:0000cd7b       __rtonepop                 0040dd7b     LIBCMT:_87disp_.obj
 0001:0000cd7d       __rtonenpop                0040dd7d     LIBCMT:_87disp_.obj
 0001:0000cd82       __tosnan1                  0040dd82     LIBCMT:_87disp_.obj
 0001:0000cdad       __nosnan2                  0040ddad     LIBCMT:_87disp_.obj
 0001:0000cdaf       __tosnan2                  0040ddaf     LIBCMT:_87disp_.obj
 0001:0000cdd7       __nan2                     0040ddd7     LIBCMT:_87disp_.obj
 0001:0000ce16       __rtindfpop                0040de16     LIBCMT:_87disp_.obj
 0001:0000ce18       __rtindfnpop               0040de18     LIBCMT:_87disp_.obj
 0001:0000ce29       __rttosnpopde              0040de29     LIBCMT:_87disp_.obj
 0001:0000ce33       __rtchsifneg               0040de33     LIBCMT:_87disp_.obj
 0001:0000ce40       __startTwoArgErrorHandling 0040de40 f   LIBCMT:_genexcep_.obj
 0001:0000ce57       __startOneArgErrorHandling 0040de57 f   LIBCMT:_genexcep_.obj
 0001:0000ceb0       __twoToTOS                 0040deb0 f   LIBCMT:_common_.obj
 0001:0000cec5       __load_CW                  0040dec5 f   LIBCMT:_common_.obj
 0001:0000cedc       __convertTOStoQNaN         0040dedc f   LIBCMT:_common_.obj
 0001:0000cef5       __fload_withFB             0040def5 f   LIBCMT:_common_.obj
 0001:0000cf38       __checkTOS_withFB          0040df38 f   LIBCMT:_common_.obj
 0001:0000cf4e       __fast_exit                0040df4e f   LIBCMT:_common_.obj
 0001:0000cf5b       __math_exit                0040df5b f   LIBCMT:_common_.obj
 0001:0000cf85       __check_overflow_exit      0040df85 f   LIBCMT:_common_.obj
 0001:0000cf99       __check_range_exit         0040df99 f   LIBCMT:_common_.obj
 0001:0000d03c       __d_inttype                0040e03c f   LIBCMT:_powhlp_.obj
 0001:0000d0a6       __powhlp                   0040e0a6 f   LIBCMT:_powhlp_.obj
 0001:0000d1d1       ?strrchr@@YAPADPADH@Z      0040e1d1 f i LIBCMT:cvt.obj
 0001:0000d1dc       __forcdecpt_l              0040e1dc f   LIBCMT:cvt.obj
 0001:0000d250       __cropzeros_l              0040e250 f   LIBCMT:cvt.obj
 0001:0000d2d2       __positive                 0040e2d2 f   LIBCMT:cvt.obj
 0001:0000d2ee       __fassign_l                0040e2ee f   LIBCMT:cvt.obj
 0001:0000d330       __fassign                  0040e330 f   LIBCMT:cvt.obj
 0001:0000d369       __forcdecpt                0040e369 f   LIBCMT:cvt.obj
 0001:0000d37c       __cropzeros                0040e37c f   LIBCMT:cvt.obj
 0001:0000d4f0       __cftoe_l                  0040e4f0 f   LIBCMT:cvt.obj
 0001:0000d5b7       __cftoe                    0040e5b7 f   LIBCMT:cvt.obj
 0001:0000d5d7       __cftoa_l                  0040e5d7 f   LIBCMT:cvt.obj
 0001:0000d94d       __cftoa                    0040e94d f   LIBCMT:cvt.obj
 0001:0000da70       __cftof_l                  0040ea70 f   LIBCMT:cvt.obj
 0001:0000db31       __cftof                    0040eb31 f   LIBCMT:cvt.obj
 0001:0000db4e       __cftog_l                  0040eb4e f   LIBCMT:cvt.obj
 0001:0000dc3b       __cftog                    0040ec3b f   LIBCMT:cvt.obj
 0001:0000dc5b       __cfltcvt_l                0040ec5b f   LIBCMT:cvt.obj
 0001:0000dce3       __cfltcvt                  0040ece3 f   LIBCMT:cvt.obj
 0001:0000dd06       __initp_misc_cfltcvt_tab   0040ed06 f   LIBCMT:cmiscdat.obj
 0001:0000dd29       __setdefaultprecision      0040ed29 f   LIBCMT:fp8.obj
 0001:0000dd51       ___libm_setusermatherr     0040ed51 f   LIBCMT:_libm_error_.obj
 0001:0000dd7f       ___libm_error_support      0040ed7f f   LIBCMT:_libm_error_.obj
 0001:0000e04b       __floor_default            0040f04b f   LIBCMT:_floor_.obj
 0001:0000e123       __flsbuf                   0040f123 f   LIBCMT:_flsbuf.obj
 0001:0000e342       _get_int_arg               0040f342 f i LIBCMT:output.obj
 0001:0000e354       _get_int64_arg             0040f354 f i LIBCMT:output.obj
 0001:0000e369       _get_short_arg             0040f369 f i LIBCMT:output.obj
 0001:0000e37c       __output_l                 0040f37c f   LIBCMT:output.obj
 0001:0000ef84       __initp_misc_invarg        0040ff84 f   LIBCMT:invarg.obj
 0001:0000ef93       __call_reportfault         0040ff93 f   LIBCMT:invarg.obj
 0001:0000f0bc       __set_invalid_parameter_handler 004100bc f   LIBCMT:invarg.obj
 0001:0000f0e3       __get_invalid_parameter_handler 004100e3 f   LIBCMT:invarg.obj
 0001:0000f0f0       __invoke_watson            004100f0 f   LIBCMT:invarg.obj
 0001:0000f115       ?_invoke_watson@@YAXPBG00II@Z 00410115 f   LIBCMT:invarg.obj
 0001:0000f12f       __invalid_parameter        0041012f f   LIBCMT:invarg.obj
 0001:0000f15c       __invalid_parameter_noinfo 0041015c f   LIBCMT:invarg.obj
 0001:0000f16c       __invalid_parameter_noinfo_noreturn 0041016c f   LIBCMT:invarg.obj
 0001:0000f19a       ?_invalid_parameter@@YAXPBG00II@Z 0041019a f   LIBCMT:invarg.obj
 0001:0000f1a5       __vsnprintf_helper         004101a5 f   LIBCMT:vsnprnc.obj
 0001:0000f26f       __vsnprintf_c              0041026f f   LIBCMT:vsnprnc.obj
 0001:0000f298       __vsnprintf_c_l            00410298 f   LIBCMT:vsnprnc.obj
 0001:0000f2c2       __vsprintf_s_l             004102c2 f   LIBCMT:vsnprnc.obj
 0001:0000f339       _vsprintf_s                00410339 f   LIBCMT:vsnprnc.obj
 0001:0000f356       __vsnprintf_s_l            00410356 f   LIBCMT:vsnprnc.obj
 0001:0000f442       __vsnprintf_s              00410442 f   LIBCMT:vsnprnc.obj
 0001:0000f462       __vsprintf_p               00410462 f   LIBCMT:vsnprnc.obj
 0001:0000f48b       __vsprintf_p_l             0041048b f   LIBCMT:vsnprnc.obj
 0001:0000f4b5       __raise_exc_ex             004104b5 f   LIBCMT:_fpexcept_.obj
 0001:0000f791       __raise_exc                00410791 f   LIBCMT:_fpexcept_.obj
 0001:0000f7b4       __raise_excf               004107b4 f   LIBCMT:_fpexcept_.obj
 0001:0000f7d7       __handle_exc               004107d7 f   LIBCMT:_fpexcept_.obj
 0001:0000f9bb       __set_errno_from_matherr   004109bb f   LIBCMT:_fpexcept_.obj
 0001:0000fa0e       __errcode                  00410a0e f   LIBCMT:_fpexcept_.obj
 0001:0000fa42       __umatherr                 00410a42 f   LIBCMT:_fpexcept_.obj
 0001:0000fae2       __handle_qnan1             00410ae2 f   LIBCMT:_fpexcept_.obj
 0001:0000fb37       __handle_qnan2             00410b37 f   LIBCMT:_fpexcept_.obj
 0001:0000fb98       __except1                  00410b98 f   LIBCMT:_fpexcept_.obj
 0001:0000fc62       __except2                  00410c62 f   LIBCMT:_fpexcept_.obj
 0001:0000fd3c       __set_exp                  00410d3c f   LIBCMT:_util_.obj
 0001:0000fd69       __get_exp                  00410d69 f   LIBCMT:_util_.obj
 0001:0000fd82       __add_exp                  00410d82 f   LIBCMT:_util_.obj
 0001:0000fdb0       __set_bexp                 00410db0 f   LIBCMT:_util_.obj
 0001:0000fdd8       __sptype                   00410dd8 f   LIBCMT:_util_.obj
 0001:0000fe3e       __decomp                   00410e3e f   LIBCMT:_util_.obj
 0001:0000ff01       __statfp                   00410f01 f   LIBCMT:_fpctrl_.obj
 0001:0000ff11       __clrfp                    00410f11 f   LIBCMT:_fpctrl_.obj
 0001:0000ff22       __ctrlfp                   00410f22 f   LIBCMT:_fpctrl_.obj
 0001:0000ff4d       __set_statfp               00410f4d f   LIBCMT:_fpctrl_.obj
 0001:0000ffa5       ___get_fpsr_sse2           00410fa5 f   LIBCMT:_fpctrl_.obj
 0001:0000ffc3       ___set_fpsr_sse2           00410fc3 f   LIBCMT:_fpctrl_.obj
 0001:00010035       ___fclrf_sse2              00411035 f   LIBCMT:_fpctrl_.obj
 0001:00010052       ___statfp_sse2             00411052 f   LIBCMT:_fpctrl_.obj
 0001:00010065       ___clrfp_sse2              00411065 f   LIBCMT:_fpctrl_.obj
 0001:0001007d       ___ctrlfp_sse2             0041107d f   LIBCMT:_fpctrl_.obj
 0001:000100b4       ___set_statfp_sse2         004110b4 f   LIBCMT:_fpctrl_.obj
 0001:000102f2       ___updatetmbcinfo          004112f2 f   LIBCMT:mbctype.obj
 0001:00010412       __setmbcp_nolock           00411412 f   LIBCMT:mbctype.obj
 0001:000105fb       __getmbcp                  004115fb f   LIBCMT:mbctype.obj
 0001:00010639       __setmbcp                  00411639 f   LIBCMT:mbctype.obj
 0001:000107d3       ___initmbctable            004117d3 f   LIBCMT:mbctype.obj
 0001:000107f1       ___addlocaleref            004117f1 f   LIBCMT:localref.obj
 0001:00010880       ___removelocaleref         00411880 f   LIBCMT:localref.obj
 0001:00010919       ___freetlocinfo            00411919 f   LIBCMT:localref.obj
 0001:00010a64       __updatetlocinfoEx_nolock  00411a64 f   LIBCMT:localref.obj
 0001:00010ab1       ___updatetlocinfo          00411ab1 f   LIBCMT:localref.obj
 0001:00010b2a       __encoded_null             00411b2a f   LIBCMT:tidtable.obj
 0001:00010b33       ___crtTlsAlloc@4           00411b33 f   LIBCMT:tidtable.obj
 0001:00010b3c       ___fls_getvalue@4          00411b3c f   LIBCMT:tidtable.obj
 0001:00010b56       ___get_flsindex            00411b56 f   LIBCMT:tidtable.obj
 0001:00010b5c       ___set_flsgetvalue         00411b5c f   LIBCMT:tidtable.obj
 0001:00010b90       ___fls_setvalue@8          00411b90 f   LIBCMT:tidtable.obj
 0001:00010bad       __mtterm                   00411bad f   LIBCMT:tidtable.obj
 0001:00010bea       __initptd                  00411bea f   LIBCMT:tidtable.obj
 0001:00010c9e       __getptd_noexit            00411c9e f   LIBCMT:tidtable.obj
 0001:00010d17       __getptd                   00411d17 f   LIBCMT:tidtable.obj
 0001:00010d31       __freefls@4                00411d31 f   LIBCMT:tidtable.obj
 0001:00010e60       __freeptd                  00411e60 f   LIBCMT:tidtable.obj
 0001:00010ece       ___threadid                00411ece f   LIBCMT:tidtable.obj
 0001:00010ed4       ___threadhandle            00411ed4 f   LIBCMT:tidtable.obj
 0001:00010edc       __mtinit                   00411edc f   LIBCMT:tidtable.obj
 0001:0001125c       ___crtLCMapStringA         0041225c f   LIBCMT:a_map.obj
 0001:000112a2       __isleadbyte_l             004122a2 f i LIBCMT:_wctype.obj
 0001:000112da       _isleadbyte                004122da f i LIBCMT:_wctype.obj
 0001:000112ed       __iswalpha_l               004122ed f i LIBCMT:_wctype.obj
 0001:00011303       _iswalpha                  00412303 f i LIBCMT:_wctype.obj
 0001:00011319       __iswupper_l               00412319 f i LIBCMT:_wctype.obj
 0001:0001132c       _iswupper                  0041232c f i LIBCMT:_wctype.obj
 0001:0001133f       __iswlower_l               0041233f f i LIBCMT:_wctype.obj
 0001:00011352       _iswlower                  00412352 f i LIBCMT:_wctype.obj
 0001:00011365       __iswdigit_l               00412365 f i LIBCMT:_wctype.obj
 0001:00011378       _iswdigit                  00412378 f i LIBCMT:_wctype.obj
 0001:0001138b       __iswxdigit_l              0041238b f i LIBCMT:_wctype.obj
 0001:000113a1       _iswxdigit                 004123a1 f i LIBCMT:_wctype.obj
 0001:000113b7       __iswspace_l               004123b7 f i LIBCMT:_wctype.obj
 0001:000113ca       _iswspace                  004123ca f i LIBCMT:_wctype.obj
 0001:000113dd       __iswpunct_l               004123dd f i LIBCMT:_wctype.obj
 0001:000113f0       _iswpunct                  004123f0 f i LIBCMT:_wctype.obj
 0001:00011403       __iswalnum_l               00412403 f i LIBCMT:_wctype.obj
 0001:00011419       _iswalnum                  00412419 f i LIBCMT:_wctype.obj
 0001:0001142f       __iswprint_l               0041242f f i LIBCMT:_wctype.obj
 0001:00011445       _iswprint                  00412445 f i LIBCMT:_wctype.obj
 0001:0001145b       __iswgraph_l               0041245b f i LIBCMT:_wctype.obj
 0001:00011471       _iswgraph                  00412471 f i LIBCMT:_wctype.obj
 0001:00011487       __iswcntrl_l               00412487 f i LIBCMT:_wctype.obj
 0001:0001149a       _iswcntrl                  0041249a f i LIBCMT:_wctype.obj
 0001:000114ad       _iswascii                  004124ad f i LIBCMT:_wctype.obj
 0001:000114c1       __iswcsym_l                004124c1 f i LIBCMT:_wctype.obj
 0001:000114e7       ___iswcsym                 004124e7 f i LIBCMT:_wctype.obj
 0001:0001150d       __iswcsymf_l               0041250d f i LIBCMT:_wctype.obj
 0001:00011533       ___iswcsymf                00412533 f i LIBCMT:_wctype.obj
 0001:00011559       __isctype_l                00412559 f   LIBCMT:isctype.obj
 0001:00011611       __isctype                  00412611 f   LIBCMT:isctype.obj
 0001:00011643       ____setlc_active_func      00412643 f   LIBCMT:setlocal.obj
 0001:00011649       ____unguarded_readlc_active_add_func 00412649 f   LIBCMT:setlocal.obj
 0001:00011675       __configthreadlocale       00412675 f   LIBCMT:setlocal.obj
 0001:000116fc       __free_locale              004126fc f   LIBCMT:setlocal.obj
 0001:000117be       ___free_locale             004127be f   LIBCMT:setlocal.obj
 0001:000117c9       __get_current_locale       004127c9 f   LIBCMT:setlocal.obj
 0001:00011878       ___get_current_locale      00412878 f   LIBCMT:setlocal.obj
 0001:0001187d       ___init_dummy              0041287d f   LIBCMT:setlocal.obj
 0001:00011880       __strcats                  00412880 f   LIBCMT:setlocal.obj
 0001:000118c1       ___lc_strtolc              004128c1 f   LIBCMT:setlocal.obj
 0001:000119e0       ___lc_lctostr              004129e0 f   LIBCMT:setlocal.obj
 0001:00011bb0       __expandlocale             00412bb0 f   LIBCMT:setlocal.obj
 0001:00012327       __create_locale            00413327 f   LIBCMT:setlocal.obj
 0001:0001241c       ___create_locale           0041341c f   LIBCMT:setlocal.obj
 0001:00012427       _setlocale                 00413427 f   LIBCMT:setlocal.obj
 0001:0001259b       _strcpy_s                  0041359b f   LIBCMT:strcpy_s.obj
 0001:000125fa       _wait_a_bit                004135fa f i LIBCMT:crtheap.obj
 0001:00012620       __set_malloc_crt_max_wait  00413620 f   LIBCMT:crtheap.obj
 0001:00012635       __malloc_crt               00413635 f   LIBCMT:crtheap.obj
 0001:0001267a       __calloc_crt               0041367a f   LIBCMT:crtheap.obj
 0001:000126c6       __realloc_crt              004136c6 f   LIBCMT:crtheap.obj
 0001:00012714       __recalloc_crt             00413714 f   LIBCMT:crtheap.obj
 0001:00012766       __get_daylight             00413766 f   LIBCMT:timeset.obj
 0001:00012793       __get_dstbias              00413793 f   LIBCMT:timeset.obj
 0001:000127c0       __get_timezone             004137c0 f   LIBCMT:timeset.obj
 0001:000127ed       __get_tzname               004137ed f   LIBCMT:timeset.obj
 0001:0001287f       ___daylight                0041387f f   LIBCMT:timeset.obj
 0001:00012885       ___dstbias                 00413885 f   LIBCMT:timeset.obj
 0001:0001288b       ___timezone                0041388b f   LIBCMT:timeset.obj
 0001:00012891       ___tzname                  00413891 f   LIBCMT:timeset.obj
 0001:00012897       __set_daylight             00413897 f i LIBCMT:tzset.obj
 0001:000128a8       __set_dstbias              004138a8 f i LIBCMT:tzset.obj
 0001:000128b9       __set_timezone             004138b9 f i LIBCMT:tzset.obj
 0001:00012fab       ___tzset                   00413fab f   LIBCMT:tzset.obj
 0001:00012ffd       __tzset                    00413ffd f   LIBCMT:tzset.obj
 0001:00013035       __isindst                  00414035 f   LIBCMT:tzset.obj
 0001:00013076       ___ascii_stricmp           00414076 f   LIBCMT:stricmp.obj
 0001:000130af       __stricmp_l                004140af f   LIBCMT:stricmp.obj
 0001:0001316f       __stricmp                  0041416f f   LIBCMT:stricmp.obj
 0001:000131c0       __alloca_probe_16          004141c0 f   LIBCMT:alloca16.obj
 0001:000131d6       __alloca_probe_8           004141d6     LIBCMT:alloca16.obj
 0001:000131ec       __gmtime64_s               004141ec f   LIBCMT:gmtime64.obj
 0001:00013425       __gmtime64                 00414425 f   LIBCMT:gmtime64.obj
 0001:00013450       __alldiv                   00414450 f   LIBCMT:lldiv.obj
 0001:00013500       __allrem                   00414500 f   LIBCMT:llrem.obj
 0001:000135b2       __gmtime32_s               004145b2 f   LIBCMT:gmtime.obj
 0001:000136f2       ___getgmtimebuf            004146f2 f   LIBCMT:gmtime.obj
 0001:00013729       __gmtime32                 00414729 f   LIBCMT:gmtime.obj
 0001:00013750       __aulldiv                  00414750 f   LIBCMT:ulldiv.obj
 0001:000137b8       __close_nolock             004147b8 f   LIBCMT:close.obj
 0001:00013854       __close                    00414854 f   LIBCMT:close.obj
 0001:00013918       __fileno                   00414918 f   LIBCMT:fileno.obj
 0001:0001393e       __freebuf                  0041493e f   LIBCMT:_freebuf.obj
 0001:0001396f       __flush                    0041496f f   LIBCMT:fflush.obj
 0001:000139d7       __fflush_nolock            004149d7 f   LIBCMT:fflush.obj
 0001:00013af9       _fflush                    00414af9 f   LIBCMT:fflush.obj
 0001:00013b4c       __flushall                 00414b4c f   LIBCMT:fflush.obj
 0001:00013b55       ___iob_func                00414b55 f   LIBCMT:_file.obj
 0001:00013b5b       ___initstdio               00414b5b f   LIBCMT:_file.obj
 0001:00013c0c       ___endstdio                00414c0c f   LIBCMT:_file.obj
 0001:00013c2c       __lock_file                00414c2c f   LIBCMT:_file.obj
 0001:00013c6d       __lock_file2               00414c6d f   LIBCMT:_file.obj
 0001:00013c9f       __unlock_file              00414c9f f   LIBCMT:_file.obj
 0001:00013cdb       __unlock_file2             00414cdb f   LIBCMT:_file.obj
 0001:00013d10       __SEH_prolog4              00414d10 f   LIBCMT:sehprolg4.obj
 0001:00013d55       __SEH_epilog4              00414d55 f   LIBCMT:sehprolg4.obj
 0001:00013da0       __except_handler4          00414da0 f   LIBCMT:chandler4.obj
 0001:00013f2f       __write_nolock             00414f2f f   LIBCMT:write.obj
 0001:0001462c       __write                    0041562c f   LIBCMT:write.obj
 0001:00014700       __openfile                 00415700 f   LIBCMT:_open.obj
 0001:00014997       __getstream                00415997 f   LIBCMT:stream.obj
 0001:00014ad0       __local_unwind4            00415ad0 f   LIBCMT:exsup4.obj
 0001:00014ba6       __seh_longjmp_unwind4@4    00415ba6 f   LIBCMT:exsup4.obj
 0001:00014bc2       @_EH4_CallFilterFunc@8     00415bc2 f   LIBCMT:exsup4.obj
 0001:00014bd9       @_EH4_TransferToHandler@8  00415bd9 f   LIBCMT:exsup4.obj
 0001:00014bf2       @_EH4_GlobalUnwind2@8      00415bf2 f   LIBCMT:exsup4.obj
 0001:00014c0b       @_EH4_LocalUnwind@16       00415c0b f   LIBCMT:exsup4.obj
 0001:00014c22       __validate_param_reuseA    00415c22 f   LIBCMT:outputp.obj
 0001:00014e08       _get_crtdouble_arg         00415e08 f i LIBCMT:outputp.obj
 0001:00014e1d       __output_p_l               00415e1d f   LIBCMT:outputp.obj
 0001:0001636c       _strtol                    0041736c f   LIBCMT:strtol.obj
 0001:00016397       __strtol_l                 00417397 f   LIBCMT:strtol.obj
 0001:000163b4       _strtoul                   004173b4 f   LIBCMT:strtol.obj
 0001:000163e0       __strtoul_l                004173e0 f   LIBCMT:strtol.obj
 0001:0001669a       __strtoi64                 0041769a f   LIBCMT:strtoq.obj
 0001:000166c5       __strtoi64_l               004176c5 f   LIBCMT:strtoq.obj
 0001:000166e2       __strtoui64                004176e2 f   LIBCMT:strtoq.obj
 0001:0001670e       __strtoui64_l              0041770e f   LIBCMT:strtoq.obj
 0001:0001672b       __ioinit                   0041772b f   LIBCMT:ioinit.obj
 0001:00016970       __ioterm                   00417970 f   LIBCMT:ioinit.obj
 0001:000169c3       __lseek_nolock             004179c3 f   LIBCMT:lseek.obj
 0001:00016a38       __lseek                    00417a38 f   LIBCMT:lseek.obj
 0001:00016b0c       __filbuf                   00417b0c f   LIBCMT:_filbuf.obj
 0001:00016c2e       __read_nolock              00417c2e f   LIBCMT:read.obj
 0001:000171e5       __read                     004181e5 f   LIBCMT:read.obj
 0001:000172db       _memcpy_s                  004182db f   LIBCMT:memcpy_s.obj
 0001:00017350       ?__CxxUnhandledExceptionFilter@@YGJPAU_EXCEPTION_POINTERS@@@Z 00418350 f   LIBCMT:unhandld.obj
 0001:00017392       ___CxxSetUnhandledExceptionFilter 00418392 f   LIBCMT:unhandld.obj
 0001:000173c6       __XcptFilter               004183c6 f   LIBCMT:winxfltr.obj
 0001:00017510       ___CppXcptFilter           00418510 f   LIBCMT:winxfltr.obj
 0001:00017530       __wincmdln                 00418530 f   LIBCMT:wincmdln.obj
 0001:0001758f       __setenvp                  0041858f f   LIBCMT:stdenvp.obj
 0001:0001766b       __set_pgmptr               0041866b f i LIBCMT:stdargv.obj
 0001:00017814       __setargv                  00418814 f   LIBCMT:stdargv.obj
 0001:000178cf       ___crtGetEnvironmentStringsA 004188cf f   LIBCMT:a_env.obj
 0001:00017966       __RTC_Initialize           00418966 f   LIBCMT:_initsect_.obj
 0001:0001798c       __RTC_Terminate            0041898c f   LIBCMT:_initsect_.obj
 0001:000179b2       ___security_init_cookie    004189b2 f   LIBCMT:gs_support.obj
 0001:00017a4d       __crt_debugger_hook        00418a4d f   LIBCMT:dbghook.obj
 0001:00017a55       __mtinitlocks              00418a55 f   LIBCMT:mlock.obj
 0001:00017a9f       __mtdeletelocks            00418a9f f   LIBCMT:mlock.obj
 0001:00017af6       __unlock                   00418af6 f   LIBCMT:mlock.obj
 0001:00017b0d       __lockerr_exit             00418b0d f   LIBCMT:mlock.obj
 0001:00017b25       __mtinitlocknum            00418b25 f   LIBCMT:mlock.obj
 0001:00017be7       __lock                     00418be7 f   LIBCMT:mlock.obj
 0001:00017c1a       ?terminate@@YAXXZ          00418c1a f   LIBCMT:hooks.obj
 0001:00017c53       ?unexpected@@YAXXZ         00418c53 f   LIBCMT:hooks.obj
 0001:00017c66       ?_inconsistency@@YAXXZ     00418c66 f   LIBCMT:hooks.obj
 0001:00017c9e       __initp_eh_hooks           00418c9e f   LIBCMT:hooks.obj
 0001:00017caf       __initp_misc_winsig        00418caf f   LIBCMT:winsig.obj
 0001:00017da0       ___get_sigabrt             00418da0 f   LIBCMT:winsig.obj
 0001:00017dad       ___fpecode                 00418dad f   LIBCMT:winsig.obj
 0001:00017db6       ___pxcptinfoptrs           00418db6 f   LIBCMT:winsig.obj
 0001:00017dbf       _signal                    00418dbf f   LIBCMT:winsig.obj
 0001:00017fff       _raise                     00418fff f   LIBCMT:winsig.obj
 0001:000181a2       __initp_misc_rand_s        004191a2 f   LIBCMT:rand_s.obj
 0001:000181b1       _rand_s                    004191b1 f   LIBCMT:rand_s.obj
 0001:000182a1       ___getlocaleinfo           004192a1 f   LIBCMT:inithelp.obj
 0001:0001844d       __initp_misc_purevirt      0041944d f   LIBCMT:inithelp.obj
 0001:00018512       ___onexitinit              00419512 f   LIBCMT:onexit.obj
 0001:00018543       __onexit                   00419543 f   LIBCMT:onexit.obj
 0001:0001857f       _atexit                    0041957f f   LIBCMT:onexit.obj
 0001:000185a0       __ValidateImageBase        004195a0 f   LIBCMT:pesect.obj
 0001:000185e0       __FindPESection            004195e0 f   LIBCMT:pesect.obj
 0001:00018630       __IsNonwritableInCurrentImage 00419630 f   LIBCMT:pesect.obj
 0001:000186ec       ___crtMessageBoxW          004196ec f   LIBCMT:crtmboxw.obj
 0001:00018858       _wcscat_s                  00419858 f   LIBCMT:wcscat_s.obj
 0001:000188cd       _wcsncpy_s                 004198cd f   LIBCMT:wcsncpy_s.obj
 0001:0001899a       _wcslen                    0041999a f   LIBCMT:wcslen.obj
 0001:000189b5       _wcscpy_s                  004199b5 f   LIBCMT:wcscpy_s.obj
 0001:00018a18       __set_error_mode           00419a18 f   LIBCMT:errmode.obj
 0001:00018a57       ___set_app_type            00419a57 f   LIBCMT:errmode.obj
 0001:00018a66       __87except                 00419a66 f   LIBCMT:_87except_.obj
 0001:00018ba5       __frnd                     00419ba5 f   LIBCMT:_frnd_.obj
 0001:00018bb9       __copysign                 00419bb9 f   LIBCMT:_ieeemisc_.obj
 0001:00018be1       __chgsign                  00419be1 f   LIBCMT:_ieeemisc_.obj
 0001:00018c0e       __scalb                    00419c0e f   LIBCMT:_ieeemisc_.obj
 0001:00018c28       __logb                     00419c28 f   LIBCMT:_ieeemisc_.obj
 0001:00018d11       __nextafter                00419d11 f   LIBCMT:_ieeemisc_.obj
 0001:00018fc3       __finite                   00419fc3 f   LIBCMT:_ieeemisc_.obj
 0001:00018fdf       __isnan                    00419fdf f   LIBCMT:_ieeemisc_.obj
 0001:00019017       __fpclass                  0041a017 f   LIBCMT:_ieeemisc_.obj
 0001:000190b4       __isalpha_l                0041a0b4 f i LIBCMT:_ctype.obj
 0001:0001910a       _isalpha                   0041a10a f i LIBCMT:_ctype.obj
 0001:0001913a       __isupper_l                0041a13a f i LIBCMT:_ctype.obj
 0001:0001918b       _isupper                   0041a18b f i LIBCMT:_ctype.obj
 0001:000191b9       __islower_l                0041a1b9 f i LIBCMT:_ctype.obj
 0001:0001920a       _islower                   0041a20a f i LIBCMT:_ctype.obj
 0001:00019238       __isdigit_l                0041a238 f i LIBCMT:_ctype.obj
 0001:00019289       _isdigit                   0041a289 f i LIBCMT:_ctype.obj
 0001:000192b7       __isxdigit_l               0041a2b7 f i LIBCMT:_ctype.obj
 0001:0001930d       _isxdigit                  0041a30d f i LIBCMT:_ctype.obj
 0001:0001933d       __isspace_l                0041a33d f i LIBCMT:_ctype.obj
 0001:0001938e       _isspace                   0041a38e f i LIBCMT:_ctype.obj
 0001:000193bc       __ispunct_l                0041a3bc f i LIBCMT:_ctype.obj
 0001:0001940d       _ispunct                   0041a40d f i LIBCMT:_ctype.obj
 0001:0001943b       __isalnum_l                0041a43b f i LIBCMT:_ctype.obj
 0001:00019491       _isalnum                   0041a491 f i LIBCMT:_ctype.obj
 0001:000194c1       __isprint_l                0041a4c1 f i LIBCMT:_ctype.obj
 0001:00019517       _isprint                   0041a517 f i LIBCMT:_ctype.obj
 0001:00019547       __isgraph_l                0041a547 f i LIBCMT:_ctype.obj
 0001:0001959d       _isgraph                   0041a59d f i LIBCMT:_ctype.obj
 0001:000195cd       __iscntrl_l                0041a5cd f i LIBCMT:_ctype.obj
 0001:0001961e       _iscntrl                   0041a61e f i LIBCMT:_ctype.obj
 0001:0001964c       ___isascii                 0041a64c f i LIBCMT:_ctype.obj
 0001:0001965e       ___toascii                 0041a65e f i LIBCMT:_ctype.obj
 0001:0001966b       __iscsymf_l                0041a66b f i LIBCMT:_ctype.obj
 0001:0001968e       ___iscsymf                 0041a68e f i LIBCMT:_ctype.obj
 0001:000196ad       __iscsym_l                 0041a6ad f i LIBCMT:_ctype.obj
 0001:000196d0       ___iscsym                  0041a6d0 f i LIBCMT:_ctype.obj
 0001:000196f1       __atodbl_l                 0041a6f1 f   LIBCMT:atodbl.obj
 0001:00019799       __atodbl                   0041a799 f   LIBCMT:atodbl.obj
 0001:000197b0       __atoldbl_l                0041a7b0 f   LIBCMT:atodbl.obj
 0001:00019859       __atoldbl                  0041a859 f   LIBCMT:atodbl.obj
 0001:00019870       __atoflt_l                 0041a870 f   LIBCMT:atodbl.obj
 0001:00019918       __atoflt                   0041a918 f   LIBCMT:atodbl.obj
 0001:00019930       _memmove                   0041a930 f   LIBCMT:memmove.obj
 0001:00019c91       __set_output_format        0041ac91 f   LIBCMT:outputformat.obj
 0001:00019cc3       __get_output_format        0041acc3 f   LIBCMT:outputformat.obj
 0001:00019cc9       __fptostr                  0041acc9 f   LIBCMT:_fptostr.obj
 0001:00019d7c       ___dtold                   0041ad7c f   LIBCMT:_cfout_.obj
 0001:00019e2f       __fltout2                  0041ae2f f   LIBCMT:_cfout_.obj
 0001:00019ec0       __alldvrm                  0041aec0 f   LIBCMT:lldvrm.obj
 0001:00019fa0       __aullshr                  0041afa0 f   LIBCMT:ullshr.obj
 0001:00019fbf       __fptrap                   0041afbf f   LIBCMT:crt0fp.obj
 0001:00019fc8       __controlfp_s              0041afc8 f   LIBCMT:_contrlfp_.obj
 0001:0001a027       __matherr                  0041b027 f   LIBCMT:_matherr_.obj
 0001:0001a02a       __lseeki64_nolock          0041b02a f   LIBCMT:lseeki64.obj
 0001:0001a0af       __lseeki64                 0041b0af f   LIBCMT:lseeki64.obj
 0001:0001a199       __getbuf                   0041b199 f   LIBCMT:_getbuf.obj
 0001:0001a1e2       __isatty                   0041b1e2 f   LIBCMT:isatty.obj
 0001:0001a238       _printf                    0041b238 f   LIBCMT:printf.obj
 0001:0001a2df       __printf_l                 0041b2df f   LIBCMT:printf.obj
 0001:0001a2f8       __printf_s_l               0041b2f8 f   LIBCMT:printf.obj
 0001:0001a311       _printf_s                  0041b311 f   LIBCMT:printf.obj
 0001:0001a329       __printf_p_l               0041b329 f   LIBCMT:printf.obj
 0001:0001a342       __printf_p                 0041b342 f   LIBCMT:printf.obj
 0001:0001a35a       __set_printf_count_output  0041b35a f   LIBCMT:printf.obj
 0001:0001a384       __get_printf_count_output  0041b384 f   LIBCMT:printf.obj
 0001:0001a39a       __wctomb_s_l               0041b39a f   LIBCMT:wctomb.obj
 0001:0001a4ef       _wctomb_s                  0041b4ef f   LIBCMT:wctomb.obj
 0001:0001a50c       __wctomb_l                 0041b50c f   LIBCMT:wctomb.obj
 0001:0001a55d       _wctomb                    0041b55d f   LIBCMT:wctomb.obj
 0001:0001a590       __aulldvrm                 0041b590 f   LIBCMT:ulldvrm.obj
 0001:0001a6e0       __output_s_l               0041b6e0 f   LIBCMT:outputs.obj
 0001:0001b3fb       ___crtGetStringTypeA       0041c3fb f   LIBCMT:a_str.obj
 0001:0001bc3a       ___free_lc_time            0041cc3a f   LIBCMT:inittime.obj
 0001:0001bfb1       ___init_time               0041cfb1 f   LIBCMT:inittime.obj
 0001:0001c05e       ___free_lconv_num          0041d05e f   LIBCMT:initnum.obj
 0001:0001c0c7       ___init_numeric            0041d0c7 f   LIBCMT:initnum.obj
 0001:0001c2e7       ___free_lconv_mon          0041d2e7 f   LIBCMT:initmon.obj
 0001:0001c3e5       ___init_monetary           0041d3e5 f   LIBCMT:initmon.obj
 0001:0001c745       _localeconv                0041d745 f   LIBCMT:lconv.obj
 0001:0001c76b       ___pwctype_func            0041d76b f   LIBCMT:ctype.obj
 0001:0001c771       ___pctype_func             0041d771 f   LIBCMT:ctype.obj
 0001:0001c79a       _iswctype                  0041d79a f   LIBCMT:iswctype.obj
 0001:0001c7ef       _is_wctype                 0041d7ef f   LIBCMT:iswctype.obj
 0001:0001c7fa       __iswctype_l               0041d7fa f   LIBCMT:iswctype.obj
 0001:0001c80e       ___init_ctype              0041d80e f   LIBCMT:initctyp.obj
 0001:0001cbb5       ____mb_cur_max_func        0041dbb5 f   LIBCMT:initctyp.obj
 0001:0001cbde       ____mb_cur_max_l_func      0041dbde f   LIBCMT:initctyp.obj
 0001:0001cbfa       ____lc_codepage_func       0041dbfa f   LIBCMT:initctyp.obj
 0001:0001cc20       ____lc_collate_cp_func     0041dc20 f   LIBCMT:initctyp.obj
 0001:0001cc46       ____lc_handle_func         0041dc46 f   LIBCMT:initctyp.obj
 0001:0001cc6c       ___init_collate            0041dc6c f   LIBCMT:initcoll.obj
 0001:0001cc6f       _strcat_s                  0041dc6f f   LIBCMT:strcat_s.obj
 0001:0001cce0       _strcspn                   0041dce0 f   LIBCMT:strcspn.obj
 0001:0001cd26       _strncpy_s                 0041dd26 f   LIBCMT:strncpy_s.obj
 0001:0001cde0       _strcmp                    0041dde0 f   LIBCMT:strcmp.obj
 0001:0001d435       ___get_qualified_locale    0041e435 f   LIBCMT:getqloc.obj
 0001:0001d630       _strpbrk                   0041e630 f   LIBCMT:strpbrk.obj
 0001:0001d670       __calloc_impl              0041e670 f   LIBCMT:calloc_impl.obj
 0001:0001d6f2       _realloc                   0041e6f2 f   LIBCMT:realloc.obj
 0001:0001d79f       __recalloc                 0041e79f f   LIBCMT:recalloc.obj
 0001:0001d80d       __getenv_helper_nolock     0041e80d f   LIBCMT:getenv.obj
 0001:0001d9bb       _getenv                    0041e9bb f   LIBCMT:getenv.obj
 0001:0001da35       _getenv_s                  0041ea35 f   LIBCMT:getenv.obj
 0001:0001db02       __dupenv_s                 0041eb02 f   LIBCMT:getenv.obj
 0001:0001dbe0       __allmul                   0041ebe0 f   LIBCMT:llmul.obj
 0001:0001dc14       __set_osfhnd               0041ec14 f   LIBCMT:osfinfo.obj
 0001:0001dc95       __free_osfhnd              0041ec95 f   LIBCMT:osfinfo.obj
 0001:0001dd1b       __get_osfhandle            0041ed1b f   LIBCMT:osfinfo.obj
 0001:0001dd84       ___lock_fhandle            0041ed84 f   LIBCMT:osfinfo.obj
 0001:0001de23       __unlock_fhandle           0041ee23 f   LIBCMT:osfinfo.obj
 0001:0001de4a       __alloc_osfhnd             0041ee4a f   LIBCMT:osfinfo.obj
 0001:0001dfe3       __open_osfhandle           0041efe3 f   LIBCMT:osfinfo.obj
 0001:0001e0f9       __commit                   0041f0f9 f   LIBCMT:commit.obj
 0001:0001e1d2       __fcloseall                0041f1d2 f   LIBCMT:closeall.obj
 0001:0001e26e       __putwch_nolock            0041f26e f   LIBCMT:putwch.obj
 0001:0001e2b0       __putwch                   0041f2b0 f   LIBCMT:putwch.obj
 0001:0001e2f6       __mbtowc_l                 0041f2f6 f   LIBCMT:mbtowc.obj
 0001:0001e40c       _mbtowc                    0041f40c f   LIBCMT:mbtowc.obj
 0001:0001eb5a       __open                     0041fb5a f   LIBCMT:open.obj
 0001:0001ec08       __sopen_helper             0041fc08 f   LIBCMT:open.obj
 0001:0001eccc       __sopen                    0041fccc f   LIBCMT:open.obj
 0001:0001ecfe       __sopen_s                  0041fcfe f   LIBCMT:open.obj
 0001:0001ed1e       __mbsnbicmp_l              0041fd1e f   LIBCMT:mbsnbicm.obj
 0001:0001ef22       __mbsnbicmp                0041ff22 f   LIBCMT:mbsnbicm.obj
 0001:0001ef3c       __mbsnbcmp_l               0041ff3c f   LIBCMT:mbsnbcmp.obj
 0001:0001f088       __mbsnbcmp                 00420088 f   LIBCMT:mbsnbcmp.obj
 0001:0001f0b0       __global_unwind2           004200b0 f   LIBCMT:exsup.obj
 0001:0001f115       __local_unwind2            00420115 f   LIBCMT:exsup.obj
 0001:0001f199       __abnormal_termination     00420199 f   LIBCMT:exsup.obj
 0001:0001f1bc       __NLG_Notify1              004201bc f   LIBCMT:exsup.obj
 0001:0001f1c5       __NLG_Notify               004201c5 f   LIBCMT:exsup.obj
 0001:0001f1dc       __NLG_Dispatch             004201dc     LIBCMT:exsup.obj
 0001:0001f1dc       __NLG_Dispatch2            004201dc     LIBCMT:exsup.obj
 0001:0001f1e4       __NLG_Call                 004201e4 f   LIBCMT:exsup.obj
 0001:0001f1e6       __NLG_Return2              004201e6     LIBCMT:exsup.obj
 0001:0001f23a       __ismbbkalnum_l            0042023a f   LIBCMT:ismbbyte.obj
 0001:0001f253       __ismbbkalnum              00420253 f   LIBCMT:ismbbyte.obj
 0001:0001f26b       __ismbbkprint_l            0042026b f   LIBCMT:ismbbyte.obj
 0001:0001f284       __ismbbkprint              00420284 f   LIBCMT:ismbbyte.obj
 0001:0001f29c       __ismbbkpunct_l            0042029c f   LIBCMT:ismbbyte.obj
 0001:0001f2b5       __ismbbkpunct              004202b5 f   LIBCMT:ismbbyte.obj
 0001:0001f2cd       __ismbbalnum_l             004202cd f   LIBCMT:ismbbyte.obj
 0001:0001f2e9       __ismbbalnum               004202e9 f   LIBCMT:ismbbyte.obj
 0001:0001f304       __ismbbalpha_l             00420304 f   LIBCMT:ismbbyte.obj
 0001:0001f320       __ismbbalpha               00420320 f   LIBCMT:ismbbyte.obj
 0001:0001f33b       __ismbbgraph_l             0042033b f   LIBCMT:ismbbyte.obj
 0001:0001f357       __ismbbgraph               00420357 f   LIBCMT:ismbbyte.obj
 0001:0001f372       __ismbbprint_l             00420372 f   LIBCMT:ismbbyte.obj
 0001:0001f38e       __ismbbprint               0042038e f   LIBCMT:ismbbyte.obj
 0001:0001f3a9       __ismbbpunct_l             004203a9 f   LIBCMT:ismbbyte.obj
 0001:0001f3c2       __ismbbpunct               004203c2 f   LIBCMT:ismbbyte.obj
 0001:0001f3da       __ismbblead_l              004203da f   LIBCMT:ismbbyte.obj
 0001:0001f3f3       __ismbblead                004203f3 f   LIBCMT:ismbbyte.obj
 0001:0001f40b       __ismbbtrail_l             0042040b f   LIBCMT:ismbbyte.obj
 0001:0001f424       __ismbbtrail               00420424 f   LIBCMT:ismbbyte.obj
 0001:0001f43c       __ismbbkana_l              0042043c f   LIBCMT:ismbbyte.obj
 0001:0001f491       __ismbbkana                00420491 f   LIBCMT:ismbbyte.obj
 0001:0001f4a4       _abort                     004204a4 f   LIBCMT:abort.obj
 0001:0001f4d7       __set_abort_behavior       004204d7 f   LIBCMT:abort.obj
 0001:0001f5d2       ___crtGetLocaleInfoA       004205d2 f   LIBCMT:a_loc.obj
 0001:0001f60c       __msize                    0042060c f   LIBCMT:msize.obj
 0001:0001f63f       _ldexp                     0042063f f   LIBCMT:_ldexp_.obj
 0001:0001f7f1       ___addl                    004207f1 f i LIBCMT:_intrncvt_.obj
 0001:0001f815       __ZeroTail                 00420815 f i LIBCMT:_intrncvt_.obj
 0001:0001f85e       __IncMan                   0042085e f i LIBCMT:_intrncvt_.obj
 0001:0001f8cb       __RoundMan                 004208cb f i LIBCMT:_intrncvt_.obj
 0001:0001f9b7       __CopyMan                  004209b7 f i LIBCMT:_intrncvt_.obj
 0001:0001f9d6       __FillZeroMan              004209d6 f i LIBCMT:_intrncvt_.obj
 0001:0001f9e7       __IsZeroMan                004209e7 f i LIBCMT:_intrncvt_.obj
 0001:0001fa06       __ShrMan                   00420a06 f i LIBCMT:_intrncvt_.obj
 0001:0001fa9e       __ld12cvt                  00420a9e f i LIBCMT:_intrncvt_.obj
 0001:0001ffed       __ld12tod                  00420fed f   LIBCMT:_intrncvt_.obj
 0001:0002053e       __ld12tof                  0042153e f   LIBCMT:_intrncvt_.obj
 0001:00020a8f       __ld12told                 00421a8f f   LIBCMT:_intrncvt_.obj
 0001:00020b6c       ___shl_12                  00421b6c f i LIBCMT:_strgtold_.obj
 0001:00020b9f       ___shr_12                  00421b9f f i LIBCMT:_strgtold_.obj
 0001:00020bd1       ___ld12mul                 00421bd1 f i LIBCMT:_strgtold_.obj
 0001:00020e4c       ___multtenpow12            00421e4c f i LIBCMT:_strgtold_.obj
 0001:0002114b       ___strgtold12_l            0042214b f   LIBCMT:_strgtold_.obj
 0001:00021827       ___STRINGTOLD_L            00422827 f   LIBCMT:_strgtold_.obj
 0001:00021882       ___add_12                  00422882 f i LIBCMT:_x10fout_.obj
 0001:000218f3       _$I10_OUTPUT               004228f3 f   LIBCMT:_x10fout_.obj
 0001:000221eb       __set_controlfp            004231eb f   LIBCMT:_ieee87_.obj
 0001:0002255d       __statusfp                 0042355d f   LIBCMT:_ieee87_.obj
 0001:000225ef       __fpreset                  004235ef f   LIBCMT:_ieee87_.obj
 0001:00022828       __statusfp2                00423828 f   LIBCMT:_ieee87_.obj
 0001:00022882       __clearfp                  00423882 f   LIBCMT:_ieee87_.obj
 0001:0002295b       ___control87_2             0042395b f   LIBCMT:_ieee87_.obj
 0001:00022c72       __control87                00423c72 f i LIBCMT:_ieee87_.obj
 0001:00022f84       __controlfp                00423f84 f   LIBCMT:_ieee87_.obj
 0001:00023299       __stbuf                    00424299 f   LIBCMT:_sftbuf.obj
 0001:00023335       __ftbuf                    00424335 f   LIBCMT:_sftbuf.obj
 0001:00023369       _vprintf_helper            00424369 f   LIBCMT:vprintf.obj
 0001:000233ee       __vprintf_l                004243ee f   LIBCMT:vprintf.obj
 0001:0002340b       __vprintf_s_l              0042440b f   LIBCMT:vprintf.obj
 0001:00023428       __vprintf_p_l              00424428 f   LIBCMT:vprintf.obj
 0001:00023445       _vprintf                   00424445 f   LIBCMT:vprintf.obj
 0001:00023461       _vprintf_s                 00424461 f   LIBCMT:vprintf.obj
 0001:0002347d       __vprintf_p                0042447d f   LIBCMT:vprintf.obj
 0001:00023499       __strnicmp_l               00424499 f   LIBCMT:strnicmp.obj
 0001:0002357b       __strnicmp                 0042457b f   LIBCMT:strnicmp.obj
 0001:00023688       __itoa_s                   00424688 f   LIBCMT:xtoas.obj
 0001:000236b2       __ltoa_s                   004246b2 f   LIBCMT:xtoas.obj
 0001:000236d9       __ultoa_s                  004246d9 f   LIBCMT:xtoas.obj
 0001:000237df       __i64toa_s                 004247df f   LIBCMT:xtoas.obj
 0001:00023814       __ui64toa_s                00424814 f   LIBCMT:xtoas.obj
 0001:00023833       __mbsnbicoll_l             00424833 f   LIBCMT:mbsnbico.obj
 0001:00023911       __mbsnbicoll               00424911 f   LIBCMT:mbsnbico.obj
 0001:0002392b       ___wtomb_environ           0042492b f   LIBCMT:wtombenv.obj
 0001:000239c2       _calloc                    004249c2 f   LIBCMT:calloc.obj
 0001:00023a02       _strnlen                   00424a02 f   LIBCMT:strlen_s.obj
 0001:00023a1f       ___initconout              00424a1f f   LIBCMT:initcon.obj
 0001:00023a3e       ___termconout              00424a3e f   LIBCMT:initcon.obj
 0001:00023a55       __chsize_nolock            00424a55 f   LIBCMT:chsize.obj
 0001:00023c0b       __chsize_s                 00424c0b f   LIBCMT:chsize.obj
 0001:00023cf2       __chsize                   00424cf2 f   LIBCMT:chsize.obj
 0001:00023d0e       __setmode_nolock           00424d0e f   LIBCMT:setmode.obj
 0001:00023dc9       __set_fmode                00424dc9 f   LIBCMT:setmode.obj
 0001:00023e0b       __get_fmode                00424e0b f   LIBCMT:setmode.obj
 0001:00023e38       __setmode                  00424e38 f   LIBCMT:setmode.obj
 0001:00023f23       ___mtold12                 00424f23 f   LIBCMT:_mantold_.obj
 0001:00024110       ___ascii_strnicmp          00425110 f   LIBCMT:_strnicm.obj
 0001:000243fd       ___crtCompareStringA       004253fd f   LIBCMT:a_cmp.obj
 0001:0002443f       __strnicoll_l              0042543f f   LIBCMT:strnicol.obj
 0001:00024529       __strnicoll                00425529 f   LIBCMT:strnicol.obj
 0001:00024604       ___crtsetenv               00425604 f   LIBCMT:setenv.obj
 0001:00024846       __strdup                   00425846 f   LIBCMT:strdup.obj
 0001:00024898       __mbschr_l                 00425898 f   LIBCMT:mbschr.obj
 0001:00024948       __mbschr                   00425948 f   LIBCMT:mbschr.obj
 0001:00024960       _GetProcAddress@8          00425960 f   kernel32:KERNEL32.dll
 0001:00024966       _LoadLibraryA@4            00425966 f   kernel32:KERNEL32.dll
 0001:0002496c       _FreeLibrary@4             0042596c f   kernel32:KERNEL32.dll
 0001:00024972       _GetModuleFileNameA@12     00425972 f   kernel32:KERNEL32.dll
 0001:00024978       _GetModuleHandleA@4        00425978 f   kernel32:KERNEL32.dll
 0001:0002497e       _OutputDebugStringA@4      0042597e f   kernel32:KERNEL32.dll
 0001:00024984       _GetLastError@0            00425984 f   kernel32:KERNEL32.dll
 0001:0002498a       _HeapFree@12               0042598a f   kernel32:KERNEL32.dll
 0001:00024990       _HeapAlloc@12              00425990 f   kernel32:KERNEL32.dll
 0001:00024996       _GetTimeFormatA@24         00425996 f   kernel32:KERNEL32.dll
 0001:0002499c       _GetDateFormatA@24         0042599c f   kernel32:KERNEL32.dll
 0001:000249a2       _GetSystemTimeAsFileTime@4 004259a2 f   kernel32:KERNEL32.dll
 0001:000249a8       _CreateDirectoryA@8        004259a8 f   kernel32:KERNEL32.dll
 0001:000249ae       _DeleteFileA@4             004259ae f   kernel32:KERNEL32.dll
 0001:000249b4       _GetCommandLineA@0         004259b4 f   kernel32:KERNEL32.dll
 0001:000249ba       _HeapSetInformation@16     004259ba f   kernel32:KERNEL32.dll
 0001:000249c0       _GetStartupInfoW@4         004259c0 f   kernel32:KERNEL32.dll
 0001:000249c6       _TerminateProcess@8        004259c6 f   kernel32:KERNEL32.dll
 0001:000249cc       _GetCurrentProcess@0       004259cc f   kernel32:KERNEL32.dll
 0001:000249d2       _UnhandledExceptionFilter@4 004259d2 f   kernel32:KERNEL32.dll
 0001:000249d8       _SetUnhandledExceptionFilter@4 004259d8 f   kernel32:KERNEL32.dll
 0001:000249de       _IsDebuggerPresent@0       004259de f   kernel32:KERNEL32.dll
 0001:000249e4       _IsProcessorFeaturePresent@4 004259e4 f   kernel32:KERNEL32.dll
 0001:000249ea       _HeapCreate@12             004259ea f   kernel32:KERNEL32.dll
 0001:000249f0       _HeapDestroy@4             004259f0 f   kernel32:KERNEL32.dll
 0001:000249f6       _GetModuleHandleW@4        004259f6 f   kernel32:KERNEL32.dll
 0001:000249fc       _ExitProcess@4             004259fc f   kernel32:KERNEL32.dll
 0001:00024a02       _DecodePointer@4           00425a02 f   kernel32:KERNEL32.dll
 0001:00024a08       _WriteFile@20              00425a08 f   kernel32:KERNEL32.dll
 0001:00024a0e       _GetStdHandle@4            00425a0e f   kernel32:KERNEL32.dll
 0001:00024a14       _GetModuleFileNameW@12     00425a14 f   kernel32:KERNEL32.dll
 0001:00024a1a       _EncodePointer@4           00425a1a f   kernel32:KERNEL32.dll
 0001:00024a20       _RaiseException@16         00425a20 f   kernel32:KERNEL32.dll
 0001:00024a26       _GetCPInfo@8               00425a26 f   kernel32:KERNEL32.dll
 0001:00024a2c       _InterlockedIncrement@4    00425a2c f   kernel32:KERNEL32.dll
 0001:00024a32       _InterlockedDecrement@4    00425a32 f   kernel32:KERNEL32.dll
 0001:00024a38       _GetACP@0                  00425a38 f   kernel32:KERNEL32.dll
 0001:00024a3e       _GetOEMCP@0                00425a3e f   kernel32:KERNEL32.dll
 0001:00024a44       _IsValidCodePage@4         00425a44 f   kernel32:KERNEL32.dll
 0001:00024a4a       _TlsAlloc@0                00425a4a f   kernel32:KERNEL32.dll
 0001:00024a50       _TlsGetValue@4             00425a50 f   kernel32:KERNEL32.dll
 0001:00024a56       _TlsSetValue@8             00425a56 f   kernel32:KERNEL32.dll
 0001:00024a5c       _TlsFree@4                 00425a5c f   kernel32:KERNEL32.dll
 0001:00024a62       _SetLastError@4            00425a62 f   kernel32:KERNEL32.dll
 0001:00024a68       _GetCurrentThreadId@0      00425a68 f   kernel32:KERNEL32.dll
 0001:00024a6e       _GetCurrentThread@0        00425a6e f   kernel32:KERNEL32.dll
 0001:00024a74       _WideCharToMultiByte@32    00425a74 f   kernel32:KERNEL32.dll
 0001:00024a7a       _LCMapStringW@24           00425a7a f   kernel32:KERNEL32.dll
 0001:00024a80       _MultiByteToWideChar@24    00425a80 f   kernel32:KERNEL32.dll
 0001:00024a86       _Sleep@4                   00425a86 f   kernel32:KERNEL32.dll
 0001:00024a8c       _GetTimeZoneInformation@4  00425a8c f   kernel32:KERNEL32.dll
 0001:00024a92       _CloseHandle@4             00425a92 f   kernel32:KERNEL32.dll
 0001:00024a98       _EnterCriticalSection@4    00425a98 f   kernel32:KERNEL32.dll
 0001:00024a9e       _LeaveCriticalSection@4    00425a9e f   kernel32:KERNEL32.dll
 0001:00024aa4       _GetConsoleCP@0            00425aa4 f   kernel32:KERNEL32.dll
 0001:00024aaa       _GetConsoleMode@8          00425aaa f   kernel32:KERNEL32.dll
 0001:00024ab0       _InitializeCriticalSectionAndSpinCount@8 00425ab0 f   kernel32:KERNEL32.dll
 0001:00024ab6       _RtlUnwind@16              00425ab6 f   kernel32:KERNEL32.dll
 0001:00024abc       _SetHandleCount@4          00425abc f   kernel32:KERNEL32.dll
 0001:00024ac2       _GetFileType@4             00425ac2 f   kernel32:KERNEL32.dll
 0001:00024ac8       _DeleteCriticalSection@4   00425ac8 f   kernel32:KERNEL32.dll
 0001:00024ace       _SetFilePointer@16         00425ace f   kernel32:KERNEL32.dll
 0001:00024ad4       _ReadFile@20               00425ad4 f   kernel32:KERNEL32.dll
 0001:00024ada       _FreeEnvironmentStringsW@4 00425ada f   kernel32:KERNEL32.dll
 0001:00024ae0       _GetEnvironmentStringsW@0  00425ae0 f   kernel32:KERNEL32.dll
 0001:00024ae6       _QueryPerformanceCounter@4 00425ae6 f   kernel32:KERNEL32.dll
 0001:00024aec       _GetTickCount@0            00425aec f   kernel32:KERNEL32.dll
 0001:00024af2       _GetCurrentProcessId@0     00425af2 f   kernel32:KERNEL32.dll
 0001:00024af8       _FatalAppExitA@8           00425af8 f   kernel32:KERNEL32.dll
 0001:00024afe       _SetConsoleCtrlHandler@8   00425afe f   kernel32:KERNEL32.dll
 0001:00024b04       _InterlockedExchange@8     00425b04 f   kernel32:KERNEL32.dll
 0001:00024b0a       _LoadLibraryW@4            00425b0a f   kernel32:KERNEL32.dll
 0001:00024b10       _GetLocaleInfoW@16         00425b10 f   kernel32:KERNEL32.dll
 0001:00024b16       _GetStringTypeW@16         00425b16 f   kernel32:KERNEL32.dll
 0001:00024b1c       _GetUserDefaultLCID@0      00425b1c f   kernel32:KERNEL32.dll
 0001:00024b22       _GetLocaleInfoA@16         00425b22 f   kernel32:KERNEL32.dll
 0001:00024b28       _EnumSystemLocalesA@8      00425b28 f   kernel32:KERNEL32.dll
 0001:00024b2e       _IsValidLocale@8           00425b2e f   kernel32:KERNEL32.dll
 0001:00024b34       _HeapReAlloc@16            00425b34 f   kernel32:KERNEL32.dll
 0001:00024b3a       _SetStdHandle@8            00425b3a f   kernel32:KERNEL32.dll
 0001:00024b40       _FlushFileBuffers@4        00425b40 f   kernel32:KERNEL32.dll
 0001:00024b46       _WriteConsoleW@20          00425b46 f   kernel32:KERNEL32.dll
 0001:00024b4c       _CreateFileA@28            00425b4c f   kernel32:KERNEL32.dll
 0001:00024b52       _HeapSize@12               00425b52 f   kernel32:KERNEL32.dll
 0001:00024b58       _CreateFileW@28            00425b58 f   kernel32:KERNEL32.dll
 0001:00024b5e       _SetEndOfFile@4            00425b5e f   kernel32:KERNEL32.dll
 0001:00024b64       _GetProcessHeap@0          00425b64 f   kernel32:KERNEL32.dll
 0001:00024b6a       _CompareStringW@24         00425b6a f   kernel32:KERNEL32.dll
 0001:00024b70       _SetEnvironmentVariableA@8 00425b70 f   kernel32:KERNEL32.dll
 0002:00000000       __imp__GetOpenFileNameA@4  00426000     comdlg32:COMDLG32.dll
 0002:00000004       \177COMDLG32_NULL_THUNK_DATA 00426004     comdlg32:COMDLG32.dll
 0002:00000008       __imp__CompareStringW@24   00426008     kernel32:KERNEL32.dll
 0002:0000000c       __imp__GetProcessHeap@0    0042600c     kernel32:KERNEL32.dll
 0002:00000010       __imp__SetEndOfFile@4      00426010     kernel32:KERNEL32.dll
 0002:00000014       __imp__CreateFileW@28      00426014     kernel32:KERNEL32.dll
 0002:00000018       __imp__HeapSize@12         00426018     kernel32:KERNEL32.dll
 0002:0000001c       __imp__CreateFileA@28      0042601c     kernel32:KERNEL32.dll
 0002:00000020       __imp__WriteConsoleW@20    00426020     kernel32:KERNEL32.dll
 0002:00000024       __imp__SetEnvironmentVariableA@8 00426024     kernel32:KERNEL32.dll
 0002:00000028       __imp__SetStdHandle@8      00426028     kernel32:KERNEL32.dll
 0002:0000002c       __imp__HeapReAlloc@16      0042602c     kernel32:KERNEL32.dll
 0002:00000030       __imp__IsValidLocale@8     00426030     kernel32:KERNEL32.dll
 0002:00000034       __imp__EnumSystemLocalesA@8 00426034     kernel32:KERNEL32.dll
 0002:00000038       __imp__GetLocaleInfoA@16   00426038     kernel32:KERNEL32.dll
 0002:0000003c       __imp__GetUserDefaultLCID@0 0042603c     kernel32:KERNEL32.dll
 0002:00000040       __imp__GetStringTypeW@16   00426040     kernel32:KERNEL32.dll
 0002:00000044       __imp__FlushFileBuffers@4  00426044     kernel32:KERNEL32.dll
 0002:00000048       __imp__InterlockedDecrement@4 00426048     kernel32:KERNEL32.dll
 0002:0000004c       __imp__GetProcAddress@8    0042604c     kernel32:KERNEL32.dll
 0002:00000050       __imp__LoadLibraryA@4      00426050     kernel32:KERNEL32.dll
 0002:00000054       __imp__FreeLibrary@4       00426054     kernel32:KERNEL32.dll
 0002:00000058       __imp__GetModuleFileNameA@12 00426058     kernel32:KERNEL32.dll
 0002:0000005c       __imp__GetModuleHandleA@4  0042605c     kernel32:KERNEL32.dll
 0002:00000060       __imp__OutputDebugStringA@4 00426060     kernel32:KERNEL32.dll
 0002:00000064       __imp__GetLastError@0      00426064     kernel32:KERNEL32.dll
 0002:00000068       __imp__HeapFree@12         00426068     kernel32:KERNEL32.dll
 0002:0000006c       __imp__HeapAlloc@12        0042606c     kernel32:KERNEL32.dll
 0002:00000070       __imp__GetTimeFormatA@24   00426070     kernel32:KERNEL32.dll
 0002:00000074       __imp__GetDateFormatA@24   00426074     kernel32:KERNEL32.dll
 0002:00000078       __imp__GetSystemTimeAsFileTime@4 00426078     kernel32:KERNEL32.dll
 0002:0000007c       __imp__CreateDirectoryA@8  0042607c     kernel32:KERNEL32.dll
 0002:00000080       __imp__DeleteFileA@4       00426080     kernel32:KERNEL32.dll
 0002:00000084       __imp__GetCommandLineA@0   00426084     kernel32:KERNEL32.dll
 0002:00000088       __imp__HeapSetInformation@16 00426088     kernel32:KERNEL32.dll
 0002:0000008c       __imp__GetStartupInfoW@4   0042608c     kernel32:KERNEL32.dll
 0002:00000090       __imp__TerminateProcess@8  00426090     kernel32:KERNEL32.dll
 0002:00000094       __imp__GetCurrentProcess@0 00426094     kernel32:KERNEL32.dll
 0002:00000098       __imp__UnhandledExceptionFilter@4 00426098     kernel32:KERNEL32.dll
 0002:0000009c       __imp__SetUnhandledExceptionFilter@4 0042609c     kernel32:KERNEL32.dll
 0002:000000a0       __imp__IsDebuggerPresent@0 004260a0     kernel32:KERNEL32.dll
 0002:000000a4       __imp__IsProcessorFeaturePresent@4 004260a4     kernel32:KERNEL32.dll
 0002:000000a8       __imp__HeapCreate@12       004260a8     kernel32:KERNEL32.dll
 0002:000000ac       __imp__HeapDestroy@4       004260ac     kernel32:KERNEL32.dll
 0002:000000b0       __imp__GetModuleHandleW@4  004260b0     kernel32:KERNEL32.dll
 0002:000000b4       __imp__ExitProcess@4       004260b4     kernel32:KERNEL32.dll
 0002:000000b8       __imp__DecodePointer@4     004260b8     kernel32:KERNEL32.dll
 0002:000000bc       __imp__WriteFile@20        004260bc     kernel32:KERNEL32.dll
 0002:000000c0       __imp__GetStdHandle@4      004260c0     kernel32:KERNEL32.dll
 0002:000000c4       __imp__GetModuleFileNameW@12 004260c4     kernel32:KERNEL32.dll
 0002:000000c8       __imp__EncodePointer@4     004260c8     kernel32:KERNEL32.dll
 0002:000000cc       __imp__RaiseException@16   004260cc     kernel32:KERNEL32.dll
 0002:000000d0       __imp__GetCPInfo@8         004260d0     kernel32:KERNEL32.dll
 0002:000000d4       __imp__InterlockedIncrement@4 004260d4     kernel32:KERNEL32.dll
 0002:000000d8       __imp__GetACP@0            004260d8     kernel32:KERNEL32.dll
 0002:000000dc       __imp__GetOEMCP@0          004260dc     kernel32:KERNEL32.dll
 0002:000000e0       __imp__IsValidCodePage@4   004260e0     kernel32:KERNEL32.dll
 0002:000000e4       __imp__TlsAlloc@0          004260e4     kernel32:KERNEL32.dll
 0002:000000e8       __imp__TlsGetValue@4       004260e8     kernel32:KERNEL32.dll
 0002:000000ec       __imp__TlsSetValue@8       004260ec     kernel32:KERNEL32.dll
 0002:000000f0       __imp__TlsFree@4           004260f0     kernel32:KERNEL32.dll
 0002:000000f4       __imp__SetLastError@4      004260f4     kernel32:KERNEL32.dll
 0002:000000f8       __imp__GetCurrentThreadId@0 004260f8     kernel32:KERNEL32.dll
 0002:000000fc       __imp__GetCurrentThread@0  004260fc     kernel32:KERNEL32.dll
 0002:00000100       __imp__WideCharToMultiByte@32 00426100     kernel32:KERNEL32.dll
 0002:00000104       __imp__LCMapStringW@24     00426104     kernel32:KERNEL32.dll
 0002:00000108       __imp__MultiByteToWideChar@24 00426108     kernel32:KERNEL32.dll
 0002:0000010c       __imp__Sleep@4             0042610c     kernel32:KERNEL32.dll
 0002:00000110       __imp__GetTimeZoneInformation@4 00426110     kernel32:KERNEL32.dll
 0002:00000114       __imp__CloseHandle@4       00426114     kernel32:KERNEL32.dll
 0002:00000118       __imp__EnterCriticalSection@4 00426118     kernel32:KERNEL32.dll
 0002:0000011c       __imp__LeaveCriticalSection@4 0042611c     kernel32:KERNEL32.dll
 0002:00000120       __imp__GetConsoleCP@0      00426120     kernel32:KERNEL32.dll
 0002:00000124       __imp__GetConsoleMode@8    00426124     kernel32:KERNEL32.dll
 0002:00000128       __imp__InitializeCriticalSectionAndSpinCount@8 00426128     kernel32:KERNEL32.dll
 0002:0000012c       __imp__RtlUnwind@16        0042612c     kernel32:KERNEL32.dll
 0002:00000130       __imp__SetHandleCount@4    00426130     kernel32:KERNEL32.dll
 0002:00000134       __imp__GetFileType@4       00426134     kernel32:KERNEL32.dll
 0002:00000138       __imp__DeleteCriticalSection@4 00426138     kernel32:KERNEL32.dll
 0002:0000013c       __imp__SetFilePointer@16   0042613c     kernel32:KERNEL32.dll
 0002:00000140       __imp__ReadFile@20         00426140     kernel32:KERNEL32.dll
 0002:00000144       __imp__FreeEnvironmentStringsW@4 00426144     kernel32:KERNEL32.dll
 0002:00000148       __imp__GetEnvironmentStringsW@0 00426148     kernel32:KERNEL32.dll
 0002:0000014c       __imp__QueryPerformanceCounter@4 0042614c     kernel32:KERNEL32.dll
 0002:00000150       __imp__GetTickCount@0      00426150     kernel32:KERNEL32.dll
 0002:00000154       __imp__GetCurrentProcessId@0 00426154     kernel32:KERNEL32.dll
 0002:00000158       __imp__FatalAppExitA@8     00426158     kernel32:KERNEL32.dll
 0002:0000015c       __imp__SetConsoleCtrlHandler@8 0042615c     kernel32:KERNEL32.dll
 0002:00000160       __imp__InterlockedExchange@8 00426160     kernel32:KERNEL32.dll
 0002:00000164       __imp__LoadLibraryW@4      00426164     kernel32:KERNEL32.dll
 0002:00000168       __imp__GetLocaleInfoW@16   00426168     kernel32:KERNEL32.dll
 0002:0000016c       \177KERNEL32_NULL_THUNK_DATA 0042616c     kernel32:KERNEL32.dll
 0002:00000170       __imp__DragQueryFileA@16   00426170     shell32:SHELL32.dll
 0002:00000174       __imp__DragFinish@4        00426174     shell32:SHELL32.dll
 0002:00000178       __imp__DragAcceptFiles@8   00426178     shell32:SHELL32.dll
 0002:0000017c       \177SHELL32_NULL_THUNK_DATA 0042617c     shell32:SHELL32.dll
 0002:00000180       __imp__DialogBoxParamA@20  00426180     user32:USER32.dll
 0002:00000184       __imp__InvalidateRect@12   00426184     user32:USER32.dll
 0002:00000188       __imp__GetMenu@4           00426188     user32:USER32.dll
 0002:0000018c       __imp__CheckMenuItem@12    0042618c     user32:USER32.dll
 0002:00000190       __imp__EndDialog@8         00426190     user32:USER32.dll
 0002:00000194       __imp__GetWindowLongA@8    00426194     user32:USER32.dll
 0002:00000198       __imp__LoadIconA@8         00426198     user32:USER32.dll
 0002:0000019c       __imp__SendMessageA@16     0042619c     user32:USER32.dll
 0002:000001a0       __imp__SetWindowTextA@8    004261a0     user32:USER32.dll
 0002:000001a4       __imp__GetDlgItem@8        004261a4     user32:USER32.dll
 0002:000001a8       __imp__GetWindowTextA@12   004261a8     user32:USER32.dll
 0002:000001ac       __imp__MessageBoxA@16      004261ac     user32:USER32.dll
 0002:000001b0       \177USER32_NULL_THUNK_DATA 004261b0     user32:USER32.dll
 0002:000001b4       ___xc_a                    004261b4     LIBCMT:crt0init.obj
 0002:000001b8       ___xc_z                    004261b8     LIBCMT:crt0init.obj
 0002:000001bc       ___xi_a                    004261bc     LIBCMT:crt0init.obj
 0002:000001d8       ___xi_z                    004261d8     LIBCMT:crt0init.obj
 0002:000001dc       ___xp_a                    004261dc     LIBCMT:crt0init.obj
 0002:000001e8       ___xp_z                    004261e8     LIBCMT:crt0init.obj
 0002:000001ec       ___xt_a                    004261ec     LIBCMT:crt0init.obj
 0002:000001f0       ___xt_z                    004261f0     LIBCMT:crt0init.obj
 0002:00000228       __real@4024000000000000    00426228     cul_json.obj
 0002:00000230       __real@bff0000000000000    00426230     cul_json.obj
 0002:00000238       __real@3ff0000000000000    00426238     cul_json.obj
 0002:00000240       __real@0000000000000000    00426240     cul_json.obj
 0002:00000248       __real@41cdcd6500000000    00426248     cul_json.obj
 0002:00000250       __real@3eb0c6f7a0b5ed8d    00426250     cul_json.obj
 0002:00000258       __real@4c63e9e4e4c2f344    00426258     cul_json.obj
[...]
 0002:00005fe8       __load_config_used         0042bfe8     LIBCMT:loadcfg.obj
 0002:00006090       ___safe_se_handler_table   0042c090     <linker-defined>
 0002:0000609c       ___rtc_iaa                 0042c09c     LIBCMT:_initsect_.obj
 0002:000060a0       ___rtc_izz                 0042c0a0     LIBCMT:_initsect_.obj
 0002:000060a4       ___rtc_taa                 0042c0a4     LIBCMT:_initsect_.obj
 0002:000060a8       ___rtc_tzz                 0042c0a8     LIBCMT:_initsect_.obj
 0002:00006774       __IMPORT_DESCRIPTOR_USER32 0042c774     user32:USER32.dll
 0002:00006788       __IMPORT_DESCRIPTOR_SHELL32 0042c788     shell32:SHELL32.dll
 0002:0000679c       __IMPORT_DESCRIPTOR_COMDLG32 0042c79c     comdlg32:COMDLG32.dll
 0002:000067b0       __IMPORT_DESCRIPTOR_KERNEL32 0042c7b0     kernel32:KERNEL32.dll
 0002:000067c4       __NULL_IMPORT_DESCRIPTOR   0042c7c4     user32:USER32.dll
 0003:00000bf4       _mod_string                0042ebf4     cul_log.obj
 0003:00000d3c       ___security_cookie         0042ed3c     LIBCMT:gs_cookie.obj
 0003:00000d40       ___security_cookie_complement 0042ed40     LIBCMT:gs_cookie.obj
 0003:00000d50       __half                     0042ed50     LIBCMT:_pow_.obj
 0003:00000d5c       __fltused                  0042ed5c     LIBCMT:_fpinit_.obj
 0003:00000d60       __ldused                   0042ed60     LIBCMT:_fpinit_.obj
 0003:00000d70       ___app_type                0042ed70     LIBCMT:wincrt0.obj
 0003:00000ef0       __cfltcvt_tab              0042eef0     LIBCMT:cmiscdat.obj
 0003:00000f1c       ___nullstring              0042ef1c     LIBCMT:output.obj
 0003:00000f20       ___wnullstring             0042ef20     LIBCMT:output.obj
 0003:00001010       __d_inf                    0042f010     LIBCMT:_util_.obj
 0003:00001018       __d_ind                    0042f018     LIBCMT:_util_.obj
 0003:00001020       __d_max                    0042f020     LIBCMT:_util_.obj
 0003:00001028       __d_min                    0042f028     LIBCMT:_util_.obj
 0003:00001030       __d_mzero                  0042f030     LIBCMT:_util_.obj
 0003:00001058       ___initialmbcinfo          0042f058     LIBCMT:mbctype.obj
 0003:00001278       __mbctype                  0042f278     LIBCMT:mbctype.obj
 0003:00001380       __mbcasemap                0042f380     LIBCMT:mbctype.obj
 0003:00001480       ___ptmbcinfo               0042f480     LIBCMT:mbctype.obj
 0003:00001578       ___globallocalestatus      0042f578     LIBCMT:glstatus.obj
 0003:0000157c       ___clocalestr              0042f57c     LIBCMT:nlsdata2.obj
 0003:00001580       ___lc_time_c               0042f580     LIBCMT:nlsdata2.obj
 0003:000016e8       ___initiallocinfo          0042f6e8     LIBCMT:nlsdata2.obj
 0003:000017c0       ___ptlocinfo               0042f7c0     LIBCMT:nlsdata2.obj
 0003:000017c4       ___initiallocalestructinfo 0042f7c4     LIBCMT:nlsdata2.obj
 0003:000017cc       ___flsindex                0042f7cc     LIBCMT:tidtable.obj
 0003:000017d0       ___getvalueindex           0042f7d0     LIBCMT:tidtable.obj
 0003:000017d8       __timezone                 0042f7d8     LIBCMT:timeset.obj
 0003:000017dc       __daylight                 0042f7dc     LIBCMT:timeset.obj
 0003:000017e0       __dstbias                  0042f7e0     LIBCMT:timeset.obj
 0003:00001868       __tzname                   0042f868     LIBCMT:timeset.obj
 0003:00001890       __iob                      0042f890     LIBCMT:_file.obj
 0003:00001b10       ___badioinfo               0042fb10     LIBCMT:ioinit.obj
 0003:00001b50       __lookuptrailbytes         0042fb50     LIBCMT:read.obj
 0003:00001d70       __matherr_flag             0042fd70     LIBCMT:_matherr_.obj
 0003:00001d80       ___lconv_static_decimal    0042fd80     LIBCMT:lconv.obj
 0003:00001d84       ___lconv_static_W_decimal  0042fd84     LIBCMT:lconv.obj
 0003:00001d88       ___lconv_c                 0042fd88     LIBCMT:lconv.obj
 0003:00001dd8       ___lconv                   0042fdd8     LIBCMT:lconv.obj
 0003:00001ddc       __pctype                   0042fddc     LIBCMT:ctype.obj
 0003:00001de0       __pwctype                  0042fde0     LIBCMT:ctype.obj
 0003:00001de4       ___mb_cur_max              0042fde4     LIBCMT:nlsdata1.obj
 0003:00001de8       ___decimal_point           0042fde8     LIBCMT:nlsdata1.obj
 0003:00001dec       ___decimal_point_length    0042fdec     LIBCMT:nlsdata1.obj
 0003:00001df0       __lpdays                   0042fdf0     LIBCMT:days.obj
 0003:00001e24       __days                     0042fe24     LIBCMT:days.obj
 0003:00001e60       __NLG_Destination          0042fe60     LIBCMT:exsup.obj
 0003:00001e70       ___abort_behavior          0042fe70     LIBCMT:abort.obj
 0003:00001ea4       __confh                    0042fea4     LIBCMT:initcon.obj
 0003:00001ea8       __pow10pos                 0042fea8     LIBCMT:_constpow_.obj
 0003:00002008       __pow10neg                 00430008     LIBCMT:_constpow_.obj
 0003:00002390       _h_interface_dll           00430390     culmis_tools.obj
 0003:0000239c       ___fastflag                0043039c     LIBCMT:_fpinit_.obj
 0003:000023a0       __aenvptr                  004303a0     LIBCMT:wincrt0.obj
 0003:000023a4       __wenvptr                  004303a4     LIBCMT:wincrt0.obj
 0003:000023a8       ___error_mode              004303a8     LIBCMT:wincrt0.obj
 0003:000026d4       __crtheap                  004306d4     LIBCMT:heapinit.obj
 0003:000026d8       __umaskval                 004306d8     LIBCMT:crt0dat.obj
 0003:000026dc       ___argc                    004306dc     LIBCMT:crt0dat.obj
 0003:000026e0       ___argv                    004306e0     LIBCMT:crt0dat.obj
 0003:000026e4       ___wargv                   004306e4     LIBCMT:crt0dat.obj
 0003:000026e8       __environ                  004306e8     LIBCMT:crt0dat.obj
 0003:000026ec       ___initenv                 004306ec     LIBCMT:crt0dat.obj
 0003:000026f0       __wenviron                 004306f0     LIBCMT:crt0dat.obj
 0003:000026f4       ___winitenv                004306f4     LIBCMT:crt0dat.obj
 0003:000026f8       __pgmptr                   004306f8     LIBCMT:crt0dat.obj
 0003:000026fc       __wpgmptr                  004306fc     LIBCMT:crt0dat.obj
 0003:00002700       __exitflag                 00430700     LIBCMT:crt0dat.obj
 0003:00002704       __C_Termination_Done       00430704     LIBCMT:crt0dat.obj
 0003:00002708       __C_Exit_Done              00430708     LIBCMT:crt0dat.obj
 0003:00002d38       ?_pnhHeap@@3P6AHI@ZA       00430d38     LIBCMT:handler.obj
 0003:00002d3c       __newmode                  00430d3c     LIBCMT:_newmode.obj
 0003:00002d44       ___pInvalidArgHandler      00430d44     LIBCMT:invarg.obj
 0003:00002d4c       ___mbulinfo                00430d4c     LIBCMT:mbctype.obj
 0003:00002d58       ___mbcodepage              00430d58     LIBCMT:mbctype.obj
 0003:00002d5c       ___ismbcodepage            00430d5c     LIBCMT:mbctype.obj
 0003:00002d60       ___mblcid                  00430d60     LIBCMT:mbctype.obj
 0003:00002d64       _gpFlsAlloc                00430d64     LIBCMT:tidtable.obj
 0003:00002d68       _gpFlsGetValue             00430d68     LIBCMT:tidtable.obj
 0003:00002d6c       _gpFlsSetValue             00430d6c     LIBCMT:tidtable.obj
 0003:00002d70       _gpFlsFree                 00430d70     LIBCMT:tidtable.obj
 0003:00002d74       ___locale_changed          00430d74     LIBCMT:setlocal.obj
 0003:00002d78       __maxwait                  00430d78     LIBCMT:crtheap.obj
 0003:00002e38       __cflush                   00430e38     LIBCMT:_file.obj
 0003:00003098       ?__pInconsistency@@3P6AXXZA 00431098     LIBCMT:hooks.obj
 0003:000030b4       ___pPurecall               004310b4     LIBCMT:inithelp.obj
 0003:000030cc       __outputformat             004310cc     LIBCMT:outputformat.obj
 0003:000030d4       ___lconv_static_null       004310d4     LIBCMT:lconv.obj
 0003:000030d8       ___lconv_static_W_null     004310d8     LIBCMT:lconv.obj
 0003:000030dc       __commode                  004310dc     LIBCMT:ncommode.obj
 0003:000030e0       __stdbuf                   004310e0     LIBCMT:_sftbuf.obj
 0003:000030e8       __fmode                    004310e8     LIBCMT:txtmode.obj
 0003:00003100       _structRsp                 00431100     <common>
 0003:00003740       _rsp_text                  00431740     <common>
 0003:00005740       _req_text                  00433740     <common>
 0003:00007740       _structReq                 00435740     <common>
 0003:00007c04       _cul_interface             00435c04     <common>
 0003:00007c08       __debugger_hook_dummy      00435c08     <common>
 0003:00007c0c       __nhandle                  00435c0c     <common>
 0003:00007c20       ___pioinfo                 00435c20     <common>
 0003:00007d20       __pDestructExceptionObject 00435d20     <common>
 0003:00007d24       ___piob                    00435d24     <common>
 0003:00007d40       __bufin                    00435d40     <common>
 0003:00008d40       __nstream                  00436d40     <common>
 0003:00008d44       ___setlc_active            00436d44     <common>
 0003:00008d48       ___unguarded_readlc_active 00436d48     <common>
 0003:00008d4c       __pmatherr                 00436d4c     <common>
 0003:00008d50       ___use_sse2_mathfcns       00436d50     <common>
 0003:00008d54       ___env_initialized         00436d54     <common>
 0003:00008d58       ___onexitend               00436d58     <common>
 0003:00008d5c       ___onexitbegin             00436d5c     <common>
 0003:00008d60       ___mbctype_initialized     00436d60     <common>
 0003:00008d64       ___dyn_tls_init_callback   00436d64     <common>
 0003:00008d68       ___sse2_available          00436d68     <common>
 0003:00008d6c       __acmdln                   00436d6c     <common>
 0003:00008d70       __NoHeapEnableTerminationOnCorruption 00436d70     <common>

 entry point at        0001:0000b4b8

 Static symbols

 0001:00001a80       _cJSON_New_Item            00402a80 f   cul_json.obj
 0001:00001ab0       _skip                      00402ab0 f   cul_json.obj
 0001:00001b90       _parse_value               00402b90 f   cul_json.obj
 0001:00001cd0       _parse_number              00402cd0 f   cul_json.obj
 0001:00001ed0       _parse_string              00402ed0 f   cul_json.obj
 0001:000022a0       _parse_hex4                004032a0 f   cul_json.obj
 0001:000024f0       _print_value               004034f0 f   cul_json.obj
 0001:00002720       _cJSON_strdup              00403720 f   cul_json.obj
 0001:00002770       _ensure                    00403770 f   cul_json.obj
 0001:00002850       _pow2gt                    00403850 f   cul_json.obj
 0001:000028a0       _print_number              004038a0 f   cul_json.obj
 0001:00002ab0       _print_string              00403ab0 f   cul_json.obj
 0001:00002ad0       _print_string_ptr          00403ad0 f   cul_json.obj
 0001:00002ec0       _parse_array               00403ec0 f   cul_json.obj
 0001:00002ff0       _print_array               00403ff0 f   cul_json.obj
 0001:00003400       _update                    00404400 f   cul_json.obj
 0001:00003440       _parse_object              00404440 f   cul_json.obj
 0001:00003650       _print_object              00404650 f   cul_json.obj
 0001:00003f00       _cJSON_strcasecmp          00404f00 f   cul_json.obj
 0001:00004000       _suffix_object             00405000 f   cul_json.obj
 0001:000040f0       _create_reference          004050f0 f   cul_json.obj
 0001:00004c00       _localtime                 00405c00 f   cul_log.obj
 0001:00004c20       _time                      00405c20 f   cul_log.obj
 0001:00005220       _cul_file_get_length       00406220 f   cul_log.obj
 0001:000052f0       _cul_file_write_data       004062f0 f   cul_log.obj
 0001:000053d0       _cul_file_write_data_append 004063d0 f   cul_log.obj
 0001:00005480       _cul_log_get_cur_file      00406480 f   cul_log.obj
 0001:000054d0       _cul_log_offset_ins        004064d0 f   cul_log.obj
 0001:000055b0       _cul_file_delete           004065b0 f   cul_log.obj
 0001:00005620       _cul_log_get_record        00406620 f   cul_log.obj
 0001:000056a0       _cul_file_read_data        004066a0 f   cul_log.obj
 0001:00006ed8       ?_store_str@@YAXPADPAPADPAI@Z 00407ed8 f   LIBCMT:strftime.obj
 0001:00006ef8       ?_store_number@@YAXHPAPADPAI@Z 00407ef8 f   LIBCMT:strftime.obj
 0001:00006f2e       ?_store_num@@YAXHHPAPADPAII@Z 00407f2e f   LIBCMT:strftime.obj
 0001:00006fa9       ?_expandtime@@YAHPAUlocaleinfo_struct@@DPBUtm@@PAPADPAIPAU__lc_time_data@@I@Z 00407fa9 f   LIBCMT:strftime.obj
 0001:00007361       ?_store_winword@@YAHPAUlocaleinfo_struct@@HPBUtm@@PAPADPAIPAU__lc_time_data@@@Z 00408361 f   LIBCMT:strftime.obj
 0001:000082af       _cmpResult                 004092af f   LIBCMT:memcmp.obj
 0001:000082bf       _cmpBYTE                   004092bf f   LIBCMT:memcmp.obj
 0001:000082d5       _cmpWORD                   004092d5 f   LIBCMT:memcmp.obj
 0001:00008311       _cmpDWORD                  00409311 f   LIBCMT:memcmp.obj
 0001:00008381       _unaligned_memcmp          00409381 f   LIBCMT:memcmp.obj
 0001:0000b2db       _fast_error_exit           0040c2db f   LIBCMT:wincrt0.obj
 0001:0000b304       _check_managed_app         0040c304 f   LIBCMT:wincrt0.obj
 0001:0000b34b       ___tmainCRTStartup         0040c34b f   LIBCMT:wincrt0.obj
 0001:0000b96c       __initterm                 0040c96c f   LIBCMT:crt0dat.obj
 0001:0000baa4       _doexit                    0040caa4 f   LIBCMT:crt0dat.obj
 0001:0000d34a       __shift                    0040e34a f   LIBCMT:cvt.obj
 0001:0000d38f       __cftoe2_l                 0040e38f f   LIBCMT:cvt.obj
 0001:0000d96d       __cftof2_l                 0040e96d f   LIBCMT:cvt.obj
 0001:0000e287       _write_char                0040f287 f   LIBCMT:output.obj
 0001:0000e2ba       _write_multi_char          0040f2ba f   LIBCMT:output.obj
 0001:0000e2e0       _write_string              0040f2e0 f   LIBCMT:output.obj
 0001:0000f9e8       __get_fname                004109e8 f   LIBCMT:_fpexcept_.obj
 0001:000100cf       ?CPtoLCID@@YAHH@Z          004110cf f   LIBCMT:mbctype.obj
 0001:000100fe       ?setSBCS@@YAXPAUthreadmbcinfostruct@@@Z 004110fe f   LIBCMT:mbctype.obj
 0001:00010162       ?setSBUpLow@@YAXPAUthreadmbcinfostruct@@@Z 00411162 f   LIBCMT:mbctype.obj
 0001:00010396       ?getSystemCP@@YAHH@Z       00411396 f   LIBCMT:mbctype.obj
 0001:00011057       ?strncnt@@YAHPBDH@Z        00412057 f   LIBCMT:a_map.obj
 0001:00011075       ?__crtLCMapStringA_stat@@YAHPAUlocaleinfo_struct@@KKPBDHPADHHH@Z 00412075 f   LIBCMT:a_map.obj
 0001:0001164f       __copytlocinfo_nolock      0041264f f   LIBCMT:setlocal.obj
 0001:000116d3       _sync_legacy_variables_lk  004126d3 f   LIBCMT:setlocal.obj
 0001:00011a4b       __setlocale_get_all        00412a4b f   LIBCMT:setlocal.obj
 0001:00011dd1       __setlocale_set_cat        00412dd1 f   LIBCMT:setlocal.obj
 0001:0001210b       __setlocale_nolock         0041310b f   LIBCMT:setlocal.obj
 0001:000128ca       __tzset_nolock             004138ca f   LIBCMT:tzset.obj
 0001:00012bdd       _cvtdate                   00413bdd f   LIBCMT:tzset.obj
 0001:00012dd4       __isindst_nolock           00413dd4 f   LIBCMT:tzset.obj
 0001:00013a1f       _flsall                    00414a1f f   LIBCMT:fflush.obj
 0001:00013d70       _ValidateLocalCookies      00414d70 f   LIBCMT:chandler4.obj
 0001:00014b60       __unwind_handler4          00415b60 f   LIBCMT:exsup4.obj
 0001:00014d4d       _write_char                00415d4d f   LIBCMT:outputp.obj
 0001:00014d80       _write_multi_char          00415d80 f   LIBCMT:outputp.obj
 0001:00014da6       _write_string              00415da6 f   LIBCMT:outputp.obj
 0001:00016141       ?strtoxl@@YAKPAUlocaleinfo_struct@@PBDPAPBDHH@Z 00417141 f   LIBCMT:strtol.obj
 0001:000163fd       ?strtoxq@@YA_KPAUlocaleinfo_struct@@PBDPAPBDHH@Z 004173fd f   LIBCMT:strtoq.obj
 0001:000173a0       _xcptlookup                004183a0 f   LIBCMT:winxfltr.obj
 0001:0001767a       _parse_cmdline             0041867a f   LIBCMT:stdargv.obj
 0001:00017ccd       _ctrlevent_capture@4       00418ccd f   LIBCMT:winsig.obj
 0001:00017d69       _siglookup                 00418d69 f   LIBCMT:winsig.obj
 0001:0001845c       __onexit_nolock            0041945c f   LIBCMT:onexit.obj
 0001:0001a625       _write_char                0041b625 f   LIBCMT:outputs.obj
 0001:0001a658       _write_multi_char          0041b658 f   LIBCMT:outputs.obj
 0001:0001a67e       _write_string              0041b67e f   LIBCMT:outputs.obj
 0001:0001b314       ?__crtGetStringTypeA_stat@@YAHPAUlocaleinfo_struct@@KPBDHPAGHHH@Z 0041c314 f   LIBCMT:a_str.obj
 0001:0001b43b       __get_lc_time              0041c43b f   LIBCMT:inittime.obj
 0001:0001c02e       _fix_grouping              0041d02e f   LIBCMT:initnum.obj
 0001:0001c2b7       _fix_grouping              0041d2b7 f   LIBCMT:initmon.obj
 0001:0001ce68       _TranslateName             0041de68 f   LIBCMT:getqloc.obj
 0001:0001ceca       _GetLcidFromDefault        0041deca f   LIBCMT:getqloc.obj
 0001:0001cede       _ProcessCodePage           0041dede f   LIBCMT:getqloc.obj
 0001:0001cf62       _TestDefaultCountry        0041df62 f   LIBCMT:getqloc.obj
 0001:0001cf87       _LcidFromHexString         0041df87 f   LIBCMT:getqloc.obj
 0001:0001cfb8       _GetPrimaryLen             0041dfb8 f   LIBCMT:getqloc.obj
 0001:0001cfd3       _CountryEnumProc@4         0041dfd3 f   LIBCMT:getqloc.obj
 0001:0001d07a       _TestDefaultLanguage       0041e07a f   LIBCMT:getqloc.obj
 0001:0001d0d5       _LangCountryEnumProc@4     0041e0d5 f   LIBCMT:getqloc.obj
 0001:0001d2a6       _LanguageEnumProc@4        0041e2a6 f   LIBCMT:getqloc.obj
 0001:0001d366       _GetLcidFromCountry        0041e366 f   LIBCMT:getqloc.obj
 0001:0001d392       _GetLcidFromLangCountry    0041e392 f   LIBCMT:getqloc.obj
 0001:0001d3f9       _GetLcidFromLanguage       0041e3f9 f   LIBCMT:getqloc.obj
 0001:0001d894       __getenv_s_helper          0041e894 f   LIBCMT:getenv.obj
 0001:0001d91f       __dupenv_s_helper          0041e91f f   LIBCMT:getenv.obj
 0001:0001e426       __tsopen_nolock            0041f426 f   LIBCMT:open.obj
 0001:0001f0d0       __unwind_handler           004200d0 f   LIBCMT:exsup.obj
 0001:0001f1e7       ?x_ismbbtype_l@@YAHPAUlocaleinfo_struct@@IHH@Z 004201e7 f   LIBCMT:ismbbyte.obj
 0001:0001f4f8       ?__crtGetLocaleInfoA_stat@@YAHPAUlocaleinfo_struct@@KKPADH@Z 004204f8 f   LIBCMT:a_loc.obj
 0001:0002225e       __abstract_cw              0042325e f   LIBCMT:_ieee87_.obj
 0001:000222fd       __hw_cw                    004232fd f   LIBCMT:_ieee87_.obj
 0001:0002238b       __abstract_sw              0042338b f   LIBCMT:_ieee87_.obj
 0001:000223ce       ___abstract_cw_sse2        004233ce f   LIBCMT:_ieee87_.obj
 0001:0002246e       ___hw_cw_sse2              0042346e f   LIBCMT:_ieee87_.obj
 0001:0002250e       ___abstract_sw_sse2        0042350e f   LIBCMT:_ieee87_.obj
 0001:00022551       ___fpreset_sse2            00423551 f   LIBCMT:_ieee87_.obj
 0001:00022627       ___statusfp_sse2           00423627 f   LIBCMT:_ieee87_.obj
 0001:00022662       ___clearfp_sse2            00423662 f   LIBCMT:_ieee87_.obj
 0001:000226b2       ___control87_sse2          004236b2 f   LIBCMT:_ieee87_.obj
 0001:000235ce       _xtoa_s@20                 004245ce f   LIBCMT:xtoas.obj
 0001:000236f3       @x64toa_s@24               004246f3 f   LIBCMT:xtoas.obj
 0001:00024171       ?strncnt@@YAHPBDH@Z        00425171 f   LIBCMT:a_cmp.obj
 0001:0002418f       ?__crtCompareStringA_stat@@YAHPAUlocaleinfo_struct@@KKPBDH1HH@Z 0042518f f   LIBCMT:a_cmp.obj
 0001:00024552       _findenv                   00425552 f   LIBCMT:setenv.obj
 0001:000245a4       _copy_environ              004255a4 f   LIBCMT:setenv.obj
