Open Watcom Linker Version 1.9
Portions Copyright (c) 1985-2002 Sybase, Inc. All Rights Reserved.
Created on:       18/03/23 13:36:55
Executable Image: dos_luac.exe
creating a DOS executable
Error! E2028: _connect_ is an undefined reference


                        +------------+
                        |   Groups   |
                        +------------+

Group                           Address              Size
=====                           =======              ====

DGROUP                          32bf:0000            00004ad0



                        +--------------+
                        |   Segments   |
                        +--------------+

Segment                Class          Group          Address         Size
=======                =====          =====          =======         ====

cul_socket_TEXT        CODE           AUTO           0000:0000       00000021
lapi_TEXT              CODE           AUTO           0000:0030       000024bc
lauxlib_TEXT           CODE           AUTO           0000:24f0       00001dc1
lbaselib_TEXT          CODE           AUTO           0000:42c0       00000f80
lbitlib_TEXT           CODE           AUTO           0000:5240       00000012
lcode_TEXT             CODE           AUTO           0000:5260       00001c9e
lcorolib_TEXT          CODE           AUTO           0000:6f00       000003d6
lctype_TEXT            CODE           AUTO           0000:72e0       00000000
ldblib_TEXT            CODE           AUTO           0000:72e0       00000faa
ldebug_TEXT            CODE           AUTO           0000:8290       000014c0
ldo_TEXT               CODE           AUTO           0000:9750       00001607
ldump_TEXT             CODE           AUTO           0000:ad60       00000708
lfunc_TEXT             CODE           AUTO           0000:b470       00000453
lgc_TEXT               CODE           AUTO           0000:b8d0       00002063
linit_TEXT             CODE           AUTO           0000:d940       00000069
liolib_TEXT            CODE           AUTO           0000:d9b0       000013d2
llex_TEXT              CODE           AUTO           0ed9:0000       00001882
lmathlib_TEXT          CODE           AUTO           0ed9:1890       00000bb1
lmem_TEXT              CODE           AUTO           0ed9:2450       0000017c
loadlib_TEXT           CODE           AUTO           0ed9:25d0       00000ec4
lobject_TEXT           CODE           AUTO           0ed9:34a0       00001072
lopcodes_TEXT          CODE           AUTO           0ed9:4520       00000000
loslib_TEXT            CODE           AUTO           0ed9:4520       000009b0
lparser_TEXT           CODE           AUTO           0ed9:4ed0       000033e8
lstate_TEXT            CODE           AUTO           0ed9:82c0       000008d0
lstring_TEXT           CODE           AUTO           0ed9:8b90       000006f2
lstrlib_TEXT           CODE           AUTO           0ed9:9290       000033fb
ltable_TEXT            CODE           AUTO           0ed9:c690       00001105
ltablib_TEXT           CODE           AUTO           0ed9:d7a0       0000119e
ltm_TEXT               CODE           AUTO           0ed9:e940       000004c0
lundump_TEXT           CODE           AUTO           0ed9:ee00       00000b1e
lutf8lib_TEXT          CODE           AUTO           1e6b:0000       00000a83
lvm_TEXT               CODE           AUTO           1e6b:0a90       00004da5
lzio_TEXT              CODE           AUTO           1e6b:5840       0000012d
_TEXT                  CODE           AUTO           2402:0000       0000ebd0
FAR_DATA               FAR_DATA       AUTO           32bf:0000       00000000
_NULL                  BEGDATA        DGROUP         32bf:0000       00000020
_AFTERNULL             BEGDATA        DGROUP         32c1:0000       00000002
CONST                  DATA           DGROUP         32c1:0002       00002a58
CONST2                 DATA           DGROUP         3567:0000       00000d06
_DATA                  DATA           DGROUP         3637:0006       00000672
XIB                    DATA           DGROUP         369e:0008       00000000
XI                     DATA           DGROUP         369e:0008       0000004e
XIE                    DATA           DGROUP         36a3:0006       00000000
YIB                    DATA           DGROUP         36a3:0006       00000000
YI                     DATA           DGROUP         36a3:0006       00000018
YIE                    DATA           DGROUP         36a4:000e       00000000
STRINGS                DATA           DGROUP         36a4:000e       00000000
DATA                   DATA           DGROUP         36a4:000e       00000000
_emu_init_start        EMU            DGROUP         36a4:000e       00000000
_emu_init_end          EMU            DGROUP         36a4:000e       00000000
_BSS                   BSS            DGROUP         36a4:000e       00000468
STACK                  STACK          DGROUP         36ec:0000       00000800


                        +----------------+
                        |   Memory Map   |
                        +----------------+

* = unreferenced symbol
+ = symbol only referenced locally

Address        Symbol
=======        ======

Module: cul_socket.obj(D:\git\lpw_c\lpw_self\culmis_std_dos\cul_socket.c)
0000:0000      main_
Module: lapi.obj(D:\git\lpw_c\lpw_self\culmis_std_dos\lapi.c)
0000:00d0      lua_checkstack_
0000:0176      lua_xmove_
0000:01ee      lua_atpanic_
0000:0208      lua_version_
0000:022a      lua_absindex_
0000:0256      lua_gettop_
0000:0276      lua_settop_
0000:0326      lua_rotate_
0000:03c0      lua_copy_
0000:0446      lua_pushvalue_
0000:047a      lua_type_
0000:0498      lua_typename_
0000:04a8      lua_iscfunction_
0000:04c4      lua_isinteger_
0000:04d6      lua_isnumber_
0000:051c      lua_isstring_
0000:053a*     lua_isuserdata_
0000:0556      lua_rawequal_
0000:05ac*     lua_arith_
0000:061e      lua_compare_
0000:06ca      lua_stringtonumber_
0000:06f8      lua_tonumberx_
0000:0766      lua_tointegerx_
0000:07d4      lua_toboolean_
0000:07f2      lua_tolstring_
0000:08d8      lua_rawlen_
0000:091e*     lua_tocfunction_
0000:094a      lua_touserdata_
0000:0976      lua_tothread_
0000:0990      lua_topointer_
0000:09d4      lua_pushnil_
0000:09ea      lua_pushnumber_
0000:0a22      lua_pushinteger_
0000:0a56      lua_pushlstring_
0000:0ae4      lua_pushstring_
0000:0b64      lua_pushvfstring_
0000:0bb8      lua_pushfstring_
0000:0c26      lua_pushcclosure_
0000:0d20      lua_pushboolean_
0000:0d40      lua_pushlightuserdata_
0000:0d5e      lua_pushthread_
0000:0e80      lua_getglobal_
0000:0ec4      lua_gettable_
0000:0f7a      lua_getfield_
0000:0fa0      lua_geti_
0000:1082      lua_rawget_
0000:10da      lua_rawgeti_
0000:113e      lua_rawgetp_
0000:11b2      lua_createtable_
0000:1228      lua_getmetatable_
0000:12a0      lua_getuservalue_
0000:1440      lua_setglobal_
0000:1482*     lua_settable_
0000:1584      lua_setfield_
0000:15aa      lua_seti_
0000:16e0      lua_rawset_
0000:179a      lua_rawseti_
0000:1826      lua_rawsetp_
0000:18d4      lua_setmetatable_
0000:19ba      lua_setuservalue_
0000:1a54      lua_callk_
0000:1b0c      lua_pcallk_
0000:1c3e      lua_load_
0000:1d3c      lua_dump_
0000:1d88      lua_status_
0000:1da8      lua_gc_
0000:1f2e      lua_error_
0000:1f36      lua_next_
0000:1f82      lua_concat_
0000:2008      lua_len_
0000:2030      lua_getallocf_
0000:2068*     lua_setallocf_
0000:2090      lua_newuserdata_
0000:2212      lua_getupvalue_
0000:227c      lua_setupvalue_
0000:23b2      lua_upvalueid_
0000:2418      lua_upvaluejoin_
32bf:2a80*     _lua_ident
Module: lauxlib.obj(D:\git\lpw_c\lpw_self\culmis_std_dos\lauxlib.c)
0000:2806      luaL_traceback_
0000:296c      luaL_argerror_
0000:2b1a      luaL_where_
0000:2b84      luaL_error_
0000:2be4      luaL_fileresult_
0000:2c84      luaL_execresult_
0000:2cfa      luaL_newmetatable_
0000:2d84      luaL_setmetatable_
0000:2da4      luaL_testudata_
0000:2e28      luaL_checkudata_
0000:2e70      luaL_checkoption_
0000:2f60      luaL_checkstack_
0000:2fac      luaL_checktype_
0000:2fe8      luaL_checkany_
0000:3012      luaL_checklstring_
0000:3062      luaL_optlstring_
0000:30ca      luaL_checknumber_
0000:3118      luaL_optnumber_
0000:31aa      luaL_checkinteger_
0000:31f0      luaL_optinteger_
0000:3354      luaL_prepbuffsize_
0000:3438      luaL_addlstring_
0000:3482      luaL_addstring_
0000:34ac      luaL_pushresult_
0000:3526      luaL_pushresultsize_
0000:3534      luaL_addvalue_
0000:35de      luaL_buffinit_
0000:35fc      luaL_buffinitsize_
0000:361a*     luaL_ref_
0000:36f6*     luaL_unref_
0000:39fe      luaL_loadfilex_
0000:3be2      luaL_loadbufferx_
0000:3c16*     luaL_loadstring_
0000:3c46      luaL_getmetafield_
0000:3cb4+     luaL_callmeta_
0000:3d08      luaL_len_
0000:3d78      luaL_tolstring_
0000:3e9c      luaL_setfuncs_
0000:3f4e      luaL_getsubtable_
0000:3fca      luaL_requiref_
0000:40b8      luaL_gsub_
0000:41da*     luaL_newstate_
0000:4216      luaL_checkversion__
Module: lbaselib.obj(D:\git\lpw_c\lpw_self\culmis_std_dos\lbaselib.c)
0000:51d0      luaopen_base_
Module: lbitlib.obj(D:\git\lpw_c\lpw_self\culmis_std_dos\lbitlib.c)
0000:5240*     luaopen_bit32_
Module: lcode.obj(D:\git\lpw_c\lpw_self\culmis_std_dos\lcode.c)
0000:52ce      luaK_nil_
0000:543a      luaK_concat_
0000:5482      luaK_jump_
0000:54c8      luaK_ret_
0000:5502      luaK_getlabel_
0000:56be      luaK_patchtohere_
0000:56dc      luaK_patchlist_
0000:56f8      luaK_patchclose_
0000:5872      luaK_codeABC_
0000:58dc      luaK_codeABx_
0000:5932      luaK_codek_
0000:593e      luaK_checkstack_
0000:5990      luaK_reserveregs_
0000:5bee      luaK_stringK_
0000:5c18      luaK_intK_
0000:5cf8      luaK_setreturns_
0000:5dcc      luaK_setoneret_
0000:5e54      luaK_dischargevars_
0000:6204      luaK_exp2nextreg_
0000:6270      luaK_exp2anyregup_
0000:6284      luaK_exp2val_
0000:6290      luaK_exp2anyreg_
0000:62f2      luaK_exp2RK_
0000:639e      luaK_storevar_
0000:6450      luaK_self_
0000:65e6      luaK_goiftrue_
0000:6668      luaK_goiffalse_
0000:679e      luaK_indexed_
0000:6b7a      luaK_prefix_
0000:6c0c      luaK_infix_
0000:6caa      luaK_posfix_
0000:6e60      luaK_fixline_
0000:6e7a      luaK_setlist_
Module: lcorolib.obj(D:\git\lpw_c\lpw_self\culmis_std_dos\lcorolib.c)
0000:7290      luaopen_coroutine_
Module: lctype.obj(D:\git\lpw_c\lpw_self\culmis_std_dos\lctype.c)
32bf:2c4c      _luai_ctype_
Module: ldblib.obj(D:\git\lpw_c\lpw_self\culmis_std_dos\ldblib.c)
0000:8244      luaopen_debug_
Module: ldebug.obj(D:\git\lpw_c\lpw_self\culmis_std_dos\ldebug.c)
0000:8334      lua_sethook_
0000:838c      lua_gethook_
0000:839a      lua_gethookmask_
0000:83a4      lua_gethookcount_
0000:83ae      lua_getstack_
0000:85e2      lua_getlocal_
0000:8694      lua_setlocal_
0000:8a3a      lua_getinfo_
0000:927e      luaG_typeerror_
0000:92cc      luaG_concaterror_
0000:92f4      luaG_opinterror_
0000:9360      luaG_tointerror_
0000:93ce      luaG_ordererror_
0000:945c      luaG_addinfo_
0000:94b8      luaG_errormsg_
0000:9542      luaG_runerror_
0000:95ca      luaG_traceexec_
Module: ldo.obj(D:\git\lpw_c\lpw_self\culmis_std_dos\ldo.c)
0000:97f2      luaD_throw_
0000:98ee      luaD_rawrunprotected_
0000:9a86+     luaD_reallocstack_
0000:9b46      luaD_growstack_
0000:9c10      luaD_shrinkstack_
0000:9c82      luaD_inctop_
0000:9cbc      luaD_hook_
0000:9f40      luaD_precall_
0000:a3ee      luaD_poscall_
0000:a4ba      luaD_call_
0000:a500      luaD_callnoyield_
0000:a8b2      lua_resume_
0000:a97e      lua_isyieldable_
0000:a992      lua_yieldk_
0000:aa56      luaD_pcall_
0000:ac5a      luaD_protectedparser_
Module: ldump.obj(D:\git\lpw_c\lpw_self\culmis_std_dos\ldump.c)
0000:b3f8      luaU_dump_
Module: lfunc.obj(D:\git\lpw_c\lpw_self\culmis_std_dos\lfunc.c)
0000:b470      luaF_newCclosure_
0000:b4a6      luaF_newLclosure_
0000:b4ee      luaF_initupvals_
0000:b562      luaF_findupval_
0000:b660      luaF_close_
0000:b70a      luaF_newproto_
0000:b7a0      luaF_freeproto_
0000:b888      luaF_getlocalname_
Module: lgc.obj(D:\git\lpw_c\lpw_self\culmis_std_dos\lgc.c)
0000:b926      luaC_barrier__
0000:b968      luaC_barrierback__
0000:b992      luaC_upvalbarrier__
0000:b9be      luaC_fix_
0000:b9f4      luaC_newobj_
0000:cab8      luaC_upvdeccount_
0000:d104      luaC_checkfinalizer_
0000:d2dc      luaC_freeallobjects_
0000:d734+     luaC_runtilstate_
0000:d802      luaC_step_
0000:d8bc      luaC_fullgc_
Module: linit.obj(D:\git\lpw_c\lpw_self\culmis_std_dos\linit.c)
0000:d940*     luaL_openlibs_
Module: liolib.obj(D:\git\lpw_c\lpw_self\culmis_std_dos\liolib.c)
0000:ecf4      luaopen_io_
Module: llex.obj(D:\git\lpw_c\lpw_self\culmis_std_dos\llex.c)
0ed9:008a      luaX_init_
0ed9:0102      luaX_token2str_
0ed9:0212      luaX_syntaxerror_
0ed9:0220      luaX_newstring_
0ed9:03c2      luaX_setinput_
0ed9:1812      luaX_next_
0ed9:1866      luaX_lookahead_
Module: lmathlib.obj(D:\git\lpw_c\lpw_self\culmis_std_dos\lmathlib.c)
0ed9:235c      luaopen_math_
Module: lmem.obj(D:\git\lpw_c\lpw_self\culmis_std_dos\lmem.c)
0ed9:2450      luaM_growaux__
0ed9:24e0      luaM_toobig_
0ed9:24f2      luaM_realloc__
Module: loadlib.obj(D:\git\lpw_c\lpw_self\culmis_std_dos\loadlib.c)
0ed9:336a      luaopen_package_
Module: lobject.obj(D:\git\lpw_c\lpw_self\culmis_std_dos\lobject.c)
0ed9:34a0      luaO_int2fb_
0ed9:34d8      luaO_fb2int_
0ed9:34f8      luaO_ceillog2_
0ed9:37b6      luaO_arith_
0ed9:3a40      luaO_hexavalue_
0ed9:3de2      luaO_str2num_
0ed9:3e74      luaO_utf8esc_
0ed9:3ef4      luaO_tostring_
0ed9:4018      luaO_pushvfstring_
0ed9:431c      luaO_pushfstring_
0ed9:4352      luaO_chunkid_
32bf:3118      _luaO_nilobject_
Module: lopcodes.obj(D:\git\lpw_c\lpw_self\culmis_std_dos\lopcodes.c)
32bf:3230*     _luaP_opnames
32bf:32f0      _luaP_opmodes
Module: loslib.obj(D:\git\lpw_c\lpw_self\culmis_std_dos\loslib.c)
0ed9:4e8a      luaopen_os_
Module: lparser.obj(D:\git\lpw_c\lpw_self\culmis_std_dos\lparser.c)
0ed9:81b0      luaY_parser_
Module: lstate.obj(D:\git\lpw_c\lpw_self\culmis_std_dos\lstate.c)
0ed9:835e      luaE_setdebt_
0ed9:83ac      luaE_extendCI_
0ed9:8406      luaE_freeCI_
0ed9:8468      luaE_shrinkCI_
0ed9:882c      lua_newthread_
0ed9:8960      luaE_freethread_
0ed9:89ac      lua_newstate_
0ed9:8b7c      lua_close_
Module: lstring.obj(D:\git\lpw_c\lpw_self\culmis_std_dos\lstring.c)
0ed9:8b90      luaS_eqlngstr_
0ed9:8bd0      luaS_hash_
0ed9:8c1a      luaS_hashlongstr_
0ed9:8c54      luaS_resize_
0ed9:8dd6      luaS_clearcache_
0ed9:8e38      luaS_init_
0ed9:8eec      luaS_createlngstrobj_
0ed9:8f10      luaS_remove_
0ed9:9104      luaS_newlstr_
0ed9:915e      luaS_new_
0ed9:921e      luaS_newudata_
Module: lstrlib.obj(D:\git\lpw_c\lpw_self\culmis_std_dos\lstrlib.c)
0ed9:c63e      luaopen_string_
Module: ltable.obj(D:\git\lpw_c\lpw_self\culmis_std_dos\ltable.c)
0ed9:c94a      luaH_next_
0ed9:cd40      luaH_resize_
0ed9:cf00      luaH_resizearray_
0ed9:cfc4      luaH_new_
0ed9:d01e      luaH_free_
0ed9:d0e0      luaH_newkey_
0ed9:d332      luaH_getint_
0ed9:d3fa      luaH_getshortstr_
0ed9:d4c8      luaH_getstr_
0ed9:d4fc      luaH_get_
0ed9:d596      luaH_set_
0ed9:d5de      luaH_setint_
0ed9:d6f4      luaH_getn_
Module: ltablib.obj(D:\git\lpw_c\lpw_self\culmis_std_dos\ltablib.c)
0ed9:e8f8      luaopen_table_
Module: ltm.obj(D:\git\lpw_c\lpw_self\culmis_std_dos\ltm.c)
0ed9:e940      luaT_init_
0ed9:e99e      luaT_gettm_
0ed9:e9ec      luaT_gettmbyobj_
0ed9:ea7c      luaT_objtypename_
0ed9:eb12      luaT_callTM_
0ed9:ebf8+     luaT_callbinTM_
0ed9:ec90      luaT_trybinTM_
0ed9:edae      luaT_callorderTM_
32bf:34cc      _luaT_typenames_
Module: lundump.obj(D:\git\lpw_c\lpw_self\culmis_std_dos\lundump.c)
0ed9:f84e      luaU_undump_
Module: lutf8lib.obj(D:\git\lpw_c\lpw_self\culmis_std_dos\lutf8lib.c)
1e6b:0a1a      luaopen_utf8_
Module: lvm.obj(D:\git\lpw_c\lpw_self\culmis_std_dos\lvm.c)
1e6b:0a90      luaV_tonumber__
1e6b:0b54      luaV_tointeger_
1e6b:0d9e      luaV_finishget_
1e6b:0f1c      luaV_finishset_
1e6b:156a      luaV_lessthan_
1e6b:1634      luaV_lessequal_
1e6b:175e      luaV_equalobj_
1e6b:1bca      luaV_concat_
1e6b:1e1e      luaV_objlen_
1e6b:1f92      luaV_div_
1e6b:2094      luaV_mod_
1e6b:216c      luaV_shiftl_
1e6b:2406      luaV_finishOp_
1e6b:26b2      luaV_execute_
Module: lzio.obj(D:\git\lpw_c\lpw_self\culmis_std_dos\lzio.c)
1e6b:5840      luaZ_fill_
1e6b:58aa      luaZ_init_
1e6b:58e0      luaZ_read_
Module: D:\git\lpw_c\WATCOM\/lib286/dos\clibl.lib(cstart)
32bf:0000*     __nullarea
32bf:3794*     __ovlflag
32bf:3795*     __intno
32bf:3796*     __ovlvec
2402:0000      _cstart_
2402:00d3*     _Not_Enough_Memory_
2402:0207      __exit_
2402:0226      __do_exit_with_msg__
2402:0284      __GETDS
Module: D:\git\lpw_c\WATCOM\/lib286/dos\clibl.lib(cmodel)
2402:028e      _big_code_
2402:028e*     CodeModelMismatch
Module: D:\git\lpw_c\WATCOM\/lib286/dos\emu87.lib(initemu.asm)
0000:8000      FJSRQQ
0000:0632      FISRQQ
0000:1632      FIERQQ
0000:5c32      FIDRQQ
0000:a23d      FIWRQQ
0000:c000      FJCRQQ
0000:4000*     FJARQQ
0000:0e32      FICRQQ
0000:fe32*     FIARQQ
2402:02c6      __init_87_emulator
2402:0357*     __fini_87_emulator
Module: D:\git\lpw_c\WATCOM\/lib286/dos\clibl.lib(fltused.c)
32bf:37c2      _fltused_
Module: D:\git\lpw_c\WATCOM\/lib286/dos\clibl.lib(_8087)
32bf:37c4      __8087
32bf:37c5      __real87
32bf:37c6      __dos87emucall
32bf:37c8      __dos87real
Module: D:\git\lpw_c\WATCOM\/lib286/dos\clibl.lib(strncmp.c)
2402:03ce      strncmp_
Module: D:\git\lpw_c\WATCOM\/lib286/dos\clibl.lib(errno.c)
2402:040d      __get_errno_ptr_
2402:0414      __get_doserrno_ptr_
32bf:3e5e+     _errno
32bf:3e60+     __doserrno
Module: D:\git\lpw_c\WATCOM\/lib286/dos\clibl.lib(strerror.c)
2402:041b      strerror_
2402:0443*     _strerror_
32bf:37ca+     __sys_errlist
32bf:386e+     __sys_nerr
Module: D:\git\lpw_c\WATCOM\/lib286/dos\clibl.lib(fread.c)
2402:050e      fread_
Module: D:\git\lpw_c\WATCOM\/lib286/dos\clibl.lib(fgetc.c)
2402:0701      __fill_buffer_
2402:07f6      fgetc_
Module: D:\git\lpw_c\WATCOM\/lib286/dos\clibl.lib(iob.c)
32bf:3870      ___iob
32bf:39d8      __fmode
32bf:3f62      ___OpenStreams
32bf:3f66      ___ClosedStreams
Module: D:\git\lpw_c\WATCOM\/lib286/dos\clibl.lib(fopen.c)
2402:089b+     __open_flags_
2402:0a9b+     _fsopen_
2402:0b02      fopen_
2402:0bdd      freopen_
Module: D:\git\lpw_c\WATCOM\/lib286/dos\clibl.lib(fclose.c)
2402:0c53      __doclose_
2402:0d04      __shutdown_stream_
2402:0d1e      fclose_
32bf:3f6a      ___RmTmpFileFn
Module: D:\git\lpw_c\WATCOM\/lib286/dos\clibl.lib(strstr.c)
2402:0d69      strstr_
Module: D:\git\lpw_c\WATCOM\/lib286/dos\clibl.lib(ffree.c)
2402:0e23      _ffree_
2402:0e23      free_
Module: D:\git\lpw_c\WATCOM\/lib286/dos\clibl.lib(frealloc.c)
2402:0e69*     _frealloc_
2402:0e69      realloc_
Module: D:\git\lpw_c\WATCOM\/lib286/dos\clibl.lib(fprintf.c)
2402:0f45      fprintf_
Module: D:\git\lpw_c\WATCOM\/lib286/dos\clibl.lib(fflush.c)
2402:0f74      fflush_
Module: D:\git\lpw_c\WATCOM\/lib286/dos\clibl.lib(fwrite.c)
2402:0f89      fwrite_
Module: D:\git\lpw_c\WATCOM\/lib286/dos\clibl.lib(strspn.c)
2402:1184      strspn_
Module: D:\git\lpw_c\WATCOM\/lib286/dos\clibl.lib(istable.c)
32bf:3598      __IsTable
Module: D:\git\lpw_c\WATCOM\/lib286/dos\clibl.lib(toupper.c)
2402:11d9      toupper_
Module: D:\git\lpw_c\WATCOM\/lib286/dos\clibl.lib(i8m086)
2402:1203*     __I8M
2402:1203      __U8M
2402:11e8*     __I8ME
2402:11e8*     __U8ME
Module: D:\git\lpw_c\WATCOM\/lib286/dos\clibl.lib(fgets.c)
2402:134d      fgets_
Module: D:\git\lpw_c\WATCOM\/lib286/dos\clibl.lib(setjmp)
2402:13dc      _setjmp_
2402:1431      longjmp_
Module: D:\git\lpw_c\WATCOM\/lib286/dos\clibl.lib(abort.c)
2402:148e      abort_
2402:14b0+     __terminate_
32bf:39da+     ___abort
Module: D:\git\lpw_c\WATCOM\/lib286/dos\clibl.lib(i4d)
2402:14c4      __I4D
2402:1513      __U4D
Module: D:\git\lpw_c\WATCOM\/lib286/dos\clibl.lib(i4m)
2402:1598      __I4M
2402:1598      __U4M
Module: D:\git\lpw_c\WATCOM\/lib286/dos\clibl.lib(tmpfl.c)
2402:15b0      tmpfile_
2402:16f7+     __Init_Tmpfl_
32bf:39de+     ___tmpfnext
Module: D:\git\lpw_c\WATCOM\/lib286/dos\clibl.lib(localeco.c)
2402:1709      localeconv_
Module: D:\git\lpw_c\WATCOM\/lib286/dos\clibl.lib(ungetc.c)
2402:1710      ungetc_
Module: D:\git\lpw_c\WATCOM\/lib286/dos\clibl.lib(fseek.c)
2402:1850      fseek_
Module: D:\git\lpw_c\WATCOM\/lib286/dos\clibl.lib(ftell.c)
2402:199e      ftell_
Module: D:\git\lpw_c\WATCOM\/lib286/dos\clibl.lib(setvbuf.c)
2402:19fa      setvbuf_
Module: D:\git\lpw_c\WATCOM\/lib286\math87l.lib(trig87)
2402:1bbb*     sin_
2402:1bac*     cos_
2402:1c82*     tan_
2402:1ab0*     IF@COS
2402:1ab0      IF@DCOS
2402:1ac9*     IF@SIN
2402:1ac9      IF@DSIN
2402:1bca*     IF@TAN
2402:1bca      IF@DTAN
Module: D:\git\lpw_c\WATCOM\/lib286\math87l.lib(asin87)
2402:1cb8*     asin_
2402:1c92      IF@DASIN
2402:1c92*     IF@ASIN
Module: D:\git\lpw_c\WATCOM\/lib286\math87l.lib(acos87)
2402:1d32*     acos_
2402:1cd4      IF@DACOS
2402:1cd4*     IF@ACOS
Module: D:\git\lpw_c\WATCOM\/lib286\math87l.lib(atan87)
2402:1e67*     atan_
2402:1e76*     atan2_
2402:1d4e*     IF@ATAN
2402:1d4e*     IF@DATAN
2402:1dbc*     IF@ATAN2
2402:1dbc      IF@DATAN2
Module: D:\git\lpw_c\WATCOM\/lib286\math87l.lib(fchop87)
2402:1e8a      __CHP
Module: D:\git\lpw_c\WATCOM\/lib286\math87l.lib(floor.c)
2402:1eb9      floor_
Module: D:\git\lpw_c\WATCOM\/lib286\math87l.lib(ceil.c)
2402:1f0a      ceil_
Module: D:\git\lpw_c\WATCOM\/lib286/dos\clibl.lib(i8d086)
2402:223d*     __U8DQ
2402:2253*     __U8DR
2402:2269      __I8DQ
2402:2285      __I8DR
2402:229b*     __U8DQE
2402:22b1*     __U8DRE
2402:22c7*     __I8DQE
2402:22dd*     __I8DRE
Module: D:\git\lpw_c\WATCOM\/lib286\math87l.lib(fmod87)
2402:231f*     fmod_
2402:22f4      IF@DFMOD
2402:22f4*     IF@FMOD
Module: D:\git\lpw_c\WATCOM\/lib286\math87l.lib(sqrt87)
2402:2332*     sqrt_
2402:2370*     IF@SQRT
2402:2370      IF@DSQRT
2402:2372      __@DSQRT
Module: D:\git\lpw_c\WATCOM\/lib286\math87l.lib(log87)
2402:240a*     log_
2402:242c      log2_
2402:241b*     log10_
2402:23aa*     IF@LOG
2402:23aa      IF@DLOG
2402:23f4*     IF@LOG2
2402:23f4*     IF@DLOG2
2402:23ff*     IF@LOG10
2402:23ff      IF@DLOG10
Module: D:\git\lpw_c\WATCOM\/lib286\math87l.lib(exp87)
2402:251b*     exp_
2402:244e*     __@DEXP1
2402:2457*     IF@EXP
2402:2457      IF@DEXP
2402:2459      __@DEXP
Module: D:\git\lpw_c\WATCOM\/lib286/dos\clibl.lib(rand.c)
2402:252c      rand_
2402:256e      srand_
Module: D:\git\lpw_c\WATCOM\/lib286/dos\clibl.lib(hugeval.c)
32bf:369a      __HugeValue
Module: D:\git\lpw_c\WATCOM\/lib286/dos\clibl.lib(getenv.c)
2402:2591      getenv_
Module: D:\git\lpw_c\WATCOM\/lib286\math87l.lib(pow87)
2402:27c0*     pow_
2402:2656      IF@DPOW
2402:2656*     IF@POW
Module: D:\git\lpw_c\WATCOM\/lib286\math87l.lib(strtod.c)
2402:2d4e+     __Strtold_
2402:2f01      strtod_
Module: D:\git\lpw_c\WATCOM\/lib286/dos\clibl.lib(strpbrk.c)
2402:30a3      strpbrk_
Module: D:\git\lpw_c\WATCOM\/lib286/dos\clibl.lib(snprintf.c)
2402:3133+     vsnprintf_
2402:31b7      snprintf_
Module: D:\git\lpw_c\WATCOM\/lib286/dos\clibl.lib(system.c)
2402:31e6      system_
Module: D:\git\lpw_c\WATCOM\/lib286/dos\clibl.lib(remove.c)
2402:3261      remove_
Module: D:\git\lpw_c\WATCOM\/lib286/dos\clibl.lib(renam.c)
2402:3266      rename_
Module: D:\git\lpw_c\WATCOM\/lib286/dos\clibl.lib(tmpnm.c)
2402:330a      tmpnam_
Module: D:\git\lpw_c\WATCOM\/lib286/dos\clibl.lib(clockdos.c)
2402:3400+     __ibm_bios_get_ticks_
2402:3477      clock_
Module: D:\git\lpw_c\WATCOM\/lib286/dos\clibl.lib(gmtime.c)
2402:34e3      __brktime_
2402:3646+     _gmtime_
2402:366a      gmtime_
Module: D:\git\lpw_c\WATCOM\/lib286/dos\clibl.lib(time.c)
2402:3679      time_
Module: D:\git\lpw_c\WATCOM\/lib286/dos\clibl.lib(localtim.c)
2402:36c4+     _localtime_
2402:3753      localtime_
Module: D:\git\lpw_c\WATCOM\/lib286/dos\clibl.lib(strftime.c)
2402:37fa      strftime_
Module: D:\git\lpw_c\WATCOM\/lib286/dos\clibl.lib(mktime.c)
2402:3d29      mktime_
Module: D:\git\lpw_c\WATCOM\/lib286/dos\clibl.lib(setlocal.c)
2402:3de3      setlocale_
Module: D:\git\lpw_c\WATCOM\/lib286/dos\clibl.lib(exit.c)
2402:3ea8+     __null_int23_exit_
2402:3ea9      exit_
2402:3eda*     _exit_
32bf:3a28+     ___int23_exit
32bf:3a2c      ___FPE_handler_exit
Module: D:\git\lpw_c\WATCOM\/lib286/dos\clibl.lib(tolower.c)
2402:3ef3      tolower_
Module: D:\git\lpw_c\WATCOM\/lib286/dos\clibl.lib(u8rs086)
2402:3f02      __U8RS
Module: D:\git\lpw_c\WATCOM\/lib286/dos\clibl.lib(i8ls086)
2402:3f12      __I8LS
2402:3f12      __U8LS
Module: D:\git\lpw_c\WATCOM\/lib286\math87l.lib(frexp.c)
2402:3f22      frexp_
Module: D:\git\lpw_c\WATCOM\/lib286/dos\clibl.lib(strcoll.c)
2402:3f8a      strcoll_
Module: D:\git\lpw_c\WATCOM\/lib286/dos\clibl.lib(xmsg.c)
2402:3faf*     __exit_with_msg_
2402:3fb4      __fatal_runtime_error_
Module: D:\git\lpw_c\WATCOM\/lib286/dos\clibl.lib(cmain086.c)
2402:3fd2      __CMain
Module: D:\git\lpw_c\WATCOM\/lib286/dos\clibl.lib(initrtns.c)
2402:4038      __InitRtns
2402:4038*     __FInitRtns
2402:4093      __FiniRtns
2402:4093*     __FFiniRtns
Module: D:\git\lpw_c\WATCOM\/lib286/dos\clibl.lib(crwdata)
32bf:3a30      __curbrk
32bf:3a38      __STACKLOW
32bf:3a3a      __STACKTOP
32bf:3a3c      __cbyte
32bf:3a3e      __child
32bf:3a40      __no87
32bf:3a4e      ___FPE_handler
32bf:3a32      __psp
32bf:3a42      __get_ovl_stack
32bf:3a46      __restore_ovl_stack
32bf:3a4a      __close_ovl_file
32bf:3a52      __LpCmdLine
32bf:3a56      __LpPgmName
32bf:3a34      __osmajor
32bf:3a35      __osminor
32bf:3a36      __osmode
32bf:3a37      __HShift
Module: D:\git\lpw_c\WATCOM\/lib286/dos\clibl.lib(uselfn.c)
32bf:3a5a      ___uselfn
Module: D:\git\lpw_c\WATCOM\/lib286/dos\clibl.lib(dosseg)
2402:40f8      __DOSseg__
Module: D:\git\lpw_c\WATCOM\/lib286/dos\clibl.lib(init8087)
2402:40fa      __init_8087_emu
2402:4100      __x87id
Module: D:\git\lpw_c\WATCOM\/lib286/dos\emu87.lib(emu8087.asm)
2402:4250      __int34
2402:428d      __int3c
Module: D:\git\lpw_c\WATCOM\/lib286/dos\emu87.lib(dosinit.asm)
2402:6b96      ___dos87emucall
Module: D:\git\lpw_c\WATCOM\/lib286/dos\clibl.lib(setefg.c)
2402:6bd4      __setEFGfmt_
Module: D:\git\lpw_c\WATCOM\/lib286/dos\clibl.lib(chk8087.c)
2402:6c0e*     _fpreset_
2402:6c39      __init_8087_
2402:6c6c+     __default_sigfpe_handler_
2402:6c7f      __chk8087_
Module: D:\git\lpw_c\WATCOM\/lib286/dos\clibl.lib(strncpy.c)
2402:6cef      strncpy_
Module: D:\git\lpw_c\WATCOM\/lib286/dos\clibl.lib(qread.c)
2402:6d2b      __qread_
Module: D:\git\lpw_c\WATCOM\/lib286/dos\clibl.lib(seterrno.c)
2402:6d4b      __set_errno_
2402:6d5f      __set_EDOM_
2402:6d71      __set_ERANGE_
2402:6d83*     __set_EINVAL_
2402:6d98      __set_doserrno_
Module: D:\git\lpw_c\WATCOM\/lib286/dos\clibl.lib(ioalloc.c)
2402:6da4      __ioalloc_
Module: D:\git\lpw_c\WATCOM\/lib286/dos\clibl.lib(flushall.c)
2402:6e3e      __flushall_
2402:6e9b      flushall_
Module: D:\git\lpw_c\WATCOM\/lib286/dos\clibl.lib(gtche.c)
2402:6ea0      getche_
Module: D:\git\lpw_c\WATCOM\/lib286/dos\clibl.lib(initfile.c)
2402:6eba      __InitFiles_
Module: D:\git\lpw_c\WATCOM\/lib286/dos\clibl.lib(ioexit.c)
2402:7008*     fcloseall_
2402:700f      __full_io_exit_
Module: D:\git\lpw_c\WATCOM\/lib286/dos\clibl.lib(comtflag.c)
2402:7019*     __set_commode_
32bf:3ac6      __commode
Module: D:\git\lpw_c\WATCOM\/lib286/dos\clibl.lib(open.c)
2402:7221*     open_
2402:7258      sopen_
Module: D:\git\lpw_c\WATCOM\/lib286/dos\clibl.lib(chktty.c)
2402:7285      __chktty_
Module: D:\git\lpw_c\WATCOM\/lib286/dos\clibl.lib(freefp.c)
2402:72b0      __freefp_
2402:732b      __purgefp_
Module: D:\git\lpw_c\WATCOM\/lib286/dos\clibl.lib(allocfp.c)
2402:736c      __allocfp_
Module: D:\git\lpw_c\WATCOM\/lib286/dos\clibl.lib(__lseek.c)
2402:748e      __lseek_
Module: D:\git\lpw_c\WATCOM\/lib286/dos\clibl.lib(_clse.c)
2402:74c8      __close_
Module: D:\git\lpw_c\WATCOM\/lib286/dos\clibl.lib(flush.c)
2402:74fb      __flush_
Module: D:\git\lpw_c\WATCOM\/lib286/dos\clibl.lib(nmalloc.c)
2402:762e      _nmalloc_
32bf:3ac8      ___nheapbeg
32bf:3aca      ___MiniHeapRover
32bf:3acc      ___LargestSizeB4MiniHeapRover
Module: D:\git\lpw_c\WATCOM\/lib286/dos\clibl.lib(mem.c)
2402:7710      __MemAllocator
2402:77da      __MemFree
Module: D:\git\lpw_c\WATCOM\/lib286/dos\clibl.lib(fmalloc.c)
2402:7937      _fmalloc_
2402:7937      malloc_
32bf:3ace+     ___fheap
32bf:3ad0      ___fheapRover
32bf:3ad2      ___LargestSizeB4Rover
Module: D:\git\lpw_c\WATCOM\/lib286/dos\clibl.lib(nfree.c)
2402:7a44      _nfree_
32bf:3fa4+     ___MiniHeapFreeRover
Module: D:\git\lpw_c\WATCOM\/lib286/dos\clibl.lib(fmsize.c)
2402:7b3f*     _msize_
2402:7b3f      _fmsize_
Module: D:\git\lpw_c\WATCOM\/lib286/dos\clibl.lib(nexpand.c)
2402:7b50      __HeapManager_expand_
2402:7cc7      _nexpand_
Module: D:\git\lpw_c\WATCOM\/lib286/dos\clibl.lib(fexpand.c)
2402:7d1a      _fexpand_
2402:7d1a*     _expand_
Module: D:\git\lpw_c\WATCOM\/lib286/dos\clibl.lib(fprtf.c)
2402:7d69      __fprtf_
Module: D:\git\lpw_c\WATCOM\/lib286/dos\clibl.lib(qwrit.c)
2402:7e34      __qwrite_
Module: D:\git\lpw_c\WATCOM\/lib286/dos\clibl.lib(fputc.c)
2402:7e91      fputc_
Module: D:\git\lpw_c\WATCOM\/lib286/dos\clibl.lib(setbits.c)
2402:7f61      __setbits_
Module: D:\git\lpw_c\WATCOM\/lib286/dos\clibl.lib(bits.c)
32bf:373a      __Bits
Module: D:\git\lpw_c\WATCOM\/lib286/dos\clibl.lib(ljmphdl.c)
32bf:3ad4      ___longjmp_handler
Module: D:\git\lpw_c\WATCOM\/lib286/dos\clibl.lib(tmputil.c)
2402:8088      __MkTmpFile_
2402:8108      __RmTmpFile_
Module: D:\git\lpw_c\WATCOM\/lib286/dos\clibl.lib(accss.c)
2402:8138      access_
Module: D:\git\lpw_c\WATCOM\/lib286/dos\clibl.lib(close.c)
2402:8172      close_
Module: D:\git\lpw_c\WATCOM\/lib286/dos\clibl.lib(lseek.c)
2402:8177      lseek_
Module: D:\git\lpw_c\WATCOM\/lib286/dos\clibl.lib(tell.c)
2402:81a8      tell_
Module: D:\git\lpw_c\WATCOM\/lib286/dos\clibl.lib(chipvar)
32bf:3aec      ___chipbug
32bf:3aec      __chipbug
Module: D:\git\lpw_c\WATCOM\/lib286/dos\clibl.lib(chipt16.asm)
2402:81d4      __fptan_chk
Module: D:\git\lpw_c\WATCOM\/lib286/dos\clibl.lib(chipw16.asm)
2402:8280      __fpatan_wrap
Module: D:\git\lpw_c\WATCOM\/lib286\math87l.lib(modf87)
2402:82b2      modf_
Module: D:\git\lpw_c\WATCOM\/lib286/dos\clibl.lib(chipr16.asm)
2402:84b7      __fprem_chk
2402:86f1*     __fprem1_chk
Module: D:\git\lpw_c\WATCOM\/lib286\math87l.lib(math87e.c)
2402:878a      __math87_err_
Module: D:\git\lpw_c\WATCOM\/lib286\math87l.lib(log87e.c)
2402:881a      __log87_err_
Module: D:\git\lpw_c\WATCOM\/lib286/dos\clibl.lib(environ.c)
32bf:3fa6      ___env_mask
32bf:3faa      _environ
32bf:3fae*     __wenviron
Module: D:\git\lpw_c\WATCOM\/lib286/dos\clibl.lib(mbterm.c)
2402:885e      _mbterm_
Module: D:\git\lpw_c\WATCOM\/lib286/dos\clibl.lib(mbsnextc.c)
2402:88a0      _mbsnextc_
Module: D:\git\lpw_c\WATCOM\/lib286/dos\clibl.lib(mbcupper.c)
2402:88d1      _mbctoupper_
Module: D:\git\lpw_c\WATCOM\/lib286/dos\clibl.lib(mbsinc.c)
2402:88f4      _mbsinc_
Module: D:\git\lpw_c\WATCOM\/lib286\math87l.lib(pow87e.c)
2402:8930      __pow87_err_
Module: D:\git\lpw_c\WATCOM\/lib286/dos\clibl.lib(fdiv_patch)
2402:8b4c      __fdiv_fpr
2402:8fec*     __fdiv_chk
2402:9000*     __fdiv_m32
2402:9047*     __fdiv_m64
2402:908e*     __fdiv_m32r
2402:90d5*     __fdiv_m64r
Module: D:\git\lpw_c\WATCOM\/lib286\math87l.lib(bufld086)
2402:911c      __ZBuf2LD
Module: D:\git\lpw_c\WATCOM\/lib286\math87l.lib(ldcvt.c)
2402:92fd      _LDScale10x_
2402:9860      __LDcvt_
Module: D:\git\lpw_c\WATCOM\/lib286\math87l.lib(inf_nan.c)
32bf:3742*     ___f_infinity
32bf:3746*     ___f_posqnan
32bf:374a      ___d_infinity
32bf:3752      ___d_posqnan
32bf:375a*     ___ld_infinity
32bf:3762*     ___ld_posqnan
Module: D:\git\lpw_c\WATCOM\/lib286/dos\clibl.lib(prtf.c)
2402:9d96      __prtf_
Module: D:\git\lpw_c\WATCOM\/lib286/dos\clibl.lib(_slashc.c)
2402:ab64      __Slash_C_
Module: D:\git\lpw_c\WATCOM\/lib286/dos\clibl.lib(splp.c)
2402:ab90      spawnlp_
Module: D:\git\lpw_c\WATCOM\/lib286/dos\clibl.lib(unlnk.c)
2402:abae      unlink_
Module: D:\git\lpw_c\WATCOM\/lib286/dos\clibl.lib(doserror)
2402:abc4      __doserror_
Module: D:\git\lpw_c\WATCOM\/lib286/dos\clibl.lib(gtpid.c)
2402:abd2      getpid_
Module: D:\git\lpw_c\WATCOM\/lib286/dos\clibl.lib(leapyear.c)
2402:abdb      __leapyear_
32bf:28d8      ___diyr
32bf:28f2      ___dilyr
Module: D:\git\lpw_c\WATCOM\/lib286/dos\clibl.lib(gtctm.c)
2402:ac05      __getctime_
Module: D:\git\lpw_c\WATCOM\/lib286/dos\clibl.lib(tzset.c)
32bf:3b7c      ___start_dst
32bf:3b8e      ___end_dst
32bf:3ca2      _tzname
32bf:3caa      _timezone
32bf:3cae      _daylight
32bf:3cb0      ___dst_adjust
2402:ac8e*     __DontCacheOSTZ_
2402:aca7*     __CacheOSTZ_
2402:b22f+     __parse_tz_
2402:b400      tzset_
Module: D:\git\lpw_c\WATCOM\/lib286/dos\clibl.lib(timeutil.c)
2402:b55e      __isindst_
Module: D:\git\lpw_c\WATCOM\/lib286/dos\clibl.lib(itoa.c)
2402:b851+     utoa_
2402:b8ae      itoa_
Module: D:\git\lpw_c\WATCOM\/lib286/dos\clibl.lib(locmktim.c)
2402:b8d2      __local_mktime_
Module: D:\git\lpw_c\WATCOM\/lib286/dos\clibl.lib(locale.c)
32bf:3cd8      __LocaleSetting
Module: D:\git\lpw_c\WATCOM\/lib286/dos\clibl.lib(enterdb.c)
2402:ba99      __EnterWVIDEO_
32bf:3ce0+     ___WD_Present
Module: D:\git\lpw_c\WATCOM\/lib286/dos\clibl.lib(___argc.c)
32bf:3fb2      ____Argv
32bf:3fb6      ____Argc
Module: D:\git\lpw_c\WATCOM\/lib286/dos\clibl.lib(amblksiz.c)
32bf:3ce2      __amblksiz
Module: D:\git\lpw_c\WATCOM\/lib286/dos\clibl.lib(sgdef086)
32bf:3df8      __Start_XI
32bf:3e46      __End_XI
32bf:3e46      __Start_YI
32bf:3e5e      __End_YI
Module: D:\git\lpw_c\WATCOM\/lib286/dos\clibl.lib(8087cw.c)
32bf:3ce4      __8087cw
Module: D:\git\lpw_c\WATCOM\/lib286/dos\clibl.lib(noefgfmt.c)
32bf:3ce6      ___EFG_printf
32bf:3cea      ___EFG_scanf
Module: D:\git\lpw_c\WATCOM\/lib286\math87l.lib(efgfmt.c)
2402:bad1      _EFG_Format_
Module: D:\git\lpw_c\WATCOM\/lib286\math87l.lib(cnvs2d.c)
2402:bc64      __cnvs2d_
Module: D:\git\lpw_c\WATCOM\/lib286/dos\clibl.lib(save8087.c)
32bf:3cee      ___Save8087
32bf:3cf2      ___Rest8087
Module: D:\git\lpw_c\WATCOM\/lib286/dos\clibl.lib(grabfp87.c)
2402:bc84      __GrabFP87_
Module: D:\git\lpw_c\WATCOM\/lib286/dos\clibl.lib(dosret.c)
2402:bcb6      _dosretax_
2402:bcbb*     _dosret0_
2402:bcc2      __set_errno_dos_
2402:bd20*     __set_errno_dos_reterr_
Module: D:\git\lpw_c\WATCOM\/lib286/dos\clibl.lib(opendos.c)
2402:bd2b      _dos_open_
Module: D:\git\lpw_c\WATCOM\/lib286/dos\clibl.lib(iomode.c)
2402:bd51      __GetIOMode_
2402:bd76      __SetIOMode_nogrow_
32bf:3d0a      ___NFiles
32bf:3d0c      ___init_mode
32bf:3d34      ___io_mode
Module: D:\git\lpw_c\WATCOM\/lib286/dos\clibl.lib(isatt.c)
2402:bd99      isatty_
Module: D:\git\lpw_c\WATCOM\/lib286/dos\clibl.lib(umaskval.c)
32bf:3d38      ___umaskval
Module: D:\git\lpw_c\WATCOM\/lib286/dos\clibl.lib(creatdos.c)
2402:bdb5      _dos_creat_
2402:bdd9*     _dos_creatnew_
Module: D:\git\lpw_c\WATCOM\/lib286/dos\clibl.lib(stiomode.c)
2402:bdfb+     __grow_iomode_
2402:bebe+     __shrink_iomode_
2402:bef9      __SetIOMode_
Module: D:\git\lpw_c\WATCOM\/lib286/dos\clibl.lib(fsync.c)
2402:bf5c      fsync_
Module: D:\git\lpw_c\WATCOM\/lib286/dos\clibl.lib(nmemneed.c)
2402:bf61      __nmemneed_
Module: D:\git\lpw_c\WATCOM\/lib286/dos\clibl.lib(grownear.c)
2402:bfe9      __LastFree_
2402:c063      __ExpandDGROUP_
Module: D:\git\lpw_c\WATCOM\/lib286/dos\clibl.lib(hpgrw086.c)
2402:c174      __CMain_nheapgrow_
Module: D:\git\lpw_c\WATCOM\/lib286/dos\clibl.lib(growseg.c)
2402:c179      __GrowSeg_
Module: D:\git\lpw_c\WATCOM\/lib286/dos\clibl.lib(allocseg.c)
2402:c26b      __AllocSeg_
Module: D:\git\lpw_c\WATCOM\/lib286/dos\clibl.lib(fmemneed.c)
2402:c302      __fmemneed_
Module: D:\git\lpw_c\WATCOM\/lib286/dos\clibl.lib(bfree.c)
2402:c305      _bfree_
Module: D:\git\lpw_c\WATCOM\/lib286/dos\clibl.lib(bexpand.c)
2402:c32a      _bexpand_
Module: D:\git\lpw_c\WATCOM\/lib286/dos\clibl.lib(gtcwd.c)
2402:c383      getcwd_
Module: D:\git\lpw_c\WATCOM\/lib286/dos\clibl.lib(fullpath.c)
2402:c42e+     _sys_fullpath_
2402:c6c2      _fullpath_
Module: D:\git\lpw_c\WATCOM\/lib286/dos\clibl.lib(gfattdos.c)
2402:c780      _dos_getfileattr_
Module: D:\git\lpw_c\WATCOM\/lib286/dos\clibl.lib(chipbug.c)
2402:c79f      __verify_pentium_fdiv_bug_
Module: D:\git\lpw_c\WATCOM\/lib286/dos\clibl.lib(chipa16.asm)
2402:c998      __fpatan_chk
Module: D:\git\lpw_c\WATCOM\/lib286\math87l.lib(math2err.c)
2402:cb5d      __math1err_
2402:cb6a      __math2err_
Module: D:\git\lpw_c\WATCOM\/lib286/dos\clibl.lib(setenvp.c)
2402:ccb7      __setenvp_
2402:cdba      __freeenvp_
Module: D:\git\lpw_c\WATCOM\/lib286/dos\clibl.lib(mbisdbcs.c)
32bf:3fbe      ___IsDBCS
Module: D:\git\lpw_c\WATCOM\/lib286/dos\clibl.lib(mbislead.c)
2402:ce18*     _ismbblead_
32bf:3fc0      ___MBCSIsTable
Module: D:\git\lpw_c\WATCOM\/lib286/dos\clibl.lib(mbinit.c)
2402:ce72      __mbinit_
32bf:3d96      ___MBCodePage
Module: D:\git\lpw_c\WATCOM\/lib286/dos\clibl.lib(mbdtoupp.c)
2402:cf4d      _mbdtoupper_
Module: D:\git\lpw_c\WATCOM\/lib286\math87l.lib(ldclass.c)
2402:cf5b      __LDClass_
2402:cfa9*     _FLClass_
Module: D:\git\lpw_c\WATCOM\/lib286/dos\clibl.lib(wctomb.c)
2402:cfbd      wctomb_
Module: D:\git\lpw_c\WATCOM\/lib286/dos\clibl.lib(strupr.c)
2402:cfe6      strupr_
Module: D:\git\lpw_c\WATCOM\/lib286/dos\clibl.lib(lltoa.c)
2402:d008      ulltoa_
2402:d0ed*     lltoa_
Module: D:\git\lpw_c\WATCOM\/lib286/dos\clibl.lib(ltoa.c)
2402:d14f      ultoa_
2402:d1be*     ltoa_
Module: D:\git\lpw_c\WATCOM\/lib286/dos\clibl.lib(spvp.c)
2402:d1ed      spawnvp_
Module: D:\git\lpw_c\WATCOM\/lib286/dos\clibl.lib(alphabet.c)
32bf:299e      ___Alphabet
Module: D:\git\lpw_c\WATCOM\/lib286/dos\clibl.lib(rtcntrl.c)
2402:d20e*     _SetLD64bit_
2402:d219*     _SetLD80bit_
2402:d224      _LDisDouble_
Module: D:\git\lpw_c\WATCOM\/lib286/dos\clibl.lib(fpe87)
2402:d23c      __Init_FPE_handler_
2402:d275      __Fini_FPE_handler_
2402:d2ac*     __FPEHandler
Module: D:\git\lpw_c\WATCOM\/lib286/dos\clibl.lib(iomodtty.c)
2402:d53e      __ChkTTYIOMode_
2402:d57c*     __IOMode_
Module: D:\git\lpw_c\WATCOM\/lib286/dos\clibl.lib(filedos.c)
2402:d58c*     _dos_close_
2402:d59a      _dos_commit_
Module: D:\git\lpw_c\WATCOM\/lib286/dos\clibl.lib(heapen.c)
2402:d5aa*     _heapenable_
32bf:3db0      ___heap_enabled
Module: D:\git\lpw_c\WATCOM\/lib286/dos\clibl.lib(sbrk.c)
2402:d5bb*     sbrk_
2402:d5cb      __brk_
Module: D:\git\lpw_c\WATCOM\/lib286/dos\clibl.lib(heapgrow.c)
2402:d635*     _heapgrow_
2402:d635*     _fheapgrow_
2402:d636      _nheapgrow_
Module: D:\git\lpw_c\WATCOM\/lib286/dos\clibl.lib(stk)
2402:d6b5      __STK
2402:d6d5*     __STKOVERFLOW_
Module: D:\git\lpw_c\WATCOM\/lib286\math87l.lib(_matherr.c)
2402:d6f2*     _set_matherr_
2402:d701+     __rterrmsg_
2402:d767      _matherr_
32bf:3db4+     ___matherr_handler
Module: D:\git\lpw_c\WATCOM\/lib286/dos\clibl.lib(clearenv.c)
2402:d7b2      clearenv_
Module: D:\git\lpw_c\WATCOM\/lib286/dos\clibl.lib(spvpe.c)
2402:d894      spawnvpe_
Module: D:\git\lpw_c\WATCOM\/lib286/dos\clibl.lib(fpeint.c)
32bf:3db8      ___FPE_int
Module: D:\git\lpw_c\WATCOM\/lib286\math87l.lib(__mtherr)
2402:da2a      __matherr
Module: D:\git\lpw_c\WATCOM\/lib286/dos\clibl.lib(iobaddr.c)
2402:da3f      __get_std_stream_
2402:da3f*     __get_std_file_
Module: D:\git\lpw_c\WATCOM\/lib286/dos\clibl.lib(fputs.c)
2402:da5d      fputs_
Module: D:\git\lpw_c\WATCOM\/lib286/dos\clibl.lib(spve.c)
2402:db69      spawnve_
Module: D:\git\lpw_c\WATCOM\/lib286/dos\clibl.lib(strlen.c)
2402:df6b      strlen_
Module: D:\git\lpw_c\WATCOM\/lib286/dos\clibl.lib(strchr.c)
2402:df80      strchr_
Module: D:\git\lpw_c\WATCOM\/lib286/dos\clibl.lib(memcpy.c)
2402:df9f      memcpy_
Module: D:\git\lpw_c\WATCOM\/lib286/dos\clibl.lib(nonibm.c)
2402:dfc1+     __is_nonIBM_
32bf:3dba      ___NonIBM
Module: D:\git\lpw_c\WATCOM\/lib286\math87l.lib(matherr.c)
2402:e008      matherr_
Module: D:\git\lpw_c\WATCOM\/lib286/dos\clibl.lib(finddos.c)
2402:e00b      _dos_findfirst_
2402:e03e*     _dos_findnext_
2402:e051*     _dos_findclose_
Module: D:\git\lpw_c\WATCOM\/lib286/dos\clibl.lib(cenvarg.c)
2402:e06e      __cenvarg_
2402:e25e      __ccmdline_
Module: D:\git\lpw_c\WATCOM\/lib286/dos\clibl.lib(dospawn)
2402:e2ef      __dospawn
Module: D:\git\lpw_c\WATCOM\/lib286/dos\clibl.lib(execaddr.c)
2402:e3d7      __execaddr_
32bf:3df4+     ___Exec_addr
Module: D:\git\lpw_c\WATCOM\/lib286/dos\clibl.lib(stack086.c)
2402:e3e4      stackavail_
Module: D:\git\lpw_c\WATCOM\/lib286/dos\clibl.lib(split2.c)
2402:e46c      _splitpath2_
Module: D:\git\lpw_c\WATCOM\/lib286/dos\clibl.lib(dosmem)
2402:e61e      _dos_allocmem_
2402:e640      _dos_freemem_
2402:e64e*     _dos_setblock_
Module: D:\git\lpw_c\WATCOM\/lib286/dos\clibl.lib(fmemcpy.c)
2402:e66a      _fmemcpy_
Module: D:\git\lpw_c\WATCOM\/lib286/dos\clibl.lib(makepath.c)
2402:e6a6      _makepath_
Module: D:\git\lpw_c\WATCOM\/lib286/dos\clibl.lib(strcpy.c)
2402:e8f2      strcpy_
Module: D:\git\lpw_c\WATCOM\/lib286/dos\clibl.lib(spl.c)
2402:e93d      spawnl_
Module: D:\git\lpw_c\WATCOM\/lib286/dos\clibl.lib(stricmp.c)
2402:e968      stricmp_
Module: D:\git\lpw_c\WATCOM\/lib286/dos\clibl.lib(mbsnccnt.c)
2402:e9a5      _mbsnccnt_
Module: D:\git\lpw_c\WATCOM\/lib286/dos\clibl.lib(mbsncpy.c)
2402:e9d9      _mbsncpy_
Module: D:\git\lpw_c\WATCOM\/lib286/dos\clibl.lib(mbsnbcnt.c)
2402:ea0f      _mbsnbcnt_
Module: D:\git\lpw_c\WATCOM\/lib286/dos\clibl.lib(mbconv.c)
2402:ea88      _mbvtop_
Module: D:\git\lpw_c\WATCOM\/lib286/dos\clibl.lib(mbclen.c)
2402:ea9d      _mbclen_
Module: D:\git\lpw_c\WATCOM\/lib286/dos\clibl.lib(mbsdec.c)
2402:eacb      _mbsdec_
Module: D:\git\lpw_c\WATCOM\/lib286/dos\clibl.lib(mbsnbcpy.c)
2402:eb58      _mbsnbcpy_


                        +---------------------------+
                        |   Unresolved References   |
                        +---------------------------+

Undefined Symbol                Referenced by
================                =============

_connect_                       cul_socket.obj(D:\git\lpw_c\lpw_self\culmis_std_dos\cul_socket.c)


                        +--------------------+
                        |   Libraries Used   |
                        +--------------------+

D:\git\lpw_c\WATCOM\/lib286/dos\clibl.lib
D:\git\lpw_c\WATCOM\/lib286\math87l.lib
D:\git\lpw_c\WATCOM\/lib286/dos\emu87.lib
