Open Watcom Linker Version 1.9
Portions Copyright (c) 1985-2002 Sybase, Inc. All Rights Reserved.
Created on:       18/03/22 11:26:04
Executable Image: dos_lua.exe
creating a DOS executable


                        +------------+
                        |   Groups   |
                        +------------+

Group                           Address              Size
=====                           =======              ====

DGROUP                          342b:0000            00004e50



                        +--------------+
                        |   Segments   |
                        +--------------+

Segment                Class          Group          Address         Size
=======                =====          =====          =======         ====

lapi_TEXT              CODE           AUTO           0000:0000       000024bc
lauxlib_TEXT           CODE           AUTO           0000:24c0       00001dc1
lbaselib_TEXT          CODE           AUTO           0000:4290       00000f80
lbitlib_TEXT           CODE           AUTO           0000:5210       00000012
lcode_TEXT             CODE           AUTO           0000:5230       00001c9e
lcorolib_TEXT          CODE           AUTO           0000:6ed0       000003d6
lctype_TEXT            CODE           AUTO           0000:72b0       00000000
ldblib_TEXT            CODE           AUTO           0000:72b0       00000faa
ldebug_TEXT            CODE           AUTO           0000:8260       000014c0
ldo_TEXT               CODE           AUTO           0000:9720       00001607
ldump_TEXT             CODE           AUTO           0000:ad30       00000708
lfunc_TEXT             CODE           AUTO           0000:b440       00000453
lgc_TEXT               CODE           AUTO           0000:b8a0       00002063
linit_TEXT             CODE           AUTO           0000:d910       00000069
liolib_TEXT            CODE           AUTO           0000:d980       000013d2
llex_TEXT              CODE           AUTO           0ed6:0000       00001882
lmathlib_TEXT          CODE           AUTO           0ed6:1890       00000bb1
lmem_TEXT              CODE           AUTO           0ed6:2450       0000017c
loadlib_TEXT           CODE           AUTO           0ed6:25d0       00000ec4
lobject_TEXT           CODE           AUTO           0ed6:34a0       00001072
lopcodes_TEXT          CODE           AUTO           0ed6:4520       00000000
loslib_TEXT            CODE           AUTO           0ed6:4520       000009b0
lparser_TEXT           CODE           AUTO           0ed6:4ed0       000033e8
lstate_TEXT            CODE           AUTO           0ed6:82c0       000008d0
lstring_TEXT           CODE           AUTO           0ed6:8b90       000006f2
lstrlib_TEXT           CODE           AUTO           0ed6:9290       000033fb
ltable_TEXT            CODE           AUTO           0ed6:c690       00001105
ltablib_TEXT           CODE           AUTO           0ed6:d7a0       0000119e
ltm_TEXT               CODE           AUTO           0ed6:e940       000004c0
lua_TEXT               CODE           AUTO           0ed6:ee00       00000eb8
lundump_TEXT           CODE           AUTO           1ea2:0000       00000b1e
lutf8lib_TEXT          CODE           AUTO           1ea2:0b20       00000a83
lvm_TEXT               CODE           AUTO           1ea2:15b0       00004da5
lzio_TEXT              CODE           AUTO           1ea2:6360       0000012d
_TEXT                  CODE           AUTO           24eb:0000       0000f3f6
FAR_DATA               FAR_DATA       AUTO           342a:0006       00000000
_NULL                  BEGDATA        DGROUP         342b:0000       00000020
_AFTERNULL             BEGDATA        DGROUP         342d:0000       00000002
CONST                  DATA           DGROUP         342d:0002       00002d6a
CONST2                 DATA           DGROUP         3704:0000       00000d06
_DATA                  DATA           DGROUP         37d5:0000       000006bc
XIB                    DATA           DGROUP         3840:000c       00000000
XI                     DATA           DGROUP         3840:000c       00000054
XIE                    DATA           DGROUP         3846:0000       00000000
YIB                    DATA           DGROUP         3846:0000       00000000
YI                     DATA           DGROUP         3846:0000       0000001e
YIE                    DATA           DGROUP         3847:000e       00000000
STRINGS                DATA           DGROUP         3847:000e       00000000
DATA                   DATA           DGROUP         3847:000e       00000000
_emu_init_start        EMU            DGROUP         3847:000e       00000000
_emu_init_end          EMU            DGROUP         3847:000e       00000000
_BSS                   BSS            DGROUP         3847:000e       0000047a
STACK                  STACK          DGROUP         3890:0000       00000800


                        +----------------+
                        |   Memory Map   |
                        +----------------+

* = unreferenced symbol
+ = symbol only referenced locally

Address        Symbol
=======        ======

Module: lapi.obj(D:\git\lpw_c\lpw_self\culmis_std_dos\lapi.c)
0000:00a0      lua_checkstack_
0000:0146      lua_xmove_
0000:01be      lua_atpanic_
0000:01d8      lua_version_
0000:01fa      lua_absindex_
0000:0226      lua_gettop_
0000:0246      lua_settop_
0000:02f6      lua_rotate_
0000:0390      lua_copy_
0000:0416      lua_pushvalue_
0000:044a      lua_type_
0000:0468      lua_typename_
0000:0478      lua_iscfunction_
0000:0494      lua_isinteger_
0000:04a6      lua_isnumber_
0000:04ec      lua_isstring_
0000:050a*     lua_isuserdata_
0000:0526      lua_rawequal_
0000:057c*     lua_arith_
0000:05ee      lua_compare_
0000:069a      lua_stringtonumber_
0000:06c8      lua_tonumberx_
0000:0736      lua_tointegerx_
0000:07a4      lua_toboolean_
0000:07c2      lua_tolstring_
0000:08a8      lua_rawlen_
0000:08ee*     lua_tocfunction_
0000:091a      lua_touserdata_
0000:0946      lua_tothread_
0000:0960      lua_topointer_
0000:09a4      lua_pushnil_
0000:09ba      lua_pushnumber_
0000:09f2      lua_pushinteger_
0000:0a26      lua_pushlstring_
0000:0ab4      lua_pushstring_
0000:0b34      lua_pushvfstring_
0000:0b88      lua_pushfstring_
0000:0bf6      lua_pushcclosure_
0000:0cf0      lua_pushboolean_
0000:0d10      lua_pushlightuserdata_
0000:0d2e      lua_pushthread_
0000:0e50      lua_getglobal_
0000:0e94      lua_gettable_
0000:0f4a      lua_getfield_
0000:0f70      lua_geti_
0000:1052      lua_rawget_
0000:10aa      lua_rawgeti_
0000:110e      lua_rawgetp_
0000:1182      lua_createtable_
0000:11f8      lua_getmetatable_
0000:1270      lua_getuservalue_
0000:1410      lua_setglobal_
0000:1452*     lua_settable_
0000:1554      lua_setfield_
0000:157a      lua_seti_
0000:16b0      lua_rawset_
0000:176a      lua_rawseti_
0000:17f6      lua_rawsetp_
0000:18a4      lua_setmetatable_
0000:198a      lua_setuservalue_
0000:1a24      lua_callk_
0000:1adc      lua_pcallk_
0000:1c0e      lua_load_
0000:1d0c      lua_dump_
0000:1d58      lua_status_
0000:1d78      lua_gc_
0000:1efe      lua_error_
0000:1f06      lua_next_
0000:1f52      lua_concat_
0000:1fd8      lua_len_
0000:2000      lua_getallocf_
0000:2038*     lua_setallocf_
0000:2060      lua_newuserdata_
0000:21e2      lua_getupvalue_
0000:224c      lua_setupvalue_
0000:2382      lua_upvalueid_
0000:23e8      lua_upvaluejoin_
342b:2d90*     _lua_ident
Module: lauxlib.obj(D:\git\lpw_c\lpw_self\culmis_std_dos\lauxlib.c)
0000:27d6      luaL_traceback_
0000:293c      luaL_argerror_
0000:2aea      luaL_where_
0000:2b54      luaL_error_
0000:2bb4      luaL_fileresult_
0000:2c54      luaL_execresult_
0000:2cca      luaL_newmetatable_
0000:2d54      luaL_setmetatable_
0000:2d74      luaL_testudata_
0000:2df8      luaL_checkudata_
0000:2e40      luaL_checkoption_
0000:2f30      luaL_checkstack_
0000:2f7c      luaL_checktype_
0000:2fb8      luaL_checkany_
0000:2fe2      luaL_checklstring_
0000:3032      luaL_optlstring_
0000:309a      luaL_checknumber_
0000:30e8      luaL_optnumber_
0000:317a      luaL_checkinteger_
0000:31c0      luaL_optinteger_
0000:3324      luaL_prepbuffsize_
0000:3408      luaL_addlstring_
0000:3452      luaL_addstring_
0000:347c      luaL_pushresult_
0000:34f6      luaL_pushresultsize_
0000:3504      luaL_addvalue_
0000:35ae      luaL_buffinit_
0000:35cc      luaL_buffinitsize_
0000:35ea*     luaL_ref_
0000:36c6*     luaL_unref_
0000:39ce      luaL_loadfilex_
0000:3bb2      luaL_loadbufferx_
0000:3be6*     luaL_loadstring_
0000:3c16      luaL_getmetafield_
0000:3c84      luaL_callmeta_
0000:3cd8      luaL_len_
0000:3d48      luaL_tolstring_
0000:3e6c      luaL_setfuncs_
0000:3f1e      luaL_getsubtable_
0000:3f9a      luaL_requiref_
0000:4088      luaL_gsub_
0000:41aa      luaL_newstate_
0000:41e6      luaL_checkversion__
Module: lbaselib.obj(D:\git\lpw_c\lpw_self\culmis_std_dos\lbaselib.c)
0000:51a0      luaopen_base_
Module: lbitlib.obj(D:\git\lpw_c\lpw_self\culmis_std_dos\lbitlib.c)
0000:5210*     luaopen_bit32_
Module: lcode.obj(D:\git\lpw_c\lpw_self\culmis_std_dos\lcode.c)
0000:529e      luaK_nil_
0000:540a      luaK_concat_
0000:5452      luaK_jump_
0000:5498      luaK_ret_
0000:54d2      luaK_getlabel_
0000:568e      luaK_patchtohere_
0000:56ac      luaK_patchlist_
0000:56c8      luaK_patchclose_
0000:5842      luaK_codeABC_
0000:58ac      luaK_codeABx_
0000:5902      luaK_codek_
0000:590e      luaK_checkstack_
0000:5960      luaK_reserveregs_
0000:5bbe      luaK_stringK_
0000:5be8      luaK_intK_
0000:5cc8      luaK_setreturns_
0000:5d9c      luaK_setoneret_
0000:5e24      luaK_dischargevars_
0000:61d4      luaK_exp2nextreg_
0000:6240      luaK_exp2anyregup_
0000:6254      luaK_exp2val_
0000:6260      luaK_exp2anyreg_
0000:62c2      luaK_exp2RK_
0000:636e      luaK_storevar_
0000:6420      luaK_self_
0000:65b6      luaK_goiftrue_
0000:6638      luaK_goiffalse_
0000:676e      luaK_indexed_
0000:6b4a      luaK_prefix_
0000:6bdc      luaK_infix_
0000:6c7a      luaK_posfix_
0000:6e30      luaK_fixline_
0000:6e4a      luaK_setlist_
Module: lcorolib.obj(D:\git\lpw_c\lpw_self\culmis_std_dos\lcorolib.c)
0000:7260      luaopen_coroutine_
Module: lctype.obj(D:\git\lpw_c\lpw_self\culmis_std_dos\lctype.c)
342b:2f5c      _luai_ctype_
Module: ldblib.obj(D:\git\lpw_c\lpw_self\culmis_std_dos\ldblib.c)
0000:8214      luaopen_debug_
Module: ldebug.obj(D:\git\lpw_c\lpw_self\culmis_std_dos\ldebug.c)
0000:8304      lua_sethook_
0000:835c      lua_gethook_
0000:836a      lua_gethookmask_
0000:8374      lua_gethookcount_
0000:837e      lua_getstack_
0000:85b2      lua_getlocal_
0000:8664      lua_setlocal_
0000:8a0a      lua_getinfo_
0000:924e      luaG_typeerror_
0000:929c      luaG_concaterror_
0000:92c4      luaG_opinterror_
0000:9330      luaG_tointerror_
0000:939e      luaG_ordererror_
0000:942c      luaG_addinfo_
0000:9488      luaG_errormsg_
0000:9512      luaG_runerror_
0000:959a      luaG_traceexec_
Module: ldo.obj(D:\git\lpw_c\lpw_self\culmis_std_dos\ldo.c)
0000:97c2      luaD_throw_
0000:98be      luaD_rawrunprotected_
0000:9a56+     luaD_reallocstack_
0000:9b16      luaD_growstack_
0000:9be0      luaD_shrinkstack_
0000:9c52      luaD_inctop_
0000:9c8c      luaD_hook_
0000:9f10      luaD_precall_
0000:a3be      luaD_poscall_
0000:a48a      luaD_call_
0000:a4d0      luaD_callnoyield_
0000:a882      lua_resume_
0000:a94e      lua_isyieldable_
0000:a962      lua_yieldk_
0000:aa26      luaD_pcall_
0000:ac2a      luaD_protectedparser_
Module: ldump.obj(D:\git\lpw_c\lpw_self\culmis_std_dos\ldump.c)
0000:b3c8      luaU_dump_
Module: lfunc.obj(D:\git\lpw_c\lpw_self\culmis_std_dos\lfunc.c)
0000:b440      luaF_newCclosure_
0000:b476      luaF_newLclosure_
0000:b4be      luaF_initupvals_
0000:b532      luaF_findupval_
0000:b630      luaF_close_
0000:b6da      luaF_newproto_
0000:b770      luaF_freeproto_
0000:b858      luaF_getlocalname_
Module: lgc.obj(D:\git\lpw_c\lpw_self\culmis_std_dos\lgc.c)
0000:b8f6      luaC_barrier__
0000:b938      luaC_barrierback__
0000:b962      luaC_upvalbarrier__
0000:b98e      luaC_fix_
0000:b9c4      luaC_newobj_
0000:ca88      luaC_upvdeccount_
0000:d0d4      luaC_checkfinalizer_
0000:d2ac      luaC_freeallobjects_
0000:d704+     luaC_runtilstate_
0000:d7d2      luaC_step_
0000:d88c      luaC_fullgc_
Module: linit.obj(D:\git\lpw_c\lpw_self\culmis_std_dos\linit.c)
0000:d910      luaL_openlibs_
Module: liolib.obj(D:\git\lpw_c\lpw_self\culmis_std_dos\liolib.c)
0000:ecc4      luaopen_io_
Module: llex.obj(D:\git\lpw_c\lpw_self\culmis_std_dos\llex.c)
0ed6:008a      luaX_init_
0ed6:0102      luaX_token2str_
0ed6:0212      luaX_syntaxerror_
0ed6:0220      luaX_newstring_
0ed6:03c2      luaX_setinput_
0ed6:1812      luaX_next_
0ed6:1866      luaX_lookahead_
Module: lmathlib.obj(D:\git\lpw_c\lpw_self\culmis_std_dos\lmathlib.c)
0ed6:235c      luaopen_math_
Module: lmem.obj(D:\git\lpw_c\lpw_self\culmis_std_dos\lmem.c)
0ed6:2450      luaM_growaux__
0ed6:24e0      luaM_toobig_
0ed6:24f2      luaM_realloc__
Module: loadlib.obj(D:\git\lpw_c\lpw_self\culmis_std_dos\loadlib.c)
0ed6:336a      luaopen_package_
Module: lobject.obj(D:\git\lpw_c\lpw_self\culmis_std_dos\lobject.c)
0ed6:34a0      luaO_int2fb_
0ed6:34d8      luaO_fb2int_
0ed6:34f8      luaO_ceillog2_
0ed6:37b6      luaO_arith_
0ed6:3a40      luaO_hexavalue_
0ed6:3de2      luaO_str2num_
0ed6:3e74      luaO_utf8esc_
0ed6:3ef4      luaO_tostring_
0ed6:4018      luaO_pushvfstring_
0ed6:431c      luaO_pushfstring_
0ed6:4352      luaO_chunkid_
342b:3428      _luaO_nilobject_
Module: lopcodes.obj(D:\git\lpw_c\lpw_self\culmis_std_dos\lopcodes.c)
342b:3540*     _luaP_opnames
342b:3600      _luaP_opmodes
Module: loslib.obj(D:\git\lpw_c\lpw_self\culmis_std_dos\loslib.c)
0ed6:4e8a      luaopen_os_
Module: lparser.obj(D:\git\lpw_c\lpw_self\culmis_std_dos\lparser.c)
0ed6:81b0      luaY_parser_
Module: lstate.obj(D:\git\lpw_c\lpw_self\culmis_std_dos\lstate.c)
0ed6:835e      luaE_setdebt_
0ed6:83ac      luaE_extendCI_
0ed6:8406      luaE_freeCI_
0ed6:8468      luaE_shrinkCI_
0ed6:882c      lua_newthread_
0ed6:8960      luaE_freethread_
0ed6:89ac      lua_newstate_
0ed6:8b7c      lua_close_
Module: lstring.obj(D:\git\lpw_c\lpw_self\culmis_std_dos\lstring.c)
0ed6:8b90      luaS_eqlngstr_
0ed6:8bd0      luaS_hash_
0ed6:8c1a      luaS_hashlongstr_
0ed6:8c54      luaS_resize_
0ed6:8dd6      luaS_clearcache_
0ed6:8e38      luaS_init_
0ed6:8eec      luaS_createlngstrobj_
0ed6:8f10      luaS_remove_
0ed6:9104      luaS_newlstr_
0ed6:915e      luaS_new_
0ed6:921e      luaS_newudata_
Module: lstrlib.obj(D:\git\lpw_c\lpw_self\culmis_std_dos\lstrlib.c)
0ed6:c63e      luaopen_string_
Module: ltable.obj(D:\git\lpw_c\lpw_self\culmis_std_dos\ltable.c)
0ed6:c94a      luaH_next_
0ed6:cd40      luaH_resize_
0ed6:cf00      luaH_resizearray_
0ed6:cfc4      luaH_new_
0ed6:d01e      luaH_free_
0ed6:d0e0      luaH_newkey_
0ed6:d332      luaH_getint_
0ed6:d3fa      luaH_getshortstr_
0ed6:d4c8      luaH_getstr_
0ed6:d4fc      luaH_get_
0ed6:d596      luaH_set_
0ed6:d5de      luaH_setint_
0ed6:d6f4      luaH_getn_
Module: ltablib.obj(D:\git\lpw_c\lpw_self\culmis_std_dos\ltablib.c)
0ed6:e8f8      luaopen_table_
Module: ltm.obj(D:\git\lpw_c\lpw_self\culmis_std_dos\ltm.c)
0ed6:e940      luaT_init_
0ed6:e99e      luaT_gettm_
0ed6:e9ec      luaT_gettmbyobj_
0ed6:ea7c      luaT_objtypename_
0ed6:eb12      luaT_callTM_
0ed6:ebf8+     luaT_callbinTM_
0ed6:ec90      luaT_trybinTM_
0ed6:edae      luaT_callorderTM_
342b:37dc      _luaT_typenames_
Module: lua.obj(D:\git\lpw_c\lpw_self\culmis_std_dos\lua.c)
0ed6:fbfe      main_
Module: lundump.obj(D:\git\lpw_c\lpw_self\culmis_std_dos\lundump.c)
1ea2:0a4e      luaU_undump_
Module: lutf8lib.obj(D:\git\lpw_c\lpw_self\culmis_std_dos\lutf8lib.c)
1ea2:153a      luaopen_utf8_
Module: lvm.obj(D:\git\lpw_c\lpw_self\culmis_std_dos\lvm.c)
1ea2:15b0      luaV_tonumber__
1ea2:1674      luaV_tointeger_
1ea2:18be      luaV_finishget_
1ea2:1a3c      luaV_finishset_
1ea2:208a      luaV_lessthan_
1ea2:2154      luaV_lessequal_
1ea2:227e      luaV_equalobj_
1ea2:26ea      luaV_concat_
1ea2:293e      luaV_objlen_
1ea2:2ab2      luaV_div_
1ea2:2bb4      luaV_mod_
1ea2:2c8c      luaV_shiftl_
1ea2:2f26      luaV_finishOp_
1ea2:31d2      luaV_execute_
Module: lzio.obj(D:\git\lpw_c\lpw_self\culmis_std_dos\lzio.c)
1ea2:6360      luaZ_fill_
1ea2:63ca      luaZ_init_
1ea2:6400      luaZ_read_
Module: D:\git\lpw_c\WATCOM\/lib286/dos\emu87.lib(initemu.asm)
0000:8000      FJSRQQ
0000:0632      FISRQQ
0000:1632      FIERQQ
0000:5c32      FIDRQQ
0000:a23d      FIWRQQ
0000:c000      FJCRQQ
0000:4000*     FJARQQ
0000:0e32      FICRQQ
0000:fe32*     FIARQQ
24eb:0038      __init_87_emulator
24eb:00c9*     __fini_87_emulator
Module: D:\git\lpw_c\WATCOM\/lib286/dos\clibl.lib(fltused.c)
342b:3ae0      _fltused_
Module: D:\git\lpw_c\WATCOM\/lib286/dos\clibl.lib(cmodel)
24eb:0140      _big_code_
24eb:0140*     CodeModelMismatch
Module: D:\git\lpw_c\WATCOM\/lib286/dos\clibl.lib(_8087)
342b:3ae2      __8087
342b:3ae3      __real87
342b:3ae4      __dos87emucall
342b:3ae6      __dos87real
Module: D:\git\lpw_c\WATCOM\/lib286/dos\clibl.lib(strncmp.c)
24eb:0140      strncmp_
Module: D:\git\lpw_c\WATCOM\/lib286/dos\clibl.lib(errno.c)
24eb:017f      __get_errno_ptr_
24eb:0186      __get_doserrno_ptr_
342b:41ce+     _errno
342b:41d0+     __doserrno
Module: D:\git\lpw_c\WATCOM\/lib286/dos\clibl.lib(strerror.c)
24eb:018d      strerror_
24eb:01b5*     _strerror_
342b:3ae8+     __sys_errlist
342b:3b8c+     __sys_nerr
Module: D:\git\lpw_c\WATCOM\/lib286/dos\clibl.lib(fread.c)
24eb:0280      fread_
Module: D:\git\lpw_c\WATCOM\/lib286/dos\clibl.lib(fgetc.c)
24eb:0473      __fill_buffer_
24eb:0568      fgetc_
Module: D:\git\lpw_c\WATCOM\/lib286/dos\clibl.lib(iob.c)
342b:3b8e      ___iob
342b:3cf6      __fmode
342b:42d2      ___OpenStreams
342b:42d6      ___ClosedStreams
Module: D:\git\lpw_c\WATCOM\/lib286/dos\clibl.lib(fopen.c)
24eb:060d+     __open_flags_
24eb:080d+     _fsopen_
24eb:0874      fopen_
24eb:094f      freopen_
Module: D:\git\lpw_c\WATCOM\/lib286/dos\clibl.lib(fclose.c)
24eb:09c5      __doclose_
24eb:0a76      __shutdown_stream_
24eb:0a90      fclose_
342b:42da      ___RmTmpFileFn
Module: D:\git\lpw_c\WATCOM\/lib286/dos\clibl.lib(strstr.c)
24eb:0adb      strstr_
Module: D:\git\lpw_c\WATCOM\/lib286/dos\clibl.lib(ffree.c)
24eb:0b95      _ffree_
24eb:0b95      free_
Module: D:\git\lpw_c\WATCOM\/lib286/dos\clibl.lib(frealloc.c)
24eb:0bdb*     _frealloc_
24eb:0bdb      realloc_
Module: D:\git\lpw_c\WATCOM\/lib286/dos\clibl.lib(fprintf.c)
24eb:0cb7      fprintf_
Module: D:\git\lpw_c\WATCOM\/lib286/dos\clibl.lib(fflush.c)
24eb:0ce6      fflush_
Module: D:\git\lpw_c\WATCOM\/lib286/dos\clibl.lib(fwrite.c)
24eb:0cfb      fwrite_
Module: D:\git\lpw_c\WATCOM\/lib286/dos\clibl.lib(strspn.c)
24eb:0ef6      strspn_
Module: D:\git\lpw_c\WATCOM\/lib286/dos\clibl.lib(istable.c)
342b:38a8      __IsTable
Module: D:\git\lpw_c\WATCOM\/lib286/dos\clibl.lib(toupper.c)
24eb:0f4b      toupper_
Module: D:\git\lpw_c\WATCOM\/lib286/dos\clibl.lib(i8m086)
24eb:0f75*     __I8M
24eb:0f75      __U8M
24eb:0f5a*     __I8ME
24eb:0f5a*     __U8ME
Module: D:\git\lpw_c\WATCOM\/lib286/dos\clibl.lib(fgets.c)
24eb:10bf      fgets_
Module: D:\git\lpw_c\WATCOM\/lib286/dos\clibl.lib(setjmp)
24eb:114e      _setjmp_
24eb:11a3      longjmp_
Module: D:\git\lpw_c\WATCOM\/lib286/dos\clibl.lib(abort.c)
24eb:1200      abort_
24eb:1222      __terminate_
342b:3cf8      ___abort
Module: D:\git\lpw_c\WATCOM\/lib286/dos\clibl.lib(i4d)
24eb:1236      __I4D
24eb:1285      __U4D
Module: D:\git\lpw_c\WATCOM\/lib286/dos\clibl.lib(i4m)
24eb:130a      __I4M
24eb:130a      __U4M
Module: D:\git\lpw_c\WATCOM\/lib286/dos\clibl.lib(tmpfl.c)
24eb:1322      tmpfile_
24eb:1469+     __Init_Tmpfl_
342b:3cfc+     ___tmpfnext
Module: D:\git\lpw_c\WATCOM\/lib286/dos\clibl.lib(localeco.c)
24eb:147b      localeconv_
Module: D:\git\lpw_c\WATCOM\/lib286/dos\clibl.lib(ungetc.c)
24eb:1482      ungetc_
Module: D:\git\lpw_c\WATCOM\/lib286/dos\clibl.lib(fseek.c)
24eb:15c2      fseek_
Module: D:\git\lpw_c\WATCOM\/lib286/dos\clibl.lib(ftell.c)
24eb:1710      ftell_
Module: D:\git\lpw_c\WATCOM\/lib286/dos\clibl.lib(setvbuf.c)
24eb:176c      setvbuf_
Module: D:\git\lpw_c\WATCOM\/lib286\math87l.lib(trig87)
24eb:192d*     sin_
24eb:191e*     cos_
24eb:19f4*     tan_
24eb:1822*     IF@COS
24eb:1822      IF@DCOS
24eb:183b*     IF@SIN
24eb:183b      IF@DSIN
24eb:193c*     IF@TAN
24eb:193c      IF@DTAN
Module: D:\git\lpw_c\WATCOM\/lib286\math87l.lib(asin87)
24eb:1a2a*     asin_
24eb:1a04      IF@DASIN
24eb:1a04*     IF@ASIN
Module: D:\git\lpw_c\WATCOM\/lib286\math87l.lib(acos87)
24eb:1aa4*     acos_
24eb:1a46      IF@DACOS
24eb:1a46*     IF@ACOS
Module: D:\git\lpw_c\WATCOM\/lib286\math87l.lib(atan87)
24eb:1bd9*     atan_
24eb:1be8*     atan2_
24eb:1ac0*     IF@ATAN
24eb:1ac0*     IF@DATAN
24eb:1b2e*     IF@ATAN2
24eb:1b2e      IF@DATAN2
Module: D:\git\lpw_c\WATCOM\/lib286\math87l.lib(fchop87)
24eb:1bfc      __CHP
Module: D:\git\lpw_c\WATCOM\/lib286\math87l.lib(floor.c)
24eb:1c2b      floor_
Module: D:\git\lpw_c\WATCOM\/lib286\math87l.lib(ceil.c)
24eb:1c7c      ceil_
Module: D:\git\lpw_c\WATCOM\/lib286/dos\clibl.lib(i8d086)
24eb:1faf*     __U8DQ
24eb:1fc5*     __U8DR
24eb:1fdb      __I8DQ
24eb:1ff7      __I8DR
24eb:200d*     __U8DQE
24eb:2023*     __U8DRE
24eb:2039*     __I8DQE
24eb:204f*     __I8DRE
Module: D:\git\lpw_c\WATCOM\/lib286\math87l.lib(fmod87)
24eb:2091*     fmod_
24eb:2066      IF@DFMOD
24eb:2066*     IF@FMOD
Module: D:\git\lpw_c\WATCOM\/lib286\math87l.lib(sqrt87)
24eb:20a4*     sqrt_
24eb:20e2*     IF@SQRT
24eb:20e2      IF@DSQRT
24eb:20e4      __@DSQRT
Module: D:\git\lpw_c\WATCOM\/lib286\math87l.lib(log87)
24eb:217c*     log_
24eb:219e      log2_
24eb:218d*     log10_
24eb:211c*     IF@LOG
24eb:211c      IF@DLOG
24eb:2166*     IF@LOG2
24eb:2166*     IF@DLOG2
24eb:2171*     IF@LOG10
24eb:2171      IF@DLOG10
Module: D:\git\lpw_c\WATCOM\/lib286\math87l.lib(exp87)
24eb:228d*     exp_
24eb:21c0*     __@DEXP1
24eb:21c9*     IF@EXP
24eb:21c9      IF@DEXP
24eb:21cb      __@DEXP
Module: D:\git\lpw_c\WATCOM\/lib286/dos\clibl.lib(rand.c)
24eb:229e      rand_
24eb:22e0      srand_
Module: D:\git\lpw_c\WATCOM\/lib286/dos\clibl.lib(hugeval.c)
342b:39aa      __HugeValue
Module: D:\git\lpw_c\WATCOM\/lib286/dos\clibl.lib(getenv.c)
24eb:2303      getenv_
Module: D:\git\lpw_c\WATCOM\/lib286\math87l.lib(pow87)
24eb:2532*     pow_
24eb:23c8      IF@DPOW
24eb:23c8*     IF@POW
Module: D:\git\lpw_c\WATCOM\/lib286\math87l.lib(strtod.c)
24eb:2ac0+     __Strtold_
24eb:2c73      strtod_
Module: D:\git\lpw_c\WATCOM\/lib286/dos\clibl.lib(strpbrk.c)
24eb:2e15      strpbrk_
Module: D:\git\lpw_c\WATCOM\/lib286/dos\clibl.lib(snprintf.c)
24eb:2ea5+     vsnprintf_
24eb:2f29      snprintf_
Module: D:\git\lpw_c\WATCOM\/lib286/dos\clibl.lib(system.c)
24eb:2f58      system_
Module: D:\git\lpw_c\WATCOM\/lib286/dos\clibl.lib(remove.c)
24eb:2fd3      remove_
Module: D:\git\lpw_c\WATCOM\/lib286/dos\clibl.lib(renam.c)
24eb:2fd8      rename_
Module: D:\git\lpw_c\WATCOM\/lib286/dos\clibl.lib(tmpnm.c)
24eb:307c      tmpnam_
Module: D:\git\lpw_c\WATCOM\/lib286/dos\clibl.lib(clockdos.c)
24eb:3172+     __ibm_bios_get_ticks_
24eb:31e9      clock_
Module: D:\git\lpw_c\WATCOM\/lib286/dos\clibl.lib(gmtime.c)
24eb:3255      __brktime_
24eb:33b8+     _gmtime_
24eb:33dc      gmtime_
Module: D:\git\lpw_c\WATCOM\/lib286/dos\clibl.lib(time.c)
24eb:33eb      time_
Module: D:\git\lpw_c\WATCOM\/lib286/dos\clibl.lib(localtim.c)
24eb:3436+     _localtime_
24eb:34c5      localtime_
Module: D:\git\lpw_c\WATCOM\/lib286/dos\clibl.lib(strftime.c)
24eb:356c      strftime_
Module: D:\git\lpw_c\WATCOM\/lib286/dos\clibl.lib(mktime.c)
24eb:3a9b      mktime_
Module: D:\git\lpw_c\WATCOM\/lib286/dos\clibl.lib(setlocal.c)
24eb:3b55      setlocale_
Module: D:\git\lpw_c\WATCOM\/lib286/dos\clibl.lib(exit.c)
24eb:3c1a      __null_int23_exit_
24eb:3c1b      exit_
24eb:3c4c*     _exit_
342b:3d46      ___int23_exit
342b:3d4a      ___FPE_handler_exit
Module: D:\git\lpw_c\WATCOM\/lib286/dos\clibl.lib(tolower.c)
24eb:3c65      tolower_
Module: D:\git\lpw_c\WATCOM\/lib286/dos\clibl.lib(u8rs086)
24eb:3c74      __U8RS
Module: D:\git\lpw_c\WATCOM\/lib286/dos\clibl.lib(i8ls086)
24eb:3c84      __I8LS
24eb:3c84      __U8LS
Module: D:\git\lpw_c\WATCOM\/lib286\math87l.lib(frexp.c)
24eb:3c94      frexp_
Module: D:\git\lpw_c\WATCOM\/lib286/dos\clibl.lib(signl.c)
24eb:3cfc+     __sigabort_
24eb:3d02      signal_
24eb:3dd2      raise_
Module: D:\git\lpw_c\WATCOM\/lib286/dos\clibl.lib(fputs.c)
24eb:3ef2      fputs_
Module: D:\git\lpw_c\WATCOM\/lib286/dos\clibl.lib(cstart)
342b:0000*     __nullarea
342b:3d4e*     __ovlflag
342b:3d4f*     __intno
342b:3d50*     __ovlvec
24eb:3f92      _cstart_
24eb:4065*     _Not_Enough_Memory_
24eb:4199      __exit_
24eb:41b8      __do_exit_with_msg__
24eb:4216      __GETDS
Module: D:\git\lpw_c\WATCOM\/lib286/dos\clibl.lib(argcv.c)
342b:4314      __argv
342b:4318      ___argv
342b:431c      __argc
342b:431e      ___argc
Module: D:\git\lpw_c\WATCOM\/lib286/dos\clibl.lib(strcoll.c)
24eb:4220      strcoll_
Module: D:\git\lpw_c\WATCOM\/lib286/dos\clibl.lib(crwdata)
342b:3d54      __curbrk
342b:3d5c      __STACKLOW
342b:3d5e      __STACKTOP
342b:3d60      __cbyte
342b:3d62      __child
342b:3d64      __no87
342b:3d72      ___FPE_handler
342b:3d56      __psp
342b:3d66      __get_ovl_stack
342b:3d6a      __restore_ovl_stack
342b:3d6e      __close_ovl_file
342b:3d76      __LpCmdLine
342b:3d7a      __LpPgmName
342b:3d58      __osmajor
342b:3d59      __osminor
342b:3d5a      __osmode
342b:3d5b      __HShift
Module: D:\git\lpw_c\WATCOM\/lib286/dos\clibl.lib(init8087)
24eb:4246      __init_8087_emu
24eb:424c      __x87id
Module: D:\git\lpw_c\WATCOM\/lib286/dos\emu87.lib(emu8087.asm)
24eb:439c      __int34
24eb:43d9      __int3c
Module: D:\git\lpw_c\WATCOM\/lib286/dos\emu87.lib(dosinit.asm)
24eb:6ce2      ___dos87emucall
Module: D:\git\lpw_c\WATCOM\/lib286/dos\clibl.lib(setefg.c)
24eb:6d20      __setEFGfmt_
Module: D:\git\lpw_c\WATCOM\/lib286/dos\clibl.lib(chk8087.c)
24eb:6d5a*     _fpreset_
24eb:6d85      __init_8087_
24eb:6db8+     __default_sigfpe_handler_
24eb:6dcb      __chk8087_
Module: D:\git\lpw_c\WATCOM\/lib286/dos\clibl.lib(strncpy.c)
24eb:6e3b      strncpy_
Module: D:\git\lpw_c\WATCOM\/lib286/dos\clibl.lib(qread.c)
24eb:6e77      __qread_
Module: D:\git\lpw_c\WATCOM\/lib286/dos\clibl.lib(seterrno.c)
24eb:6e97      __set_errno_
24eb:6eab      __set_EDOM_
24eb:6ebd      __set_ERANGE_
24eb:6ecf*     __set_EINVAL_
24eb:6ee4      __set_doserrno_
Module: D:\git\lpw_c\WATCOM\/lib286/dos\clibl.lib(ioalloc.c)
24eb:6ef0      __ioalloc_
Module: D:\git\lpw_c\WATCOM\/lib286/dos\clibl.lib(flushall.c)
24eb:6f8a      __flushall_
24eb:6fe7      flushall_
Module: D:\git\lpw_c\WATCOM\/lib286/dos\clibl.lib(gtche.c)
24eb:6fec      getche_
Module: D:\git\lpw_c\WATCOM\/lib286/dos\clibl.lib(initfile.c)
24eb:7006      __InitFiles_
Module: D:\git\lpw_c\WATCOM\/lib286/dos\clibl.lib(ioexit.c)
24eb:7154*     fcloseall_
24eb:715b      __full_io_exit_
Module: D:\git\lpw_c\WATCOM\/lib286/dos\clibl.lib(comtflag.c)
24eb:7165*     __set_commode_
342b:3de8      __commode
Module: D:\git\lpw_c\WATCOM\/lib286/dos\clibl.lib(open.c)
24eb:736d*     open_
24eb:73a4      sopen_
Module: D:\git\lpw_c\WATCOM\/lib286/dos\clibl.lib(chktty.c)
24eb:73d1      __chktty_
Module: D:\git\lpw_c\WATCOM\/lib286/dos\clibl.lib(freefp.c)
24eb:73fc      __freefp_
24eb:7477      __purgefp_
Module: D:\git\lpw_c\WATCOM\/lib286/dos\clibl.lib(allocfp.c)
24eb:74b8      __allocfp_
Module: D:\git\lpw_c\WATCOM\/lib286/dos\clibl.lib(__lseek.c)
24eb:75da      __lseek_
Module: D:\git\lpw_c\WATCOM\/lib286/dos\clibl.lib(_clse.c)
24eb:7614      __close_
Module: D:\git\lpw_c\WATCOM\/lib286/dos\clibl.lib(flush.c)
24eb:7647      __flush_
Module: D:\git\lpw_c\WATCOM\/lib286/dos\clibl.lib(nmalloc.c)
24eb:777a      _nmalloc_
342b:3dea      ___nheapbeg
342b:3dec      ___MiniHeapRover
342b:3dee      ___LargestSizeB4MiniHeapRover
Module: D:\git\lpw_c\WATCOM\/lib286/dos\clibl.lib(mem.c)
24eb:7860      __MemAllocator
24eb:792a      __MemFree
Module: D:\git\lpw_c\WATCOM\/lib286/dos\clibl.lib(fmalloc.c)
24eb:7a87      _fmalloc_
24eb:7a87      malloc_
342b:3df0+     ___fheap
342b:3df2      ___fheapRover
342b:3df4      ___LargestSizeB4Rover
Module: D:\git\lpw_c\WATCOM\/lib286/dos\clibl.lib(nfree.c)
24eb:7b94      _nfree_
342b:4320+     ___MiniHeapFreeRover
Module: D:\git\lpw_c\WATCOM\/lib286/dos\clibl.lib(fmsize.c)
24eb:7c8f*     _msize_
24eb:7c8f      _fmsize_
Module: D:\git\lpw_c\WATCOM\/lib286/dos\clibl.lib(nexpand.c)
24eb:7ca0      __HeapManager_expand_
24eb:7e17      _nexpand_
Module: D:\git\lpw_c\WATCOM\/lib286/dos\clibl.lib(fexpand.c)
24eb:7e6a      _fexpand_
24eb:7e6a*     _expand_
Module: D:\git\lpw_c\WATCOM\/lib286/dos\clibl.lib(fprtf.c)
24eb:7eb9      __fprtf_
Module: D:\git\lpw_c\WATCOM\/lib286/dos\clibl.lib(qwrit.c)
24eb:7f84      __qwrite_
Module: D:\git\lpw_c\WATCOM\/lib286/dos\clibl.lib(fputc.c)
24eb:7fe1      fputc_
Module: D:\git\lpw_c\WATCOM\/lib286/dos\clibl.lib(setbits.c)
24eb:80b1      __setbits_
Module: D:\git\lpw_c\WATCOM\/lib286/dos\clibl.lib(bits.c)
342b:3a4a      __Bits
Module: D:\git\lpw_c\WATCOM\/lib286/dos\clibl.lib(ljmphdl.c)
342b:3df6      ___longjmp_handler
Module: D:\git\lpw_c\WATCOM\/lib286/dos\clibl.lib(xmsg.c)
24eb:810a*     __exit_with_msg_
24eb:810f      __fatal_runtime_error_
Module: D:\git\lpw_c\WATCOM\/lib286/dos\clibl.lib(tmputil.c)
24eb:81fb      __MkTmpFile_
24eb:827b      __RmTmpFile_
Module: D:\git\lpw_c\WATCOM\/lib286/dos\clibl.lib(accss.c)
24eb:82ab      access_
Module: D:\git\lpw_c\WATCOM\/lib286/dos\clibl.lib(close.c)
24eb:82e5      close_
Module: D:\git\lpw_c\WATCOM\/lib286/dos\clibl.lib(lseek.c)
24eb:82ea      lseek_
Module: D:\git\lpw_c\WATCOM\/lib286/dos\clibl.lib(tell.c)
24eb:831b      tell_
Module: D:\git\lpw_c\WATCOM\/lib286/dos\clibl.lib(chipvar)
342b:3e0e      ___chipbug
342b:3e0e      __chipbug
Module: D:\git\lpw_c\WATCOM\/lib286/dos\clibl.lib(chipt16.asm)
24eb:8344      __fptan_chk
Module: D:\git\lpw_c\WATCOM\/lib286/dos\clibl.lib(chipw16.asm)
24eb:83f0      __fpatan_wrap
Module: D:\git\lpw_c\WATCOM\/lib286\math87l.lib(modf87)
24eb:8422      modf_
Module: D:\git\lpw_c\WATCOM\/lib286/dos\clibl.lib(chipr16.asm)
24eb:8627      __fprem_chk
24eb:8861*     __fprem1_chk
Module: D:\git\lpw_c\WATCOM\/lib286\math87l.lib(math87e.c)
24eb:88fa      __math87_err_
Module: D:\git\lpw_c\WATCOM\/lib286\math87l.lib(log87e.c)
24eb:898a      __log87_err_
Module: D:\git\lpw_c\WATCOM\/lib286/dos\clibl.lib(environ.c)
342b:4322      ___env_mask
342b:4326      _environ
342b:432a*     __wenviron
Module: D:\git\lpw_c\WATCOM\/lib286/dos\clibl.lib(mbterm.c)
24eb:89ce      _mbterm_
Module: D:\git\lpw_c\WATCOM\/lib286/dos\clibl.lib(mbsnextc.c)
24eb:8a10      _mbsnextc_
Module: D:\git\lpw_c\WATCOM\/lib286/dos\clibl.lib(mbcupper.c)
24eb:8a41      _mbctoupper_
Module: D:\git\lpw_c\WATCOM\/lib286/dos\clibl.lib(mbsinc.c)
24eb:8a64      _mbsinc_
Module: D:\git\lpw_c\WATCOM\/lib286\math87l.lib(pow87e.c)
24eb:8aa0      __pow87_err_
Module: D:\git\lpw_c\WATCOM\/lib286/dos\clibl.lib(fdiv_patch)
24eb:8cbc      __fdiv_fpr
24eb:915c*     __fdiv_chk
24eb:9170*     __fdiv_m32
24eb:91b7*     __fdiv_m64
24eb:91fe*     __fdiv_m32r
24eb:9245*     __fdiv_m64r
Module: D:\git\lpw_c\WATCOM\/lib286\math87l.lib(bufld086)
24eb:928c      __ZBuf2LD
Module: D:\git\lpw_c\WATCOM\/lib286\math87l.lib(ldcvt.c)
24eb:946d      _LDScale10x_
24eb:99d0      __LDcvt_
Module: D:\git\lpw_c\WATCOM\/lib286\math87l.lib(inf_nan.c)
342b:3a52*     ___f_infinity
342b:3a56*     ___f_posqnan
342b:3a5a      ___d_infinity
342b:3a62      ___d_posqnan
342b:3a6a*     ___ld_infinity
342b:3a72*     ___ld_posqnan
Module: D:\git\lpw_c\WATCOM\/lib286/dos\clibl.lib(prtf.c)
24eb:9f06      __prtf_
Module: D:\git\lpw_c\WATCOM\/lib286/dos\clibl.lib(_slashc.c)
24eb:acd4      __Slash_C_
Module: D:\git\lpw_c\WATCOM\/lib286/dos\clibl.lib(splp.c)
24eb:ad00      spawnlp_
Module: D:\git\lpw_c\WATCOM\/lib286/dos\clibl.lib(unlnk.c)
24eb:ad1e      unlink_
Module: D:\git\lpw_c\WATCOM\/lib286/dos\clibl.lib(doserror)
24eb:ad34      __doserror_
Module: D:\git\lpw_c\WATCOM\/lib286/dos\clibl.lib(gtpid.c)
24eb:ad42      getpid_
Module: D:\git\lpw_c\WATCOM\/lib286/dos\clibl.lib(leapyear.c)
24eb:ad4b      __leapyear_
342b:2bea      ___diyr
342b:2c04      ___dilyr
Module: D:\git\lpw_c\WATCOM\/lib286/dos\clibl.lib(gtctm.c)
24eb:ad75      __getctime_
Module: D:\git\lpw_c\WATCOM\/lib286/dos\clibl.lib(tzset.c)
342b:3e9e      ___start_dst
342b:3eb0      ___end_dst
342b:3fc4      _tzname
342b:3fcc      _timezone
342b:3fd0      _daylight
342b:3fd2      ___dst_adjust
24eb:adfe*     __DontCacheOSTZ_
24eb:ae17*     __CacheOSTZ_
24eb:b39f+     __parse_tz_
24eb:b570      tzset_
Module: D:\git\lpw_c\WATCOM\/lib286/dos\clibl.lib(timeutil.c)
24eb:b6ce      __isindst_
Module: D:\git\lpw_c\WATCOM\/lib286/dos\clibl.lib(itoa.c)
24eb:b9c1+     utoa_
24eb:ba1e      itoa_
Module: D:\git\lpw_c\WATCOM\/lib286/dos\clibl.lib(locmktim.c)
24eb:ba42      __local_mktime_
Module: D:\git\lpw_c\WATCOM\/lib286/dos\clibl.lib(locale.c)
342b:3ffa      __LocaleSetting
Module: D:\git\lpw_c\WATCOM\/lib286/dos\clibl.lib(initrtns.c)
24eb:bc44      __InitRtns
24eb:bc44*     __FInitRtns
24eb:bc9f      __FiniRtns
24eb:bc9f*     __FFiniRtns
Module: D:\git\lpw_c\WATCOM\/lib286/dos\clibl.lib(sigsy.c)
24eb:bdb2      __restore_int23_
24eb:be4b      __restore_int_ctrl_break_
24eb:beb3      __grab_int23_
24eb:bf2e      __grab_int_ctrl_break_
24eb:bfbc      __restore_FPE_handler_
24eb:bfed      __grab_FPE_handler_
Module: D:\git\lpw_c\WATCOM\/lib286/dos\clibl.lib(sigtab.c)
342b:400e      __SignalTable
Module: D:\git\lpw_c\WATCOM\/lib286/dos\clibl.lib(sigfpe.c)
24eb:c020      __sigfpe_handler_
Module: D:\git\lpw_c\WATCOM\/lib286/dos\clibl.lib(cmain086.c)
24eb:c073      __CMain
Module: D:\git\lpw_c\WATCOM\/lib286/dos\clibl.lib(uselfn.c)
342b:4042      ___uselfn
Module: D:\git\lpw_c\WATCOM\/lib286/dos\clibl.lib(dosseg)
24eb:c09e      __DOSseg__
Module: D:\git\lpw_c\WATCOM\/lib286/dos\clibl.lib(initargv.c)
24eb:c09f      __Init_Argv_
24eb:c102+     _getargv_
24eb:c301      __Fini_Argv_
Module: D:\git\lpw_c\WATCOM\/lib286/dos\clibl.lib(8087cw.c)
342b:4044      __8087cw
Module: D:\git\lpw_c\WATCOM\/lib286/dos\clibl.lib(noefgfmt.c)
342b:4046      ___EFG_printf
342b:404a      ___EFG_scanf
Module: D:\git\lpw_c\WATCOM\/lib286\math87l.lib(efgfmt.c)
24eb:c33e      _EFG_Format_
Module: D:\git\lpw_c\WATCOM\/lib286\math87l.lib(cnvs2d.c)
24eb:c4d1      __cnvs2d_
Module: D:\git\lpw_c\WATCOM\/lib286/dos\clibl.lib(save8087.c)
342b:404e      ___Save8087
342b:4052      ___Rest8087
Module: D:\git\lpw_c\WATCOM\/lib286/dos\clibl.lib(grabfp87.c)
24eb:c4f1      __GrabFP87_
Module: D:\git\lpw_c\WATCOM\/lib286/dos\clibl.lib(dosret.c)
24eb:c523      _dosretax_
24eb:c528*     _dosret0_
24eb:c52f      __set_errno_dos_
24eb:c58d*     __set_errno_dos_reterr_
Module: D:\git\lpw_c\WATCOM\/lib286/dos\clibl.lib(opendos.c)
24eb:c598      _dos_open_
Module: D:\git\lpw_c\WATCOM\/lib286/dos\clibl.lib(iomode.c)
24eb:c5be      __GetIOMode_
24eb:c5e3      __SetIOMode_nogrow_
342b:406a      ___NFiles
342b:406c      ___init_mode
342b:4094      ___io_mode
Module: D:\git\lpw_c\WATCOM\/lib286/dos\clibl.lib(isatt.c)
24eb:c606      isatty_
Module: D:\git\lpw_c\WATCOM\/lib286/dos\clibl.lib(umaskval.c)
342b:4098      ___umaskval
Module: D:\git\lpw_c\WATCOM\/lib286/dos\clibl.lib(creatdos.c)
24eb:c622      _dos_creat_
24eb:c646*     _dos_creatnew_
Module: D:\git\lpw_c\WATCOM\/lib286/dos\clibl.lib(stiomode.c)
24eb:c668+     __grow_iomode_
24eb:c72b+     __shrink_iomode_
24eb:c766      __SetIOMode_
Module: D:\git\lpw_c\WATCOM\/lib286/dos\clibl.lib(fsync.c)
24eb:c7c9      fsync_
Module: D:\git\lpw_c\WATCOM\/lib286/dos\clibl.lib(nmemneed.c)
24eb:c7ce      __nmemneed_
Module: D:\git\lpw_c\WATCOM\/lib286/dos\clibl.lib(grownear.c)
24eb:c856      __LastFree_
24eb:c8d0      __ExpandDGROUP_
Module: D:\git\lpw_c\WATCOM\/lib286/dos\clibl.lib(hpgrw086.c)
24eb:c9e1      __CMain_nheapgrow_
Module: D:\git\lpw_c\WATCOM\/lib286/dos\clibl.lib(growseg.c)
24eb:c9e6      __GrowSeg_
Module: D:\git\lpw_c\WATCOM\/lib286/dos\clibl.lib(allocseg.c)
24eb:cad8      __AllocSeg_
Module: D:\git\lpw_c\WATCOM\/lib286/dos\clibl.lib(fmemneed.c)
24eb:cb6f      __fmemneed_
Module: D:\git\lpw_c\WATCOM\/lib286/dos\clibl.lib(bfree.c)
24eb:cb72      _bfree_
Module: D:\git\lpw_c\WATCOM\/lib286/dos\clibl.lib(bexpand.c)
24eb:cb97      _bexpand_
Module: D:\git\lpw_c\WATCOM\/lib286/dos\clibl.lib(enterdb.c)
24eb:cbf0      __EnterWVIDEO_
342b:409a+     ___WD_Present
Module: D:\git\lpw_c\WATCOM\/lib286/dos\clibl.lib(gtcwd.c)
24eb:cc14      getcwd_
Module: D:\git\lpw_c\WATCOM\/lib286/dos\clibl.lib(fullpath.c)
24eb:ccbf+     _sys_fullpath_
24eb:cf53      _fullpath_
Module: D:\git\lpw_c\WATCOM\/lib286/dos\clibl.lib(gfattdos.c)
24eb:d011      _dos_getfileattr_
Module: D:\git\lpw_c\WATCOM\/lib286/dos\clibl.lib(chipbug.c)
24eb:d030      __verify_pentium_fdiv_bug_
Module: D:\git\lpw_c\WATCOM\/lib286/dos\clibl.lib(chipa16.asm)
24eb:d228      __fpatan_chk
Module: D:\git\lpw_c\WATCOM\/lib286\math87l.lib(math2err.c)
24eb:d3ed      __math1err_
24eb:d3fa      __math2err_
Module: D:\git\lpw_c\WATCOM\/lib286/dos\clibl.lib(setenvp.c)
24eb:d547      __setenvp_
24eb:d64a      __freeenvp_
Module: D:\git\lpw_c\WATCOM\/lib286/dos\clibl.lib(mbisdbcs.c)
342b:4338      ___IsDBCS
Module: D:\git\lpw_c\WATCOM\/lib286/dos\clibl.lib(mbislead.c)
24eb:d6a8*     _ismbblead_
342b:433a      ___MBCSIsTable
Module: D:\git\lpw_c\WATCOM\/lib286/dos\clibl.lib(mbinit.c)
24eb:d702      __mbinit_
342b:40f8      ___MBCodePage
Module: D:\git\lpw_c\WATCOM\/lib286/dos\clibl.lib(mbdtoupp.c)
24eb:d7dd      _mbdtoupper_
Module: D:\git\lpw_c\WATCOM\/lib286\math87l.lib(ldclass.c)
24eb:d7eb      __LDClass_
24eb:d839*     _FLClass_
Module: D:\git\lpw_c\WATCOM\/lib286/dos\clibl.lib(wctomb.c)
24eb:d84d      wctomb_
Module: D:\git\lpw_c\WATCOM\/lib286/dos\clibl.lib(strupr.c)
24eb:d876      strupr_
Module: D:\git\lpw_c\WATCOM\/lib286/dos\clibl.lib(lltoa.c)
24eb:d898      ulltoa_
24eb:d97d*     lltoa_
Module: D:\git\lpw_c\WATCOM\/lib286/dos\clibl.lib(ltoa.c)
24eb:d9df      ultoa_
24eb:da4e*     ltoa_
Module: D:\git\lpw_c\WATCOM\/lib286/dos\clibl.lib(spvp.c)
24eb:da7d      spawnvp_
Module: D:\git\lpw_c\WATCOM\/lib286/dos\clibl.lib(alphabet.c)
342b:2cb0      ___Alphabet
Module: D:\git\lpw_c\WATCOM\/lib286/dos\clibl.lib(sgdef086)
342b:415c      __Start_XI
342b:41b0      __End_XI
342b:41b0      __Start_YI
342b:41ce      __End_YI
Module: D:\git\lpw_c\WATCOM\/lib286/dos\clibl.lib(chainint)
24eb:da9e      _chain_intr_
Module: D:\git\lpw_c\WATCOM\/lib286/dos\clibl.lib(d_setvec.c)
24eb:dabe      _dos_setvect_
Module: D:\git\lpw_c\WATCOM\/lib286/dos\clibl.lib(nonibm.c)
24eb:dacb+     __is_nonIBM_
342b:40fa      ___NonIBM
Module: D:\git\lpw_c\WATCOM\/lib286/dos\clibl.lib(d_getvec.c)
24eb:db12      _dos_getvect_
Module: D:\git\lpw_c\WATCOM\/lib286/dos\clibl.lib(___argc.c)
342b:443c      ____Argv
342b:4440      ____Argc
Module: D:\git\lpw_c\WATCOM\/lib286/dos\clibl.lib(amblksiz.c)
342b:40fc      __amblksiz
Module: D:\git\lpw_c\WATCOM\/lib286/dos\clibl.lib(histsplt.c)
342b:4442      ___historical_splitparms
Module: D:\git\lpw_c\WATCOM\/lib286/dos\clibl.lib(rtcntrl.c)
24eb:db1d*     _SetLD64bit_
24eb:db28*     _SetLD80bit_
24eb:db33      _LDisDouble_
Module: D:\git\lpw_c\WATCOM\/lib286/dos\clibl.lib(fpe87)
24eb:db4a      __Init_FPE_handler_
24eb:db83      __Fini_FPE_handler_
24eb:dbba*     __FPEHandler
Module: D:\git\lpw_c\WATCOM\/lib286/dos\clibl.lib(iomodtty.c)
24eb:de4c      __ChkTTYIOMode_
24eb:de8a*     __IOMode_
Module: D:\git\lpw_c\WATCOM\/lib286/dos\clibl.lib(filedos.c)
24eb:de9a*     _dos_close_
24eb:dea8      _dos_commit_
Module: D:\git\lpw_c\WATCOM\/lib286/dos\clibl.lib(heapen.c)
24eb:deb8*     _heapenable_
342b:4116      ___heap_enabled
Module: D:\git\lpw_c\WATCOM\/lib286/dos\clibl.lib(sbrk.c)
24eb:dec9*     sbrk_
24eb:ded9      __brk_
Module: D:\git\lpw_c\WATCOM\/lib286/dos\clibl.lib(heapgrow.c)
24eb:df43*     _heapgrow_
24eb:df43*     _fheapgrow_
24eb:df44      _nheapgrow_
Module: D:\git\lpw_c\WATCOM\/lib286/dos\clibl.lib(stk)
24eb:dfc3      __STK
24eb:dfe3*     __STKOVERFLOW_
Module: D:\git\lpw_c\WATCOM\/lib286\math87l.lib(_matherr.c)
24eb:e000*     _set_matherr_
24eb:e00f+     __rterrmsg_
24eb:e075      _matherr_
342b:411a+     ___matherr_handler
Module: D:\git\lpw_c\WATCOM\/lib286/dos\clibl.lib(clearenv.c)
24eb:e0c0      clearenv_
Module: D:\git\lpw_c\WATCOM\/lib286/dos\clibl.lib(spvpe.c)
24eb:e1a2      spawnvpe_
Module: D:\git\lpw_c\WATCOM\/lib286/dos\clibl.lib(fpeint.c)
342b:411e      ___FPE_int
Module: D:\git\lpw_c\WATCOM\/lib286\math87l.lib(__mtherr)
24eb:e338      __matherr
Module: D:\git\lpw_c\WATCOM\/lib286/dos\clibl.lib(iobaddr.c)
24eb:e34d      __get_std_stream_
24eb:e34d*     __get_std_file_
Module: D:\git\lpw_c\WATCOM\/lib286/dos\clibl.lib(spve.c)
24eb:e3d7      spawnve_
Module: D:\git\lpw_c\WATCOM\/lib286/dos\clibl.lib(strlen.c)
24eb:e7d9      strlen_
Module: D:\git\lpw_c\WATCOM\/lib286/dos\clibl.lib(strchr.c)
24eb:e7ee      strchr_
Module: D:\git\lpw_c\WATCOM\/lib286/dos\clibl.lib(memcpy.c)
24eb:e80d      memcpy_
Module: D:\git\lpw_c\WATCOM\/lib286\math87l.lib(matherr.c)
24eb:e82f      matherr_
Module: D:\git\lpw_c\WATCOM\/lib286/dos\clibl.lib(finddos.c)
24eb:e832      _dos_findfirst_
24eb:e865*     _dos_findnext_
24eb:e878*     _dos_findclose_
Module: D:\git\lpw_c\WATCOM\/lib286/dos\clibl.lib(cenvarg.c)
24eb:e895      __cenvarg_
24eb:ea85      __ccmdline_
Module: D:\git\lpw_c\WATCOM\/lib286/dos\clibl.lib(dospawn)
24eb:eb16      __dospawn
Module: D:\git\lpw_c\WATCOM\/lib286/dos\clibl.lib(execaddr.c)
24eb:ebfe      __execaddr_
342b:4158+     ___Exec_addr
Module: D:\git\lpw_c\WATCOM\/lib286/dos\clibl.lib(stack086.c)
24eb:ec0b      stackavail_
Module: D:\git\lpw_c\WATCOM\/lib286/dos\clibl.lib(split2.c)
24eb:ec93      _splitpath2_
Module: D:\git\lpw_c\WATCOM\/lib286/dos\clibl.lib(dosmem)
24eb:ee44      _dos_allocmem_
24eb:ee66      _dos_freemem_
24eb:ee74*     _dos_setblock_
Module: D:\git\lpw_c\WATCOM\/lib286/dos\clibl.lib(fmemcpy.c)
24eb:ee90      _fmemcpy_
Module: D:\git\lpw_c\WATCOM\/lib286/dos\clibl.lib(makepath.c)
24eb:eecc      _makepath_
Module: D:\git\lpw_c\WATCOM\/lib286/dos\clibl.lib(strcpy.c)
24eb:f118      strcpy_
Module: D:\git\lpw_c\WATCOM\/lib286/dos\clibl.lib(spl.c)
24eb:f163      spawnl_
Module: D:\git\lpw_c\WATCOM\/lib286/dos\clibl.lib(stricmp.c)
24eb:f18e      stricmp_
Module: D:\git\lpw_c\WATCOM\/lib286/dos\clibl.lib(mbsnccnt.c)
24eb:f1cb      _mbsnccnt_
Module: D:\git\lpw_c\WATCOM\/lib286/dos\clibl.lib(mbsncpy.c)
24eb:f1ff      _mbsncpy_
Module: D:\git\lpw_c\WATCOM\/lib286/dos\clibl.lib(mbsnbcnt.c)
24eb:f235      _mbsnbcnt_
Module: D:\git\lpw_c\WATCOM\/lib286/dos\clibl.lib(mbconv.c)
24eb:f2ae      _mbvtop_
Module: D:\git\lpw_c\WATCOM\/lib286/dos\clibl.lib(mbclen.c)
24eb:f2c3      _mbclen_
Module: D:\git\lpw_c\WATCOM\/lib286/dos\clibl.lib(mbsdec.c)
24eb:f2f1      _mbsdec_
Module: D:\git\lpw_c\WATCOM\/lib286/dos\clibl.lib(mbsnbcpy.c)
24eb:f37e      _mbsnbcpy_


                        +--------------------+
                        |   Libraries Used   |
                        +--------------------+

D:\git\lpw_c\WATCOM\/lib286\math87l.lib
D:\git\lpw_c\WATCOM\/lib286/dos\emu87.lib
D:\git\lpw_c\WATCOM\/lib286/dos\clibl.lib


                        +-----------------------+
                        |   Linker Statistics   |
                        +-----------------------+

Stack size:  0800 (2048.)
Memory size:  00039100 (233728.)
Entry point address: 24eb:3f92
Link time: 00:00.15
