Open Watcom Linker Version 1.9
Portions Copyright (c) 1985-2002 Sybase, Inc. All Rights Reserved.
Created on:       18/03/20 15:07:52
Executable Image: luaexe.elf
creating a Linux x86 executable


                        +------------+
                        |   Groups   |
                        +------------+

Group                           Address              Size
=====                           =======              ====

DGROUP                          08070000             0000426c



                        +--------------+
                        |   Segments   |
                        +--------------+

Segment                Class          Group          Address         Size
=======                =====          =====          =======         ====

BEGTEXT                CODE           AUTO           08048100        00000007
_TEXT                  CODE           AUTO           08048110        00026fe4
CODE32                 CODE           AUTO           0806f0f4        00000575
_NULL                  BEGDATA        DGROUP         08070000        00000004
_AFTERNULL             BEGDATA        DGROUP         08070004        00000000
CONST                  DATA           DGROUP         08070004        00002790
CONST2                 DATA           DGROUP         080727a0        00000b40
_DATA                  DATA           DGROUP         080732e0        00000760
XIB                    DATA           DGROUP         08073a40        00000000
XI                     DATA           DGROUP         08073a40        00000024
XIE                    DATA           DGROUP         08073a64        00000000
YIB                    DATA           DGROUP         08073a64        00000000
YI                     DATA           DGROUP         08073a64        0000000c
YIE                    DATA           DGROUP         08073a70        00000000
DATA32                 DATA           DGROUP         08073a70        000002f8
TIB                    DATA           DGROUP         08073d68        00000000
TI                     DATA           DGROUP         08073d68        00000000
TIE                    DATA           DGROUP         08073d68        00000000
DATA                   DATA           DGROUP         08073d68        00000000
CONST32                CONST          DGROUP         08074000        00000000
_BSS                   BSS            DGROUP         08074000        0000026c
BSS32                  BSS            DGROUP         0807426c        00000000


                        +----------------+
                        |   Memory Map   |
                        +----------------+

* = unreferenced symbol
+ = symbol only referenced locally

Address        Symbol
=======        ======

Module: lapi.obj(D:\git\lpw_c\lpw_self\linux_socket\lua\lapi.c)
08048190       lua_checkstack_
08048210       lua_xmove_
08048250       lua_atpanic_
08048260       lua_version_
08048280       lua_absindex_
080482b0       lua_gettop_
080482d0       lua_settop_
08048350       lua_rotate_
080483a0       lua_copy_
08048400       lua_pushvalue_
08048420       lua_type_
08048440       lua_typename_
08048450       lua_iscfunction_
08048470       lua_isinteger_
08048480       lua_isnumber_
080484c0       lua_isstring_
080484e0*      lua_isuserdata_
08048500       lua_rawequal_
08048540*      lua_arith_
08048580       lua_compare_
080485f0       lua_stringtonumber_
08048610       lua_tonumberx_
08048660       lua_tointegerx_
080486c0       lua_toboolean_
080486f0       lua_tolstring_
08048770       lua_rawlen_
080487b0*      lua_tocfunction_
080487d0       lua_touserdata_
08048800       lua_tothread_
08048820       lua_topointer_
08048860       lua_pushnil_
08048880       lua_pushnumber_
080488b0       lua_pushinteger_
080488d0       lua_pushlstring_
08048920       lua_pushstring_
08048970       lua_pushvfstring_
080489a0       lua_pushfstring_
080489f0       lua_pushcclosure_
08048a70       lua_pushboolean_
08048a90       lua_pushlightuserdata_
08048ab0       lua_pushthread_
08048b60       lua_getglobal_
08048b90       lua_gettable_
08048c10       lua_getfield_
08048c30       lua_geti_
08048cc0       lua_rawget_
08048cf0       lua_rawgeti_
08048d20       lua_rawgetp_
08048d60       lua_createtable_
08048db0       lua_getmetatable_
08048e20       lua_getuservalue_
08048f30       lua_setglobal_
08048f60*      lua_settable_
08049000       lua_setfield_
08049020       lua_seti_
080490f0       lua_rawset_
08049160       lua_rawseti_
080491b0       lua_rawsetp_
08049220       lua_setmetatable_
080492b0       lua_setuservalue_
08049310       lua_callk_
08049390       lua_pcallk_
08049460       lua_load_
08049500       lua_dump_
08049530       lua_status_
08049560       lua_gc_
08049690       lua_error_
080496a0       lua_next_
080496d0       lua_concat_
08049730       lua_len_
08049750       lua_getallocf_
08049770*      lua_setallocf_
08049780       lua_newuserdata_
08049860       lua_getupvalue_
080498b0       lua_setupvalue_
08049990       lua_upvalueid_
080499e0       lua_upvaluejoin_
080727a0*      _lua_ident
Module: lauxlib.obj(D:\git\lpw_c\lpw_self\linux_socket\lua\lauxlib.c)
08049d10       luaL_traceback_
08049e50       luaL_argerror_
08049f70       luaL_where_
08049fd0       luaL_error_
0804a020       luaL_fileresult_
0804a090       luaL_execresult_
0804a0f0       luaL_newmetatable_
0804a170       luaL_setmetatable_
0804a190       luaL_testudata_
0804a1f0       luaL_checkudata_
0804a220       luaL_checkoption_
0804a290       luaL_checkstack_
0804a2d0       luaL_checktype_
0804a300       luaL_checkany_
0804a330       luaL_checklstring_
0804a370       luaL_optlstring_
0804a3c0       luaL_checknumber_
0804a410       luaL_optnumber_
0804a4a0       luaL_checkinteger_
0804a4e0       luaL_optinteger_
0804a620       luaL_prepbuffsize_
0804a6d0       luaL_addlstring_
0804a710       luaL_addstring_
0804a760       luaL_pushresultsize_
0804a770       luaL_pushresult_
0804a7a0       luaL_addvalue_
0804a820       luaL_buffinit_
0804a840       luaL_buffinitsize_
0804a860*      luaL_ref_
0804a920*      luaL_unref_
0804ab50       luaL_loadfilex_
0804ace0       luaL_loadbufferx_
0804ad10*      luaL_loadstring_
0804ad40       luaL_getmetafield_
0804ada0       luaL_callmeta_
0804ade0       luaL_len_
0804ae40       luaL_tolstring_
0804afa0       luaL_setfuncs_
0804b020       luaL_getsubtable_
0804b080       luaL_requiref_
0804b150       luaL_gsub_
0804b270       luaL_newstate_
0804b2a0       luaL_checkversion__
Module: lbaselib.obj(D:\git\lpw_c\lpw_self\linux_socket\lua\lbaselib.c)
0804c0c0       luaopen_base_
Module: lbitlib.obj(D:\git\lpw_c\lpw_self\linux_socket\lua\lbitlib.c)
0804c130*      luaopen_bit32_
Module: lcode.obj(D:\git\lpw_c\lpw_self\linux_socket\lua\lcode.c)
0804c1a0       luaK_nil_
0804c2e0       luaK_concat_
0804c320       luaK_jump_
0804c360       luaK_ret_
0804c3a0       luaK_getlabel_
0804c510       luaK_patchtohere_
0804c530       luaK_patchlist_
0804c550       luaK_patchclose_
0804c5f0       luaK_codeABC_
0804c610       luaK_codeABx_
0804c680       luaK_codek_
0804c6d0       luaK_checkstack_
0804c710       luaK_reserveregs_
0804c8d0       luaK_stringK_
0804c900       luaK_intK_
0804c9b0       luaK_setreturns_
0804ca30       luaK_setoneret_
0804caa0       luaK_dischargevars_
0804ce20       luaK_exp2nextreg_
0804ce60       luaK_exp2anyreg_
0804ceb0       luaK_exp2anyregup_
0804ced0       luaK_exp2val_
0804cf00       luaK_exp2RK_
0804cf90       luaK_storevar_
0804d030       luaK_self_
0804d140       luaK_goiftrue_
0804d1b0       luaK_goiffalse_
0804d2b0       luaK_indexed_
0804d600       luaK_prefix_
0804d660       luaK_infix_
0804d6b0       luaK_posfix_
0804d800       luaK_fixline_
0804d810       luaK_setlist_
Module: lcorolib.obj(D:\git\lpw_c\lpw_self\linux_socket\lua\lcorolib.c)
0804dbf0       luaopen_coroutine_
Module: lctype.obj(D:\git\lpw_c\lpw_self\linux_socket\lua\lctype.c)
0807297c       _luai_ctype_
Module: ldblib.obj(D:\git\lpw_c\lpw_self\linux_socket\lua\ldblib.c)
0804ea30       luaopen_debug_
Module: ldebug.obj(D:\git\lpw_c\lpw_self\linux_socket\lua\ldebug.c)
0804eaf0       lua_sethook_
0804eb40       lua_gethook_
0804eb50       lua_gethookmask_
0804eb60       lua_gethookcount_
0804eb70       lua_getstack_
0804ecb0       lua_getlocal_
0804ed30       lua_setlocal_
0804eff0       lua_getinfo_
0804f610       luaG_typeerror_
0804f640       luaG_concaterror_
0804f660       luaG_opinterror_
0804f6c0       luaG_tointerror_
0804f710       luaG_ordererror_
0804f760       luaG_addinfo_
0804f7a0       luaG_errormsg_
0804f810       luaG_runerror_
0804f880       luaG_traceexec_
Module: ldo.obj(D:\git\lpw_c\lpw_self\linux_socket\lua\ldo.c)
0804fa40       luaD_throw_
0804fad0       luaD_rawrunprotected_
0804fbd0+      luaD_reallocstack_
0804fc50       luaD_growstack_
0804fd00       luaD_shrinkstack_
0804fd70       luaD_inctop_
0804fda0       luaD_hook_
0804ff60       luaD_precall_
08050250       luaD_poscall_
080502f0       luaD_call_
08050330       luaD_callnoyield_
08050590       lua_resume_
08050650       lua_isyieldable_
08050660       lua_yieldk_
080506d0       luaD_pcall_
08050860       luaD_protectedparser_
Module: ldump.obj(D:\git\lpw_c\lpw_self\linux_socket\lua\ldump.c)
08050f00       luaU_dump_
Module: lfunc.obj(D:\git\lpw_c\lpw_self\linux_socket\lua\lfunc.c)
08050f60       luaF_newCclosure_
08050f80       luaF_newLclosure_
08050fd0       luaF_initupvals_
08051030       luaF_findupval_
080510a0       luaF_close_
08051120       luaF_newproto_
080511b0       luaF_freeproto_
08051240       luaF_getlocalname_
Module: lgc.obj(D:\git\lpw_c\lpw_self\linux_socket\lua\lgc.c)
080512e0       luaC_barrier__
08051340       luaC_barrierback__
08051360       luaC_upvalbarrier__
08051380       luaC_fix_
080513a0       luaC_newobj_
08051e20       luaC_upvdeccount_
08052290       luaC_checkfinalizer_
08052390       luaC_freeallobjects_
08052690+      luaC_runtilstate_
08052710       luaC_step_
08052780       luaC_fullgc_
Module: linit.obj(D:\git\lpw_c\lpw_self\linux_socket\lua\linit.c)
080527e0       luaL_openlibs_
Module: liolib.obj(D:\git\lpw_c\lpw_self\linux_socket\lua\liolib.c)
08053920       luaopen_io_
Module: llex.obj(D:\git\lpw_c\lpw_self\linux_socket\lua\llex.c)
08053a20       luaX_init_
08053a80       luaX_token2str_
08053b80       luaX_syntaxerror_
08053b90       luaX_newstring_
08053cb0       luaX_setinput_
08054d90       luaX_next_
08054dd0       luaX_lookahead_
Module: lmathlib.obj(D:\git\lpw_c\lpw_self\linux_socket\lua\lmathlib.c)
080557a0       luaopen_math_
Module: lmem.obj(D:\git\lpw_c\lpw_self\linux_socket\lua\lmem.c)
08055870       luaM_growaux__
080558f0       luaM_toobig_
08055900       luaM_realloc__
Module: loadlib.obj(D:\git\lpw_c\lpw_self\linux_socket\lua\loadlib.c)
08056560       luaopen_package_
Module: lobject.obj(D:\git\lpw_c\lpw_self\linux_socket\lua\lobject.c)
08056680       luaO_int2fb_
080566c0       luaO_fb2int_
080566e0       luaO_ceillog2_
08056960       luaO_arith_
08056b60       luaO_hexavalue_
08056e60       luaO_str2num_
08056ed0       luaO_utf8esc_
08056f30       luaO_tostring_
08057000       luaO_pushvfstring_
08057270       luaO_pushfstring_
080572a0       luaO_chunkid_
08072e40       _luaO_nilobject_
Module: lopcodes.obj(D:\git\lpw_c\lpw_self\linux_socket\lua\lopcodes.c)
08072f50*      _luaP_opnames
08073010       _luaP_opmodes
Module: loslib.obj(D:\git\lpw_c\lpw_self\linux_socket\lua\loslib.c)
08057c80       luaopen_os_
Module: lparser.obj(D:\git\lpw_c\lpw_self\linux_socket\lua\lparser.c)
0805a590       luaY_parser_
Module: lstate.obj(D:\git\lpw_c\lpw_self\linux_socket\lua\lstate.c)
0805a710       luaE_setdebt_
0805a730       luaE_extendCI_
0805a760       luaE_freeCI_
0805a7b0       luaE_shrinkCI_
0805aa10       lua_newthread_
0805aac0       luaE_freethread_
0805ab00       lua_newstate_
0805ac40       lua_close_
Module: lstring.obj(D:\git\lpw_c\lpw_self\linux_socket\lua\lstring.c)
0805aca0       luaS_eqlngstr_
0805ace0       luaS_hash_
0805ad20       luaS_hashlongstr_
0805ad50       luaS_resize_
0805ae50       luaS_clearcache_
0805aea0       luaS_init_
0805af30       luaS_createlngstrobj_
0805af50       luaS_remove_
0805b0c0       luaS_newlstr_
0805b110       luaS_new_
0805b190       luaS_newudata_
Module: lstrlib.obj(D:\git\lpw_c\lpw_self\linux_socket\lua\lstrlib.c)
0805e0e0       luaopen_string_
Module: ltable.obj(D:\git\lpw_c\lpw_self\linux_socket\lua\ltable.c)
0805e390       luaH_next_
0805e6c0       luaH_resize_
0805e810       luaH_resizearray_
0805e8d0       luaH_new_
0805e920       luaH_free_
0805e9b0       luaH_newkey_
0805eb50       luaH_getint_
0805ebc0       luaH_getshortstr_
0805ec40       luaH_getstr_
0805ec80       luaH_get_
0805ed00       luaH_set_
0805ed30       luaH_setint_
0805ee10       luaH_getn_
Module: ltablib.obj(D:\git\lpw_c\lpw_self\linux_socket\lua\ltablib.c)
0805fc10       luaopen_table_
Module: ltm.obj(D:\git\lpw_c\lpw_self\linux_socket\lua\ltm.c)
0805fc50       luaT_init_
0805fca0       luaT_gettm_
0805fcd0       luaT_gettmbyobj_
0805fd30       luaT_objtypename_
0805fd90       luaT_callTM_
0805fe40+      luaT_callbinTM_
0805fec0       luaT_trybinTM_
0805ff80       luaT_callorderTM_
0807320c       _luaT_typenames_
Module: lua.obj(D:\git\lpw_c\lpw_self\culmis_std_linux\lua\lua.c)
08061115       main_
Module: lundump.obj(D:\git\lpw_c\lpw_self\linux_socket\lua\lundump.c)
08061a70       luaU_undump_
Module: lutf8lib.obj(D:\git\lpw_c\lpw_self\linux_socket\lua\lutf8lib.c)
08062290       luaopen_utf8_
Module: lvm.obj(D:\git\lpw_c\lpw_self\linux_socket\lua\lvm.c)
080622f0       luaV_tonumber__
08062390       luaV_tointeger_
08062540       luaV_finishget_
08062660       luaV_finishset_
08062b30       luaV_lessthan_
08062bc0       luaV_lessequal_
08062c80       luaV_equalobj_
08062f90       luaV_concat_
080631a0       luaV_objlen_
080632a0       luaV_div_
08063360       luaV_mod_
080633f0       luaV_shiftl_
08063540       luaV_finishOp_
080637b0       luaV_execute_
Module: lzio.obj(D:\git\lpw_c\lpw_self\linux_socket\lua\lzio.c)
08066010       luaZ_fill_
08066060       luaZ_init_
08066080       luaZ_read_
Module: D:\git\lpw_c\WATCOM\/lib386/linux\clib3r.lib(fltused.c)
08073300       _fltused_
Module: D:\git\lpw_c\WATCOM\/lib386/linux\emu387.lib(386)
080660f0       __init_387_emulator
080660f1*      __fini_387_emulator
Module: D:\git\lpw_c\WATCOM\/lib386/linux\clib3r.lib(_8087)
08073304       __8087
08073305       __real87
Module: D:\git\lpw_c\WATCOM\/lib386/linux\clib3r.lib(strncmp.c)
08066100       strncmp_
Module: D:\git\lpw_c\WATCOM\/lib386/linux\clib3r.lib(_strcmp)
08066130       strcmp_
Module: D:\git\lpw_c\WATCOM\/lib386/linux\clib3r.lib(errno.c)
08066270       __get_errno_ptr_
08074000+      _errno
Module: D:\git\lpw_c\WATCOM\/lib386/linux\clib3r.lib(strerror.c)
08066db0       strerror_
08066dd0*      _strerror_
08073308+      __sys_errlist
08073500+      __sys_nerr
Module: D:\git\lpw_c\WATCOM\/lib386/linux\clib3r.lib(fread.c)
08066ea0       fread_
Module: D:\git\lpw_c\WATCOM\/lib386/linux\clib3r.lib(fgetc.c)
08066fe0       __fill_buffer_
08067090       fgetc_
Module: D:\git\lpw_c\WATCOM\/lib386/linux\clib3r.lib(iob.c)
08073504       ___iob
08074104       ___OpenStreams
08074108       ___ClosedStreams
Module: D:\git\lpw_c\WATCOM\/lib386/linux\clib3r.lib(fopen.c)
08067100       __open_flags_
080672a0+      _fsopen_
080672f0       fopen_
08067370       freopen_
Module: D:\git\lpw_c\WATCOM\/lib386/linux\clib3r.lib(fclose.c)
080673d0       __doclose_
08067440       __shutdown_stream_
08067460       fclose_
Module: D:\git\lpw_c\WATCOM\/lib386/linux\clib3r.lib(strstr.c)
08067490       strstr_
Module: D:\git\lpw_c\WATCOM\/lib386/linux\clib3r.lib(nrealloc.c)
08067540*      _nrealloc_
08067540       realloc_
Module: D:\git\lpw_c\WATCOM\/lib386/linux\clib3r.lib(nfree.c)
080675c0       _nfree_
080675c0       free_
0807410c+      ___MiniHeapFreeRover
Module: D:\git\lpw_c\WATCOM\/lib386/linux\clib3r.lib(fprintf.c)
080676c0       fprintf_
Module: D:\git\lpw_c\WATCOM\/lib386/linux\clib3r.lib(fflush.c)
080676f0       fflush_
Module: D:\git\lpw_c\WATCOM\/lib386/linux\clib3r.lib(fwrite.c)
08067700       fwrite_
Module: D:\git\lpw_c\WATCOM\/lib386/linux\clib3r.lib(strspn.c)
08067840       strspn_
Module: D:\git\lpw_c\WATCOM\/lib386/linux\clib3r.lib(istable.c)
08067890       __IsTable
Module: D:\git\lpw_c\WATCOM\/lib386/linux\clib3r.lib(toupper.c)
080679a0       toupper_
Module: D:\git\lpw_c\WATCOM\/lib386/linux\clib3r.lib(i8m)
080679b0*      __I8M
080679b0       __U8M
Module: D:\git\lpw_c\WATCOM\/lib386/linux\clib3r.lib(fgets.c)
080679d0       fgets_
Module: D:\git\lpw_c\WATCOM\/lib386/linux\clib3r.lib(setjmp)
08067a34       _setjmp_
08067a63       longjmp_
Module: D:\git\lpw_c\WATCOM\/lib386/linux\clib3r.lib(abort.c)
08067adc       abort_
08067aee+      __terminate_
080736c4+      ___abort
Module: D:\git\lpw_c\WATCOM\/lib386/linux\clib3r.lib(tmpflunx.c)
08067b10       tmpfile_
Module: D:\git\lpw_c\WATCOM\/lib386/linux\clib3r.lib(localeco.c)
08067bd0       localeconv_
Module: D:\git\lpw_c\WATCOM\/lib386/linux\clib3r.lib(ungetc.c)
08067be0       ungetc_
Module: D:\git\lpw_c\WATCOM\/lib386/linux\clib3r.lib(fseek.c)
08067cf0       fseek_
Module: D:\git\lpw_c\WATCOM\/lib386/linux\clib3r.lib(ftell.c)
08067df0       ftell_
Module: D:\git\lpw_c\WATCOM\/lib386/linux\clib3r.lib(setvbuf.c)
08067e40       setvbuf_
Module: D:\git\lpw_c\WATCOM\/lib386\math387r.lib(asin87)
08067eb7*      asin_
08067e9c       IF@DASIN
08067e9c*      IF@ASIN
Module: D:\git\lpw_c\WATCOM\/lib386\math387r.lib(acos87)
08067f03*      acos_
08067ec4       IF@DACOS
08067ec4*      IF@ACOS
Module: D:\git\lpw_c\WATCOM\/lib386\math387r.lib(atan87)
08067f3a*      atan_
08067f46*      atan2_
08067f10*      IF@ATAN
08067f10*      IF@DATAN
08067f25*      IF@ATAN2
08067f25       IF@DATAN2
Module: D:\git\lpw_c\WATCOM\/lib386\math387r.lib(fchop87)
08067f58       __CHP
Module: D:\git\lpw_c\WATCOM\/lib386\math387r.lib(floor.c)
08067f6f       floor_
Module: D:\git\lpw_c\WATCOM\/lib386\math387r.lib(ceil.c)
08067fa9       ceil_
Module: D:\git\lpw_c\WATCOM\/lib386/linux\clib3r.lib(i8d)
08067fc4       __I8D
08068019*      __U8D
Module: D:\git\lpw_c\WATCOM\/lib386\math387r.lib(fmod87)
080680c3*      fmod_
080680a8       IF@DFMOD
080680a8*      IF@FMOD
Module: D:\git\lpw_c\WATCOM\/lib386\math387r.lib(log87)
08068128*      log_
08068140       log2_
08068134*      log10_
080680d4*      IF@LOG
080680d4*      IF@DLOG
08068114*      IF@LOG2
08068114*      IF@DLOG2
0806811e*      IF@LOG10
0806811e*      IF@DLOG10
Module: D:\git\lpw_c\WATCOM\/lib386/linux\clib3r.lib(rand.c)
08068150       rand_
08068180       srand_
Module: D:\git\lpw_c\WATCOM\/lib386/linux\clib3r.lib(hugeval.c)
080681a0       __HugeValue
Module: D:\git\lpw_c\WATCOM\/lib386/linux\clib3r.lib(getenv.c)
080681b0       getenv_
Module: D:\git\lpw_c\WATCOM\/lib386\math387r.lib(pow87)
08068365*      pow_
0806820c       IF@DPOW
0806820c*      IF@POW
Module: D:\git\lpw_c\WATCOM\/lib386\math387r.lib(strtod.c)
08068889+      __Strtold_
080689f0       strtod_
Module: D:\git\lpw_c\WATCOM\/lib386/linux\clib3r.lib(strpbrk.c)
08068b40       strpbrk_
Module: D:\git\lpw_c\WATCOM\/lib386/linux\clib3r.lib(snprintf.c)
08068bd0+      vsnprintf_
08068c30       snprintf_
Module: D:\git\lpw_c\WATCOM\/lib386/linux\clib3r.lib(systemlx.c)
08068c70       system_
Module: D:\git\lpw_c\WATCOM\/lib386/linux\clib3r.lib(remove.c)
08068c90       remove_
Module: D:\git\lpw_c\WATCOM\/lib386/linux\clib3r.lib(rename.c)
08068ca0       rename_
Module: D:\git\lpw_c\WATCOM\/lib386/linux\clib3r.lib(tmpnm.c)
08068d50       tmpnam_
Module: D:\git\lpw_c\WATCOM\/lib386/linux\clib3r.lib(clock.c)
08068e10       clock_
Module: D:\git\lpw_c\WATCOM\/lib386/linux\clib3r.lib(gmtime.c)
08068e80       __brktime_
08068f80+      _gmtime_
08068fa0       gmtime_
Module: D:\git\lpw_c\WATCOM\/lib386/linux\clib3r.lib(time.c)
08068fb0       time_
Module: D:\git\lpw_c\WATCOM\/lib386/linux\clib3r.lib(localtim.c)
08068fe0+      _localtime_
08069050       localtime_
Module: D:\git\lpw_c\WATCOM\/lib386/linux\clib3r.lib(strftime.c)
080692c3       strftime_
Module: D:\git\lpw_c\WATCOM\/lib386/linux\clib3r.lib(mktime.c)
08069800       mktime_
Module: D:\git\lpw_c\WATCOM\/lib386/linux\clib3r.lib(setlocal.c)
08069890       setlocale_
Module: D:\git\lpw_c\WATCOM\/lib386/linux\clib3r.lib(exit.c)
08069926       exit_
08069938       _exit_
Module: D:\git\lpw_c\WATCOM\/lib386/linux\clib3r.lib(tolower.c)
08069940       tolower_
Module: D:\git\lpw_c\WATCOM\/lib386/linux\clib3r.lib(i8s)
08069950       __U8RS
0806996a*      __I8RS
08069985       __I8LS
08069985       __U8LS
Module: D:\git\lpw_c\WATCOM\/lib386\math387r.lib(frexp.c)
0806999f       frexp_
Module: D:\git\lpw_c\WATCOM\/lib386/linux\clib3r.lib(stk)
08069a2d*      __STK
08069a31       __CHK
08069a2a*      __GRO
08069a4a*      __STKOVERFLOW_
Module: D:\git\lpw_c\WATCOM\/lib386/linux\clib3r.lib(signal.c)
08069ac0       signal_
Module: D:\git\lpw_c\WATCOM\/lib386/linux\clib3r.lib(strlen.c)
08069af0       strlen_
Module: D:\git\lpw_c\WATCOM\/lib386/linux\clib3r.lib(fputs.c)
08069b10       fputs_
Module: D:\git\lpw_c\WATCOM\/lib386/linux\clib3r.lib(cstart)
08069b92       _cstart_
08069b92*      _start
Module: D:\git\lpw_c\WATCOM\/lib386/linux\clib3r.lib(cmainlnx.c)
08069c00       __LinuxMain
08074258       __argc
0807425c+      __argv
Module: D:\git\lpw_c\WATCOM\/lib386/linux\clib3r.lib(strcoll.c)
08069c90       strcoll_
Module: D:\git\lpw_c\WATCOM\/lib386/linux\clib3r.lib(setefg.c)
08069cc0       __setEFGfmt_
Module: D:\git\lpw_c\WATCOM\/lib386/linux\clib3r.lib(chk8087.c)
08069ce0*      _fpreset_
08069d00*      __init_8087_
08069d10       __chk8087_
Module: D:\git\lpw_c\WATCOM\/lib386/linux\clib3r.lib(crwdata)
0807371c*      __LpCmdLine
08073720       __LpPgmName
08073714*      __dynend
08073718       __curbrk
08073724       __STACKLOW
08073728       __STACKTOP
0807372c       __ASTACKSIZ
08073730       __ASTACKPTR
08073734*      __cbyte
08073738*      __cbyte2
0807373c*      __child
08073742*      __Envptr
08073746*      __Envseg
08073740       __no87
08073748*      ___FPE_handler
Module: D:\git\lpw_c\WATCOM\/lib386/linux\clib3r.lib(strncpy.c)
08069d30       strncpy_
Module: D:\git\lpw_c\WATCOM\/lib386/linux\clib3r.lib(qreadunx.c)
08069d70       __qread_
Module: D:\git\lpw_c\WATCOM\/lib386/linux\clib3r.lib(seterrno.c)
08069dbc       __set_errno_
08069dc8       __set_EDOM_
08069dd4       __set_ERANGE_
08069de0*      __set_EINVAL_
Module: D:\git\lpw_c\WATCOM\/lib386/linux\clib3r.lib(ioalloc.c)
08069e00       __ioalloc_
Module: D:\git\lpw_c\WATCOM\/lib386/linux\clib3r.lib(flushall.c)
08069ea0       __flushall_
08069ee0       flushall_
Module: D:\git\lpw_c\WATCOM\/lib386/linux\clib3r.lib(initfile.c)
08069f20       __InitFiles_
Module: D:\git\lpw_c\WATCOM\/lib386/linux\clib3r.lib(ioexit.c)
0806a020*      fcloseall_
0806a030       __full_io_exit_
Module: D:\git\lpw_c\WATCOM\/lib386/linux\clib3r.lib(comtflag.c)
0806a040*      __set_commode_
0807374c       __commode
Module: D:\git\lpw_c\WATCOM\/lib386/linux\clib3r.lib(openlnx.c)
0806a050       open_
0806a070       sopen_
Module: D:\git\lpw_c\WATCOM\/lib386/linux\clib3r.lib(chktty.c)
0806a090       __chktty_
Module: D:\git\lpw_c\WATCOM\/lib386/linux\clib3r.lib(freefp.c)
0806a0c0       __freefp_
0806a100       __purgefp_
Module: D:\git\lpw_c\WATCOM\/lib386/linux\clib3r.lib(allocfp.c)
0806a130       __allocfp_
Module: D:\git\lpw_c\WATCOM\/lib386/linux\clib3r.lib(__lseek.c)
0806a1f0       __lseek_
Module: D:\git\lpw_c\WATCOM\/lib386/linux\clib3r.lib(close.c)
0806a220       close_
Module: D:\git\lpw_c\WATCOM\/lib386/linux\clib3r.lib(flush.c)
0806a250       __flush_
Module: D:\git\lpw_c\WATCOM\/lib386/linux\clib3r.lib(nmsize.c)
0806a320       _nmsize_
0806a320*      _msize_
Module: D:\git\lpw_c\WATCOM\/lib386/linux\clib3r.lib(nexpand.c)
0806a330       _nexpand_
0806a330*      _expand_
0806a380+      __HeapManager_expand_
Module: D:\git\lpw_c\WATCOM\/lib386/linux\clib3r.lib(nmalloc.c)
0806a550       _nmalloc_
0806a550       malloc_
08073750       ___nheapbeg
08073754       ___MiniHeapRover
08073758       ___LargestSizeB4MiniHeapRover
Module: D:\git\lpw_c\WATCOM\/lib386/linux\clib3r.lib(mem.c)
0806a640       __MemAllocator
0806a6f0       __MemFree
Module: D:\git\lpw_c\WATCOM\/lib386/linux\clib3r.lib(fprtf.c)
0806a850       __fprtf_
Module: D:\git\lpw_c\WATCOM\/lib386/linux\clib3r.lib(qwritunx.c)
0806a8e0       __qwrite_
Module: D:\git\lpw_c\WATCOM\/lib386/linux\clib3r.lib(setbits.c)
0806a930       __setbits_
Module: D:\git\lpw_c\WATCOM\/lib386/linux\clib3r.lib(bits.c)
0806a970       __Bits
Module: D:\git\lpw_c\WATCOM\/lib386/linux\clib3r.lib(ljmphdl.c)
0807375c       ___longjmp_handler
Module: D:\git\lpw_c\WATCOM\/lib386/linux\clib3r.lib(xmsglnx.c)
0806a990+      __exit_with_msg_
0806a9e0       __fatal_runtime_error_
Module: D:\git\lpw_c\WATCOM\/lib386/linux\clib3r.lib(tmpdir.c)
0806aa10       __tmpdir_
Module: D:\git\lpw_c\WATCOM\/lib386/linux\clib3r.lib(fdopen.c)
0806aa90       fdopen_
Module: D:\git\lpw_c\WATCOM\/lib386/linux\clib3r.lib(lseek.c)
0806ab50       lseek_
Module: D:\git\lpw_c\WATCOM\/lib386/linux\clib3r.lib(tell.c)
0806ab60       tell_
Module: D:\git\lpw_c\WATCOM\/lib386\math387r.lib(sqrt87)
0806ab74*      sqrt_
0806aba4*      IF@SQRT
0806aba4*      IF@DSQRT
0806aba6       __@DSQRT
Module: D:\git\lpw_c\WATCOM\/lib386/linux\clib3r.lib(chipvar)
08073760       ___chipbug
08073760       __chipbug
Module: D:\git\lpw_c\WATCOM\/lib386/linux\clib3r.lib(chipw32.asm)
0806abd8       __fpatan_wrap
Module: D:\git\lpw_c\WATCOM\/lib386\math387r.lib(modf87)
0806ac10       modf_
Module: D:\git\lpw_c\WATCOM\/lib386/linux\clib3r.lib(chipr32.asm)
0806f2fb       __fprem_chk
0806f5b4*      __fprem1_chk
Module: D:\git\lpw_c\WATCOM\/lib386\math387r.lib(log87e.c)
0806ac2c       __log87_err_
Module: D:\git\lpw_c\WATCOM\/lib386/linux\clib3r.lib(environ.c)
08074260       ___env_mask
08074264       _environ
08074268*      __wenviron
Module: D:\git\lpw_c\WATCOM\/lib386\math387r.lib(pow87e.c)
0806ac70       __pow87_err_
Module: D:\git\lpw_c\WATCOM\/lib386\math387r.lib(exp87)
0806ad5f*      exp_
0806acf8*      __@DEXP1
0806ad00*      IF@EXP
0806ad00*      IF@DEXP
0806ad02       __@DEXP
Module: D:\git\lpw_c\WATCOM\/lib386/linux\clib3r.lib(chipd32.asm)
0806ae83       __fdiv_fpr
0806b345*      __fdiv_chk
0806b358*      __fdiv_m32
0806b3a5*      __fdiv_m64
0806b3f2*      __fdiv_m32r
0806b43f*      __fdiv_m64r
Module: D:\git\lpw_c\WATCOM\/lib386\math387r.lib(bufld386)
0806b48c       __ZBuf2LD
Module: D:\git\lpw_c\WATCOM\/lib386\math387r.lib(ldcvt.c)
0806b60e       _LDScale10x_
0806bbb5       __LDcvt_
Module: D:\git\lpw_c\WATCOM\/lib386\math387r.lib(inf_nan.c)
0806c002*      ___f_infinity
0806c006*      ___f_posqnan
0806c00a       ___d_infinity
0806c012       ___d_posqnan
0806c01a*      ___ld_infinity
0806c022*      ___ld_posqnan
Module: D:\git\lpw_c\WATCOM\/lib386/linux\clib3r.lib(prtf.c)
0806c030       __prtf_
Module: D:\git\lpw_c\WATCOM\/lib386/linux\clib3r.lib(splunx.c)
0806cb50       spawnl_
Module: D:\git\lpw_c\WATCOM\/lib386/linux\clib3r.lib(unlink.c)
0806cb70       unlink_
Module: D:\git\lpw_c\WATCOM\/lib386/linux\clib3r.lib(getpid.c)
0806cba0       getpid_
Module: D:\git\lpw_c\WATCOM\/lib386/linux\clib3r.lib(access.c)
0806cbd0       access_
Module: D:\git\lpw_c\WATCOM\/lib386/linux\clib3r.lib(times.c)
0806cc00       times_
Module: D:\git\lpw_c\WATCOM\/lib386/linux\clib3r.lib(leapyear.c)
0806cc30       __leapyear_
08072730       ___diyr
0807274a       ___dilyr
Module: D:\git\lpw_c\WATCOM\/lib386/linux\clib3r.lib(tzset.c)
0807381c       ___start_dst
08073840       ___end_dst
08073968       _tzname
08073970       _timezone
08073974       _daylight
08073978       ___dst_adjust
0806ccc0*      __DontCacheOSTZ_
0806ccd0*      __CacheOSTZ_
0806d1b0+      __parse_tz_
0806d3e0       tzset_
Module: D:\git\lpw_c\WATCOM\/lib386/linux\clib3r.lib(tzfile.c)
0806d470       __check_tzfile_
0806d5d0       __read_tzfile_
Module: D:\git\lpw_c\WATCOM\/lib386/linux\clib3r.lib(timeutil.c)
0806d860       __isindst_
Module: D:\git\lpw_c\WATCOM\/lib386/linux\clib3r.lib(itoa.c)
0806db90+      utoa_
0806dbe0       itoa_
Module: D:\git\lpw_c\WATCOM\/lib386/linux\clib3r.lib(locmktim.c)
0806dc10       __local_mktime_
Module: D:\git\lpw_c\WATCOM\/lib386/linux\clib3r.lib(locale.c)
08073984       __LocaleSetting
Module: D:\git\lpw_c\WATCOM\/lib386/linux\clib3r.lib(initrtns.c)
0806dd60       __InitRtns
0806ddb0       __FiniRtns
Module: D:\git\lpw_c\WATCOM\/lib386/linux\clib3r.lib(mainlnx.c)
0807398c+      ___FirstThreadData
08073990+      ___GetThreadPtr
08073994*      __AccessFileH
08073998*      __ReleaseFileH
0807399c*      __AccessIOB
080739a0*      __ReleaseIOB
080739a4*      __AccessNHeap
080739a8*      __AccessFHeap
080739ac*      __ReleaseNHeap
080739b0*      __ReleaseFHeap
0806de10*      __threadid_
0806de40*      __LinuxInit_
0806de50       __exit_
080739b4*      __AccessTDList
080739b8*      __ReleaseTDList
Module: D:\git\lpw_c\WATCOM\/lib386/linux\clib3r.lib(fputc.c)
0806de70       fputc_
Module: D:\git\lpw_c\WATCOM\/lib386/linux\clib3r.lib(segdefns)
08048103       ___begtext
08070000*      __nullarea
08073a40       __Start_XI
08073a64       __End_XI
08073a64       __Start_YI
08073a70       __End_YI
Module: D:\git\lpw_c\WATCOM\/lib386/linux\clib3r.lib(sbrklnx.c)
0806df00       sbrk_
0806df10       __brk_
0806df40*      brk_
Module: D:\git\lpw_c\WATCOM\/lib386/linux\clib3r.lib(amblksiz.c)
080739bc       __amblksiz
Module: D:\git\lpw_c\WATCOM\/lib386/linux\clib3r.lib(noefgfmt.c)
080739c0       ___EFG_printf
080739c4       ___EFG_scanf
Module: D:\git\lpw_c\WATCOM\/lib386\math387r.lib(efgfmt.c)
0806dfb2       _EFG_Format_
Module: D:\git\lpw_c\WATCOM\/lib386\math387r.lib(cnvs2d.c)
0806e11c       __cnvs2d_
Module: D:\git\lpw_c\WATCOM\/lib386/linux\clib3r.lib(8087cw.c)
080739c8       __8087cw
Module: D:\git\lpw_c\WATCOM\/lib386/linux\clib3r.lib(init8087)
0806e130       __x87id
Module: D:\git\lpw_c\WATCOM\/lib386/linux\clib3r.lib(read.c)
0806e170       read_
Module: D:\git\lpw_c\WATCOM\/lib386/linux\clib3r.lib(sys_open.c)
0806e1a0       sys_open_
Module: D:\git\lpw_c\WATCOM\/lib386/linux\clib3r.lib(isattlnx.c)
0806e1d0       isatty_
Module: D:\git\lpw_c\WATCOM\/lib386/linux\clib3r.lib(memset.c)
0806e210       memset_
Module: D:\git\lpw_c\WATCOM\/lib386/linux\clib3r.lib(fsync.c)
0806e230       fsync_
Module: D:\git\lpw_c\WATCOM\/lib386/linux\clib3r.lib(grownear.c)
0806e2e0+      __LastFree_
0806e360       __ExpandDGROUP_
Module: D:\git\lpw_c\WATCOM\/lib386/linux\clib3r.lib(nmemneed.c)
0806e460       __nmemneed_
Module: D:\git\lpw_c\WATCOM\/lib386/linux\clib3r.lib(write.c)
0806e470       write_
Module: D:\git\lpw_c\WATCOM\/lib386/linux\clib3r.lib(sys_exit.c)
0806e4a0       sys_exit_
Module: D:\git\lpw_c\WATCOM\/lib386/linux\clib3r.lib(enterdb.c)
0806e4b0       __EnterWVIDEO_
080739cc+      ___WD_Present
Module: D:\git\lpw_c\WATCOM\/lib386/linux\clib3r.lib(fcntl.c)
0806e4e0       fcntl_
Module: D:\git\lpw_c\WATCOM\/lib386\math387r.lib(math87e.c)
0806e519       __math87_err_
Module: D:\git\lpw_c\WATCOM\/lib386/linux\clib3r.lib(chipbug.c)
0806e590       __verify_pentium_fdiv_bug_
Module: D:\git\lpw_c\WATCOM\/lib386/linux\clib3r.lib(chipa32.asm)
0806e5f0       __fpatan_chk
Module: D:\git\lpw_c\WATCOM\/lib386\math387r.lib(math2err.c)
0806e85d       __math1err_
0806e867       __math2err_
Module: D:\git\lpw_c\WATCOM\/lib386/linux\clib3r.lib(setenvp.c)
0806e960       __setenvp_
Module: D:\git\lpw_c\WATCOM\/lib386\math387r.lib(ldclass.c)
0806e9ca       __LDClass_
0806ea1a*      _FLClass_
Module: D:\git\lpw_c\WATCOM\/lib386/linux\clib3r.lib(strupr.c)
0806ea30       strupr_
Module: D:\git\lpw_c\WATCOM\/lib386/linux\clib3r.lib(lltoa.c)
0806ea50       ulltoa_
0806eac0*      lltoa_
Module: D:\git\lpw_c\WATCOM\/lib386/linux\clib3r.lib(ltoa.c)
0806eaf0       ultoa_
0806eb40*      ltoa_
Module: D:\git\lpw_c\WATCOM\/lib386/linux\clib3r.lib(spvelnx.c)
0806eb70       spawnve_
08073a2c+      ___p_overlay
Module: D:\git\lpw_c\WATCOM\/lib386/linux\clib3r.lib(stack386.c)
0806ed20       stackavail_
Module: D:\git\lpw_c\WATCOM\/lib386/linux\clib3r.lib(alphabet.c)
0807276c       ___Alphabet
Module: D:\git\lpw_c\WATCOM\/lib386/linux\clib3r.lib(mthrdini.c)
0806ed30       __InitThreadData_
08073a30*      ___ThreadDataSize
Module: D:\git\lpw_c\WATCOM\/lib386/linux\clib3r.lib(dosseg)
00001234       __DOSseg__
Module: D:\git\lpw_c\WATCOM\/lib386/linux\clib3r.lib(sys_brk.c)
0806ed40       sys_brk_
Module: D:\git\lpw_c\WATCOM\/lib386/linux\clib3r.lib(rtcntrl.c)
0806ed60*      _SetLD64bit_
0806ed70*      _SetLD80bit_
0806ed80       _LDisDouble_
Module: D:\git\lpw_c\WATCOM\/lib386/linux\clib3r.lib(tcgattr.c)
0806ed90       tcgetattr_
Module: D:\git\lpw_c\WATCOM\/lib386/linux\clib3r.lib(__stos)
0806eda0       __STOSB
0806edd7*      __STOSD
Module: D:\git\lpw_c\WATCOM\/lib386/linux\clib3r.lib(heapen.c)
0806ee50*      _heapenable_
08073a38       ___heap_enabled
Module: D:\git\lpw_c\WATCOM\/lib386\math387r.lib(_matherr.c)
0806ef06*      _set_matherr_
0806ef0c+      __rterrmsg_
0806ef54       _matherr_
08073a3c+      ___matherr_handler
Module: D:\git\lpw_c\WATCOM\/lib386/linux\clib3r.lib(pipe.c)
0806ef90       pipe_
Module: D:\git\lpw_c\WATCOM\/lib386/linux\clib3r.lib(execve.c)
0806efc0       execve_
Module: D:\git\lpw_c\WATCOM\/lib386/linux\clib3r.lib(sigact.c)
0806eff0       sigaction_
Module: D:\git\lpw_c\WATCOM\/lib386/linux\clib3r.lib(fork.c)
0806f030       fork_
Module: D:\git\lpw_c\WATCOM\/lib386/linux\clib3r.lib(waitpid.c)
0806f060       waitpid_
Module: D:\git\lpw_c\WATCOM\/lib386/linux\clib3r.lib(ioctl.c)
0806f090       ioctl_
Module: D:\git\lpw_c\WATCOM\/lib386\math387r.lib(__mtherr)
0806f0cc       __matherr
Module: D:\git\lpw_c\WATCOM\/lib386/linux\clib3r.lib(iobaddr.c)
0806f0e0       __get_std_stream_
0806f0e0*      __get_std_file_
Module: D:\git\lpw_c\WATCOM\/lib386\math387r.lib(matherr.c)
0806f0f1       matherr_


                        +--------------------+
                        |   Libraries Used   |
                        +--------------------+

D:\git\lpw_c\WATCOM\/lib386\math387r.lib
D:\git\lpw_c\WATCOM\/lib386/linux\emu387.lib
D:\git\lpw_c\WATCOM\/lib386/linux\clib3r.lib


                        +-----------------------+
                        |   Linker Statistics   |
                        +-----------------------+

Stack size:  1000 (4096.)
Memory size:  0002b7d5 (178133.)
Entry point address: 08069b92
Link time: 00:00.62
